2026-09-30T08:27:14.268+00:00 bench_probe v1 url=http://127.0.0.1:8000/v1/chat/completions sizes=[2, 3, 5, 8] kinds=['identical', 'distinct'] bursts_per_shape=3 max_tokens=256
2026-09-30T08:27:16.630+00:00 ref d0 finish=stop completion=97 acc=2.133 ttft=0.109 sha=b95a19f2f1df head='Standard attention mechanisms scale quad'
2026-09-30T08:27:19.204+00:00 ref d1 finish=stop completion=74 acc=2.517 ttft=0.090 sha=5545a8aad639 head='A bicycle gear system uses mechanical ad'
2026-09-30T08:27:20.856+00:00 ref d2 finish=stop completion=43 acc=3.818 ttft=0.087 sha=097672f98733 head='2, 3, 5, 7, 11, 13, 17, 19, 23, 29, 31, '
2026-09-30T08:27:23.981+00:00 ref d3 finish=stop completion=102 acc=2.463 ttft=0.089 sha=123ef9d1c88d head='The water cycle starts when the sun warm'
2026-09-30T08:27:26.128+00:00 ref d4 finish=stop completion=81 acc=3.810 ttft=0.090 sha=d6e4529d7c26 head='```python\ndef fibonacci(n: int) -> int:\n'
2026-09-30T08:27:27.517+00:00 ref d5 finish=stop completion=17 acc=2.667 ttft=0.089 sha=5a881638e98d head='La bibliothèque ouvre à neuf heures et f'
2026-09-30T08:27:29.989+00:00 ref d6 finish=stop completion=69 acc=2.429 ttft=0.090 sha=c5d5a9dc0cad head='1. Reduce watering frequency significant'
2026-09-30T08:27:31.986+00:00 ref d7 finish=stop completion=67 acc=3.882 ttft=0.100 sha=c39be9b87ae0 head='{\n  "name": "Eiffel Tower",\n  "year": 18'
2026-09-30T08:27:37.114+00:00 ref long0 finish=stop completion=6 acc=5.000 ttft=3.993 sha=83dab7f91bc1 head='74354'
2026-09-30T08:27:42.244+00:00 ref long1 finish=stop completion=6 acc=5.000 ttft=3.992 sha=0ec41e567fc2 head='79083'
2026-09-30T08:27:43.560+00:00 ref img_red finish=stop completion=12 acc=3.667 ttft=0.162 sha=463a31cda566 head='The image is filled with a single shade '
2026-09-30T08:27:44.875+00:00 ref img_blue finish=stop completion=11 acc=3.333 ttft=0.166 sha=705b4320e3b4 head='The image is filled with a solid blue co'
2026-09-30T08:27:52.090+00:00 burst=identical-n2-b1 kind=identical n=2 stagger=0.000 coprefill=False spread=0.388 gate=- report=['early_divergence']
2026-09-30T08:27:52.090+00:00   [0] d0 finish=stop completion=93 chunks=44 acc=2.140(chunks) rate=36.78 ttft=0.487 sha=559bcb9e7602 early_divergence div@1 head='Sparse attention mechanisms sign' tail='long-term conversations.'
2026-09-30T08:27:52.090+00:00   [1] d0 finish=stop completion=95 chunks=50 acc=1.918(chunks) rate=30.23 ttft=0.099 sha=8bfe8ece19e6 early_divergence div@185 head='Standard attention mechanisms sc' tail=' or resource efficiency.'
2026-09-30T08:27:58.066+00:00 burst=identical-n2-b2 kind=identical n=2 stagger=0.000 coprefill=False spread=0.155 gate=- report=['early_divergence']
2026-09-30T08:27:58.066+00:00   [0] d0 finish=stop completion=95 chunks=50 acc=1.918(chunks) rate=32.71 ttft=0.097 sha=8bfe8ece19e6 early_divergence div@185 head='Standard attention mechanisms sc' tail=' or resource efficiency.'
2026-09-30T08:27:58.066+00:00   [1] d0 finish=stop completion=93 chunks=44 acc=2.140(chunks) rate=36.75 ttft=0.252 sha=559bcb9e7602 early_divergence div@1 head='Sparse attention mechanisms sign' tail='long-term conversations.'
2026-09-30T08:28:04.046+00:00 burst=identical-n2-b3 kind=identical n=2 stagger=0.000 coprefill=False spread=0.152 gate=- report=['early_divergence']
2026-09-30T08:28:04.046+00:00   [0] d0 finish=stop completion=93 chunks=44 acc=2.140(chunks) rate=36.67 ttft=0.248 sha=559bcb9e7602 early_divergence div@1 head='Sparse attention mechanisms sign' tail='long-term conversations.'
2026-09-30T08:28:04.046+00:00   [1] d0 finish=stop completion=95 chunks=50 acc=1.918(chunks) rate=32.66 ttft=0.096 sha=8bfe8ece19e6 early_divergence div@185 head='Standard attention mechanisms sc' tail=' or resource efficiency.'
2026-09-30T08:28:09.853+00:00 burst=distinct-n2-b1 kind=distinct n=2 stagger=0.000 coprefill=False spread=0.156 gate=- report=['early_divergence']
2026-09-30T08:28:09.853+00:00   [0] d0 finish=stop completion=93 chunks=44 acc=2.140(chunks) rate=36.52 ttft=0.282 sha=559bcb9e7602 early_divergence div@1 head='Sparse attention mechanisms sign' tail='long-term conversations.'
2026-09-30T08:28:09.853+00:00   [1] d1 finish=stop completion=76 chunks=41 acc=1.875(chunks) rate=31.01 ttft=0.126 sha=f52163f0efec early_divergence div@80 head='A bicycle gear system uses mecha' tail='ing torque for velocity.'
2026-09-30T08:28:15.641+00:00 burst=distinct-n2-b2 kind=distinct n=2 stagger=0.000 coprefill=False spread=0.156 gate=- report=['early_divergence']
2026-09-30T08:28:15.641+00:00   [0] d0 finish=stop completion=93 chunks=44 acc=2.140(chunks) rate=36.26 ttft=0.246 sha=559bcb9e7602 early_divergence div@1 head='Sparse attention mechanisms sign' tail='long-term conversations.'
2026-09-30T08:28:15.641+00:00   [1] d1 finish=stop completion=76 chunks=41 acc=1.875(chunks) rate=30.82 ttft=0.090 sha=f52163f0efec early_divergence div@80 head='A bicycle gear system uses mecha' tail='ing torque for velocity.'
2026-09-30T08:28:21.407+00:00 burst=distinct-n2-b3 kind=distinct n=2 stagger=0.000 coprefill=False spread=0.158 gate=- report=['early_divergence']
2026-09-30T08:28:21.407+00:00   [0] d0 finish=stop completion=93 chunks=44 acc=2.140(chunks) rate=36.65 ttft=0.249 sha=559bcb9e7602 early_divergence div@1 head='Sparse attention mechanisms sign' tail='long-term conversations.'
2026-09-30T08:28:21.407+00:00   [1] d1 finish=stop completion=76 chunks=41 acc=1.875(chunks) rate=31.09 ttft=0.092 sha=f52163f0efec early_divergence div@80 head='A bicycle gear system uses mecha' tail='ing torque for velocity.'
2026-09-30T08:28:27.589+00:00 burst=identical-n3-b1 kind=identical n=3 stagger=0.000 coprefill=False spread=0.171 gate=- report=['early_divergence']
2026-09-30T08:28:27.589+00:00   [0] d0 finish=stop completion=92 chunks=45 acc=2.068(chunks) rate=31.14 ttft=0.136 sha=311d5de1ba28 early_divergence div@185 head='Standard attention mechanisms sc' tail='icing accuracy or speed.'
2026-09-30T08:28:27.589+00:00   [1] d0 finish=stop completion=99 chunks=45 acc=2.227(chunks) rate=34.18 ttft=0.306 sha=b14bce15d01a ok div@545 head='Standard attention mechanisms sc' tail='tensive context windows.'
2026-09-30T08:28:27.589+00:00   [2] d0 finish=stop completion=92 chunks=36 acc=2.600(chunks) rate=39.21 ttft=0.307 sha=2c2fbc92072e early_divergence div@72 head='Standard attention mechanisms sc' tail='tial resource increases.'
2026-09-30T08:28:33.723+00:00 burst=identical-n3-b2 kind=identical n=3 stagger=0.000 coprefill=False spread=0.168 gate=- report=['early_divergence']
2026-09-30T08:28:33.723+00:00   [0] d0 finish=stop completion=92 chunks=45 acc=2.068(chunks) rate=31.28 ttft=0.101 sha=311d5de1ba28 early_divergence div@185 head='Standard attention mechanisms sc' tail='icing accuracy or speed.'
2026-09-30T08:28:33.723+00:00   [1] d0 finish=stop completion=92 chunks=36 acc=2.600(chunks) rate=39.32 ttft=0.269 sha=2c2fbc92072e early_divergence div@72 head='Standard attention mechanisms sc' tail='tial resource increases.'
2026-09-30T08:28:33.723+00:00   [2] d0 finish=stop completion=99 chunks=45 acc=2.227(chunks) rate=34.31 ttft=0.269 sha=b14bce15d01a ok div@545 head='Standard attention mechanisms sc' tail='tensive context windows.'
2026-09-30T08:28:39.747+00:00 burst=identical-n3-b3 kind=identical n=3 stagger=0.000 coprefill=True spread=0.001 gate=- report=['early_divergence']
2026-09-30T08:28:39.747+00:00   [0] d0 finish=stop completion=96 chunks=40 acc=2.436(chunks) rate=35.56 ttft=0.125 sha=b5d0f17243d2 early_divergence div@72 head='Standard attention mechanisms sc' tail='d practical application.'
2026-09-30T08:28:39.747+00:00   [1] d0 finish=stop completion=95 chunks=45 acc=2.136(chunks) rate=32.54 ttft=0.125 sha=d8d07bc05ac2 early_divergence div@1 head='Sparse attention mitigates the q' tail='ormance and scalability.'
2026-09-30T08:28:39.747+00:00   [2] d0 finish=stop completion=95 chunks=39 acc=2.474(chunks) rate=37.09 ttft=0.126 sha=6b5b1b878e02 early_divergence div@72 head='Standard attention mechanisms sc' tail='s vast textual contexts.'
2026-09-30T08:28:46.015+00:00 burst=distinct-n3-b1 kind=distinct n=3 stagger=0.000 coprefill=False spread=0.178 gate=- report=['early_divergence']
2026-09-30T08:28:46.015+00:00   [0] d0 finish=stop completion=103 chunks=51 acc=2.040(chunks) rate=34.04 ttft=0.264 sha=e09d5d1cfda7 early_divergence div@1 head='Sparse attention mechanisms sign' tail='h feasible and scalable.'
2026-09-30T08:28:46.015+00:00   [1] d1 finish=stop completion=77 chunks=28 acc=2.815(chunks) rate=41.42 ttft=0.264 sha=d710ef33242b ok div@321 head='A bicycle gear system uses mecha' tail='wer for varying terrain.'
2026-09-30T08:28:46.015+00:00   [2] d2 finish=stop completion=43 chunks=12 acc=3.818(chunks) rate=49.55 ttft=0.087 sha=097672f98733 ok div@None head='2, 3, 5, 7, 11, 13, 17, 19, 23, ' tail=', 17, 19, 23, 29, 31, 37'
2026-09-30T08:28:52.080+00:00 burst=distinct-n3-b2 kind=distinct n=3 stagger=0.000 coprefill=False spread=0.167 gate=- report=['early_divergence']
2026-09-30T08:28:52.080+00:00   [0] d0 finish=stop completion=95 chunks=49 acc=1.958(chunks) rate=31.78 ttft=0.101 sha=8bfe8ece19e6 early_divergence div@185 head='Standard attention mechanisms sc' tail=' or resource efficiency.'
2026-09-30T08:28:52.080+00:00   [1] d1 finish=stop completion=69 chunks=32 acc=2.194(chunks) rate=33.37 ttft=0.267 sha=44dfb9012b69 early_divergence div@80 head='A bicycle gear system uses mecha' tail=' to overcome resistance.'
2026-09-30T08:28:52.080+00:00   [2] d2 finish=stop completion=43 chunks=12 acc=3.818(chunks) rate=51.58 ttft=0.268 sha=097672f98733 ok div@None head='2, 3, 5, 7, 11, 13, 17, 19, 23, ' tail=', 17, 19, 23, 29, 31, 37'
2026-09-30T08:28:58.144+00:00 burst=distinct-n3-b3 kind=distinct n=3 stagger=0.000 coprefill=False spread=0.169 gate=- report=['early_divergence']
2026-09-30T08:28:58.144+00:00   [0] d0 finish=stop completion=95 chunks=49 acc=1.958(chunks) rate=31.79 ttft=0.100 sha=8bfe8ece19e6 early_divergence div@185 head='Standard attention mechanisms sc' tail=' or resource efficiency.'
2026-09-30T08:28:58.144+00:00   [1] d1 finish=stop completion=69 chunks=31 acc=2.267(chunks) rate=34.36 ttft=0.268 sha=44dfb9012b69 early_divergence div@80 head='A bicycle gear system uses mecha' tail=' to overcome resistance.'
2026-09-30T08:28:58.144+00:00   [2] d2 finish=stop completion=43 chunks=12 acc=3.818(chunks) rate=51.53 ttft=0.269 sha=097672f98733 ok div@None head='2, 3, 5, 7, 11, 13, 17, 19, 23, ' tail=', 17, 19, 23, 29, 31, 37'
2026-09-30T08:29:05.117+00:00 burst=identical-n5-b1 kind=identical n=5 stagger=0.000 coprefill=False spread=0.210 gate=- report=['early_divergence']
2026-09-30T08:29:05.117+00:00   [0] d0 finish=stop completion=99 chunks=48 acc=2.085(chunks) rate=26.82 ttft=0.311 sha=d67afedc2afd early_divergence div@1 head='Sparse attention mechanisms sign' tail='manageable and scalable.'
2026-09-30T08:29:05.117+00:00   [1] d0 finish=stop completion=100 chunks=44 acc=2.302(chunks) rate=28.73 ttft=0.310 sha=338342dc22a1 early_divergence div@72 head='Standard attention mechanisms sc' tail='r real-world deployment.'
2026-09-30T08:29:05.117+00:00   [2] d0 finish=stop completion=90 chunks=46 acc=1.978(chunks) rate=25.27 ttft=0.310 sha=f1d95f41d727 early_divergence div@185 head='Standard attention mechanisms sc' tail='real-world applications.'
2026-09-30T08:29:05.117+00:00   [3] d0 finish=stop completion=96 chunks=48 acc=2.021(chunks) rate=25.99 ttft=0.310 sha=a6dc43a0f549 early_divergence div@1 head='Sparse attention mechanisms sign' tail='long-term conversations.'
2026-09-30T08:29:05.117+00:00   [4] d0 finish=stop completion=100 chunks=36 acc=2.829(chunks) rate=34.78 ttft=0.101 sha=86f9a732429d early_divergence div@72 head='Standard attention mechanisms sc' tail='osts of dense attention.'
2026-09-30T08:29:12.032+00:00 burst=identical-n5-b2 kind=identical n=5 stagger=0.000 coprefill=False spread=0.199 gate=- report=['early_divergence']
2026-09-30T08:29:12.032+00:00   [0] d0 finish=stop completion=99 chunks=48 acc=2.085(chunks) rate=27.16 ttft=0.301 sha=d67afedc2afd early_divergence div@1 head='Sparse attention mechanisms sign' tail='manageable and scalable.'
2026-09-30T08:29:12.032+00:00   [1] d0 finish=stop completion=96 chunks=48 acc=2.021(chunks) rate=26.33 ttft=0.301 sha=a6dc43a0f549 early_divergence div@1 head='Sparse attention mechanisms sign' tail='long-term conversations.'
2026-09-30T08:29:12.032+00:00   [2] d0 finish=stop completion=90 chunks=46 acc=1.978(chunks) rate=25.63 ttft=0.299 sha=f1d95f41d727 early_divergence div@185 head='Standard attention mechanisms sc' tail='real-world applications.'
2026-09-30T08:29:12.032+00:00   [3] d0 finish=stop completion=100 chunks=44 acc=2.302(chunks) rate=29.14 ttft=0.300 sha=338342dc22a1 early_divergence div@72 head='Standard attention mechanisms sc' tail='r real-world deployment.'
2026-09-30T08:29:12.032+00:00   [4] d0 finish=stop completion=100 chunks=36 acc=2.829(chunks) rate=35.58 ttft=0.102 sha=86f9a732429d early_divergence div@72 head='Standard attention mechanisms sc' tail='osts of dense attention.'
2026-09-30T08:29:18.968+00:00 burst=identical-n5-b3 kind=identical n=5 stagger=0.000 coprefill=False spread=0.207 gate=- report=['early_divergence']
2026-09-30T08:29:18.968+00:00   [0] d0 finish=stop completion=100 chunks=44 acc=2.302(chunks) rate=29.03 ttft=0.308 sha=338342dc22a1 early_divergence div@72 head='Standard attention mechanisms sc' tail='r real-world deployment.'
2026-09-30T08:29:18.968+00:00   [1] d0 finish=stop completion=99 chunks=48 acc=2.085(chunks) rate=27.07 ttft=0.308 sha=d67afedc2afd early_divergence div@1 head='Sparse attention mechanisms sign' tail='manageable and scalable.'
2026-09-30T08:29:18.968+00:00   [2] d0 finish=stop completion=100 chunks=36 acc=2.829(chunks) rate=35.33 ttft=0.101 sha=86f9a732429d early_divergence div@72 head='Standard attention mechanisms sc' tail='osts of dense attention.'
2026-09-30T08:29:18.968+00:00   [3] d0 finish=stop completion=90 chunks=46 acc=1.978(chunks) rate=25.55 ttft=0.308 sha=f1d95f41d727 early_divergence div@185 head='Standard attention mechanisms sc' tail='real-world applications.'
2026-09-30T08:29:18.968+00:00   [4] d0 finish=stop completion=96 chunks=48 acc=2.021(chunks) rate=26.25 ttft=0.309 sha=a6dc43a0f549 early_divergence div@1 head='Sparse attention mechanisms sign' tail='long-term conversations.'
2026-09-30T08:29:25.685+00:00 burst=distinct-n5-b1 kind=distinct n=5 stagger=0.000 coprefill=False spread=0.210 gate=- report=['early_divergence']
2026-09-30T08:29:25.685+00:00   [0] d0 finish=stop completion=92 chunks=45 acc=2.068(chunks) rate=26.68 ttft=0.300 sha=1419e47f84d3 early_divergence div@1 head='Sparse attention optimizes long-' tail='hibitive hardware costs.'
2026-09-30T08:29:25.685+00:00   [1] d1 finish=stop completion=74 chunks=34 acc=2.212(chunks) rate=26.90 ttft=0.299 sha=8b61b1806d5c ok div@189 head='A bicycle gear system uses mecha' tail='elocity on flat terrain.'
2026-09-30T08:29:25.685+00:00   [2] d2 finish=stop completion=43 chunks=12 acc=3.818(chunks) rate=41.75 ttft=0.299 sha=097672f98733 ok div@None head='2, 3, 5, 7, 11, 13, 17, 19, 23, ' tail=', 17, 19, 23, 29, 31, 37'
2026-09-30T08:29:25.685+00:00   [3] d3 finish=stop completion=102 chunks=41 acc=2.525(chunks) rate=32.06 ttft=0.299 sha=13787128752e ok div@266 head='The water cycle starts when the ' tail=' journey all over again.'
2026-09-30T08:29:25.685+00:00   [4] d4 finish=stop completion=102 chunks=28 acc=3.741(chunks) rate=43.19 ttft=0.090 sha=cb9c046d4e9a early_divergence div@50 head='```python\ndef fibonacci(n: int) ' tail=', a + b\n    return b\n```'
2026-09-30T08:29:32.069+00:00 burst=distinct-n5-b2 kind=distinct n=5 stagger=0.000 coprefill=False spread=0.206 gate=- report=['early_divergence']
2026-09-30T08:29:32.069+00:00   [0] d0 finish=stop completion=100 chunks=42 acc=2.415(chunks) rate=30.24 ttft=0.102 sha=86f9a732429d early_divergence div@72 head='Standard attention mechanisms sc' tail='osts of dense attention.'
2026-09-30T08:29:32.069+00:00   [1] d1 finish=stop completion=74 chunks=33 acc=2.281(chunks) rate=27.66 ttft=0.307 sha=c61fcf5673ae ok div@189 head='A bicycle gear system uses mecha' tail='g speed on flat terrain.'
2026-09-30T08:29:32.069+00:00   [2] d2 finish=stop completion=43 chunks=12 acc=3.818(chunks) rate=41.65 ttft=0.307 sha=097672f98733 ok div@None head='2, 3, 5, 7, 11, 13, 17, 19, 23, ' tail=', 17, 19, 23, 29, 31, 37'
2026-09-30T08:29:32.069+00:00   [3] d3 finish=stop completion=97 chunks=38 acc=2.595(chunks) rate=32.50 ttft=0.308 sha=5dd210127e65 ok div@317 head='The water cycle starts when the ' tail=' journey all over again.'
2026-09-30T08:29:32.069+00:00   [4] d4 finish=stop completion=102 chunks=27 acc=3.885(chunks) rate=45.79 ttft=0.308 sha=cb9c046d4e9a early_divergence div@50 head='```python\ndef fibonacci(n: int) ' tail=', a + b\n    return b\n```'
2026-09-30T08:29:38.377+00:00 burst=distinct-n5-b3 kind=distinct n=5 stagger=0.000 coprefill=False spread=0.210 gate=- report=['early_divergence']
2026-09-30T08:29:38.377+00:00   [0] d0 finish=stop completion=83 chunks=37 acc=2.278(chunks) rate=27.89 ttft=0.302 sha=d6da58875059 early_divergence div@1 head='Sparse attention mitigates the q' tail='ormance and scalability.'
2026-09-30T08:29:38.377+00:00   [1] d1 finish=stop completion=74 chunks=34 acc=2.212(chunks) rate=26.60 ttft=0.301 sha=8b61b1806d5c ok div@189 head='A bicycle gear system uses mecha' tail='elocity on flat terrain.'
2026-09-30T08:29:38.377+00:00   [2] d2 finish=stop completion=43 chunks=12 acc=3.818(chunks) rate=40.62 ttft=0.301 sha=097672f98733 ok div@None head='2, 3, 5, 7, 11, 13, 17, 19, 23, ' tail=', 17, 19, 23, 29, 31, 37'
2026-09-30T08:29:38.377+00:00   [3] d3 finish=stop completion=97 chunks=38 acc=2.595(chunks) rate=31.99 ttft=0.302 sha=5dd210127e65 ok div@317 head='The water cycle starts when the ' tail=' journey all over again.'
2026-09-30T08:29:38.377+00:00   [4] d4 finish=stop completion=102 chunks=28 acc=3.741(chunks) rate=42.64 ttft=0.092 sha=cb9c046d4e9a early_divergence div@50 head='```python\ndef fibonacci(n: int) ' tail=', a + b\n    return b\n```'
2026-09-30T08:29:45.504+00:00 burst=identical-n8-b1 kind=identical n=8 stagger=0.000 coprefill=False spread=0.229 gate=- report=['early_divergence']
2026-09-30T08:29:45.504+00:00   [0] d0 finish=stop completion=90 chunks=38 acc=2.405(chunks) rate=28.12 ttft=0.345 sha=3e01d0dc0b31 early_divergence div@72 head='Standard attention mechanisms sc' tail='al hardware limitations.'
2026-09-30T08:29:45.504+00:00   [1] d0 finish=stop completion=94 chunks=44 acc=2.163(chunks) rate=25.12 ttft=0.344 sha=5ea913999162 early_divergence div@1 head='Sparse attention mitigates the q' tail='ormance and scalability.'
2026-09-30T08:29:45.504+00:00   [2] d0 finish=stop completion=93 chunks=43 acc=2.190(chunks) rate=25.39 ttft=0.343 sha=a7e9192a4fe3 early_divergence div@72 head='Standard attention mechanisms sc' tail='attention architectures.'
2026-09-30T08:29:45.504+00:00   [3] d0 finish=stop completion=98 chunks=45 acc=2.205(chunks) rate=25.19 ttft=0.117 sha=e0a5015c6bc5 early_divergence div@1 head='Sparse attention mitigates the q' tail='r widespread deployment.'
2026-09-30T08:29:45.504+00:00   [4] d0 finish=stop completion=95 chunks=42 acc=2.293(chunks) rate=26.59 ttft=0.344 sha=db947a3e4829 early_divergence div@72 head='Standard attention mechanisms sc' tail=' deployment constraints.'
2026-09-30T08:29:45.504+00:00   [5] d0 finish=stop completion=91 chunks=45 acc=2.045(chunks) rate=23.84 ttft=0.344 sha=b1b0ef878bbf early_divergence div@1 head='Sparse attention optimizes long-' tail='ontextual understanding.'
2026-09-30T08:29:45.504+00:00   [6] d0 finish=stop completion=89 chunks=41 acc=2.200(chunks) rate=25.55 ttft=0.345 sha=1669316a4a05 early_divergence div@72 head='Standard attention mechanisms sc' tail='nded dialogue scenarios.'
2026-09-30T08:29:45.504+00:00   [7] d0 finish=stop completion=99 chunks=47 acc=2.130(chunks) rate=24.48 ttft=0.117 sha=0ede715c668f ok div@590 head='Standard attention mechanisms sc' tail='tensive context windows.'
2026-09-30T08:29:52.630+00:00 burst=identical-n8-b2 kind=identical n=8 stagger=0.000 coprefill=False spread=0.232 gate=- report=['early_divergence']
2026-09-30T08:29:52.630+00:00   [0] d0 finish=stop completion=96 chunks=46 acc=2.111(chunks) rate=24.49 ttft=0.108 sha=0232c9a2ef1a ok div@250 head='Standard attention mechanisms sc' tail='real-world applications.'
2026-09-30T08:29:52.630+00:00   [1] d0 finish=stop completion=92 chunks=41 acc=2.275(chunks) rate=26.61 ttft=0.338 sha=ba907448d64b early_divergence div@72 head='Standard attention mechanisms sc' tail='al resource constraints.'
2026-09-30T08:29:52.630+00:00   [2] d0 finish=stop completion=91 chunks=46 acc=2.000(chunks) rate=23.82 ttft=0.338 sha=77433cf3d559 early_divergence div@1 head='Sparse attention optimizes long-' tail='icing accuracy or speed.'
2026-09-30T08:29:52.630+00:00   [3] d0 finish=stop completion=90 chunks=44 acc=2.070(chunks) rate=24.41 ttft=0.339 sha=9f32acfe11dd early_divergence div@185 head='Standard attention mechanisms sc' tail='real-world applications.'
2026-09-30T08:29:52.630+00:00   [4] d0 finish=stop completion=87 chunks=39 acc=2.263(chunks) rate=26.51 ttft=0.339 sha=6e5939fc378b early_divergence div@1 head='Sparse attention mitigates the q' tail='ss vast amounts of text.'
2026-09-30T08:29:52.630+00:00   [5] d0 finish=stop completion=93 chunks=45 acc=2.091(chunks) rate=24.75 ttft=0.337 sha=a7e9192a4fe3 early_divergence div@72 head='Standard attention mechanisms sc' tail='attention architectures.'
2026-09-30T08:29:52.630+00:00   [6] d0 finish=stop completion=88 chunks=40 acc=2.231(chunks) rate=26.09 ttft=0.337 sha=c3472c92331d early_divergence div@72 head='Standard attention mechanisms sc' tail='attention architectures.'
2026-09-30T08:29:52.630+00:00   [7] d0 finish=stop completion=93 chunks=33 acc=2.875(chunks) rate=33.85 ttft=0.340 sha=d80d35f43156 early_divergence div@72 head='Standard attention mechanisms sc' tail='real-world applications.'
2026-09-30T08:29:59.801+00:00 burst=identical-n8-b3 kind=identical n=8 stagger=0.000 coprefill=False spread=0.224 gate=- report=['early_divergence']
2026-09-30T08:29:59.801+00:00   [0] d0 finish=stop completion=87 chunks=39 acc=2.263(chunks) rate=26.37 ttft=0.361 sha=6e5939fc378b early_divergence div@1 head='Sparse attention mitigates the q' tail='ss vast amounts of text.'
2026-09-30T08:29:59.801+00:00   [1] d0 finish=stop completion=88 chunks=40 acc=2.231(chunks) rate=25.97 ttft=0.361 sha=c3472c92331d early_divergence div@72 head='Standard attention mechanisms sc' tail='attention architectures.'
2026-09-30T08:29:59.801+00:00   [2] d0 finish=stop completion=92 chunks=41 acc=2.275(chunks) rate=26.47 ttft=0.360 sha=ba907448d64b early_divergence div@72 head='Standard attention mechanisms sc' tail='al resource constraints.'
2026-09-30T08:29:59.801+00:00   [3] d0 finish=stop completion=93 chunks=45 acc=2.091(chunks) rate=24.63 ttft=0.359 sha=a7e9192a4fe3 early_divergence div@72 head='Standard attention mechanisms sc' tail='attention architectures.'
2026-09-30T08:29:59.801+00:00   [4] d0 finish=stop completion=91 chunks=46 acc=2.000(chunks) rate=23.69 ttft=0.361 sha=77433cf3d559 early_divergence div@1 head='Sparse attention optimizes long-' tail='icing accuracy or speed.'
2026-09-30T08:29:59.801+00:00   [5] d0 finish=stop completion=96 chunks=46 acc=2.111(chunks) rate=24.41 ttft=0.138 sha=0232c9a2ef1a ok div@250 head='Standard attention mechanisms sc' tail='real-world applications.'
2026-09-30T08:29:59.801+00:00   [6] d0 finish=stop completion=90 chunks=44 acc=2.070(chunks) rate=24.26 ttft=0.359 sha=9f32acfe11dd early_divergence div@185 head='Standard attention mechanisms sc' tail='real-world applications.'
2026-09-30T08:29:59.801+00:00   [7] d0 finish=stop completion=93 chunks=33 acc=2.875(chunks) rate=33.58 ttft=0.362 sha=d80d35f43156 early_divergence div@72 head='Standard attention mechanisms sc' tail='real-world applications.'
2026-09-30T08:30:06.633+00:00 burst=distinct-n8-b1 kind=distinct n=8 stagger=0.000 coprefill=False spread=0.255 gate=- report=['early_divergence']
2026-09-30T08:30:06.633+00:00   [0] d0 finish=stop completion=96 chunks=41 acc=2.375(chunks) rate=25.95 ttft=0.105 sha=e28ba683487a early_divergence div@72 head='Standard attention mechanisms sc' tail='ments and conversations.'
2026-09-30T08:30:06.633+00:00   [1] d1 finish=stop completion=70 chunks=29 acc=2.464(chunks) rate=24.80 ttft=0.358 sha=af395b6f61d0 early_divergence div@77 head='A bicycle gear system uses mecha' tail='in and desired velocity.'
2026-09-30T08:30:06.633+00:00   [2] d2 finish=stop completion=43 chunks=12 acc=3.818(chunks) rate=34.96 ttft=0.359 sha=097672f98733 ok div@None head='2, 3, 5, 7, 11, 13, 17, 19, 23, ' tail=', 17, 19, 23, 29, 31, 37'
2026-09-30T08:30:06.634+00:00   [3] d3 finish=stop completion=96 chunks=40 acc=2.436(chunks) rate=27.41 ttft=0.359 sha=dbdae835a649 early_divergence div@16 head='The water cycle is like a giant,' tail=' journey all over again.'
2026-09-30T08:30:06.634+00:00   [4] d4 finish=stop completion=102 chunks=27 acc=3.885(chunks) rate=37.51 ttft=0.360 sha=cb9c046d4e9a early_divergence div@50 head='```python\ndef fibonacci(n: int) ' tail=', a + b\n    return b\n```'
2026-09-30T08:30:06.634+00:00   [5] d5 finish=stop completion=17 chunks=7 acc=2.667(chunks) rate=24.14 ttft=0.360 sha=5a881638e98d ok div@None head='La bibliothèque ouvre à neuf heu' tail='-huit heures en semaine.'
2026-09-30T08:30:06.634+00:00   [6] d6 finish=stop completion=72 chunks=29 acc=2.536(chunks) rate=25.52 ttft=0.359 sha=a98eab1ff58e early_divergence div@65 head='1. Reduce watering frequency sig' tail=' shorter daylight hours.'
2026-09-30T08:30:06.634+00:00   [7] d7 finish=stop completion=67 chunks=19 acc=3.667(chunks) rate=35.06 ttft=0.359 sha=c39be9b87ae0 ok div@None head='{\n  "name": "Eiffel Tower",\n  "y' tail='re",\n    "Tourism"\n  ]\n}'
2026-09-30T08:30:13.744+00:00 burst=distinct-n8-b2 kind=distinct n=8 stagger=0.000 coprefill=False spread=0.252 gate=- report=['early_divergence']
2026-09-30T08:30:13.744+00:00   [0] d0 finish=stop completion=96 chunks=46 acc=2.111(chunks) rate=25.36 ttft=0.354 sha=a6dc43a0f549 early_divergence div@1 head='Sparse attention mechanisms sign' tail='long-term conversations.'
2026-09-30T08:30:13.744+00:00   [1] d1 finish=stop completion=70 chunks=29 acc=2.464(chunks) rate=25.67 ttft=0.353 sha=af395b6f61d0 early_divergence div@77 head='A bicycle gear system uses mecha' tail='in and desired velocity.'
2026-09-30T08:30:13.744+00:00   [2] d2 finish=stop completion=43 chunks=12 acc=3.818(chunks) rate=34.62 ttft=0.355 sha=097672f98733 ok div@None head='2, 3, 5, 7, 11, 13, 17, 19, 23, ' tail=', 17, 19, 23, 29, 31, 37'
2026-09-30T08:30:13.744+00:00   [3] d3 finish=stop completion=96 chunks=40 acc=2.436(chunks) rate=27.68 ttft=0.355 sha=a7c56b43ac17 early_divergence div@16 head='The water cycle is like a giant,' tail='dventure all over again.'
2026-09-30T08:30:13.744+00:00   [4] d4 finish=stop completion=81 chunks=22 acc=3.810(chunks) rate=37.46 ttft=0.355 sha=d6e4529d7c26 ok div@None head='```python\ndef fibonacci(n: int) ' tail=', a + b\n    return b\n```'
2026-09-30T08:30:13.744+00:00   [5] d5 finish=stop completion=17 chunks=7 acc=2.667(chunks) rate=23.91 ttft=0.352 sha=5a881638e98d ok div@None head='La bibliothèque ouvre à neuf heu' tail='-huit heures en semaine.'
2026-09-30T08:30:13.744+00:00   [6] d6 finish=stop completion=72 chunks=33 acc=2.219(chunks) rate=23.78 ttft=0.354 sha=809c44a71ba5 early_divergence div@65 head='1. Reduce watering frequency sig' tail='ensate for shorter days.'
2026-09-30T08:30:13.744+00:00   [7] d7 finish=stop completion=51 chunks=16 acc=3.333(chunks) rate=30.04 ttft=0.104 sha=5b10dffd94b8 ok div@55 head='{\n  "name": "Eiffel Tower",\n  "y' tail='hitecture", "Tourism"]\n}'
2026-09-30T08:30:20.858+00:00 burst=distinct-n8-b3 kind=distinct n=8 stagger=0.000 coprefill=False spread=0.253 gate=- report=['early_divergence']
2026-09-30T08:30:20.858+00:00   [0] d0 finish=stop completion=98 chunks=47 acc=2.109(chunks) rate=25.89 ttft=0.359 sha=83e9b93a1bb2 early_divergence div@1 head='Sparse attention mitigates the q' tail='n large language models.'
2026-09-30T08:30:20.858+00:00   [1] d1 finish=stop completion=70 chunks=29 acc=2.464(chunks) rate=25.29 ttft=0.357 sha=af395b6f61d0 early_divergence div@77 head='A bicycle gear system uses mecha' tail='in and desired velocity.'
2026-09-30T08:30:20.858+00:00   [2] d2 finish=stop completion=43 chunks=12 acc=3.818(chunks) rate=34.63 ttft=0.357 sha=097672f98733 ok div@None head='2, 3, 5, 7, 11, 13, 17, 19, 23, ' tail=', 17, 19, 23, 29, 31, 37'
2026-09-30T08:30:20.858+00:00   [3] d3 finish=stop completion=95 chunks=38 acc=2.541(chunks) rate=28.56 ttft=0.358 sha=dfd88b47cd2a early_divergence div@16 head='The water cycle is like a giant,' tail='dventure all over again.'
2026-09-30T08:30:20.858+00:00   [4] d4 finish=stop completion=102 chunks=28 acc=3.741(chunks) rate=38.12 ttft=0.357 sha=cb9c046d4e9a early_divergence div@50 head='```python\ndef fibonacci(n: int) ' tail=', a + b\n    return b\n```'
2026-09-30T08:30:20.858+00:00   [5] d5 finish=stop completion=17 chunks=7 acc=2.667(chunks) rate=23.73 ttft=0.359 sha=5a881638e98d ok div@None head='La bibliothèque ouvre à neuf heu' tail='-huit heures en semaine.'
2026-09-30T08:30:20.858+00:00   [6] d6 finish=stop completion=59 chunks=23 acc=2.636(chunks) rate=25.93 ttft=0.358 sha=84c87b6a2da8 early_divergence div@3 head='1. Move plants away from cold dr' tail='ract the dry indoor air.'
2026-09-30T08:30:20.858+00:00   [7] d7 finish=stop completion=51 chunks=16 acc=3.333(chunks) rate=29.95 ttft=0.106 sha=5b10dffd94b8 ok div@55 head='{\n  "name": "Eiffel Tower",\n  "y' tail='hitecture", "Tourism"]\n}'
2026-09-30T08:30:26.776+00:00 burst=staggered-identical-n2 kind=identical n=2 stagger=0.250 coprefill=False spread=0.349 gate=- report=['early_divergence']
2026-09-30T08:30:26.776+00:00   [0] d0 finish=stop completion=94 chunks=44 acc=2.163(chunks) rate=37.15 ttft=0.099 sha=2a32a34ee291 ok div@524 head='Standard attention mechanisms sc' tail=' practical applications.'
2026-09-30T08:30:26.776+00:00   [1] d0 finish=stop completion=93 chunks=44 acc=2.140(chunks) rate=37.35 ttft=0.198 sha=559bcb9e7602 early_divergence div@1 head='Sparse attention mechanisms sign' tail='long-term conversations.'
2026-09-30T08:30:32.668+00:00 burst=staggered-distinct-n3 kind=distinct n=3 stagger=0.250 coprefill=False spread=0.637 gate=- report=['early_divergence']
2026-09-30T08:30:32.668+00:00   [0] d0 finish=stop completion=95 chunks=45 acc=2.136(chunks) rate=33.71 ttft=0.097 sha=f5a3c8592af2 early_divergence div@185 head='Standard attention mechanisms sc' tail=' or resource efficiency.'
2026-09-30T08:30:32.668+00:00   [1] d1 finish=stop completion=76 chunks=33 acc=2.344(chunks) rate=35.27 ttft=0.194 sha=0f533c0d608d early_divergence div@80 head='A bicycle gear system uses mecha' tail=' for varying conditions.'
2026-09-30T08:30:32.668+00:00   [2] d2 finish=stop completion=43 chunks=12 acc=3.818(chunks) rate=52.32 ttft=0.234 sha=097672f98733 ok div@None head='2, 3, 5, 7, 11, 13, 17, 19, 23, ' tail=', 17, 19, 23, 29, 31, 37'
2026-09-30T08:30:39.499+00:00 burst=staggered-distinct-n5 kind=distinct n=5 stagger=0.250 coprefill=False spread=1.121 gate=- report=['early_divergence']
2026-09-30T08:30:39.499+00:00   [0] d0 finish=stop completion=97 chunks=46 acc=2.133(chunks) rate=27.36 ttft=0.098 sha=b95a19f2f1df ok div@None head='Standard attention mechanisms sc' tail='uage model applications.'
2026-09-30T08:30:39.499+00:00   [1] d1 finish=stop completion=71 chunks=28 acc=2.593(chunks) rate=30.47 ttft=0.204 sha=53845d361929 ok div@273 head='A bicycle gear system uses mecha' tail=' to overcome resistance.'
2026-09-30T08:30:39.499+00:00   [2] d2 finish=stop completion=43 chunks=12 acc=3.818(chunks) rate=41.90 ttft=0.185 sha=097672f98733 ok div@None head='2, 3, 5, 7, 11, 13, 17, 19, 23, ' tail=', 17, 19, 23, 29, 31, 37'
2026-09-30T08:30:39.499+00:00   [3] d3 finish=stop completion=94 chunks=37 acc=2.583(chunks) rate=33.16 ttft=0.267 sha=a3ddce7d70f9 early_divergence div@16 head='The water cycle is like a giant,' tail=' journey all over again.'
2026-09-30T08:30:39.499+00:00   [4] d4 finish=stop completion=102 chunks=27 acc=3.885(chunks) rate=47.53 ttft=0.219 sha=d3af644442cd early_divergence div@50 head='```python\ndef fibonacci(n: int) ' tail=', a + b\n    return b\n```'
2026-09-30T08:30:48.172+00:00 burst=staggered-identical-n8 kind=identical n=8 stagger=0.250 coprefill=False spread=1.954 gate=- report=['early_divergence']
2026-09-30T08:30:48.172+00:00   [0] d0 finish=stop completion=97 chunks=46 acc=2.133(chunks) rate=25.11 ttft=0.098 sha=c8d829f7aa5d ok div@545 head='Standard attention mechanisms sc' tail='uage model applications.'
2026-09-30T08:30:48.172+00:00   [1] d0 finish=stop completion=93 chunks=44 acc=2.140(chunks) rate=24.06 ttft=0.200 sha=559bcb9e7602 early_divergence div@1 head='Sparse attention mechanisms sign' tail='long-term conversations.'
2026-09-30T08:30:48.172+00:00   [2] d0 finish=stop completion=94 chunks=46 acc=2.067(chunks) rate=23.14 ttft=0.180 sha=cbb2c93613bc early_divergence div@1 head='Sparse attention mechanisms sign' tail='ks or complex codebases.'
2026-09-30T08:30:48.172+00:00   [3] d0 finish=stop completion=96 chunks=46 acc=2.111(chunks) rate=23.52 ttft=0.240 sha=bec66e6d2288 early_divergence div@1 head='Sparse attention mechanisms sign' tail='long-term conversations.'
2026-09-30T08:30:48.172+00:00   [4] d0 finish=stop completion=103 chunks=52 acc=2.000(chunks) rate=23.12 ttft=0.255 sha=af0d62da02c5 early_divergence div@1 head='Sparse attention mechanisms sign' tail='g feasible and scalable.'
2026-09-30T08:30:48.172+00:00   [5] d0 finish=stop completion=94 chunks=44 acc=2.163(chunks) rate=24.38 ttft=0.283 sha=2a32a34ee291 ok div@524 head='Standard attention mechanisms sc' tail=' practical applications.'
2026-09-30T08:30:48.172+00:00   [6] d0 finish=stop completion=97 chunks=41 acc=2.400(chunks) rate=27.20 ttft=0.244 sha=0e1e1c68f6d9 early_divergence div@81 head='Standard attention mechanisms sc' tail='tended dialogue history.'
2026-09-30T08:30:48.172+00:00   [7] d0 finish=stop completion=91 chunks=43 acc=2.143(chunks) rate=25.32 ttft=0.301 sha=60267c7ac760 early_divergence div@72 head='Standard attention mechanisms sc' tail='nded dialogue scenarios.'
2026-09-30T08:30:59.703+00:00 burst=long-pair kind=long n=2 stagger=0.000 coprefill=False spread=2.545 gate=- report=['slow']
2026-09-30T08:30:59.704+00:00   [0] long0 finish=stop completion=6 chunks=2 acc=5.000(chunks) rate=34.93 ttft=8.380 sha=83dab7f91bc1 ok div@None head='74354' tail='74354'
2026-09-30T08:30:59.704+00:00   [1] long1 finish=stop completion=6 chunks=2 acc=5.000(chunks) rate=1.96 ttft=5.836 sha=0ec41e567fc2 slow div@None head='79083' tail='79083'
2026-09-30T08:31:03.177+00:00 burst=image-pair kind=image n=2 stagger=0.000 coprefill=False spread=0.143 gate=- report=['early_divergence']
2026-09-30T08:31:03.177+00:00   [0] img_red finish=stop completion=11 chunks=4 acc=3.333(chunks) rate=37.75 ttft=0.140 sha=0e1c14c4131c early_divergence div@28 head='The image is filled with a solid' tail=' with a solid red color.'
2026-09-30T08:31:03.177+00:00   [1] img_blue finish=stop completion=11 chunks=4 acc=3.333(chunks) rate=54.68 ttft=0.283 sha=705b4320e3b4 ok div@None head='The image is filled with a solid' tail='with a solid blue color.'
2026-09-30T08:31:03.177+00:00 TOTALS bursts=30 streams=130 gate_bursts=0 zero_acc=0 runaway=0 first32_match=0.292 coprefill_bursts=1 per_request_spec_metrics=False
2026-09-30T08:31:03.177+00:00 NOTE: server did not return metrics.speculative_decoding on every stream; acceptance estimated from tokens per chunk (serve with --per-request-spec-decode-metrics summary)
2026-09-30T08:31:03.177+00:00 T0 PASS
