2026-09-30T12:42:24.523+00:00 bench_probe v1 url=http://127.0.0.1:8000/v1/chat/completions sizes=[2, 3, 5, 8, 16] kinds=['identical', 'distinct'] bursts_per_shape=3 max_tokens=256
2026-09-30T12:42:26.906+00:00 ref d0 finish=stop completion=97 acc=2.341 ttft=0.190 sha=b0e372faa960 head='Sparse attention mitigates the quadratic'
2026-09-30T12:42:29.510+00:00 ref d1 finish=stop completion=75 acc=2.643 ttft=0.122 sha=4ad2d5654ca6 head='A bicycle gear system uses mechanical ad'
2026-09-30T12:42:31.221+00:00 ref d2 finish=stop completion=43 acc=3.818 ttft=0.111 sha=097672f98733 head='2, 3, 5, 7, 11, 13, 17, 19, 23, 29, 31, '
2026-09-30T12:42:34.337+00:00 ref d3 finish=stop completion=101 acc=2.632 ttft=0.119 sha=3746d913c433 head='The water cycle is like a giant, never-e'
2026-09-30T12:42:36.891+00:00 ref d4 finish=stop completion=102 acc=3.741 ttft=0.112 sha=cb9c046d4e9a head='```python\ndef fibonacci(n: int) -> int:\n'
2026-09-30T12:42:38.322+00:00 ref d5 finish=stop completion=17 acc=2.667 ttft=0.119 sha=5a881638e98d head='La bibliothèque ouvre à neuf heures et f'
2026-09-30T12:42:41.040+00:00 ref d6 finish=stop completion=72 acc=2.367 ttft=0.110 sha=86f7d76d2833 head='1. Reduce watering frequency significant'
2026-09-30T12:42:43.066+00:00 ref d7 finish=stop completion=67 acc=3.882 ttft=0.122 sha=c39be9b87ae0 head='{\n  "name": "Eiffel Tower",\n  "year": 18'
2026-09-30T12:42:48.808+00:00 ref long0 finish=stop completion=6 acc=5.000 ttft=4.666 sha=83dab7f91bc1 head='74354'
2026-09-30T12:42:53.925+00:00 ref long1 finish=stop completion=6 acc=5.000 ttft=3.999 sha=0ec41e567fc2 head='79083'
2026-09-30T12:42:55.278+00:00 ref img_red finish=stop completion=11 acc=3.333 ttft=0.191 sha=0e1c14c4131c head='The image is filled with a solid red col'
2026-09-30T12:42:56.664+00:00 ref img_blue finish=stop completion=11 acc=2.500 ttft=0.173 sha=7fa32368a223 head='This image is filled with a solid blue c'
2026-09-30T12:43:03.814+00:00 burst=identical-n2-b1 kind=identical n=2 stagger=0.000 coprefill=False spread=0.383 gate=- report=['early_divergence']
2026-09-30T12:43:03.814+00:00   [0] d0 finish=stop completion=93 chunks=34 acc=2.788(chunks) rate=44.68 ttft=0.502 sha=774bf9418857 early_divergence div@1 head='Standard attention mechanisms sc' tail='tensive context windows.'
2026-09-30T12:43:03.814+00:00   [1] d0 finish=stop completion=94 chunks=47 acc=2.022(chunks) rate=30.76 ttft=0.118 sha=2774341ec8f4 early_divergence div@164 head='Sparse attention mitigates the q' tail='g performance and speed.'
2026-09-30T12:43:09.716+00:00 burst=identical-n2-b2 kind=identical n=2 stagger=0.000 coprefill=False spread=0.160 gate=- report=['early_divergence']
2026-09-30T12:43:09.716+00:00   [0] d0 finish=stop completion=94 chunks=47 acc=2.022(chunks) rate=33.30 ttft=0.101 sha=2774341ec8f4 early_divergence div@164 head='Sparse attention mitigates the q' tail='g performance and speed.'
2026-09-30T12:43:09.716+00:00   [1] d0 finish=stop completion=93 chunks=34 acc=2.788(chunks) rate=45.15 ttft=0.262 sha=774bf9418857 early_divergence div@1 head='Standard attention mechanisms sc' tail='tensive context windows.'
2026-09-30T12:43:15.624+00:00 burst=identical-n2-b3 kind=identical n=2 stagger=0.000 coprefill=False spread=0.164 gate=- report=['early_divergence']
2026-09-30T12:43:15.624+00:00   [0] d0 finish=stop completion=93 chunks=34 acc=2.788(chunks) rate=45.12 ttft=0.264 sha=774bf9418857 early_divergence div@1 head='Standard attention mechanisms sc' tail='tensive context windows.'
2026-09-30T12:43:15.624+00:00   [1] d0 finish=stop completion=94 chunks=47 acc=2.022(chunks) rate=33.21 ttft=0.100 sha=2774341ec8f4 early_divergence div@164 head='Sparse attention mitigates the q' tail='g performance and speed.'
2026-09-30T12:43:21.486+00:00 burst=distinct-n2-b1 kind=distinct n=2 stagger=0.000 coprefill=False spread=0.154 gate=- report=['early_divergence']
2026-09-30T12:43:21.486+00:00   [0] d0 finish=stop completion=95 chunks=46 acc=2.089(chunks) rate=34.19 ttft=0.103 sha=fd42320bee1b early_divergence div@164 head='Sparse attention mitigates the q' tail='n large language models.'
2026-09-30T12:43:21.486+00:00   [1] d1 finish=stop completion=75 chunks=31 acc=2.467(chunks) rate=37.82 ttft=0.258 sha=eadf9933adfc early_divergence div@80 head='A bicycle gear system uses mecha' tail='wer for varying terrain.'
2026-09-30T12:43:27.360+00:00 burst=distinct-n2-b2 kind=distinct n=2 stagger=0.000 coprefill=False spread=0.157 gate=- report=['early_divergence']
2026-09-30T12:43:27.360+00:00   [0] d0 finish=stop completion=95 chunks=46 acc=2.089(chunks) rate=34.04 ttft=0.103 sha=fd42320bee1b early_divergence div@164 head='Sparse attention mitigates the q' tail='n large language models.'
2026-09-30T12:43:27.360+00:00   [1] d1 finish=stop completion=75 chunks=31 acc=2.467(chunks) rate=37.91 ttft=0.260 sha=eadf9933adfc early_divergence div@80 head='A bicycle gear system uses mecha' tail='wer for varying terrain.'
2026-09-30T12:43:32.705+00:00 burst=distinct-n2-b3 kind=distinct n=2 stagger=0.000 coprefill=False spread=0.163 gate=- report=['early_divergence']
2026-09-30T12:43:32.705+00:00   [0] d0 finish=stop completion=93 chunks=34 acc=2.788(chunks) rate=44.24 ttft=0.259 sha=774bf9418857 early_divergence div@1 head='Standard attention mechanisms sc' tail='tensive context windows.'
2026-09-30T12:43:32.705+00:00   [1] d1 finish=stop completion=70 chunks=35 acc=2.029(chunks) rate=31.66 ttft=0.096 sha=c61d8657cdea early_divergence div@80 head='A bicycle gear system uses mecha' tail='torque for higher speed.'
2026-09-30T12:43:39.159+00:00 burst=identical-n3-b1 kind=identical n=3 stagger=0.000 coprefill=False spread=0.178 gate=- report=['early_divergence']
2026-09-30T12:43:39.159+00:00   [0] d0 finish=stop completion=95 chunks=47 acc=2.043(chunks) rate=29.74 ttft=0.283 sha=f231686bb8ae early_divergence div@17 head='Sparse attention significantly e' tail=' contextual information.'
2026-09-30T12:43:39.159+00:00   [1] d0 finish=stop completion=94 chunks=39 acc=2.447(chunks) rate=34.79 ttft=0.282 sha=3bf26d1e5286 early_divergence div@1 head='Standard attention mechanisms sc' tail='ing extensive documents.'
2026-09-30T12:43:39.159+00:00   [2] d0 finish=stop completion=95 chunks=45 acc=2.136(chunks) rate=30.21 ttft=0.105 sha=62032dac1eb1 early_divergence div@164 head='Sparse attention mitigates the q' tail='n large language models.'
2026-09-30T12:43:45.614+00:00 burst=identical-n3-b2 kind=identical n=3 stagger=0.000 coprefill=False spread=0.174 gate=- report=['early_divergence']
2026-09-30T12:43:45.614+00:00   [0] d0 finish=stop completion=95 chunks=47 acc=2.043(chunks) rate=29.67 ttft=0.278 sha=f231686bb8ae early_divergence div@17 head='Sparse attention significantly e' tail=' contextual information.'
2026-09-30T12:43:45.614+00:00   [1] d0 finish=stop completion=94 chunks=39 acc=2.447(chunks) rate=34.78 ttft=0.278 sha=3bf26d1e5286 early_divergence div@1 head='Standard attention mechanisms sc' tail='ing extensive documents.'
2026-09-30T12:43:45.614+00:00   [2] d0 finish=stop completion=95 chunks=45 acc=2.136(chunks) rate=30.18 ttft=0.104 sha=62032dac1eb1 early_divergence div@164 head='Sparse attention mitigates the q' tail='n large language models.'
2026-09-30T12:43:52.076+00:00 burst=identical-n3-b3 kind=identical n=3 stagger=0.000 coprefill=False spread=0.176 gate=- report=['early_divergence']
2026-09-30T12:43:52.076+00:00   [0] d0 finish=stop completion=95 chunks=47 acc=2.043(chunks) rate=29.58 ttft=0.278 sha=f231686bb8ae early_divergence div@17 head='Sparse attention significantly e' tail=' contextual information.'
2026-09-30T12:43:52.076+00:00   [1] d0 finish=stop completion=94 chunks=39 acc=2.447(chunks) rate=34.55 ttft=0.278 sha=3bf26d1e5286 early_divergence div@1 head='Standard attention mechanisms sc' tail='ing extensive documents.'
2026-09-30T12:43:52.076+00:00   [2] d0 finish=stop completion=95 chunks=45 acc=2.136(chunks) rate=30.09 ttft=0.102 sha=62032dac1eb1 early_divergence div@164 head='Sparse attention mitigates the q' tail='n large language models.'
2026-09-30T12:43:58.235+00:00 burst=distinct-n3-b1 kind=distinct n=3 stagger=0.000 coprefill=False spread=0.176 gate=- report=['early_divergence']
2026-09-30T12:43:58.236+00:00   [0] d0 finish=stop completion=94 chunks=47 acc=2.022(chunks) rate=30.52 ttft=0.104 sha=2774341ec8f4 early_divergence div@164 head='Sparse attention mitigates the q' tail='g performance and speed.'
2026-09-30T12:43:58.236+00:00   [1] d1 finish=stop completion=76 chunks=35 acc=2.206(chunks) rate=32.33 ttft=0.280 sha=e8a944e43d20 early_divergence div@80 head='A bicycle gear system uses mecha' tail=' for varying conditions.'
2026-09-30T12:43:58.236+00:00   [2] d2 finish=stop completion=43 chunks=12 acc=3.818(chunks) rate=49.27 ttft=0.280 sha=097672f98733 ok div@None head='2, 3, 5, 7, 11, 13, 17, 19, 23, ' tail=', 17, 19, 23, 29, 31, 37'
2026-09-30T12:44:04.419+00:00 burst=distinct-n3-b2 kind=distinct n=3 stagger=0.000 coprefill=False spread=0.184 gate=- report=['early_divergence']
2026-09-30T12:44:04.419+00:00   [0] d0 finish=stop completion=105 chunks=47 acc=2.261(chunks) rate=36.00 ttft=0.285 sha=4c77871f8919 early_divergence div@17 head='Sparse attention significantly e' tail='or real-world use cases.'
2026-09-30T12:44:04.419+00:00   [1] d1 finish=stop completion=74 chunks=33 acc=2.281(chunks) rate=34.18 ttft=0.285 sha=02dbae298851 ok div@165 head='A bicycle gear system uses mecha' tail='torque for higher speed.'
2026-09-30T12:44:04.419+00:00   [2] d2 finish=stop completion=43 chunks=12 acc=3.818(chunks) rate=47.95 ttft=0.101 sha=097672f98733 ok div@None head='2, 3, 5, 7, 11, 13, 17, 19, 23, ' tail=', 17, 19, 23, 29, 31, 37'
2026-09-30T12:44:10.543+00:00 burst=distinct-n3-b3 kind=distinct n=3 stagger=0.000 coprefill=False spread=0.178 gate=- report=['early_divergence']
2026-09-30T12:44:10.543+00:00   [0] d0 finish=stop completion=94 chunks=47 acc=2.022(chunks) rate=30.86 ttft=0.101 sha=2774341ec8f4 early_divergence div@164 head='Sparse attention mitigates the q' tail='g performance and speed.'
2026-09-30T12:44:10.543+00:00   [1] d1 finish=stop completion=76 chunks=35 acc=2.206(chunks) rate=32.55 ttft=0.279 sha=e8a944e43d20 early_divergence div@80 head='A bicycle gear system uses mecha' tail=' for varying conditions.'
2026-09-30T12:44:10.543+00:00   [2] d2 finish=stop completion=43 chunks=12 acc=3.818(chunks) rate=49.70 ttft=0.279 sha=097672f98733 ok div@None head='2, 3, 5, 7, 11, 13, 17, 19, 23, ' tail=', 17, 19, 23, 29, 31, 37'
2026-09-30T12:44:17.470+00:00 burst=identical-n5-b1 kind=identical n=5 stagger=0.000 coprefill=False spread=0.214 gate=- report=['early_divergence']
2026-09-30T12:44:17.470+00:00   [0] d0 finish=stop completion=96 chunks=44 acc=2.209(chunks) rate=27.46 ttft=0.320 sha=7086bc8c0441 early_divergence div@1 head='Standard attention mechanisms sc' tail='ming hardware resources.'
2026-09-30T12:44:17.470+00:00   [1] d0 finish=stop completion=94 chunks=45 acc=2.114(chunks) rate=26.32 ttft=0.321 sha=5ea913999162 ok div@241 head='Sparse attention mitigates the q' tail='ormance and scalability.'
2026-09-30T12:44:17.470+00:00   [2] d0 finish=stop completion=94 chunks=42 acc=2.268(chunks) rate=28.25 ttft=0.322 sha=c6257057fc76 early_divergence div@1 head='Standard attention mechanisms sc' tail='ical application limits.'
2026-09-30T12:44:17.470+00:00   [3] d0 finish=stop completion=97 chunks=46 acc=2.133(chunks) rate=26.69 ttft=0.320 sha=6381d2b59382 early_divergence div@17 head='Sparse attention significantly e' tail='ong-context AI feasible.'
2026-09-30T12:44:17.470+00:00   [4] d0 finish=stop completion=94 chunks=45 acc=2.114(chunks) rate=25.89 ttft=0.108 sha=9e1e92f41e6c early_divergence div@164 head='Sparse attention mitigates the q' tail='ormance and scalability.'
2026-09-30T12:44:24.383+00:00 burst=identical-n5-b2 kind=identical n=5 stagger=0.000 coprefill=False spread=0.206 gate=- report=['early_divergence']
2026-09-30T12:44:24.383+00:00   [0] d0 finish=stop completion=94 chunks=42 acc=2.268(chunks) rate=28.25 ttft=0.308 sha=c6257057fc76 early_divergence div@1 head='Standard attention mechanisms sc' tail='ical application limits.'
2026-09-30T12:44:24.383+00:00   [1] d0 finish=stop completion=97 chunks=46 acc=2.133(chunks) rate=26.69 ttft=0.309 sha=6381d2b59382 early_divergence div@17 head='Sparse attention significantly e' tail='ong-context AI feasible.'
2026-09-30T12:44:24.383+00:00   [2] d0 finish=stop completion=94 chunks=45 acc=2.114(chunks) rate=26.32 ttft=0.309 sha=5ea913999162 ok div@241 head='Sparse attention mitigates the q' tail='ormance and scalability.'
2026-09-30T12:44:24.383+00:00   [3] d0 finish=stop completion=96 chunks=44 acc=2.209(chunks) rate=27.45 ttft=0.309 sha=7086bc8c0441 early_divergence div@1 head='Standard attention mechanisms sc' tail='ming hardware resources.'
2026-09-30T12:44:24.383+00:00   [4] d0 finish=stop completion=94 chunks=45 acc=2.114(chunks) rate=25.94 ttft=0.103 sha=9e1e92f41e6c early_divergence div@164 head='Sparse attention mitigates the q' tail='ormance and scalability.'
2026-09-30T12:44:31.303+00:00 burst=identical-n5-b3 kind=identical n=5 stagger=0.000 coprefill=False spread=0.206 gate=- report=['early_divergence']
2026-09-30T12:44:31.303+00:00   [0] d0 finish=stop completion=94 chunks=45 acc=2.114(chunks) rate=25.94 ttft=0.106 sha=9e1e92f41e6c early_divergence div@164 head='Sparse attention mitigates the q' tail='ormance and scalability.'
2026-09-30T12:44:31.303+00:00   [1] d0 finish=stop completion=94 chunks=45 acc=2.114(chunks) rate=26.28 ttft=0.311 sha=5ea913999162 ok div@241 head='Sparse attention mitigates the q' tail='ormance and scalability.'
2026-09-30T12:44:31.303+00:00   [2] d0 finish=stop completion=96 chunks=44 acc=2.209(chunks) rate=27.43 ttft=0.311 sha=7086bc8c0441 early_divergence div@1 head='Standard attention mechanisms sc' tail='ming hardware resources.'
2026-09-30T12:44:31.303+00:00   [3] d0 finish=stop completion=97 chunks=46 acc=2.133(chunks) rate=26.66 ttft=0.310 sha=6381d2b59382 early_divergence div@17 head='Sparse attention significantly e' tail='ong-context AI feasible.'
2026-09-30T12:44:31.303+00:00   [4] d0 finish=stop completion=94 chunks=42 acc=2.268(chunks) rate=28.23 ttft=0.312 sha=c6257057fc76 early_divergence div@1 head='Standard attention mechanisms sc' tail='ical application limits.'
2026-09-30T12:44:37.729+00:00 burst=distinct-n5-b1 kind=distinct n=5 stagger=0.000 coprefill=False spread=0.226 gate=- report=['early_divergence']
2026-09-30T12:44:37.729+00:00   [0] d0 finish=stop completion=97 chunks=42 acc=2.341(chunks) rate=28.96 ttft=0.103 sha=7ab80252b9ac early_divergence div@193 head='Sparse attention mitigates the q' tail='n large language models.'
2026-09-30T12:44:37.729+00:00   [1] d1 finish=stop completion=70 chunks=27 acc=2.654(chunks) rate=29.86 ttft=0.329 sha=545c3e841cac ok div@165 head='A bicycle gear system uses mecha' tail=' to overcome resistance.'
2026-09-30T12:44:37.729+00:00   [2] d2 finish=stop completion=43 chunks=12 acc=3.818(chunks) rate=40.19 ttft=0.328 sha=097672f98733 ok div@None head='2, 3, 5, 7, 11, 13, 17, 19, 23, ' tail=', 17, 19, 23, 29, 31, 37'
2026-09-30T12:44:37.729+00:00   [3] d3 finish=stop completion=85 chunks=31 acc=2.800(chunks) rate=32.34 ttft=0.328 sha=5121f754e7d8 early_divergence div@4 head='The sun heats up water in oceans' tail=' journey all over again.'
2026-09-30T12:44:37.729+00:00   [4] d4 finish=stop completion=102 chunks=27 acc=3.885(chunks) rate=42.24 ttft=0.329 sha=cb9c046d4e9a ok div@None head='```python\ndef fibonacci(n: int) ' tail=', a + b\n    return b\n```'
2026-09-30T12:44:44.031+00:00 burst=distinct-n5-b2 kind=distinct n=5 stagger=0.000 coprefill=False spread=0.228 gate=- report=['early_divergence']
2026-09-30T12:44:44.031+00:00   [0] d0 finish=stop completion=92 chunks=36 acc=2.600(chunks) rate=30.78 ttft=0.339 sha=ba409499c5af early_divergence div@1 head='Standard attention mechanisms sc' tail='tensive context windows.'
2026-09-30T12:44:44.031+00:00   [1] d1 finish=stop completion=77 chunks=33 acc=2.375(chunks) rate=27.00 ttft=0.340 sha=28ea54342cff ok div@200 head='A bicycle gear system uses mecha' tail='el with less resistance.'
2026-09-30T12:44:44.031+00:00   [2] d2 finish=stop completion=43 chunks=12 acc=3.818(chunks) rate=40.17 ttft=0.339 sha=097672f98733 ok div@None head='2, 3, 5, 7, 11, 13, 17, 19, 23, ' tail=', 17, 19, 23, 29, 31, 37'
2026-09-30T12:44:44.031+00:00   [3] d3 finish=stop completion=89 chunks=35 acc=2.588(chunks) rate=30.42 ttft=0.339 sha=0596173be865 early_divergence div@4 head='The sun warms up the water in oc' tail=' journey all over again.'
2026-09-30T12:44:44.031+00:00   [4] d4 finish=stop completion=102 chunks=27 acc=3.885(chunks) rate=42.56 ttft=0.112 sha=d3af644442cd early_divergence div@80 head='```python\ndef fibonacci(n: int) ' tail=', a + b\n    return b\n```'
2026-09-30T12:44:50.298+00:00 burst=distinct-n5-b3 kind=distinct n=5 stagger=0.000 coprefill=False spread=0.217 gate=- report=['early_divergence']
2026-09-30T12:44:50.298+00:00   [0] d0 finish=stop completion=92 chunks=36 acc=2.600(chunks) rate=30.89 ttft=0.311 sha=ba409499c5af early_divergence div@1 head='Standard attention mechanisms sc' tail='tensive context windows.'
2026-09-30T12:44:50.298+00:00   [1] d1 finish=stop completion=78 chunks=34 acc=2.333(chunks) rate=27.32 ttft=0.311 sha=3173bb0cb3ca ok div@200 head='A bicycle gear system uses mecha' tail='ess mechanical leverage.'
2026-09-30T12:44:50.298+00:00   [2] d2 finish=stop completion=43 chunks=12 acc=3.818(chunks) rate=39.90 ttft=0.311 sha=097672f98733 ok div@None head='2, 3, 5, 7, 11, 13, 17, 19, 23, ' tail=', 17, 19, 23, 29, 31, 37'
2026-09-30T12:44:50.298+00:00   [3] d3 finish=stop completion=86 chunks=34 acc=2.576(chunks) rate=30.16 ttft=0.312 sha=9fbf937d0835 early_divergence div@4 head='The sun heats up water in oceans' tail=' journey all over again.'
2026-09-30T12:44:50.298+00:00   [4] d4 finish=stop completion=102 chunks=27 acc=3.885(chunks) rate=42.73 ttft=0.095 sha=d3af644442cd early_divergence div@80 head='```python\ndef fibonacci(n: int) ' tail=', a + b\n    return b\n```'
2026-09-30T12:44:57.861+00:00 burst=identical-n8-b1 kind=identical n=8 stagger=0.000 coprefill=False spread=0.250 gate=- report=['early_divergence']
2026-09-30T12:44:57.861+00:00   [0] d0 finish=stop completion=103 chunks=52 acc=2.000(chunks) rate=24.30 ttft=0.355 sha=e694b3323d24 early_divergence div@17 head='Sparse attention significantly e' tail='nt long-range reasoning.'
2026-09-30T12:44:57.861+00:00   [1] d0 finish=stop completion=95 chunks=39 acc=2.474(chunks) rate=27.86 ttft=0.354 sha=30da1fd13f33 early_divergence div@1 head='Standard attention mechanisms sc' tail='pplication requirements.'
2026-09-30T12:44:57.861+00:00   [2] d0 finish=stop completion=94 chunks=40 acc=2.385(chunks) rate=26.92 ttft=0.355 sha=ae36ad6fd27b early_divergence div@1 head='Standard attention mechanisms sc' tail='pplication requirements.'
2026-09-30T12:44:57.861+00:00   [3] d0 finish=stop completion=91 chunks=42 acc=2.195(chunks) rate=24.95 ttft=0.355 sha=29dbd9358c10 early_divergence div@132 head='Sparse attention mitigates the q' tail='real-world applications.'
2026-09-30T12:44:57.861+00:00   [4] d0 finish=stop completion=90 chunks=39 acc=2.342(chunks) rate=26.38 ttft=0.355 sha=74645c0c0861 early_divergence div@1 head='Standard attention mechanisms sc' tail='ontextual understanding.'
2026-09-30T12:44:57.861+00:00   [5] d0 finish=stop completion=93 chunks=35 acc=2.706(chunks) rate=29.75 ttft=0.356 sha=4894a43dbae9 early_divergence div@1 head='Standard attention mechanisms sc' tail='complex reasoning tasks.'
2026-09-30T12:44:57.861+00:00   [6] d0 finish=stop completion=93 chunks=37 acc=2.556(chunks) rate=28.84 ttft=0.355 sha=ca53988def6a early_divergence div@1 head='Standard attention mechanisms sc' tail='tensive context windows.'
2026-09-30T12:44:57.861+00:00   [7] d0 finish=stop completion=101 chunks=47 acc=2.174(chunks) rate=24.66 ttft=0.106 sha=4bfa1bf64b96 early_divergence div@193 head='Sparse attention mitigates the q' tail='complex reasoning tasks.'
2026-09-30T12:45:05.446+00:00 burst=identical-n8-b2 kind=identical n=8 stagger=0.000 coprefill=False spread=0.234 gate=- report=['early_divergence']
2026-09-30T12:45:05.446+00:00   [0] d0 finish=stop completion=91 chunks=42 acc=2.195(chunks) rate=24.72 ttft=0.345 sha=29dbd9358c10 early_divergence div@132 head='Sparse attention mitigates the q' tail='real-world applications.'
2026-09-30T12:45:05.446+00:00   [1] d0 finish=stop completion=95 chunks=39 acc=2.474(chunks) rate=27.66 ttft=0.343 sha=30da1fd13f33 early_divergence div@1 head='Standard attention mechanisms sc' tail='pplication requirements.'
2026-09-30T12:45:05.446+00:00   [2] d0 finish=stop completion=90 chunks=39 acc=2.342(chunks) rate=26.18 ttft=0.344 sha=74645c0c0861 early_divergence div@1 head='Standard attention mechanisms sc' tail='ontextual understanding.'
2026-09-30T12:45:05.446+00:00   [3] d0 finish=stop completion=93 chunks=37 acc=2.556(chunks) rate=28.59 ttft=0.344 sha=ca53988def6a early_divergence div@1 head='Standard attention mechanisms sc' tail='tensive context windows.'
2026-09-30T12:45:05.446+00:00   [4] d0 finish=stop completion=94 chunks=40 acc=2.385(chunks) rate=26.65 ttft=0.344 sha=ae36ad6fd27b early_divergence div@1 head='Standard attention mechanisms sc' tail='pplication requirements.'
2026-09-30T12:45:05.446+00:00   [5] d0 finish=stop completion=103 chunks=52 acc=2.000(chunks) rate=24.11 ttft=0.343 sha=e694b3323d24 early_divergence div@17 head='Sparse attention significantly e' tail='nt long-range reasoning.'
2026-09-30T12:45:05.446+00:00   [6] d0 finish=stop completion=101 chunks=47 acc=2.174(chunks) rate=24.55 ttft=0.111 sha=4bfa1bf64b96 early_divergence div@193 head='Sparse attention mitigates the q' tail='complex reasoning tasks.'
2026-09-30T12:45:05.446+00:00   [7] d0 finish=stop completion=93 chunks=35 acc=2.706(chunks) rate=29.49 ttft=0.344 sha=4894a43dbae9 early_divergence div@1 head='Standard attention mechanisms sc' tail='complex reasoning tasks.'
2026-09-30T12:45:13.011+00:00 burst=identical-n8-b3 kind=identical n=8 stagger=0.000 coprefill=False spread=0.235 gate=- report=['early_divergence']
2026-09-30T12:45:13.011+00:00   [0] d0 finish=stop completion=93 chunks=37 acc=2.556(chunks) rate=28.72 ttft=0.342 sha=ca53988def6a early_divergence div@1 head='Standard attention mechanisms sc' tail='tensive context windows.'
2026-09-30T12:45:13.011+00:00   [1] d0 finish=stop completion=90 chunks=39 acc=2.342(chunks) rate=26.29 ttft=0.341 sha=74645c0c0861 early_divergence div@1 head='Standard attention mechanisms sc' tail='ontextual understanding.'
2026-09-30T12:45:13.011+00:00   [2] d0 finish=stop completion=94 chunks=40 acc=2.385(chunks) rate=26.78 ttft=0.342 sha=ae36ad6fd27b early_divergence div@1 head='Standard attention mechanisms sc' tail='pplication requirements.'
2026-09-30T12:45:13.011+00:00   [3] d0 finish=stop completion=95 chunks=39 acc=2.474(chunks) rate=27.77 ttft=0.341 sha=30da1fd13f33 early_divergence div@1 head='Standard attention mechanisms sc' tail='pplication requirements.'
2026-09-30T12:45:13.011+00:00   [4] d0 finish=stop completion=91 chunks=42 acc=2.195(chunks) rate=24.80 ttft=0.341 sha=29dbd9358c10 early_divergence div@132 head='Sparse attention mitigates the q' tail='real-world applications.'
2026-09-30T12:45:13.011+00:00   [5] d0 finish=stop completion=103 chunks=52 acc=2.000(chunks) rate=24.21 ttft=0.341 sha=e694b3323d24 early_divergence div@17 head='Sparse attention significantly e' tail='nt long-range reasoning.'
2026-09-30T12:45:13.011+00:00   [6] d0 finish=stop completion=101 chunks=47 acc=2.174(chunks) rate=24.62 ttft=0.108 sha=4bfa1bf64b96 early_divergence div@193 head='Sparse attention mitigates the q' tail='complex reasoning tasks.'
2026-09-30T12:45:13.011+00:00   [7] d0 finish=stop completion=93 chunks=35 acc=2.706(chunks) rate=29.61 ttft=0.343 sha=4894a43dbae9 early_divergence div@1 head='Standard attention mechanisms sc' tail='complex reasoning tasks.'
2026-09-30T12:45:20.010+00:00 burst=distinct-n8-b1 kind=distinct n=8 stagger=0.000 coprefill=False spread=0.273 gate=- report=['early_divergence']
2026-09-30T12:45:20.010+00:00   [0] d0 finish=stop completion=95 chunks=40 acc=2.410(chunks) rate=26.00 ttft=0.373 sha=bf3433e6a92f early_divergence div@1 head='Standard attention mechanisms sc' tail='real-world applications.'
2026-09-30T12:45:20.010+00:00   [1] d1 finish=stop completion=74 chunks=31 acc=2.433(chunks) rate=23.91 ttft=0.372 sha=ed9cafab6c78 ok div@165 head='A bicycle gear system uses mecha' tail='que for increased speed.'
2026-09-30T12:45:20.010+00:00   [2] d2 finish=stop completion=43 chunks=12 acc=3.818(chunks) rate=33.50 ttft=0.372 sha=097672f98733 ok div@None head='2, 3, 5, 7, 11, 13, 17, 19, 23, ' tail=', 17, 19, 23, 29, 31, 37'
2026-09-30T12:45:20.010+00:00   [3] d3 finish=stop completion=92 chunks=37 acc=2.528(chunks) rate=26.40 ttft=0.374 sha=ec7927030dd0 early_divergence div@26 head='The water cycle is like a never-' tail='the trip all over again.'
2026-09-30T12:45:20.010+00:00   [4] d4 finish=stop completion=102 chunks=26 acc=4.040(chunks) rate=37.26 ttft=0.373 sha=cb9c046d4e9a ok div@None head='```python\ndef fibonacci(n: int) ' tail=', a + b\n    return b\n```'
2026-09-30T12:45:20.010+00:00   [5] d5 finish=stop completion=17 chunks=7 acc=2.667(chunks) rate=22.95 ttft=0.371 sha=5a881638e98d ok div@None head='La bibliothèque ouvre à neuf heu' tail='-huit heures en semaine.'
2026-09-30T12:45:20.010+00:00   [6] d6 finish=stop completion=70 chunks=33 acc=2.156(chunks) rate=20.75 ttft=0.100 sha=6ed0508ab41c ok div@189 head='1. Reduce watering frequency sig' tail='ensate for shorter days.'
2026-09-30T12:45:20.010+00:00   [7] d7 finish=stop completion=67 chunks=19 acc=3.667(chunks) rate=33.49 ttft=0.373 sha=c39be9b87ae0 ok div@None head='{\n  "name": "Eiffel Tower",\n  "y' tail='re",\n    "Tourism"\n  ]\n}'
2026-09-30T12:45:27.201+00:00 burst=distinct-n8-b2 kind=distinct n=8 stagger=0.000 coprefill=False spread=0.259 gate=- report=['early_divergence']
2026-09-30T12:45:27.201+00:00   [0] d0 finish=stop completion=96 chunks=43 acc=2.262(chunks) rate=23.48 ttft=0.137 sha=0905ae89d31b early_divergence div@57 head='Sparse attention mitigates the q' tail='e, attention mechanisms.'
2026-09-30T12:45:27.201+00:00   [1] d1 finish=stop completion=65 chunks=30 acc=2.207(chunks) rate=21.64 ttft=0.394 sha=3d599a0312f2 early_divergence div@77 head='A bicycle gear system uses mecha' tail=' for varying conditions.'
2026-09-30T12:45:27.201+00:00   [2] d2 finish=stop completion=43 chunks=12 acc=3.818(chunks) rate=33.75 ttft=0.394 sha=097672f98733 ok div@None head='2, 3, 5, 7, 11, 13, 17, 19, 23, ' tail=', 17, 19, 23, 29, 31, 37'
2026-09-30T12:45:27.201+00:00   [3] d3 finish=stop completion=101 chunks=40 acc=2.564(chunks) rate=27.25 ttft=0.394 sha=4a0616e26780 early_divergence div@16 head='The water cycle starts when the ' tail='the whole journey again.'
2026-09-30T12:45:27.201+00:00   [4] d4 finish=stop completion=102 chunks=27 acc=3.885(chunks) rate=37.46 ttft=0.395 sha=cb9c046d4e9a ok div@None head='```python\ndef fibonacci(n: int) ' tail=', a + b\n    return b\n```'
2026-09-30T12:45:27.201+00:00   [5] d5 finish=stop completion=19 chunks=8 acc=2.571(chunks) rate=22.36 ttft=0.395 sha=fbd9a6af1079 early_divergence div@63 head='La bibliothèque ouvre à neuf heu' tail='res les jours ouvrables.'
2026-09-30T12:45:27.201+00:00   [6] d6 finish=stop completion=70 chunks=34 acc=2.091(chunks) rate=21.11 ttft=0.395 sha=ef096342c641 early_divergence div@65 head='1. Reduce watering frequency sig' tail='ensate for shorter days.'
2026-09-30T12:45:27.201+00:00   [7] d7 finish=stop completion=67 chunks=18 acc=3.882(chunks) rate=35.45 ttft=0.395 sha=c39be9b87ae0 ok div@None head='{\n  "name": "Eiffel Tower",\n  "y' tail='re",\n    "Tourism"\n  ]\n}'
2026-09-30T12:45:34.164+00:00 burst=distinct-n8-b3 kind=distinct n=8 stagger=0.000 coprefill=False spread=0.262 gate=- report=['early_divergence']
2026-09-30T12:45:34.164+00:00   [0] d0 finish=stop completion=94 chunks=37 acc=2.583(chunks) rate=26.82 ttft=0.368 sha=ae36ad6fd27b early_divergence div@1 head='Standard attention mechanisms sc' tail='pplication requirements.'
2026-09-30T12:45:34.164+00:00   [1] d1 finish=stop completion=75 chunks=34 acc=2.242(chunks) rate=22.70 ttft=0.369 sha=173ffade051b early_divergence div@80 head='A bicycle gear system uses mecha' tail=' terrain and conditions.'
2026-09-30T12:45:34.165+00:00   [2] d2 finish=stop completion=43 chunks=12 acc=3.818(chunks) rate=33.70 ttft=0.369 sha=097672f98733 ok div@None head='2, 3, 5, 7, 11, 13, 17, 19, 23, ' tail=', 17, 19, 23, 29, 31, 37'
2026-09-30T12:45:34.165+00:00   [3] d3 finish=stop completion=102 chunks=39 acc=2.658(chunks) rate=28.19 ttft=0.370 sha=13787128752e early_divergence div@16 head='The water cycle starts when the ' tail=' journey all over again.'
2026-09-30T12:45:34.165+00:00   [4] d4 finish=stop completion=102 chunks=26 acc=4.040(chunks) rate=37.49 ttft=0.368 sha=cb9c046d4e9a ok div@None head='```python\ndef fibonacci(n: int) ' tail=', a + b\n    return b\n```'
2026-09-30T12:45:34.165+00:00   [5] d5 finish=stop completion=19 chunks=8 acc=2.571(chunks) rate=22.36 ttft=0.370 sha=fbd9a6af1079 early_divergence div@63 head='La bibliothèque ouvre à neuf heu' tail='res les jours ouvrables.'
2026-09-30T12:45:34.165+00:00   [6] d6 finish=stop completion=70 chunks=33 acc=2.156(chunks) rate=20.97 ttft=0.109 sha=6ed0508ab41c ok div@189 head='1. Reduce watering frequency sig' tail='ensate for shorter days.'
2026-09-30T12:45:34.165+00:00   [7] d7 finish=stop completion=67 chunks=19 acc=3.667(chunks) rate=33.81 ttft=0.370 sha=c39be9b87ae0 ok div@None head='{\n  "name": "Eiffel Tower",\n  "y' tail='re",\n    "Tourism"\n  ]\n}'
2026-09-30T12:45:42.010+00:00 burst=identical-n16-b1 kind=identical n=16 stagger=0.000 coprefill=False spread=0.676 gate=- report=['early_divergence']
2026-09-30T12:45:42.010+00:00   [0] d0 finish=stop completion=94 chunks=40 acc=2.385(chunks) rate=23.63 ttft=0.799 sha=708a49055d95 early_divergence div@1 head='Standard attention mechanisms sc' tail='e-constrained inference.'
2026-09-30T12:45:42.010+00:00   [1] d0 finish=stop completion=94 chunks=40 acc=2.385(chunks) rate=23.64 ttft=0.799 sha=708a49055d95 early_divergence div@1 head='Standard attention mechanisms sc' tail='e-constrained inference.'
2026-09-30T12:45:42.010+00:00   [2] d0 finish=stop completion=90 chunks=41 acc=2.225(chunks) rate=22.04 ttft=0.797 sha=4ae428ac31aa early_divergence div@1 head='Standard attention mechanisms sc' tail=' practical applications.'
2026-09-30T12:45:42.010+00:00   [3] d0 finish=stop completion=94 chunks=40 acc=2.385(chunks) rate=23.62 ttft=0.796 sha=708a49055d95 early_divergence div@1 head='Standard attention mechanisms sc' tail='e-constrained inference.'
2026-09-30T12:45:42.010+00:00   [4] d0 finish=stop completion=90 chunks=41 acc=2.225(chunks) rate=22.06 ttft=0.798 sha=4ae428ac31aa early_divergence div@1 head='Standard attention mechanisms sc' tail=' practical applications.'
2026-09-30T12:45:42.010+00:00   [5] d0 finish=stop completion=94 chunks=40 acc=2.385(chunks) rate=23.64 ttft=0.798 sha=708a49055d95 early_divergence div@1 head='Standard attention mechanisms sc' tail='e-constrained inference.'
2026-09-30T12:45:42.010+00:00   [6] d0 finish=stop completion=90 chunks=41 acc=2.225(chunks) rate=22.06 ttft=0.799 sha=4ae428ac31aa early_divergence div@1 head='Standard attention mechanisms sc' tail=' practical applications.'
2026-09-30T12:45:42.010+00:00   [7] d0 finish=stop completion=90 chunks=41 acc=2.225(chunks) rate=22.05 ttft=0.797 sha=4ae428ac31aa early_divergence div@1 head='Standard attention mechanisms sc' tail=' practical applications.'
2026-09-30T12:45:42.010+00:00   [8] d0 finish=stop completion=94 chunks=40 acc=2.385(chunks) rate=23.63 ttft=0.797 sha=708a49055d95 early_divergence div@1 head='Standard attention mechanisms sc' tail='e-constrained inference.'
2026-09-30T12:45:42.010+00:00   [9] d0 finish=stop completion=90 chunks=41 acc=2.225(chunks) rate=22.05 ttft=0.799 sha=4ae428ac31aa early_divergence div@1 head='Standard attention mechanisms sc' tail=' practical applications.'
2026-09-30T12:45:42.010+00:00   [10] d0 finish=stop completion=94 chunks=40 acc=2.385(chunks) rate=23.65 ttft=0.799 sha=708a49055d95 early_divergence div@1 head='Standard attention mechanisms sc' tail='e-constrained inference.'
2026-09-30T12:45:42.010+00:00   [11] d0 finish=stop completion=90 chunks=41 acc=2.225(chunks) rate=22.06 ttft=0.798 sha=4ae428ac31aa early_divergence div@1 head='Standard attention mechanisms sc' tail=' practical applications.'
2026-09-30T12:45:42.010+00:00   [12] d0 finish=stop completion=90 chunks=41 acc=2.225(chunks) rate=22.05 ttft=0.798 sha=4ae428ac31aa early_divergence div@1 head='Standard attention mechanisms sc' tail=' practical applications.'
2026-09-30T12:45:42.010+00:00   [13] d0 finish=stop completion=94 chunks=40 acc=2.385(chunks) rate=23.63 ttft=0.798 sha=708a49055d95 early_divergence div@1 head='Standard attention mechanisms sc' tail='e-constrained inference.'
2026-09-30T12:45:42.011+00:00   [14] d0 finish=stop completion=94 chunks=40 acc=2.385(chunks) rate=23.63 ttft=0.799 sha=708a49055d95 early_divergence div@1 head='Standard attention mechanisms sc' tail='e-constrained inference.'
2026-09-30T12:45:42.011+00:00   [15] d0 finish=stop completion=97 chunks=43 acc=2.286(chunks) rate=20.38 ttft=0.124 sha=3139c3434faf ok div@241 head='Sparse attention mitigates the q' tail='se attention mechanisms.'
2026-09-30T12:45:49.518+00:00 burst=identical-n16-b2 kind=identical n=16 stagger=0.000 coprefill=False spread=0.303 gate=- report=['early_divergence']
2026-09-30T12:45:49.518+00:00   [0] d0 finish=stop completion=90 chunks=41 acc=2.225(chunks) rate=21.88 ttft=0.427 sha=4ae428ac31aa early_divergence div@1 head='Standard attention mechanisms sc' tail=' practical applications.'
2026-09-30T12:45:49.518+00:00   [1] d0 finish=stop completion=90 chunks=41 acc=2.225(chunks) rate=21.87 ttft=0.423 sha=4ae428ac31aa early_divergence div@1 head='Standard attention mechanisms sc' tail=' practical applications.'
2026-09-30T12:45:49.518+00:00   [2] d0 finish=stop completion=94 chunks=40 acc=2.385(chunks) rate=23.44 ttft=0.425 sha=708a49055d95 early_divergence div@1 head='Standard attention mechanisms sc' tail='e-constrained inference.'
2026-09-30T12:45:49.518+00:00   [3] d0 finish=stop completion=90 chunks=41 acc=2.225(chunks) rate=21.88 ttft=0.426 sha=4ae428ac31aa early_divergence div@1 head='Standard attention mechanisms sc' tail=' practical applications.'
2026-09-30T12:45:49.518+00:00   [4] d0 finish=stop completion=90 chunks=41 acc=2.225(chunks) rate=21.87 ttft=0.427 sha=4ae428ac31aa early_divergence div@1 head='Standard attention mechanisms sc' tail=' practical applications.'
2026-09-30T12:45:49.518+00:00   [5] d0 finish=stop completion=94 chunks=40 acc=2.385(chunks) rate=23.44 ttft=0.424 sha=708a49055d95 early_divergence div@1 head='Standard attention mechanisms sc' tail='e-constrained inference.'
2026-09-30T12:45:49.518+00:00   [6] d0 finish=stop completion=94 chunks=40 acc=2.385(chunks) rate=23.44 ttft=0.425 sha=708a49055d95 early_divergence div@1 head='Standard attention mechanisms sc' tail='e-constrained inference.'
2026-09-30T12:45:49.518+00:00   [7] d0 finish=stop completion=94 chunks=40 acc=2.385(chunks) rate=23.45 ttft=0.424 sha=708a49055d95 early_divergence div@1 head='Standard attention mechanisms sc' tail='e-constrained inference.'
2026-09-30T12:45:49.518+00:00   [8] d0 finish=stop completion=94 chunks=40 acc=2.385(chunks) rate=23.44 ttft=0.425 sha=708a49055d95 early_divergence div@1 head='Standard attention mechanisms sc' tail='e-constrained inference.'
2026-09-30T12:45:49.518+00:00   [9] d0 finish=stop completion=90 chunks=41 acc=2.225(chunks) rate=21.87 ttft=0.421 sha=4ae428ac31aa early_divergence div@1 head='Standard attention mechanisms sc' tail=' practical applications.'
2026-09-30T12:45:49.518+00:00   [10] d0 finish=stop completion=90 chunks=41 acc=2.225(chunks) rate=21.88 ttft=0.425 sha=4ae428ac31aa early_divergence div@1 head='Standard attention mechanisms sc' tail=' practical applications.'
2026-09-30T12:45:49.518+00:00   [11] d0 finish=stop completion=94 chunks=40 acc=2.385(chunks) rate=23.44 ttft=0.426 sha=708a49055d95 early_divergence div@1 head='Standard attention mechanisms sc' tail='e-constrained inference.'
2026-09-30T12:45:49.518+00:00   [12] d0 finish=stop completion=94 chunks=40 acc=2.385(chunks) rate=23.45 ttft=0.424 sha=708a49055d95 early_divergence div@1 head='Standard attention mechanisms sc' tail='e-constrained inference.'
2026-09-30T12:45:49.518+00:00   [13] d0 finish=stop completion=94 chunks=40 acc=2.385(chunks) rate=23.44 ttft=0.426 sha=708a49055d95 early_divergence div@1 head='Standard attention mechanisms sc' tail='e-constrained inference.'
2026-09-30T12:45:49.518+00:00   [14] d0 finish=stop completion=90 chunks=41 acc=2.225(chunks) rate=21.87 ttft=0.425 sha=4ae428ac31aa early_divergence div@1 head='Standard attention mechanisms sc' tail=' practical applications.'
2026-09-30T12:45:49.518+00:00   [15] d0 finish=stop completion=97 chunks=43 acc=2.286(chunks) rate=21.96 ttft=0.124 sha=3139c3434faf ok div@241 head='Sparse attention mitigates the q' tail='se attention mechanisms.'
2026-09-30T12:45:57.294+00:00 burst=identical-n16-b3 kind=identical n=16 stagger=0.000 coprefill=False spread=0.364 gate=- report=['early_divergence']
2026-09-30T12:45:57.294+00:00   [0] d0 finish=stop completion=94 chunks=40 acc=2.385(chunks) rate=23.09 ttft=0.488 sha=708a49055d95 early_divergence div@1 head='Standard attention mechanisms sc' tail='e-constrained inference.'
2026-09-30T12:45:57.294+00:00   [1] d0 finish=stop completion=94 chunks=41 acc=2.325(chunks) rate=22.48 ttft=0.487 sha=852bd5f8683c early_divergence div@1 head='Standard attention mechanisms sc' tail='onstrained applications.'
2026-09-30T12:45:57.294+00:00   [2] d0 finish=stop completion=95 chunks=45 acc=2.136(chunks) rate=20.26 ttft=0.124 sha=147a841caf37 early_divergence div@164 head='Sparse attention mitigates the q' tail='n large language models.'
2026-09-30T12:45:57.294+00:00   [3] d0 finish=stop completion=94 chunks=40 acc=2.385(chunks) rate=23.09 ttft=0.488 sha=708a49055d95 early_divergence div@1 head='Standard attention mechanisms sc' tail='e-constrained inference.'
2026-09-30T12:45:57.294+00:00   [4] d0 finish=stop completion=94 chunks=41 acc=2.325(chunks) rate=22.48 ttft=0.488 sha=852bd5f8683c early_divergence div@1 head='Standard attention mechanisms sc' tail='onstrained applications.'
2026-09-30T12:45:57.294+00:00   [5] d0 finish=stop completion=90 chunks=41 acc=2.225(chunks) rate=21.50 ttft=0.484 sha=4ae428ac31aa early_divergence div@1 head='Standard attention mechanisms sc' tail=' practical applications.'
2026-09-30T12:45:57.294+00:00   [6] d0 finish=stop completion=94 chunks=41 acc=2.325(chunks) rate=22.47 ttft=0.488 sha=852bd5f8683c early_divergence div@1 head='Standard attention mechanisms sc' tail='onstrained applications.'
2026-09-30T12:45:57.294+00:00   [7] d0 finish=stop completion=90 chunks=41 acc=2.225(chunks) rate=21.50 ttft=0.487 sha=4ae428ac31aa early_divergence div@1 head='Standard attention mechanisms sc' tail=' practical applications.'
2026-09-30T12:45:57.294+00:00   [8] d0 finish=stop completion=90 chunks=41 acc=2.225(chunks) rate=21.50 ttft=0.485 sha=4ae428ac31aa early_divergence div@1 head='Standard attention mechanisms sc' tail=' practical applications.'
2026-09-30T12:45:57.294+00:00   [9] d0 finish=stop completion=94 chunks=41 acc=2.325(chunks) rate=22.47 ttft=0.486 sha=852bd5f8683c early_divergence div@1 head='Standard attention mechanisms sc' tail='onstrained applications.'
2026-09-30T12:45:57.294+00:00   [10] d0 finish=stop completion=94 chunks=40 acc=2.385(chunks) rate=23.09 ttft=0.488 sha=708a49055d95 early_divergence div@1 head='Standard attention mechanisms sc' tail='e-constrained inference.'
2026-09-30T12:45:57.294+00:00   [11] d0 finish=stop completion=90 chunks=41 acc=2.225(chunks) rate=21.50 ttft=0.488 sha=4ae428ac31aa early_divergence div@1 head='Standard attention mechanisms sc' tail=' practical applications.'
2026-09-30T12:45:57.294+00:00   [12] d0 finish=stop completion=90 chunks=41 acc=2.225(chunks) rate=21.50 ttft=0.487 sha=4ae428ac31aa early_divergence div@1 head='Standard attention mechanisms sc' tail=' practical applications.'
2026-09-30T12:45:57.294+00:00   [13] d0 finish=stop completion=94 chunks=38 acc=2.514(chunks) rate=23.41 ttft=0.230 sha=ae36ad6fd27b early_divergence div@1 head='Standard attention mechanisms sc' tail='pplication requirements.'
2026-09-30T12:45:57.294+00:00   [14] d0 finish=stop completion=94 chunks=40 acc=2.385(chunks) rate=23.09 ttft=0.485 sha=708a49055d95 early_divergence div@1 head='Standard attention mechanisms sc' tail='e-constrained inference.'
2026-09-30T12:45:57.294+00:00   [15] d0 finish=stop completion=90 chunks=41 acc=2.225(chunks) rate=21.50 ttft=0.487 sha=4ae428ac31aa early_divergence div@1 head='Standard attention mechanisms sc' tail=' practical applications.'
2026-09-30T12:46:05.703+00:00 burst=distinct-n16-b1 kind=distinct n=16 stagger=0.000 coprefill=False spread=0.750 gate=- report=['early_divergence', 'slow']
2026-09-30T12:46:05.703+00:00   [0] d0 finish=stop completion=91 chunks=40 acc=2.308(chunks) rate=19.82 ttft=0.858 sha=9883fb34e102 early_divergence div@1 head='Standard attention mechanisms sc' tail='ze and processing speed.'
2026-09-30T12:46:05.703+00:00   [1] d1 finish=stop completion=81 chunks=37 acc=2.222(chunks) rate=18.18 ttft=0.860 sha=0214bd52f7c1 early_divergence div@80 head='A bicycle gear system uses mecha' tail='d on terrain conditions.'
2026-09-30T12:46:05.703+00:00   [2] d2 finish=stop completion=43 chunks=12 acc=3.818(chunks) rate=27.05 ttft=0.855 sha=097672f98733 ok div@None head='2, 3, 5, 7, 11, 13, 17, 19, 23, ' tail=', 17, 19, 23, 29, 31, 37'
2026-09-30T12:46:05.703+00:00   [3] d3 finish=stop completion=99 chunks=36 acc=2.800(chunks) rate=23.08 ttft=0.858 sha=599c481c1edd early_divergence div@16 head='The water cycle starts when the ' tail='the whole process again.'
2026-09-30T12:46:05.703+00:00   [4] d4 finish=stop completion=102 chunks=27 acc=3.885(chunks) rate=29.15 ttft=0.856 sha=cb9c046d4e9a ok div@None head='```python\ndef fibonacci(n: int) ' tail=', a + b\n    return b\n```'
2026-09-30T12:46:05.703+00:00   [5] d5 finish=stop completion=17 chunks=7 acc=2.667(chunks) rate=18.31 ttft=0.855 sha=5a881638e98d ok div@None head='La bibliothèque ouvre à neuf heu' tail='-huit heures en semaine.'
2026-09-30T12:46:05.703+00:00   [6] d6 finish=stop completion=70 chunks=34 acc=2.091(chunks) rate=16.96 ttft=0.855 sha=6ed0508ab41c ok div@189 head='1. Reduce watering frequency sig' tail='ensate for shorter days.'
2026-09-30T12:46:05.703+00:00   [7] d7 finish=stop completion=67 chunks=18 acc=3.882(chunks) rate=28.78 ttft=0.859 sha=c39be9b87ae0 ok div@None head='{\n  "name": "Eiffel Tower",\n  "y' tail='re",\n    "Tourism"\n  ]\n}'
2026-09-30T12:46:05.703+00:00   [8] d8 finish=stop completion=89 chunks=39 acc=2.316(chunks) rate=19.67 ttft=0.858 sha=8440a9f58f2c ok div@na head='Standard attention mechanisms sc' tail='ming hardware resources.'
2026-09-30T12:46:05.703+00:00   [9] d9 finish=stop completion=71 chunks=27 acc=2.692(chunks) rate=18.03 ttft=0.211 sha=20239bef31ee ok div@na head='A bicycle gear system uses mecha' tail=' for varying conditions.'
2026-09-30T12:46:05.703+00:00   [10] d10 finish=stop completion=43 chunks=12 acc=3.818(chunks) rate=27.06 ttft=0.858 sha=097672f98733 ok div@na head='2, 3, 5, 7, 11, 13, 17, 19, 23, ' tail=', 17, 19, 23, 29, 31, 37'
2026-09-30T12:46:05.703+00:00   [11] d11 finish=stop completion=90 chunks=34 acc=2.697(chunks) rate=21.88 ttft=0.860 sha=9e20124ee5fa ok div@na head='The water cycle starts when the ' tail=' journey all over again.'
2026-09-30T12:46:05.703+00:00   [12] d12 finish=stop completion=102 chunks=27 acc=3.885(chunks) rate=29.13 ttft=0.857 sha=cb9c046d4e9a ok div@na head='```python\ndef fibonacci(n: int) ' tail=', a + b\n    return b\n```'
2026-09-30T12:46:05.703+00:00   [13] d13 finish=stop completion=19 chunks=8 acc=2.571(chunks) rate=12.28 ttft=0.110 sha=fbd9a6af1079 slow div@na head='La bibliothèque ouvre à neuf heu' tail='res les jours ouvrables.'
2026-09-30T12:46:05.703+00:00   [14] d14 finish=stop completion=70 chunks=33 acc=2.156(chunks) rate=17.40 ttft=0.859 sha=6ed0508ab41c ok div@na head='1. Reduce watering frequency sig' tail='ensate for shorter days.'
2026-09-30T12:46:05.703+00:00   [15] d15 finish=stop completion=67 chunks=18 acc=3.882(chunks) rate=28.76 ttft=0.860 sha=c39be9b87ae0 ok div@na head='{\n  "name": "Eiffel Tower",\n  "y' tail='re",\n    "Tourism"\n  ]\n}'
2026-09-30T12:46:13.743+00:00 burst=distinct-n16-b2 kind=distinct n=16 stagger=0.000 coprefill=False spread=0.363 gate=- report=['early_divergence']
2026-09-30T12:46:13.743+00:00   [0] d0 finish=stop completion=94 chunks=39 acc=2.447(chunks) rate=20.66 ttft=0.464 sha=1d6600ac664c early_divergence div@1 head='Standard attention mechanisms sc' tail='osts of dense attention.'
2026-09-30T12:46:13.743+00:00   [1] d1 finish=stop completion=75 chunks=34 acc=2.242(chunks) rate=17.96 ttft=0.462 sha=fed9ae8ddba4 early_divergence div@80 head='A bicycle gear system uses mecha' tail=' terrain and conditions.'
2026-09-30T12:46:13.743+00:00   [2] d2 finish=stop completion=43 chunks=12 acc=3.818(chunks) rate=24.72 ttft=0.198 sha=097672f98733 ok div@None head='2, 3, 5, 7, 11, 13, 17, 19, 23, ' tail=', 17, 19, 23, 29, 31, 37'
2026-09-30T12:46:13.743+00:00   [3] d3 finish=stop completion=99 chunks=36 acc=2.800(chunks) rate=22.78 ttft=0.464 sha=38e391f1f0c8 early_divergence div@16 head='The water cycle starts when the ' tail='the whole journey again.'
2026-09-30T12:46:13.743+00:00   [4] d4 finish=stop completion=102 chunks=28 acc=3.741(chunks) rate=28.83 ttft=0.464 sha=cb9c046d4e9a ok div@None head='```python\ndef fibonacci(n: int) ' tail=', a + b\n    return b\n```'
2026-09-30T12:46:13.743+00:00   [5] d5 finish=stop completion=17 chunks=7 acc=2.667(chunks) rate=18.65 ttft=0.463 sha=5a881638e98d ok div@None head='La bibliothèque ouvre à neuf heu' tail='-huit heures en semaine.'
2026-09-30T12:46:13.743+00:00   [6] d6 finish=stop completion=70 chunks=34 acc=2.091(chunks) rate=16.11 ttft=0.103 sha=6ed0508ab41c ok div@189 head='1. Reduce watering frequency sig' tail='ensate for shorter days.'
2026-09-30T12:46:13.743+00:00   [7] d7 finish=stop completion=67 chunks=18 acc=3.882(chunks) rate=28.25 ttft=0.462 sha=c39be9b87ae0 ok div@None head='{\n  "name": "Eiffel Tower",\n  "y' tail='re",\n    "Tourism"\n  ]\n}'
2026-09-30T12:46:13.743+00:00   [8] d8 finish=stop completion=92 chunks=40 acc=2.333(chunks) rate=19.94 ttft=0.465 sha=ba907448d64b ok div@na head='Standard attention mechanisms sc' tail='al resource constraints.'
2026-09-30T12:46:13.743+00:00   [9] d9 finish=stop completion=75 chunks=36 acc=2.114(chunks) rate=17.20 ttft=0.465 sha=73656a9380d2 ok div@na head='A bicycle gear system uses mecha' tail='ing torque for velocity.'
2026-09-30T12:46:13.743+00:00   [10] d10 finish=stop completion=43 chunks=12 acc=3.818(chunks) rate=26.73 ttft=0.464 sha=097672f98733 ok div@na head='2, 3, 5, 7, 11, 13, 17, 19, 23, ' tail=', 17, 19, 23, 29, 31, 37'
2026-09-30T12:46:13.743+00:00   [11] d11 finish=stop completion=89 chunks=33 acc=2.750(chunks) rate=21.87 ttft=0.462 sha=b1e163bdbdba ok div@na head='The water cycle starts when the ' tail=' journey all over again.'
2026-09-30T12:46:13.743+00:00   [12] d12 finish=stop completion=81 chunks=22 acc=3.810(chunks) rate=28.33 ttft=0.462 sha=d6e4529d7c26 ok div@na head='```python\ndef fibonacci(n: int) ' tail=', a + b\n    return b\n```'
2026-09-30T12:46:13.743+00:00   [13] d13 finish=stop completion=17 chunks=7 acc=2.667(chunks) rate=18.69 ttft=0.462 sha=5a881638e98d ok div@na head='La bibliothèque ouvre à neuf heu' tail='-huit heures en semaine.'
2026-09-30T12:46:13.743+00:00   [14] d14 finish=stop completion=73 chunks=30 acc=2.483(chunks) rate=19.30 ttft=0.462 sha=baf1b5feef9a ok div@na head='1. Reduce watering frequency sig' tail=' shorter daylight hours.'
2026-09-30T12:46:13.743+00:00   [15] d15 finish=stop completion=67 chunks=18 acc=3.882(chunks) rate=28.24 ttft=0.464 sha=c39be9b87ae0 ok div@na head='{\n  "name": "Eiffel Tower",\n  "y' tail='re",\n    "Tourism"\n  ]\n}'
2026-09-30T12:46:21.843+00:00 burst=distinct-n16-b3 kind=distinct n=16 stagger=0.000 coprefill=False spread=0.316 gate=- report=['early_divergence']
2026-09-30T12:46:21.843+00:00   [0] d0 finish=stop completion=92 chunks=37 acc=2.528(chunks) rate=21.00 ttft=0.441 sha=8a794898b4f5 early_divergence div@1 head='Standard attention mechanisms sc' tail='al hardware constraints.'
2026-09-30T12:46:21.843+00:00   [1] d1 finish=stop completion=78 chunks=38 acc=2.081(chunks) rate=17.43 ttft=0.439 sha=00c3014fcd0b early_divergence div@80 head='A bicycle gear system uses mecha' tail=' terrain and conditions.'
2026-09-30T12:46:21.843+00:00   [2] d2 finish=stop completion=43 chunks=12 acc=3.818(chunks) rate=27.03 ttft=0.438 sha=097672f98733 ok div@None head='2, 3, 5, 7, 11, 13, 17, 19, 23, ' tail=', 17, 19, 23, 29, 31, 37'
2026-09-30T12:46:21.843+00:00   [3] d3 finish=stop completion=100 chunks=37 acc=2.750(chunks) rate=22.84 ttft=0.440 sha=cdc73d993995 early_divergence div@16 head='The water cycle starts when the ' tail='the whole journey again.'
2026-09-30T12:46:21.843+00:00   [4] d4 finish=stop completion=102 chunks=27 acc=3.885(chunks) rate=29.23 ttft=0.440 sha=cb9c046d4e9a ok div@None head='```python\ndef fibonacci(n: int) ' tail=', a + b\n    return b\n```'
2026-09-30T12:46:21.843+00:00   [5] d5 finish=stop completion=17 chunks=7 acc=2.667(chunks) rate=18.81 ttft=0.438 sha=5a881638e98d ok div@None head='La bibliothèque ouvre à neuf heu' tail='-huit heures en semaine.'
2026-09-30T12:46:21.843+00:00   [6] d6 finish=stop completion=70 chunks=33 acc=2.156(chunks) rate=17.44 ttft=0.438 sha=6ed0508ab41c ok div@189 head='1. Reduce watering frequency sig' tail='ensate for shorter days.'
2026-09-30T12:46:21.843+00:00   [7] d7 finish=stop completion=67 chunks=18 acc=3.882(chunks) rate=28.40 ttft=0.440 sha=c39be9b87ae0 ok div@None head='{\n  "name": "Eiffel Tower",\n  "y' tail='re",\n    "Tourism"\n  ]\n}'
2026-09-30T12:46:21.843+00:00   [8] d8 finish=stop completion=90 chunks=42 acc=2.171(chunks) rate=19.14 ttft=0.439 sha=f6654620004d ok div@na head='Standard attention mechanisms sc' tail='scale language modeling.'
2026-09-30T12:46:21.843+00:00   [9] d9 finish=stop completion=74 chunks=35 acc=2.147(chunks) rate=17.59 ttft=0.439 sha=4503660620c2 ok div@na head='A bicycle gear system uses mecha' tail='torque for higher speed.'
2026-09-30T12:46:21.843+00:00   [10] d10 finish=stop completion=43 chunks=12 acc=3.818(chunks) rate=27.07 ttft=0.439 sha=097672f98733 ok div@na head='2, 3, 5, 7, 11, 13, 17, 19, 23, ' tail=', 17, 19, 23, 29, 31, 37'
2026-09-30T12:46:21.843+00:00   [11] d11 finish=stop completion=96 chunks=37 acc=2.639(chunks) rate=21.91 ttft=0.439 sha=36497d4233d0 ok div@na head='The water cycle starts when the ' tail=' journey all over again.'
2026-09-30T12:46:21.843+00:00   [12] d12 finish=stop completion=81 chunks=22 acc=3.810(chunks) rate=28.56 ttft=0.437 sha=d6e4529d7c26 ok div@na head='```python\ndef fibonacci(n: int) ' tail=', a + b\n    return b\n```'
2026-09-30T12:46:21.843+00:00   [13] d13 finish=stop completion=17 chunks=7 acc=2.667(chunks) rate=18.86 ttft=0.439 sha=5a881638e98d ok div@na head='La bibliothèque ouvre à neuf heu' tail='-huit heures en semaine.'
2026-09-30T12:46:21.843+00:00   [14] d14 finish=stop completion=70 chunks=33 acc=2.156(chunks) rate=17.44 ttft=0.438 sha=6ed0508ab41c ok div@na head='1. Reduce watering frequency sig' tail='ensate for shorter days.'
2026-09-30T12:46:21.843+00:00   [15] d15 finish=stop completion=67 chunks=18 acc=3.882(chunks) rate=27.61 ttft=0.125 sha=c39be9b87ae0 ok div@na head='{\n  "name": "Eiffel Tower",\n  "y' tail='re",\n    "Tourism"\n  ]\n}'
2026-09-30T12:46:27.410+00:00 burst=staggered-identical-n2 kind=identical n=2 stagger=0.250 coprefill=False spread=0.315 gate=- report=['early_divergence']
2026-09-30T12:46:27.410+00:00   [0] d0 finish=stop completion=95 chunks=41 acc=2.350(chunks) rate=38.28 ttft=0.104 sha=26e6979e3e7e ok div@333 head='Sparse attention mitigates the q' tail='n large language models.'
2026-09-30T12:46:27.410+00:00   [1] d0 finish=stop completion=93 chunks=34 acc=2.788(chunks) rate=45.47 ttft=0.169 sha=774bf9418857 early_divergence div@1 head='Standard attention mechanisms sc' tail='tensive context windows.'
2026-09-30T12:46:33.600+00:00 burst=staggered-distinct-n3 kind=distinct n=3 stagger=0.250 coprefill=False spread=0.612 gate=- report=['early_divergence']
2026-09-30T12:46:33.600+00:00   [0] d0 finish=stop completion=99 chunks=47 acc=2.130(chunks) rate=31.83 ttft=0.103 sha=b4f847211dde early_divergence div@164 head='Sparse attention mitigates the q' tail='processing applications.'
2026-09-30T12:46:33.600+00:00   [1] d1 finish=stop completion=78 chunks=37 acc=2.139(chunks) rate=30.93 ttft=0.165 sha=7001d85664e3 ok div@201 head='A bicycle gear system uses mecha' tail='ess mechanical leverage.'
2026-09-30T12:46:33.600+00:00   [2] d2 finish=stop completion=43 chunks=12 acc=3.818(chunks) rate=49.39 ttft=0.214 sha=097672f98733 ok div@None head='2, 3, 5, 7, 11, 13, 17, 19, 23, ' tail=', 17, 19, 23, 29, 31, 37'
2026-09-30T12:46:40.625+00:00 burst=staggered-distinct-n5 kind=distinct n=5 stagger=0.250 coprefill=False spread=1.170 gate=- report=['early_divergence']
2026-09-30T12:46:40.625+00:00   [0] d0 finish=stop completion=92 chunks=40 acc=2.333(chunks) rate=28.23 ttft=0.102 sha=50f8a9658adf early_divergence div@132 head='Sparse attention mitigates the q' tail=' speeds and scalability.'
2026-09-30T12:46:40.625+00:00   [1] d1 finish=stop completion=65 chunks=28 acc=2.370(chunks) rate=26.83 ttft=0.216 sha=3d599a0312f2 early_divergence div@77 head='A bicycle gear system uses mecha' tail=' for varying conditions.'
2026-09-30T12:46:40.625+00:00   [2] d2 finish=stop completion=43 chunks=12 acc=3.818(chunks) rate=40.16 ttft=0.209 sha=097672f98733 ok div@None head='2, 3, 5, 7, 11, 13, 17, 19, 23, ' tail=', 17, 19, 23, 29, 31, 37'
2026-09-30T12:46:40.625+00:00   [3] d3 finish=stop completion=101 chunks=40 acc=2.564(chunks) rate=32.90 ttft=0.226 sha=a5cb9def895f early_divergence div@16 head='The water cycle starts when the ' tail=' journey all over again.'
2026-09-30T12:46:40.625+00:00   [4] d4 finish=stop completion=102 chunks=28 acc=3.741(chunks) rate=44.72 ttft=0.271 sha=cb9c046d4e9a ok div@None head='```python\ndef fibonacci(n: int) ' tail=', a + b\n    return b\n```'
2026-09-30T12:46:48.973+00:00 burst=staggered-identical-n8 kind=identical n=8 stagger=0.250 coprefill=False spread=1.926 gate=- report=['early_divergence']
2026-09-30T12:46:48.973+00:00   [0] d0 finish=stop completion=98 chunks=45 acc=2.205(chunks) rate=24.38 ttft=0.100 sha=f3a48a584e2b early_divergence div@193 head='Sparse attention mitigates the q' tail='r widespread deployment.'
2026-09-30T12:46:48.973+00:00   [1] d0 finish=stop completion=94 chunks=37 acc=2.583(chunks) rate=27.62 ttft=0.172 sha=aa1e352fa496 early_divergence div@1 head='Standard attention mechanisms sc' tail='sive historical context.'
2026-09-30T12:46:48.973+00:00   [2] d0 finish=stop completion=91 chunks=36 acc=2.571(chunks) rate=26.02 ttft=0.217 sha=f132bf0dbce4 early_divergence div@1 head='Standard attention mechanisms sc' tail='onstrained environments.'
2026-09-30T12:46:48.973+00:00   [3] d0 finish=stop completion=91 chunks=39 acc=2.368(chunks) rate=24.82 ttft=0.229 sha=1cd0beacd8e1 early_divergence div@1 head='Standard attention mechanisms sc' tail='ross extensive contexts.'
2026-09-30T12:46:48.973+00:00   [4] d0 finish=stop completion=95 chunks=40 acc=2.410(chunks) rate=25.71 ttft=0.265 sha=429a4530ee1f early_divergence div@1 head='Standard attention mechanisms sc' tail='ical application limits.'
2026-09-30T12:46:48.973+00:00   [5] d0 finish=stop completion=96 chunks=43 acc=2.262(chunks) rate=24.61 ttft=0.227 sha=cb12fe4b54b7 ok div@341 head='Sparse attention mitigates the q' tail='ffective context window.'
2026-09-30T12:46:48.973+00:00   [6] d0 finish=stop completion=88 chunks=37 acc=2.417(chunks) rate=26.51 ttft=0.294 sha=b7682e924320 early_divergence div@1 head='Standard attention mechanisms sc' tail=' practical applications.'
2026-09-30T12:46:48.973+00:00   [7] d0 finish=stop completion=98 chunks=38 acc=2.622(chunks) rate=29.29 ttft=0.276 sha=8ee73a66b9eb early_divergence div@1 head='Standard attention mechanisms sc' tail='ysis or code generation.'
2026-09-30T12:47:00.756+00:00 burst=long-pair kind=long n=2 stagger=0.000 coprefill=False spread=2.534 gate=- report=['slow']
2026-09-30T12:47:00.756+00:00   [0] long0 finish=stop completion=6 chunks=2 acc=5.000(chunks) rate=36.97 ttft=8.638 sha=83dab7f91bc1 ok div@None head='74354' tail='74354'
2026-09-30T12:47:00.756+00:00   [1] long1 finish=stop completion=6 chunks=2 acc=5.000(chunks) rate=1.97 ttft=6.105 sha=0ec41e567fc2 slow div@None head='79083' tail='79083'
2026-09-30T12:47:04.302+00:00 burst=image-pair kind=image n=2 stagger=0.000 coprefill=False spread=0.208 gate=- report=['early_divergence']
2026-09-30T12:47:04.302+00:00   [0] img_red finish=stop completion=11 chunks=4 acc=3.333(chunks) rate=36.63 ttft=0.148 sha=0e1c14c4131c ok div@None head='The image is filled with a solid' tail=' with a solid red color.'
2026-09-30T12:47:04.302+00:00   [1] img_blue finish=stop completion=11 chunks=4 acc=3.333(chunks) rate=54.72 ttft=0.356 sha=705b4320e3b4 early_divergence div@2 head='The image is filled with a solid' tail='with a solid blue color.'
2026-09-30T12:47:04.303+00:00 TOTALS bursts=36 streams=226 gate_bursts=0 zero_acc=0 runaway=0 first32_match=0.341 coprefill_bursts=0 per_request_spec_metrics=False
2026-09-30T12:47:04.303+00:00 NOTE: server did not return metrics.speculative_decoding on every stream; acceptance estimated from tokens per chunk (serve with --per-request-spec-decode-metrics summary)
2026-09-30T12:47:04.303+00:00 T0 PASS
