2026-09-30T22:57:27.418+00:00 bench_probe v1 url=http://127.0.0.1:8000/v1/chat/completions sizes=[2, 3, 5, 8] kinds=['identical', 'distinct'] bursts_per_shape=3 max_tokens=256
2026-09-30T22:57:29.725+00:00 ref d0 finish=stop completion=97 acc=2.341 ttft=0.139 sha=b0e372faa960 head='Sparse attention mitigates the quadratic'
2026-09-30T22:57:32.317+00:00 ref d1 finish=stop completion=75 acc=2.643 ttft=0.106 sha=4ad2d5654ca6 head='A bicycle gear system uses mechanical ad'
2026-09-30T22:57:34.016+00:00 ref d2 finish=stop completion=43 acc=3.818 ttft=0.103 sha=097672f98733 head='2, 3, 5, 7, 11, 13, 17, 19, 23, 29, 31, '
2026-09-30T22:57:37.129+00:00 ref d3 finish=stop completion=101 acc=2.632 ttft=0.105 sha=3746d913c433 head='The water cycle is like a giant, never-e'
2026-09-30T22:57:39.687+00:00 ref d4 finish=stop completion=102 acc=3.741 ttft=0.118 sha=cb9c046d4e9a head='```python\ndef fibonacci(n: int) -> int:\n'
2026-09-30T22:57:41.113+00:00 ref d5 finish=stop completion=17 acc=2.667 ttft=0.112 sha=5a881638e98d head='La bibliothèque ouvre à neuf heures et f'
2026-09-30T22:57:43.792+00:00 ref d6 finish=stop completion=72 acc=2.367 ttft=0.106 sha=86f7d76d2833 head='1. Reduce watering frequency significant'
2026-09-30T22:57:45.806+00:00 ref d7 finish=stop completion=67 acc=3.882 ttft=0.119 sha=c39be9b87ae0 head='{\n  "name": "Eiffel Tower",\n  "year": 18'
2026-09-30T22:57:51.209+00:00 ref long0 finish=stop completion=6 acc=5.000 ttft=4.341 sha=83dab7f91bc1 head='74354'
2026-09-30T22:57:56.314+00:00 ref long1 finish=stop completion=6 acc=5.000 ttft=4.013 sha=0ec41e567fc2 head='79083'
2026-09-30T22:57:57.676+00:00 ref img_red finish=stop completion=11 acc=3.333 ttft=0.200 sha=0e1c14c4131c head='The image is filled with a solid red col'
2026-09-30T22:57:59.065+00:00 ref img_blue finish=stop completion=11 acc=2.500 ttft=0.172 sha=7fa32368a223 head='This image is filled with a solid blue c'
2026-09-30T22:58:06.181+00:00 burst=identical-n2-b1 kind=identical n=2 stagger=0.000 coprefill=False spread=0.398 gate=- report=['early_divergence']
2026-09-30T22:58:06.181+00:00   [0] d0 finish=stop completion=94 chunks=47 acc=2.022(chunks) rate=31.17 ttft=0.124 sha=2774341ec8f4 early_divergence div@164 head='Sparse attention mitigates the q' tail='g performance and speed.'
2026-09-30T22:58:06.181+00:00   [1] d0 finish=stop completion=93 chunks=34 acc=2.788(chunks) rate=45.62 ttft=0.522 sha=774bf9418857 early_divergence div@1 head='Standard attention mechanisms sc' tail='tensive context windows.'
2026-09-30T22:58:12.034+00:00 burst=identical-n2-b2 kind=identical n=2 stagger=0.000 coprefill=False spread=0.161 gate=- report=['early_divergence']
2026-09-30T22:58:12.034+00:00   [0] d0 finish=stop completion=93 chunks=34 acc=2.788(chunks) rate=46.06 ttft=0.264 sha=774bf9418857 early_divergence div@1 head='Standard attention mechanisms sc' tail='tensive context windows.'
2026-09-30T22:58:12.034+00:00   [1] d0 finish=stop completion=94 chunks=47 acc=2.022(chunks) rate=33.92 ttft=0.103 sha=2774341ec8f4 early_divergence div@164 head='Sparse attention mitigates the q' tail='g performance and speed.'
2026-09-30T22:58:17.886+00:00 burst=identical-n2-b3 kind=identical n=2 stagger=0.000 coprefill=False spread=0.105 gate=- report=['early_divergence']
2026-09-30T22:58:17.886+00:00   [0] d0 finish=stop completion=93 chunks=34 acc=2.788(chunks) rate=46.13 ttft=0.205 sha=774bf9418857 early_divergence div@1 head='Standard attention mechanisms sc' tail='tensive context windows.'
2026-09-30T22:58:17.886+00:00   [1] d0 finish=stop completion=98 chunks=47 acc=2.109(chunks) rate=35.35 ttft=0.100 sha=97cd1c69b235 early_divergence div@164 head='Sparse attention mitigates the q' tail='ng-context applications.'
2026-09-30T22:58:23.215+00:00 burst=distinct-n2-b1 kind=distinct n=2 stagger=0.000 coprefill=False spread=0.163 gate=- report=['early_divergence']
2026-09-30T22:58:23.215+00:00   [0] d0 finish=stop completion=93 chunks=34 acc=2.788(chunks) rate=44.66 ttft=0.260 sha=774bf9418857 early_divergence div@1 head='Standard attention mechanisms sc' tail='tensive context windows.'
2026-09-30T22:58:23.215+00:00   [1] d1 finish=stop completion=70 chunks=35 acc=2.029(chunks) rate=31.90 ttft=0.097 sha=c61d8657cdea early_divergence div@80 head='A bicycle gear system uses mecha' tail='torque for higher speed.'
2026-09-30T22:58:28.515+00:00 burst=distinct-n2-b2 kind=distinct n=2 stagger=0.000 coprefill=False spread=0.167 gate=- report=['early_divergence']
2026-09-30T22:58:28.516+00:00   [0] d0 finish=stop completion=93 chunks=34 acc=2.788(chunks) rate=45.29 ttft=0.261 sha=774bf9418857 early_divergence div@1 head='Standard attention mechanisms sc' tail='tensive context windows.'
2026-09-30T22:58:28.516+00:00   [1] d1 finish=stop completion=70 chunks=35 acc=2.029(chunks) rate=32.32 ttft=0.094 sha=c61d8657cdea early_divergence div@80 head='A bicycle gear system uses mecha' tail='torque for higher speed.'
2026-09-30T22:58:34.222+00:00 burst=distinct-n2-b3 kind=distinct n=2 stagger=0.000 coprefill=False spread=0.099 gate=- report=['early_divergence']
2026-09-30T22:58:34.222+00:00   [0] d0 finish=stop completion=97 chunks=44 acc=2.233(chunks) rate=36.97 ttft=0.101 sha=6a7fa3d3f393 early_divergence div@164 head='Sparse attention mitigates the q' tail='lationships efficiently.'
2026-09-30T22:58:34.222+00:00   [1] d1 finish=stop completion=75 chunks=31 acc=2.467(chunks) rate=38.63 ttft=0.201 sha=eadf9933adfc early_divergence div@80 head='A bicycle gear system uses mecha' tail='wer for varying terrain.'
2026-09-30T22:58:40.551+00:00 burst=identical-n3-b1 kind=identical n=3 stagger=0.000 coprefill=False spread=0.172 gate=- report=['early_divergence']
2026-09-30T22:58:40.551+00:00   [0] d0 finish=stop completion=95 chunks=47 acc=2.043(chunks) rate=30.87 ttft=0.276 sha=f231686bb8ae early_divergence div@17 head='Sparse attention significantly e' tail=' contextual information.'
2026-09-30T22:58:40.551+00:00   [1] d0 finish=stop completion=94 chunks=39 acc=2.447(chunks) rate=36.24 ttft=0.277 sha=3bf26d1e5286 early_divergence div@1 head='Standard attention mechanisms sc' tail='ing extensive documents.'
2026-09-30T22:58:40.551+00:00   [2] d0 finish=stop completion=95 chunks=45 acc=2.136(chunks) rate=31.43 ttft=0.104 sha=62032dac1eb1 early_divergence div@164 head='Sparse attention mitigates the q' tail='n large language models.'
2026-09-30T22:58:46.890+00:00 burst=identical-n3-b2 kind=identical n=3 stagger=0.000 coprefill=False spread=0.173 gate=- report=['early_divergence']
2026-09-30T22:58:46.890+00:00   [0] d0 finish=stop completion=95 chunks=47 acc=2.043(chunks) rate=30.76 ttft=0.275 sha=f231686bb8ae early_divergence div@17 head='Sparse attention significantly e' tail=' contextual information.'
2026-09-30T22:58:46.890+00:00   [1] d0 finish=stop completion=94 chunks=39 acc=2.447(chunks) rate=36.22 ttft=0.275 sha=3bf26d1e5286 early_divergence div@1 head='Standard attention mechanisms sc' tail='ing extensive documents.'
2026-09-30T22:58:46.890+00:00   [2] d0 finish=stop completion=95 chunks=45 acc=2.136(chunks) rate=31.29 ttft=0.102 sha=62032dac1eb1 early_divergence div@164 head='Sparse attention mitigates the q' tail='n large language models.'
2026-09-30T22:58:53.256+00:00 burst=identical-n3-b3 kind=identical n=3 stagger=0.000 coprefill=False spread=0.176 gate=- report=['early_divergence']
2026-09-30T22:58:53.256+00:00   [0] d0 finish=stop completion=95 chunks=45 acc=2.136(chunks) rate=31.05 ttft=0.106 sha=62032dac1eb1 early_divergence div@164 head='Sparse attention mitigates the q' tail='n large language models.'
2026-09-30T22:58:53.256+00:00   [1] d0 finish=stop completion=95 chunks=47 acc=2.043(chunks) rate=30.55 ttft=0.282 sha=f231686bb8ae early_divergence div@17 head='Sparse attention significantly e' tail=' contextual information.'
2026-09-30T22:58:53.256+00:00   [2] d0 finish=stop completion=94 chunks=39 acc=2.447(chunks) rate=35.83 ttft=0.282 sha=3bf26d1e5286 early_divergence div@1 head='Standard attention mechanisms sc' tail='ing extensive documents.'
2026-09-30T22:58:58.985+00:00 burst=distinct-n3-b1 kind=distinct n=3 stagger=0.000 coprefill=False spread=0.185 gate=- report=['early_divergence']
2026-09-30T22:58:58.985+00:00   [0] d0 finish=stop completion=93 chunks=39 acc=2.421(chunks) rate=37.77 ttft=0.283 sha=1349c3863181 early_divergence div@17 head='Sparse attention significantly e' tail='real-world applications.'
2026-09-30T22:58:58.985+00:00   [1] d1 finish=stop completion=76 chunks=32 acc=2.419(chunks) rate=34.37 ttft=0.099 sha=a9b0a55b081f ok div@165 head='A bicycle gear system uses mecha' tail='nce for varying terrain.'
2026-09-30T22:58:58.985+00:00   [2] d2 finish=stop completion=43 chunks=12 acc=3.818(chunks) rate=50.98 ttft=0.284 sha=097672f98733 ok div@None head='2, 3, 5, 7, 11, 13, 17, 19, 23, ' tail=', 17, 19, 23, 29, 31, 37'
2026-09-30T22:59:04.391+00:00 burst=distinct-n3-b2 kind=distinct n=3 stagger=0.000 coprefill=False spread=0.180 gate=- report=['early_divergence']
2026-09-30T22:59:04.391+00:00   [0] d0 finish=stop completion=88 chunks=35 acc=2.559(chunks) rate=38.19 ttft=0.120 sha=b7682e924320 early_divergence div@1 head='Standard attention mechanisms sc' tail=' practical applications.'
2026-09-30T22:59:04.391+00:00   [1] d1 finish=stop completion=77 chunks=30 acc=2.621(chunks) rate=38.36 ttft=0.300 sha=d710ef33242b ok div@165 head='A bicycle gear system uses mecha' tail='wer for varying terrain.'
2026-09-30T22:59:04.391+00:00   [2] d2 finish=stop completion=43 chunks=12 acc=3.818(chunks) rate=48.80 ttft=0.120 sha=097672f98733 ok div@None head='2, 3, 5, 7, 11, 13, 17, 19, 23, ' tail=', 17, 19, 23, 29, 31, 37'
2026-09-30T22:59:10.184+00:00 burst=distinct-n3-b3 kind=distinct n=3 stagger=0.000 coprefill=False spread=0.182 gate=- report=['early_divergence']
2026-09-30T22:59:10.184+00:00   [0] d0 finish=stop completion=93 chunks=40 acc=2.359(chunks) rate=36.68 ttft=0.276 sha=1349c3863181 early_divergence div@17 head='Sparse attention significantly e' tail='real-world applications.'
2026-09-30T22:59:10.184+00:00   [1] d1 finish=stop completion=76 chunks=32 acc=2.419(chunks) rate=34.01 ttft=0.095 sha=a9b0a55b081f ok div@165 head='A bicycle gear system uses mecha' tail='nce for varying terrain.'
2026-09-30T22:59:10.184+00:00   [2] d2 finish=stop completion=43 chunks=12 acc=3.818(chunks) rate=50.95 ttft=0.276 sha=097672f98733 ok div@None head='2, 3, 5, 7, 11, 13, 17, 19, 23, ' tail=', 17, 19, 23, 29, 31, 37'
2026-09-30T22:59:16.972+00:00 burst=identical-n5-b1 kind=identical n=5 stagger=0.000 coprefill=False spread=0.225 gate=- report=['early_divergence']
2026-09-30T22:59:16.972+00:00   [0] d0 finish=stop completion=94 chunks=45 acc=2.114(chunks) rate=26.88 ttft=0.105 sha=9e1e92f41e6c early_divergence div@164 head='Sparse attention mitigates the q' tail='ormance and scalability.'
2026-09-30T22:59:16.972+00:00   [1] d0 finish=stop completion=96 chunks=44 acc=2.209(chunks) rate=28.65 ttft=0.329 sha=7086bc8c0441 early_divergence div@1 head='Standard attention mechanisms sc' tail='ming hardware resources.'
2026-09-30T22:59:16.972+00:00   [2] d0 finish=stop completion=94 chunks=42 acc=2.268(chunks) rate=29.51 ttft=0.330 sha=c6257057fc76 early_divergence div@1 head='Standard attention mechanisms sc' tail='ical application limits.'
2026-09-30T22:59:16.972+00:00   [3] d0 finish=stop completion=97 chunks=46 acc=2.133(chunks) rate=27.84 ttft=0.329 sha=6381d2b59382 early_divergence div@17 head='Sparse attention significantly e' tail='ong-context AI feasible.'
2026-09-30T22:59:16.972+00:00   [4] d0 finish=stop completion=94 chunks=45 acc=2.114(chunks) rate=27.47 ttft=0.330 sha=5ea913999162 ok div@241 head='Sparse attention mitigates the q' tail='ormance and scalability.'
2026-09-30T22:59:23.774+00:00 burst=identical-n5-b2 kind=identical n=5 stagger=0.000 coprefill=False spread=0.204 gate=- report=['early_divergence']
2026-09-30T22:59:23.774+00:00   [0] d0 finish=stop completion=94 chunks=42 acc=2.268(chunks) rate=29.46 ttft=0.342 sha=c6257057fc76 early_divergence div@1 head='Standard attention mechanisms sc' tail='ical application limits.'
2026-09-30T22:59:23.774+00:00   [1] d0 finish=stop completion=94 chunks=45 acc=2.114(chunks) rate=27.02 ttft=0.138 sha=9e1e92f41e6c early_divergence div@164 head='Sparse attention mitigates the q' tail='ormance and scalability.'
2026-09-30T22:59:23.774+00:00   [2] d0 finish=stop completion=97 chunks=46 acc=2.133(chunks) rate=27.82 ttft=0.342 sha=6381d2b59382 early_divergence div@17 head='Sparse attention significantly e' tail='ong-context AI feasible.'
2026-09-30T22:59:23.774+00:00   [3] d0 finish=stop completion=96 chunks=44 acc=2.209(chunks) rate=28.64 ttft=0.342 sha=7086bc8c0441 early_divergence div@1 head='Standard attention mechanisms sc' tail='ming hardware resources.'
2026-09-30T22:59:23.774+00:00   [4] d0 finish=stop completion=94 chunks=45 acc=2.114(chunks) rate=27.45 ttft=0.342 sha=5ea913999162 ok div@241 head='Sparse attention mitigates the q' tail='ormance and scalability.'
2026-09-30T22:59:30.504+00:00 burst=identical-n5-b3 kind=identical n=5 stagger=0.000 coprefill=False spread=0.203 gate=- report=['early_divergence']
2026-09-30T22:59:30.504+00:00   [0] d0 finish=stop completion=94 chunks=42 acc=2.268(chunks) rate=29.87 ttft=0.312 sha=c6257057fc76 early_divergence div@1 head='Standard attention mechanisms sc' tail='ical application limits.'
2026-09-30T22:59:30.504+00:00   [1] d0 finish=stop completion=94 chunks=45 acc=2.114(chunks) rate=27.79 ttft=0.311 sha=5ea913999162 ok div@241 head='Sparse attention mitigates the q' tail='ormance and scalability.'
2026-09-30T22:59:30.504+00:00   [2] d0 finish=stop completion=97 chunks=46 acc=2.133(chunks) rate=28.16 ttft=0.312 sha=6381d2b59382 early_divergence div@17 head='Sparse attention significantly e' tail='ong-context AI feasible.'
2026-09-30T22:59:30.504+00:00   [3] d0 finish=stop completion=96 chunks=44 acc=2.209(chunks) rate=29.01 ttft=0.312 sha=7086bc8c0441 early_divergence div@1 head='Standard attention mechanisms sc' tail='ming hardware resources.'
2026-09-30T22:59:30.504+00:00   [4] d0 finish=stop completion=94 chunks=45 acc=2.114(chunks) rate=27.36 ttft=0.110 sha=9e1e92f41e6c early_divergence div@164 head='Sparse attention mitigates the q' tail='ormance and scalability.'
2026-09-30T22:59:36.836+00:00 burst=distinct-n5-b1 kind=distinct n=5 stagger=0.000 coprefill=False spread=0.213 gate=- report=['early_divergence']
2026-09-30T22:59:36.836+00:00   [0] d0 finish=stop completion=97 chunks=42 acc=2.341(chunks) rate=30.13 ttft=0.137 sha=7ab80252b9ac early_divergence div@193 head='Sparse attention mitigates the q' tail='n large language models.'
2026-09-30T22:59:36.836+00:00   [1] d1 finish=stop completion=70 chunks=27 acc=2.654(chunks) rate=31.17 ttft=0.349 sha=545c3e841cac ok div@165 head='A bicycle gear system uses mecha' tail=' to overcome resistance.'
2026-09-30T22:59:36.836+00:00   [2] d2 finish=stop completion=43 chunks=12 acc=3.818(chunks) rate=42.06 ttft=0.350 sha=097672f98733 ok div@None head='2, 3, 5, 7, 11, 13, 17, 19, 23, ' tail=', 17, 19, 23, 29, 31, 37'
2026-09-30T22:59:36.836+00:00   [3] d3 finish=stop completion=85 chunks=31 acc=2.800(chunks) rate=33.71 ttft=0.349 sha=5121f754e7d8 early_divergence div@4 head='The sun heats up water in oceans' tail=' journey all over again.'
2026-09-30T22:59:36.836+00:00   [4] d4 finish=stop completion=102 chunks=27 acc=3.885(chunks) rate=44.09 ttft=0.350 sha=cb9c046d4e9a ok div@None head='```python\ndef fibonacci(n: int) ' tail=', a + b\n    return b\n```'
2026-09-30T22:59:43.330+00:00 burst=distinct-n5-b2 kind=distinct n=5 stagger=0.000 coprefill=False spread=0.569 gate=- report=['early_divergence']
2026-09-30T22:59:43.331+00:00   [0] d0 finish=stop completion=92 chunks=35 acc=2.676(chunks) rate=32.95 ttft=0.722 sha=ba409499c5af early_divergence div@1 head='Standard attention mechanisms sc' tail='tensive context windows.'
2026-09-30T22:59:43.331+00:00   [1] d1 finish=stop completion=77 chunks=31 acc=2.533(chunks) rate=29.34 ttft=0.722 sha=60e22ef7c97d ok div@165 head='A bicycle gear system uses mecha' tail='d on terrain conditions.'
2026-09-30T22:59:43.331+00:00   [2] d2 finish=stop completion=43 chunks=12 acc=3.818(chunks) rate=41.29 ttft=0.722 sha=097672f98733 ok div@None head='2, 3, 5, 7, 11, 13, 17, 19, 23, ' tail=', 17, 19, 23, 29, 31, 37'
2026-09-30T22:59:43.331+00:00   [3] d3 finish=stop completion=85 chunks=31 acc=2.800(chunks) rate=33.32 ttft=0.723 sha=5121f754e7d8 early_divergence div@4 head='The sun heats up water in oceans' tail=' journey all over again.'
2026-09-30T22:59:43.331+00:00   [4] d4 finish=stop completion=102 chunks=27 acc=3.885(chunks) rate=38.09 ttft=0.154 sha=d3af644442cd early_divergence div@80 head='```python\ndef fibonacci(n: int) ' tail=', a + b\n    return b\n```'
2026-09-30T22:59:49.722+00:00 burst=distinct-n5-b3 kind=distinct n=5 stagger=0.000 coprefill=False spread=0.218 gate=- report=['early_divergence']
2026-09-30T22:59:49.723+00:00   [0] d0 finish=stop completion=96 chunks=40 acc=2.436(chunks) rate=30.99 ttft=0.317 sha=087d8d63b3ad early_divergence div@1 head='Standard attention mechanisms sc' tail='pplication requirements.'
2026-09-30T22:59:49.723+00:00   [1] d1 finish=stop completion=77 chunks=31 acc=2.533(chunks) rate=29.40 ttft=0.316 sha=60e22ef7c97d ok div@165 head='A bicycle gear system uses mecha' tail='d on terrain conditions.'
2026-09-30T22:59:49.723+00:00   [2] d2 finish=stop completion=43 chunks=12 acc=3.818(chunks) rate=41.46 ttft=0.315 sha=097672f98733 ok div@None head='2, 3, 5, 7, 11, 13, 17, 19, 23, ' tail=', 17, 19, 23, 29, 31, 37'
2026-09-30T22:59:49.723+00:00   [3] d3 finish=stop completion=89 chunks=35 acc=2.588(chunks) rate=31.53 ttft=0.315 sha=0596173be865 early_divergence div@4 head='The sun warms up the water in oc' tail=' journey all over again.'
2026-09-30T22:59:49.723+00:00   [4] d4 finish=stop completion=102 chunks=27 acc=3.885(chunks) rate=44.11 ttft=0.098 sha=d3af644442cd early_divergence div@80 head='```python\ndef fibonacci(n: int) ' tail=', a + b\n    return b\n```'
2026-09-30T22:59:57.033+00:00 burst=identical-n8-b1 kind=identical n=8 stagger=0.000 coprefill=False spread=0.247 gate=- report=['early_divergence']
2026-09-30T22:59:57.033+00:00   [0] d0 finish=stop completion=90 chunks=39 acc=2.342(chunks) rate=28.30 ttft=0.356 sha=74645c0c0861 early_divergence div@1 head='Standard attention mechanisms sc' tail='ontextual understanding.'
2026-09-30T22:59:57.033+00:00   [1] d0 finish=stop completion=93 chunks=35 acc=2.706(chunks) rate=31.93 ttft=0.357 sha=4894a43dbae9 early_divergence div@1 head='Standard attention mechanisms sc' tail='complex reasoning tasks.'
2026-09-30T22:59:57.033+00:00   [2] d0 finish=stop completion=94 chunks=40 acc=2.385(chunks) rate=28.78 ttft=0.356 sha=ae36ad6fd27b early_divergence div@1 head='Standard attention mechanisms sc' tail='pplication requirements.'
2026-09-30T22:59:57.033+00:00   [3] d0 finish=stop completion=93 chunks=37 acc=2.556(chunks) rate=30.95 ttft=0.356 sha=ca53988def6a early_divergence div@1 head='Standard attention mechanisms sc' tail='tensive context windows.'
2026-09-30T22:59:57.033+00:00   [4] d0 finish=stop completion=103 chunks=52 acc=2.000(chunks) rate=25.87 ttft=0.356 sha=e694b3323d24 early_divergence div@17 head='Sparse attention significantly e' tail='nt long-range reasoning.'
2026-09-30T22:59:57.033+00:00   [5] d0 finish=stop completion=95 chunks=39 acc=2.474(chunks) rate=29.90 ttft=0.356 sha=30da1fd13f33 early_divergence div@1 head='Standard attention mechanisms sc' tail='pplication requirements.'
2026-09-30T22:59:57.033+00:00   [6] d0 finish=stop completion=91 chunks=42 acc=2.195(chunks) rate=26.67 ttft=0.355 sha=29dbd9358c10 early_divergence div@132 head='Sparse attention mitigates the q' tail='real-world applications.'
2026-09-30T22:59:57.033+00:00   [7] d0 finish=stop completion=101 chunks=47 acc=2.174(chunks) rate=26.22 ttft=0.110 sha=4bfa1bf64b96 early_divergence div@193 head='Sparse attention mitigates the q' tail='complex reasoning tasks.'
2026-09-30T23:00:04.313+00:00 burst=identical-n8-b2 kind=identical n=8 stagger=0.000 coprefill=False spread=0.235 gate=- report=['early_divergence']
2026-09-30T23:00:04.313+00:00   [0] d0 finish=stop completion=93 chunks=35 acc=2.706(chunks) rate=31.97 ttft=0.346 sha=4894a43dbae9 early_divergence div@1 head='Standard attention mechanisms sc' tail='complex reasoning tasks.'
2026-09-30T23:00:04.313+00:00   [1] d0 finish=stop completion=90 chunks=39 acc=2.342(chunks) rate=28.39 ttft=0.346 sha=74645c0c0861 early_divergence div@1 head='Standard attention mechanisms sc' tail='ontextual understanding.'
2026-09-30T23:00:04.313+00:00   [2] d0 finish=stop completion=103 chunks=52 acc=2.000(chunks) rate=25.97 ttft=0.346 sha=e694b3323d24 early_divergence div@17 head='Sparse attention significantly e' tail='nt long-range reasoning.'
2026-09-30T23:00:04.313+00:00   [3] d0 finish=stop completion=91 chunks=42 acc=2.195(chunks) rate=26.79 ttft=0.345 sha=29dbd9358c10 early_divergence div@132 head='Sparse attention mitigates the q' tail='real-world applications.'
2026-09-30T23:00:04.313+00:00   [4] d0 finish=stop completion=95 chunks=39 acc=2.474(chunks) rate=30.00 ttft=0.346 sha=30da1fd13f33 early_divergence div@1 head='Standard attention mechanisms sc' tail='pplication requirements.'
2026-09-30T23:00:04.313+00:00   [5] d0 finish=stop completion=94 chunks=40 acc=2.385(chunks) rate=28.91 ttft=0.345 sha=ae36ad6fd27b early_divergence div@1 head='Standard attention mechanisms sc' tail='pplication requirements.'
2026-09-30T23:00:04.313+00:00   [6] d0 finish=stop completion=93 chunks=37 acc=2.556(chunks) rate=31.03 ttft=0.346 sha=ca53988def6a early_divergence div@1 head='Standard attention mechanisms sc' tail='tensive context windows.'
2026-09-30T23:00:04.313+00:00   [7] d0 finish=stop completion=101 chunks=47 acc=2.174(chunks) rate=26.41 ttft=0.112 sha=4bfa1bf64b96 early_divergence div@193 head='Sparse attention mitigates the q' tail='complex reasoning tasks.'
2026-09-30T23:00:11.613+00:00 burst=identical-n8-b3 kind=identical n=8 stagger=0.000 coprefill=False spread=0.234 gate=- report=['early_divergence']
2026-09-30T23:00:11.613+00:00   [0] d0 finish=stop completion=93 chunks=35 acc=2.706(chunks) rate=32.30 ttft=0.376 sha=4894a43dbae9 early_divergence div@1 head='Standard attention mechanisms sc' tail='complex reasoning tasks.'
2026-09-30T23:00:11.613+00:00   [1] d0 finish=stop completion=91 chunks=42 acc=2.195(chunks) rate=26.95 ttft=0.375 sha=29dbd9358c10 early_divergence div@132 head='Sparse attention mitigates the q' tail='real-world applications.'
2026-09-30T23:00:11.613+00:00   [2] d0 finish=stop completion=93 chunks=37 acc=2.556(chunks) rate=31.33 ttft=0.375 sha=ca53988def6a early_divergence div@1 head='Standard attention mechanisms sc' tail='tensive context windows.'
2026-09-30T23:00:11.613+00:00   [3] d0 finish=stop completion=95 chunks=39 acc=2.474(chunks) rate=30.20 ttft=0.374 sha=30da1fd13f33 early_divergence div@1 head='Standard attention mechanisms sc' tail='pplication requirements.'
2026-09-30T23:00:11.613+00:00   [4] d0 finish=stop completion=94 chunks=40 acc=2.385(chunks) rate=29.12 ttft=0.374 sha=ae36ad6fd27b early_divergence div@1 head='Standard attention mechanisms sc' tail='pplication requirements.'
2026-09-30T23:00:11.613+00:00   [5] d0 finish=stop completion=103 chunks=52 acc=2.000(chunks) rate=26.06 ttft=0.376 sha=e694b3323d24 early_divergence div@17 head='Sparse attention significantly e' tail='nt long-range reasoning.'
2026-09-30T23:00:11.613+00:00   [6] d0 finish=stop completion=90 chunks=39 acc=2.342(chunks) rate=28.59 ttft=0.375 sha=74645c0c0861 early_divergence div@1 head='Standard attention mechanisms sc' tail='ontextual understanding.'
2026-09-30T23:00:11.613+00:00   [7] d0 finish=stop completion=101 chunks=47 acc=2.174(chunks) rate=26.54 ttft=0.142 sha=4bfa1bf64b96 early_divergence div@193 head='Sparse attention mitigates the q' tail='complex reasoning tasks.'
2026-09-30T23:00:18.466+00:00 burst=distinct-n8-b1 kind=distinct n=8 stagger=0.000 coprefill=False spread=0.267 gate=- report=['early_divergence']
2026-09-30T23:00:18.466+00:00   [0] d0 finish=stop completion=95 chunks=41 acc=2.350(chunks) rate=27.02 ttft=0.365 sha=30da1fd13f33 early_divergence div@1 head='Standard attention mechanisms sc' tail='pplication requirements.'
2026-09-30T23:00:18.466+00:00   [1] d1 finish=stop completion=69 chunks=32 acc=2.194(chunks) rate=23.16 ttft=0.365 sha=44dfb9012b69 early_divergence div@80 head='A bicycle gear system uses mecha' tail=' to overcome resistance.'
2026-09-30T23:00:18.466+00:00   [2] d2 finish=stop completion=43 chunks=12 acc=3.818(chunks) rate=34.18 ttft=0.099 sha=097672f98733 ok div@None head='2, 3, 5, 7, 11, 13, 17, 19, 23, ' tail=', 17, 19, 23, 29, 31, 37'
2026-09-30T23:00:18.466+00:00   [3] d3 finish=stop completion=95 chunks=37 acc=2.611(chunks) rate=28.85 ttft=0.364 sha=1eacc44db66f early_divergence div@16 head='The water cycle starts when the ' tail=' journey all over again.'
2026-09-30T23:00:18.466+00:00   [4] d4 finish=stop completion=102 chunks=26 acc=4.040(chunks) rate=39.88 ttft=0.366 sha=cb9c046d4e9a ok div@None head='```python\ndef fibonacci(n: int) ' tail=', a + b\n    return b\n```'
2026-09-30T23:00:18.466+00:00   [5] d5 finish=stop completion=17 chunks=7 acc=2.667(chunks) rate=24.66 ttft=0.365 sha=5a881638e98d ok div@None head='La bibliothèque ouvre à neuf heu' tail='-huit heures en semaine.'
2026-09-30T23:00:18.466+00:00   [6] d6 finish=stop completion=71 chunks=31 acc=2.333(chunks) rate=24.51 ttft=0.365 sha=a050651cfc6d early_divergence div@65 head='1. Reduce watering frequency sig' tail='ensate for shorter days.'
2026-09-30T23:00:18.466+00:00   [7] d7 finish=stop completion=67 chunks=18 acc=3.882(chunks) rate=38.18 ttft=0.366 sha=c39be9b87ae0 ok div@None head='{\n  "name": "Eiffel Tower",\n  "y' tail='re",\n    "Tourism"\n  ]\n}'
2026-09-30T23:00:25.275+00:00 burst=distinct-n8-b2 kind=distinct n=8 stagger=0.000 coprefill=False spread=0.258 gate=- report=['early_divergence']
2026-09-30T23:00:25.275+00:00   [0] d0 finish=stop completion=94 chunks=39 acc=2.447(chunks) rate=28.03 ttft=0.364 sha=ae36ad6fd27b early_divergence div@1 head='Standard attention mechanisms sc' tail='pplication requirements.'
2026-09-30T23:00:25.275+00:00   [1] d1 finish=stop completion=65 chunks=30 acc=2.207(chunks) rate=23.08 ttft=0.363 sha=3d599a0312f2 early_divergence div@77 head='A bicycle gear system uses mecha' tail=' for varying conditions.'
2026-09-30T23:00:25.275+00:00   [2] d2 finish=stop completion=43 chunks=12 acc=3.818(chunks) rate=35.87 ttft=0.363 sha=097672f98733 ok div@None head='2, 3, 5, 7, 11, 13, 17, 19, 23, ' tail=', 17, 19, 23, 29, 31, 37'
2026-09-30T23:00:25.275+00:00   [3] d3 finish=stop completion=104 chunks=41 acc=2.575(chunks) rate=29.97 ttft=0.363 sha=f0d05dda2ab5 early_divergence div@16 head='The water cycle starts when the ' tail=' journey all over again.'
2026-09-30T23:00:25.275+00:00   [4] d4 finish=stop completion=81 chunks=21 acc=4.000(chunks) rate=39.93 ttft=0.363 sha=d6e4529d7c26 early_divergence div@50 head='```python\ndef fibonacci(n: int) ' tail=', a + b\n    return b\n```'
2026-09-30T23:00:25.275+00:00   [5] d5 finish=stop completion=19 chunks=8 acc=2.571(chunks) rate=23.83 ttft=0.364 sha=fbd9a6af1079 early_divergence div@63 head='La bibliothèque ouvre à neuf heu' tail='res les jours ouvrables.'
2026-09-30T23:00:25.275+00:00   [6] d6 finish=stop completion=70 chunks=34 acc=2.091(chunks) rate=23.02 ttft=0.363 sha=6ed0508ab41c ok div@189 head='1. Reduce watering frequency sig' tail='ensate for shorter days.'
2026-09-30T23:00:25.275+00:00   [7] d7 finish=stop completion=67 chunks=18 acc=3.882(chunks) rate=36.29 ttft=0.106 sha=c39be9b87ae0 ok div@None head='{\n  "name": "Eiffel Tower",\n  "y' tail='re",\n    "Tourism"\n  ]\n}'
2026-09-30T23:00:32.147+00:00 burst=distinct-n8-b3 kind=distinct n=8 stagger=0.000 coprefill=False spread=0.269 gate=- report=['early_divergence']
2026-09-30T23:00:32.147+00:00   [0] d0 finish=stop completion=94 chunks=40 acc=2.385(chunks) rate=26.57 ttft=0.361 sha=ae36ad6fd27b early_divergence div@1 head='Standard attention mechanisms sc' tail='pplication requirements.'
2026-09-30T23:00:32.147+00:00   [1] d1 finish=stop completion=77 chunks=31 acc=2.533(chunks) rate=25.96 ttft=0.363 sha=e28f076d1ced ok div@245 head='A bicycle gear system uses mecha' tail='g speed on flat terrain.'
2026-09-30T23:00:32.147+00:00   [2] d2 finish=stop completion=43 chunks=12 acc=3.818(chunks) rate=35.76 ttft=0.362 sha=097672f98733 ok div@None head='2, 3, 5, 7, 11, 13, 17, 19, 23, ' tail=', 17, 19, 23, 29, 31, 37'
2026-09-30T23:00:32.147+00:00   [3] d3 finish=stop completion=96 chunks=37 acc=2.639(chunks) rate=27.18 ttft=0.093 sha=f493f294eb04 early_divergence div@16 head='The water cycle starts when the ' tail='the whole journey again.'
2026-09-30T23:00:32.147+00:00   [4] d4 finish=stop completion=102 chunks=27 acc=3.885(chunks) rate=38.85 ttft=0.362 sha=cb9c046d4e9a ok div@None head='```python\ndef fibonacci(n: int) ' tail=', a + b\n    return b\n```'
2026-09-30T23:00:32.147+00:00   [5] d5 finish=stop completion=19 chunks=8 acc=2.571(chunks) rate=23.89 ttft=0.362 sha=fbd9a6af1079 early_divergence div@63 head='La bibliothèque ouvre à neuf heu' tail='res les jours ouvrables.'
2026-09-30T23:00:32.147+00:00   [6] d6 finish=stop completion=70 chunks=34 acc=2.091(chunks) rate=21.88 ttft=0.361 sha=6ed0508ab41c ok div@189 head='1. Reduce watering frequency sig' tail='ensate for shorter days.'
2026-09-30T23:00:32.147+00:00   [7] d7 finish=stop completion=85 chunks=24 acc=3.652(chunks) rate=34.74 ttft=0.362 sha=4abb06695ad8 ok div@61 head='{\n  "name": "Eiffel Tower",\n  "y' tail='re",\n    "tourism"\n  ]\n}'
2026-09-30T23:00:37.666+00:00 burst=staggered-identical-n2 kind=identical n=2 stagger=0.250 coprefill=False spread=0.371 gate=- report=['early_divergence']
2026-09-30T23:00:37.666+00:00   [0] d0 finish=stop completion=95 chunks=41 acc=2.350(chunks) rate=39.01 ttft=0.100 sha=818602e63bfe ok div@333 head='Sparse attention mitigates the q' tail='n large language models.'
2026-09-30T23:00:37.666+00:00   [1] d0 finish=stop completion=93 chunks=34 acc=2.788(chunks) rate=46.56 ttft=0.221 sha=774bf9418857 early_divergence div@1 head='Standard attention mechanisms sc' tail='tensive context windows.'
2026-09-30T23:00:43.301+00:00 burst=staggered-distinct-n3 kind=distinct n=3 stagger=0.250 coprefill=False spread=0.603 gate=- report=['early_divergence']
2026-09-30T23:00:43.301+00:00   [0] d0 finish=stop completion=90 chunks=38 acc=2.405(chunks) rate=35.22 ttft=0.100 sha=e214644d0d7e early_divergence div@132 head='Sparse attention mitigates the q' tail='ageable inference costs.'
2026-09-30T23:00:43.301+00:00   [1] d1 finish=stop completion=67 chunks=28 acc=2.444(chunks) rate=35.03 ttft=0.214 sha=e99d6094a312 early_divergence div@77 head='A bicycle gear system uses mecha' tail=' for varying conditions.'
2026-09-30T23:00:43.301+00:00   [2] d2 finish=stop completion=43 chunks=12 acc=3.818(chunks) rate=50.98 ttft=0.203 sha=097672f98733 ok div@None head='2, 3, 5, 7, 11, 13, 17, 19, 23, ' tail=', 17, 19, 23, 29, 31, 37'
2026-09-30T23:00:50.272+00:00 burst=staggered-distinct-n5 kind=distinct n=5 stagger=0.250 coprefill=False spread=1.164 gate=- report=['early_divergence']
2026-09-30T23:00:50.272+00:00   [0] d0 finish=stop completion=100 chunks=45 acc=2.250(chunks) rate=28.41 ttft=0.101 sha=ce4119481111 early_divergence div@164 head='Sparse attention mitigates the q' tail='n large language models.'
2026-09-30T23:00:50.272+00:00   [1] d1 finish=stop completion=75 chunks=31 acc=2.467(chunks) rate=29.44 ttft=0.163 sha=c83f84f02cda ok div@373 head='A bicycle gear system uses mecha' tail='l for flat, fast riding.'
2026-09-30T23:00:50.272+00:00   [2] d2 finish=stop completion=43 chunks=12 acc=3.818(chunks) rate=41.40 ttft=0.208 sha=097672f98733 ok div@None head='2, 3, 5, 7, 11, 13, 17, 19, 23, ' tail=', 17, 19, 23, 29, 31, 37'
2026-09-30T23:00:50.272+00:00   [3] d3 finish=stop completion=101 chunks=40 acc=2.564(chunks) rate=33.45 ttft=0.222 sha=a5cb9def895f early_divergence div@16 head='The water cycle starts when the ' tail=' journey all over again.'
2026-09-30T23:00:50.272+00:00   [4] d4 finish=stop completion=102 chunks=28 acc=3.741(chunks) rate=46.30 ttft=0.264 sha=cb9c046d4e9a ok div@None head='```python\ndef fibonacci(n: int) ' tail=', a + b\n    return b\n```'
2026-09-30T23:00:58.389+00:00 burst=staggered-identical-n8 kind=identical n=8 stagger=0.250 coprefill=False spread=1.954 gate=- report=['early_divergence']
2026-09-30T23:00:58.389+00:00   [0] d0 finish=stop completion=95 chunks=45 acc=2.136(chunks) rate=25.02 ttft=0.102 sha=62032dac1eb1 early_divergence div@164 head='Sparse attention mitigates the q' tail='n large language models.'
2026-09-30T23:00:58.389+00:00   [1] d0 finish=stop completion=93 chunks=36 acc=2.629(chunks) rate=29.36 ttft=0.219 sha=774bf9418857 early_divergence div@1 head='Standard attention mechanisms sc' tail='tensive context windows.'
2026-09-30T23:00:58.389+00:00   [2] d0 finish=stop completion=95 chunks=39 acc=2.474(chunks) rate=27.50 ttft=0.206 sha=30da1fd13f33 early_divergence div@1 head='Standard attention mechanisms sc' tail='pplication requirements.'
2026-09-30T23:00:58.389+00:00   [3] d0 finish=stop completion=92 chunks=34 acc=2.758(chunks) rate=29.64 ttft=0.216 sha=d347660dc6fd early_divergence div@1 head='Standard attention mechanisms sc' tail='onstrained environments.'
2026-09-30T23:00:58.389+00:00   [4] d0 finish=stop completion=91 chunks=38 acc=2.432(chunks) rate=27.59 ttft=0.233 sha=28ad902a80be early_divergence div@1 head='Standard attention mechanisms sc' tail='al hardware constraints.'
2026-09-30T23:00:58.389+00:00   [5] d0 finish=stop completion=96 chunks=44 acc=2.209(chunks) rate=26.53 ttft=0.276 sha=489a49d1db88 early_divergence div@193 head='Sparse attention mitigates the q' tail=' contextual information.'
2026-09-30T23:00:58.389+00:00   [6] d0 finish=stop completion=96 chunks=42 acc=2.317(chunks) rate=28.24 ttft=0.243 sha=af05a4d40076 early_divergence div@1 head='Standard attention mechanisms sc' tail='ming hardware resources.'
2026-09-30T23:00:58.389+00:00   [7] d0 finish=stop completion=95 chunks=38 acc=2.541(chunks) rate=31.52 ttft=0.305 sha=6b5b1b878e02 early_divergence div@1 head='Standard attention mechanisms sc' tail='s vast textual contexts.'
2026-09-30T23:01:09.893+00:00 burst=long-pair kind=long n=2 stagger=0.000 coprefill=False spread=2.509 gate=- report=['slow']
2026-09-30T23:01:09.893+00:00   [0] long0 finish=stop completion=6 chunks=2 acc=5.000(chunks) rate=1.99 ttft=5.874 sha=83dab7f91bc1 slow div@None head='74354' tail='74354'
2026-09-30T23:01:09.893+00:00   [1] long1 finish=stop completion=6 chunks=2 acc=5.000(chunks) rate=44.90 ttft=8.383 sha=0ec41e567fc2 ok div@None head='79083' tail='79083'
2026-09-30T23:01:13.385+00:00 burst=image-pair kind=image n=2 stagger=0.000 coprefill=False spread=0.149 gate=- report=['early_divergence']
2026-09-30T23:01:13.385+00:00   [0] img_red finish=stop completion=12 chunks=4 acc=3.667(chunks) rate=40.87 ttft=0.148 sha=463a31cda566 early_divergence div@28 head='The image is filled with a singl' tail='h a single shade of red.'
2026-09-30T23:01:13.385+00:00   [1] img_blue finish=stop completion=11 chunks=4 acc=3.333(chunks) rate=53.76 ttft=0.297 sha=705b4320e3b4 early_divergence div@2 head='The image is filled with a solid' tail='with a solid blue color.'
2026-09-30T23:01:13.386+00:00 TOTALS bursts=30 streams=130 gate_bursts=0 zero_acc=0 runaway=0 first32_match=0.269 coprefill_bursts=0 per_request_spec_metrics=False
2026-09-30T23:01:13.386+00:00 NOTE: server did not return metrics.speculative_decoding on every stream; acceptance estimated from tokens per chunk (serve with --per-request-spec-decode-metrics summary)
2026-09-30T23:01:13.386+00:00 T0 PASS
