2026-09-30T00:17:21.615+00:00 bench_probe v1 url=http://127.0.0.1:8000/v1/chat/completions sizes=[2, 3, 5, 8] kinds=['identical', 'distinct'] bursts_per_shape=3 max_tokens=256
2026-09-30T00:17:23.957+00:00 ref d0 finish=stop completion=97 acc=2.341 ttft=0.194 sha=b0e372faa960 head='Sparse attention mitigates the quadratic'
2026-09-30T00:17:26.559+00:00 ref d1 finish=stop completion=75 acc=2.643 ttft=0.133 sha=4ad2d5654ca6 head='A bicycle gear system uses mechanical ad'
2026-09-30T00:17:28.266+00:00 ref d2 finish=stop completion=43 acc=3.818 ttft=0.115 sha=097672f98733 head='2, 3, 5, 7, 11, 13, 17, 19, 23, 29, 31, '
2026-09-30T00:17:31.381+00:00 ref d3 finish=stop completion=101 acc=2.632 ttft=0.119 sha=3746d913c433 head='The water cycle is like a giant, never-e'
2026-09-30T00:17:33.920+00:00 ref d4 finish=stop completion=102 acc=3.741 ttft=0.110 sha=cb9c046d4e9a head='```python\ndef fibonacci(n: int) -> int:\n'
2026-09-30T00:17:35.348+00:00 ref d5 finish=stop completion=17 acc=2.667 ttft=0.136 sha=5a881638e98d head='La bibliothèque ouvre à neuf heures et f'
2026-09-30T00:17:38.058+00:00 ref d6 finish=stop completion=72 acc=2.367 ttft=0.116 sha=86f7d76d2833 head='1. Reduce watering frequency significant'
2026-09-30T00:17:40.076+00:00 ref d7 finish=stop completion=67 acc=3.882 ttft=0.128 sha=c39be9b87ae0 head='{\n  "name": "Eiffel Tower",\n  "year": 18'
2026-09-30T00:17:46.105+00:00 ref long0 finish=stop completion=6 acc=5.000 ttft=4.949 sha=83dab7f91bc1 head='74354'
2026-09-30T00:17:51.175+00:00 ref long1 finish=stop completion=6 acc=5.000 ttft=3.959 sha=0ec41e567fc2 head='79083'
2026-09-30T00:17:52.545+00:00 ref img_red finish=stop completion=11 acc=3.333 ttft=0.208 sha=0e1c14c4131c head='The image is filled with a solid red col'
2026-09-30T00:17:53.946+00:00 ref img_blue finish=stop completion=11 acc=2.500 ttft=0.191 sha=7fa32368a223 head='This image is filled with a solid blue c'
2026-09-30T00:18:01.464+00:00 burst=identical-n2-b1 kind=identical n=2 stagger=0.000 coprefill=False spread=0.370 gate=- report=['early_divergence']
2026-09-30T00:18:01.464+00:00   [0] d0 finish=stop completion=94 chunks=47 acc=2.022(chunks) rate=27.47 ttft=0.127 sha=2774341ec8f4 early_divergence div@164 head='Sparse attention mitigates the q' tail='g performance and speed.'
2026-09-30T00:18:01.464+00:00   [1] d0 finish=stop completion=93 chunks=34 acc=2.788(chunks) rate=40.76 ttft=0.497 sha=774bf9418857 early_divergence div@1 head='Standard attention mechanisms sc' tail='tensive context windows.'
2026-09-30T00:18:07.324+00:00 burst=identical-n2-b2 kind=identical n=2 stagger=0.000 coprefill=False spread=0.159 gate=- report=['early_divergence']
2026-09-30T00:18:07.324+00:00   [0] d0 finish=stop completion=94 chunks=47 acc=2.022(chunks) rate=33.77 ttft=0.099 sha=2774341ec8f4 early_divergence div@164 head='Sparse attention mitigates the q' tail='g performance and speed.'
2026-09-30T00:18:07.324+00:00   [1] d0 finish=stop completion=93 chunks=34 acc=2.788(chunks) rate=45.98 ttft=0.259 sha=774bf9418857 early_divergence div@1 head='Standard attention mechanisms sc' tail='tensive context windows.'
2026-09-30T00:18:13.193+00:00 burst=identical-n2-b3 kind=identical n=2 stagger=0.000 coprefill=False spread=0.165 gate=- report=['early_divergence']
2026-09-30T00:18:13.193+00:00   [0] d0 finish=stop completion=94 chunks=47 acc=2.022(chunks) rate=33.66 ttft=0.101 sha=2774341ec8f4 early_divergence div@164 head='Sparse attention mitigates the q' tail='g performance and speed.'
2026-09-30T00:18:13.193+00:00   [1] d0 finish=stop completion=93 chunks=34 acc=2.788(chunks) rate=46.00 ttft=0.266 sha=774bf9418857 early_divergence div@1 head='Standard attention mechanisms sc' tail='tensive context windows.'
2026-09-30T00:18:19.023+00:00 burst=distinct-n2-b1 kind=distinct n=2 stagger=0.000 coprefill=False spread=0.153 gate=- report=['early_divergence']
2026-09-30T00:18:19.023+00:00   [0] d0 finish=stop completion=95 chunks=46 acc=2.089(chunks) rate=34.52 ttft=0.101 sha=fd42320bee1b early_divergence div@164 head='Sparse attention mitigates the q' tail='n large language models.'
2026-09-30T00:18:19.023+00:00   [1] d1 finish=stop completion=75 chunks=31 acc=2.467(chunks) rate=38.39 ttft=0.254 sha=eadf9933adfc early_divergence div@80 head='A bicycle gear system uses mecha' tail='wer for varying terrain.'
2026-09-30T00:18:24.853+00:00 burst=distinct-n2-b2 kind=distinct n=2 stagger=0.000 coprefill=False spread=0.153 gate=- report=['early_divergence']
2026-09-30T00:18:24.853+00:00   [0] d0 finish=stop completion=95 chunks=46 acc=2.089(chunks) rate=34.51 ttft=0.100 sha=fd42320bee1b early_divergence div@164 head='Sparse attention mitigates the q' tail='n large language models.'
2026-09-30T00:18:24.853+00:00   [1] d1 finish=stop completion=75 chunks=31 acc=2.467(chunks) rate=38.54 ttft=0.254 sha=eadf9933adfc early_divergence div@80 head='A bicycle gear system uses mecha' tail='wer for varying terrain.'
2026-09-30T00:18:30.601+00:00 burst=distinct-n2-b3 kind=distinct n=2 stagger=0.000 coprefill=True spread=0.000 gate=- report=['early_divergence']
2026-09-30T00:18:30.601+00:00   [0] d0 finish=stop completion=100 chunks=37 acc=2.750(chunks) rate=44.20 ttft=0.500 sha=321e5cca37dd early_divergence div@1 head='Standard attention mechanisms sc' tail='onstraints are critical.'
2026-09-30T00:18:30.601+00:00   [1] d1 finish=stop completion=72 chunks=30 acc=2.448(chunks) rate=39.53 ttft=0.501 sha=f212b9f7bdee early_divergence div@141 head='A bicycle gear system uses mecha' tail='ing torque for velocity.'
2026-09-30T00:18:37.443+00:00 burst=identical-n3-b1 kind=identical n=3 stagger=0.000 coprefill=False spread=0.177 gate=- report=['early_divergence']
2026-09-30T00:18:37.443+00:00   [0] d0 finish=stop completion=94 chunks=39 acc=2.447(chunks) rate=30.25 ttft=0.276 sha=3bf26d1e5286 early_divergence div@1 head='Standard attention mechanisms sc' tail='ing extensive documents.'
2026-09-30T00:18:37.443+00:00   [1] d0 finish=stop completion=95 chunks=47 acc=2.043(chunks) rate=26.41 ttft=0.275 sha=f231686bb8ae early_divergence div@17 head='Sparse attention significantly e' tail=' contextual information.'
2026-09-30T00:18:37.443+00:00   [2] d0 finish=stop completion=95 chunks=45 acc=2.136(chunks) rate=26.78 ttft=0.100 sha=62032dac1eb1 early_divergence div@164 head='Sparse attention mitigates the q' tail='n large language models.'
2026-09-30T00:18:44.121+00:00 burst=identical-n3-b2 kind=identical n=3 stagger=0.000 coprefill=False spread=0.172 gate=- report=['early_divergence']
2026-09-30T00:18:44.121+00:00   [0] d0 finish=stop completion=95 chunks=47 acc=2.043(chunks) rate=27.68 ttft=0.276 sha=f231686bb8ae early_divergence div@17 head='Sparse attention significantly e' tail=' contextual information.'
2026-09-30T00:18:44.121+00:00   [1] d0 finish=stop completion=94 chunks=39 acc=2.447(chunks) rate=31.95 ttft=0.275 sha=3bf26d1e5286 early_divergence div@1 head='Standard attention mechanisms sc' tail='ing extensive documents.'
2026-09-30T00:18:44.121+00:00   [2] d0 finish=stop completion=95 chunks=45 acc=2.136(chunks) rate=28.10 ttft=0.104 sha=62032dac1eb1 early_divergence div@164 head='Sparse attention mitigates the q' tail='n large language models.'
2026-09-30T00:18:50.284+00:00 burst=identical-n3-b3 kind=identical n=3 stagger=0.000 coprefill=False spread=0.228 gate=- report=['early_divergence']
2026-09-30T00:18:50.284+00:00   [0] d0 finish=stop completion=92 chunks=35 acc=2.676(chunks) rate=37.04 ttft=0.208 sha=d347660dc6fd early_divergence div@1 head='Standard attention mechanisms sc' tail='onstrained environments.'
2026-09-30T00:18:50.284+00:00   [1] d0 finish=stop completion=97 chunks=42 acc=2.341(chunks) rate=33.99 ttft=0.330 sha=8c72002c99a8 early_divergence div@1 head='Standard attention mechanisms sc' tail='ulti-turn conversations.'
2026-09-30T00:18:50.284+00:00   [2] d0 finish=stop completion=95 chunks=44 acc=2.186(chunks) rate=31.35 ttft=0.103 sha=6d649c036933 early_divergence div@164 head='Sparse attention mitigates the q' tail='n large language models.'
2026-09-30T00:18:56.078+00:00 burst=distinct-n3-b1 kind=distinct n=3 stagger=0.000 coprefill=False spread=0.192 gate=- report=['early_divergence']
2026-09-30T00:18:56.078+00:00   [0] d0 finish=stop completion=93 chunks=39 acc=2.421(chunks) rate=37.30 ttft=0.318 sha=1349c3863181 early_divergence div@17 head='Sparse attention significantly e' tail='real-world applications.'
2026-09-30T00:18:56.078+00:00   [1] d1 finish=stop completion=76 chunks=32 acc=2.419(chunks) rate=33.67 ttft=0.127 sha=a9b0a55b081f ok div@165 head='A bicycle gear system uses mecha' tail='nce for varying terrain.'
2026-09-30T00:18:56.078+00:00   [2] d2 finish=stop completion=43 chunks=12 acc=3.818(chunks) rate=49.92 ttft=0.318 sha=097672f98733 ok div@None head='2, 3, 5, 7, 11, 13, 17, 19, 23, ' tail=', 17, 19, 23, 29, 31, 37'
2026-09-30T00:19:02.224+00:00 burst=distinct-n3-b2 kind=distinct n=3 stagger=0.000 coprefill=False spread=0.176 gate=- report=['early_divergence']
2026-09-30T00:19:02.224+00:00   [0] d0 finish=stop completion=94 chunks=47 acc=2.022(chunks) rate=30.96 ttft=0.134 sha=2774341ec8f4 early_divergence div@164 head='Sparse attention mitigates the q' tail='g performance and speed.'
2026-09-30T00:19:02.224+00:00   [1] d1 finish=stop completion=76 chunks=35 acc=2.206(chunks) rate=32.78 ttft=0.310 sha=e8a944e43d20 early_divergence div@80 head='A bicycle gear system uses mecha' tail=' for varying conditions.'
2026-09-30T00:19:02.224+00:00   [2] d2 finish=stop completion=43 chunks=12 acc=3.818(chunks) rate=50.05 ttft=0.311 sha=097672f98733 ok div@None head='2, 3, 5, 7, 11, 13, 17, 19, 23, ' tail=', 17, 19, 23, 29, 31, 37'
2026-09-30T00:19:08.369+00:00 burst=distinct-n3-b3 kind=distinct n=3 stagger=0.000 coprefill=False spread=0.175 gate=- report=['early_divergence']
2026-09-30T00:19:08.369+00:00   [0] d0 finish=stop completion=94 chunks=47 acc=2.022(chunks) rate=31.00 ttft=0.137 sha=2774341ec8f4 early_divergence div@164 head='Sparse attention mitigates the q' tail='g performance and speed.'
2026-09-30T00:19:08.369+00:00   [1] d1 finish=stop completion=76 chunks=35 acc=2.206(chunks) rate=32.81 ttft=0.311 sha=e8a944e43d20 early_divergence div@80 head='A bicycle gear system uses mecha' tail=' for varying conditions.'
2026-09-30T00:19:08.369+00:00   [2] d2 finish=stop completion=43 chunks=12 acc=3.818(chunks) rate=50.01 ttft=0.312 sha=097672f98733 ok div@None head='2, 3, 5, 7, 11, 13, 17, 19, 23, ' tail=', 17, 19, 23, 29, 31, 37'
2026-09-30T00:19:15.393+00:00 burst=identical-n5-b1 kind=identical n=5 stagger=0.000 coprefill=False spread=0.216 gate=- report=['early_divergence']
2026-09-30T00:19:15.393+00:00   [0] d0 finish=stop completion=94 chunks=42 acc=2.268(chunks) rate=28.19 ttft=0.322 sha=c6257057fc76 early_divergence div@1 head='Standard attention mechanisms sc' tail='ical application limits.'
2026-09-30T00:19:15.393+00:00   [1] d0 finish=stop completion=94 chunks=45 acc=2.114(chunks) rate=25.67 ttft=0.322 sha=5ea913999162 ok div@241 head='Sparse attention mitigates the q' tail='ormance and scalability.'
2026-09-30T00:19:15.393+00:00   [2] d0 finish=stop completion=97 chunks=46 acc=2.133(chunks) rate=26.00 ttft=0.322 sha=6381d2b59382 early_divergence div@17 head='Sparse attention significantly e' tail='ong-context AI feasible.'
2026-09-30T00:19:15.393+00:00   [3] d0 finish=stop completion=94 chunks=45 acc=2.114(chunks) rate=25.59 ttft=0.106 sha=9e1e92f41e6c early_divergence div@164 head='Sparse attention mitigates the q' tail='ormance and scalability.'
2026-09-30T00:19:15.393+00:00   [4] d0 finish=stop completion=96 chunks=44 acc=2.209(chunks) rate=26.90 ttft=0.322 sha=7086bc8c0441 early_divergence div@1 head='Standard attention mechanisms sc' tail='ming hardware resources.'
2026-09-30T00:19:22.373+00:00 burst=identical-n5-b2 kind=identical n=5 stagger=0.000 coprefill=False spread=0.251 gate=- report=['early_divergence']
2026-09-30T00:19:22.373+00:00   [0] d0 finish=stop completion=93 chunks=47 acc=2.000(chunks) rate=25.43 ttft=0.354 sha=fd7f924f5702 early_divergence div@17 head='Sparse attention significantly e' tail=' practical applications.'
2026-09-30T00:19:22.373+00:00   [1] d0 finish=stop completion=96 chunks=38 acc=2.568(chunks) rate=31.71 ttft=0.353 sha=fa2f492cceeb early_divergence div@1 head='Standard attention mechanisms sc' tail='ming hardware resources.'
2026-09-30T00:19:22.373+00:00   [2] d0 finish=stop completion=92 chunks=42 acc=2.220(chunks) rate=26.87 ttft=0.353 sha=8d7dcdd5d2cd early_divergence div@17 head='Sparse attention significantly e' tail='for massive text inputs.'
2026-09-30T00:19:22.373+00:00   [3] d0 finish=stop completion=94 chunks=42 acc=2.268(chunks) rate=27.48 ttft=0.207 sha=470311564282 early_divergence div@1 head='Standard attention mechanisms sc' tail='ve resource consumption.'
2026-09-30T00:19:22.373+00:00   [4] d0 finish=stop completion=96 chunks=44 acc=2.209(chunks) rate=26.12 ttft=0.103 sha=25185a386b8b early_divergence div@57 head='Sparse attention mitigates the q' tail='ategic, localized focus.'
2026-09-30T00:19:29.275+00:00 burst=identical-n5-b3 kind=identical n=5 stagger=0.000 coprefill=False spread=0.208 gate=- report=['early_divergence']
2026-09-30T00:19:29.275+00:00   [0] d0 finish=stop completion=94 chunks=45 acc=2.114(chunks) rate=26.05 ttft=0.105 sha=9e1e92f41e6c early_divergence div@164 head='Sparse attention mitigates the q' tail='ormance and scalability.'
2026-09-30T00:19:29.275+00:00   [1] d0 finish=stop completion=96 chunks=44 acc=2.209(chunks) rate=27.57 ttft=0.312 sha=7086bc8c0441 early_divergence div@1 head='Standard attention mechanisms sc' tail='ming hardware resources.'
2026-09-30T00:19:29.275+00:00   [2] d0 finish=stop completion=97 chunks=46 acc=2.133(chunks) rate=26.79 ttft=0.312 sha=6381d2b59382 early_divergence div@17 head='Sparse attention significantly e' tail='ong-context AI feasible.'
2026-09-30T00:19:29.275+00:00   [3] d0 finish=stop completion=94 chunks=42 acc=2.268(chunks) rate=28.39 ttft=0.312 sha=c6257057fc76 early_divergence div@1 head='Standard attention mechanisms sc' tail='ical application limits.'
2026-09-30T00:19:29.275+00:00   [4] d0 finish=stop completion=94 chunks=45 acc=2.114(chunks) rate=26.43 ttft=0.313 sha=5ea913999162 ok div@241 head='Sparse attention mitigates the q' tail='ormance and scalability.'
2026-09-30T00:19:36.065+00:00 burst=distinct-n5-b1 kind=distinct n=5 stagger=0.000 coprefill=False spread=0.226 gate=- report=['early_divergence']
2026-09-30T00:19:36.065+00:00   [0] d0 finish=stop completion=97 chunks=40 acc=2.462(chunks) rate=27.71 ttft=0.317 sha=70fc26570469 early_divergence div@1 head='Standard attention mechanisms sc' tail='ta or document analysis.'
2026-09-30T00:19:36.065+00:00   [1] d1 finish=stop completion=78 chunks=34 acc=2.333(chunks) rate=25.15 ttft=0.316 sha=3173bb0cb3ca ok div@200 head='A bicycle gear system uses mecha' tail='ess mechanical leverage.'
2026-09-30T00:19:36.065+00:00   [2] d2 finish=stop completion=43 chunks=12 acc=3.818(chunks) rate=40.12 ttft=0.316 sha=097672f98733 ok div@None head='2, 3, 5, 7, 11, 13, 17, 19, 23, ' tail=', 17, 19, 23, 29, 31, 37'
2026-09-30T00:19:36.065+00:00   [3] d3 finish=stop completion=89 chunks=35 acc=2.588(chunks) rate=27.83 ttft=0.316 sha=0596173be865 early_divergence div@4 head='The sun warms up the water in oc' tail=' journey all over again.'
2026-09-30T00:19:36.065+00:00   [4] d4 finish=stop completion=102 chunks=27 acc=3.885(chunks) rate=42.12 ttft=0.091 sha=d3af644442cd early_divergence div@80 head='```python\ndef fibonacci(n: int) ' tail=', a + b\n    return b\n```'
2026-09-30T00:19:42.445+00:00 burst=distinct-n5-b2 kind=distinct n=5 stagger=0.000 coprefill=False spread=0.229 gate=- report=['early_divergence']
2026-09-30T00:19:42.445+00:00   [0] d0 finish=stop completion=94 chunks=38 acc=2.514(chunks) rate=30.46 ttft=0.321 sha=ae36ad6fd27b early_divergence div@1 head='Standard attention mechanisms sc' tail='pplication requirements.'
2026-09-30T00:19:42.445+00:00   [1] d1 finish=stop completion=71 chunks=31 acc=2.333(chunks) rate=27.01 ttft=0.321 sha=53845d361929 ok div@165 head='A bicycle gear system uses mecha' tail=' to overcome resistance.'
2026-09-30T00:19:42.445+00:00   [2] d2 finish=stop completion=43 chunks=12 acc=3.818(chunks) rate=40.43 ttft=0.322 sha=097672f98733 ok div@None head='2, 3, 5, 7, 11, 13, 17, 19, 23, ' tail=', 17, 19, 23, 29, 31, 37'
2026-09-30T00:19:42.445+00:00   [3] d3 finish=stop completion=104 chunks=40 acc=2.641(chunks) rate=31.39 ttft=0.093 sha=d6c4e6423643 early_divergence div@16 head='The water cycle starts when the ' tail=' journey all over again.'
2026-09-30T00:19:42.445+00:00   [4] d4 finish=stop completion=102 chunks=28 acc=3.741(chunks) rate=42.73 ttft=0.322 sha=cb9c046d4e9a ok div@None head='```python\ndef fibonacci(n: int) ' tail=', a + b\n    return b\n```'
2026-09-30T00:19:49.301+00:00 burst=distinct-n5-b3 kind=distinct n=5 stagger=0.000 coprefill=False spread=0.235 gate=- report=['early_divergence']
2026-09-30T00:19:49.301+00:00   [0] d0 finish=stop completion=99 chunks=47 acc=2.130(chunks) rate=27.80 ttft=0.324 sha=8a21f2abbf4c early_divergence div@1 head='Standard attention mechanisms sc' tail='actical resource limits.'
2026-09-30T00:19:49.301+00:00   [1] d1 finish=stop completion=65 chunks=26 acc=2.560(chunks) rate=28.57 ttft=0.323 sha=3d599a0312f2 early_divergence div@77 head='A bicycle gear system uses mecha' tail=' for varying conditions.'
2026-09-30T00:19:49.301+00:00   [2] d2 finish=stop completion=43 chunks=12 acc=3.818(chunks) rate=38.57 ttft=0.089 sha=097672f98733 ok div@None head='2, 3, 5, 7, 11, 13, 17, 19, 23, ' tail=', 17, 19, 23, 29, 31, 37'
2026-09-30T00:19:49.301+00:00   [3] d3 finish=stop completion=93 chunks=36 acc=2.629(chunks) rate=31.46 ttft=0.323 sha=f86a2f29626c early_divergence div@4 head='The sun warms up the water in oc' tail=' journey all over again.'
2026-09-30T00:19:49.301+00:00   [4] d4 finish=stop completion=102 chunks=27 acc=3.885(chunks) rate=41.83 ttft=0.324 sha=cb9c046d4e9a ok div@None head='```python\ndef fibonacci(n: int) ' tail=', a + b\n    return b\n```'
2026-09-30T00:19:56.835+00:00 burst=identical-n8-b1 kind=identical n=8 stagger=0.000 coprefill=False spread=0.236 gate=- report=['early_divergence']
2026-09-30T00:19:56.835+00:00   [0] d0 finish=stop completion=101 chunks=47 acc=2.174(chunks) rate=24.79 ttft=0.108 sha=4bfa1bf64b96 early_divergence div@193 head='Sparse attention mitigates the q' tail='complex reasoning tasks.'
2026-09-30T00:19:56.835+00:00   [1] d0 finish=stop completion=103 chunks=52 acc=2.000(chunks) rate=24.38 ttft=0.343 sha=e694b3323d24 early_divergence div@17 head='Sparse attention significantly e' tail='nt long-range reasoning.'
2026-09-30T00:19:56.835+00:00   [2] d0 finish=stop completion=91 chunks=42 acc=2.195(chunks) rate=24.97 ttft=0.343 sha=29dbd9358c10 early_divergence div@132 head='Sparse attention mitigates the q' tail='real-world applications.'
2026-09-30T00:19:56.835+00:00   [3] d0 finish=stop completion=94 chunks=40 acc=2.385(chunks) rate=26.93 ttft=0.342 sha=ae36ad6fd27b early_divergence div@1 head='Standard attention mechanisms sc' tail='pplication requirements.'
2026-09-30T00:19:56.835+00:00   [4] d0 finish=stop completion=93 chunks=37 acc=2.556(chunks) rate=28.91 ttft=0.344 sha=ca53988def6a early_divergence div@1 head='Standard attention mechanisms sc' tail='tensive context windows.'
2026-09-30T00:19:56.835+00:00   [5] d0 finish=stop completion=93 chunks=35 acc=2.706(chunks) rate=29.80 ttft=0.343 sha=4894a43dbae9 early_divergence div@1 head='Standard attention mechanisms sc' tail='complex reasoning tasks.'
2026-09-30T00:19:56.835+00:00   [6] d0 finish=stop completion=95 chunks=39 acc=2.474(chunks) rate=27.96 ttft=0.344 sha=30da1fd13f33 early_divergence div@1 head='Standard attention mechanisms sc' tail='pplication requirements.'
2026-09-30T00:19:56.835+00:00   [7] d0 finish=stop completion=90 chunks=39 acc=2.342(chunks) rate=26.48 ttft=0.344 sha=74645c0c0861 early_divergence div@1 head='Standard attention mechanisms sc' tail='ontextual understanding.'
2026-09-30T00:20:04.355+00:00 burst=identical-n8-b2 kind=identical n=8 stagger=0.000 coprefill=False spread=0.232 gate=- report=['early_divergence']
2026-09-30T00:20:04.355+00:00   [0] d0 finish=stop completion=101 chunks=47 acc=2.174(chunks) rate=24.94 ttft=0.111 sha=4bfa1bf64b96 early_divergence div@193 head='Sparse attention mitigates the q' tail='complex reasoning tasks.'
2026-09-30T00:20:04.355+00:00   [1] d0 finish=stop completion=95 chunks=39 acc=2.474(chunks) rate=28.12 ttft=0.341 sha=30da1fd13f33 early_divergence div@1 head='Standard attention mechanisms sc' tail='pplication requirements.'
2026-09-30T00:20:04.356+00:00   [2] d0 finish=stop completion=93 chunks=37 acc=2.556(chunks) rate=29.06 ttft=0.342 sha=ca53988def6a early_divergence div@1 head='Standard attention mechanisms sc' tail='tensive context windows.'
2026-09-30T00:20:04.356+00:00   [3] d0 finish=stop completion=90 chunks=39 acc=2.342(chunks) rate=26.61 ttft=0.341 sha=74645c0c0861 early_divergence div@1 head='Standard attention mechanisms sc' tail='ontextual understanding.'
2026-09-30T00:20:04.356+00:00   [4] d0 finish=stop completion=91 chunks=42 acc=2.195(chunks) rate=25.12 ttft=0.340 sha=29dbd9358c10 early_divergence div@132 head='Sparse attention mitigates the q' tail='real-world applications.'
2026-09-30T00:20:04.356+00:00   [5] d0 finish=stop completion=94 chunks=40 acc=2.385(chunks) rate=27.09 ttft=0.340 sha=ae36ad6fd27b early_divergence div@1 head='Standard attention mechanisms sc' tail='pplication requirements.'
2026-09-30T00:20:04.356+00:00   [6] d0 finish=stop completion=93 chunks=35 acc=2.706(chunks) rate=29.97 ttft=0.342 sha=4894a43dbae9 early_divergence div@1 head='Standard attention mechanisms sc' tail='complex reasoning tasks.'
2026-09-30T00:20:04.356+00:00   [7] d0 finish=stop completion=103 chunks=52 acc=2.000(chunks) rate=24.47 ttft=0.341 sha=e694b3323d24 early_divergence div@17 head='Sparse attention significantly e' tail='nt long-range reasoning.'
2026-09-30T00:20:11.721+00:00 burst=identical-n8-b3 kind=identical n=8 stagger=0.000 coprefill=False spread=0.294 gate=- report=['early_divergence']
2026-09-30T00:20:11.722+00:00   [0] d0 finish=stop completion=94 chunks=39 acc=2.447(chunks) rate=27.23 ttft=0.409 sha=ae36ad6fd27b early_divergence div@1 head='Standard attention mechanisms sc' tail='pplication requirements.'
2026-09-30T00:20:11.722+00:00   [1] d0 finish=stop completion=100 chunks=46 acc=2.200(chunks) rate=25.08 ttft=0.410 sha=2c3d68618572 early_divergence div@1 head='Standard attention mechanisms sc' tail='rmance on complex tasks.'
2026-09-30T00:20:11.722+00:00   [2] d0 finish=stop completion=93 chunks=42 acc=2.244(chunks) rate=24.39 ttft=0.228 sha=990cb35a0e93 early_divergence div@1 head='Standard attention mechanisms sc' tail='real-world applications.'
2026-09-30T00:20:11.722+00:00   [3] d0 finish=stop completion=97 chunks=40 acc=2.462(chunks) rate=26.74 ttft=0.409 sha=3665c1a6ee1b early_divergence div@1 head='Standard attention mechanisms sc' tail='d practical application.'
2026-09-30T00:20:11.722+00:00   [4] d0 finish=stop completion=96 chunks=44 acc=2.209(chunks) rate=24.87 ttft=0.409 sha=5e8302c51958 early_divergence div@1 head='Standard attention mechanisms sc' tail='onential resource costs.'
2026-09-30T00:20:11.722+00:00   [5] d0 finish=stop completion=93 chunks=46 acc=2.044(chunks) rate=22.36 ttft=0.117 sha=43ff5925479d early_divergence div@17 head='Sparse attention significantly e' tail='real-world applications.'
2026-09-30T00:20:11.722+00:00   [6] d0 finish=stop completion=96 chunks=38 acc=2.568(chunks) rate=28.64 ttft=0.409 sha=1ce2e3b94727 early_divergence div@1 head='Standard attention mechanisms sc' tail='ucing inference latency.'
2026-09-30T00:20:11.722+00:00   [7] d0 finish=stop completion=93 chunks=41 acc=2.300(chunks) rate=24.80 ttft=0.117 sha=cf3ee6f717f8 early_divergence div@17 head='Sparse attention significantly e' tail='long-form conversations.'
2026-09-30T00:20:18.609+00:00 burst=distinct-n8-b1 kind=distinct n=8 stagger=0.000 coprefill=False spread=0.260 gate=- report=['early_divergence']
2026-09-30T00:20:18.609+00:00   [0] d0 finish=stop completion=94 chunks=37 acc=2.583(chunks) rate=27.40 ttft=0.369 sha=abe1f1ee0af2 early_divergence div@1 head='Standard attention mechanisms sc' tail='tensive context windows.'
2026-09-30T00:20:18.609+00:00   [1] d1 finish=stop completion=65 chunks=28 acc=2.370(chunks) rate=23.40 ttft=0.369 sha=3d599a0312f2 early_divergence div@77 head='A bicycle gear system uses mecha' tail=' for varying conditions.'
2026-09-30T00:20:18.609+00:00   [2] d2 finish=stop completion=43 chunks=12 acc=3.818(chunks) rate=34.08 ttft=0.369 sha=097672f98733 ok div@None head='2, 3, 5, 7, 11, 13, 17, 19, 23, ' tail=', 17, 19, 23, 29, 31, 37'
2026-09-30T00:20:18.609+00:00   [3] d3 finish=stop completion=102 chunks=39 acc=2.658(chunks) rate=28.76 ttft=0.368 sha=13787128752e early_divergence div@16 head='The water cycle starts when the ' tail=' journey all over again.'
2026-09-30T00:20:18.609+00:00   [4] d4 finish=stop completion=102 chunks=27 acc=3.885(chunks) rate=38.07 ttft=0.369 sha=cb9c046d4e9a ok div@None head='```python\ndef fibonacci(n: int) ' tail=', a + b\n    return b\n```'
2026-09-30T00:20:18.609+00:00   [5] d5 finish=stop completion=17 chunks=7 acc=2.667(chunks) rate=23.44 ttft=0.369 sha=5a881638e98d ok div@None head='La bibliothèque ouvre à neuf heu' tail='-huit heures en semaine.'
2026-09-30T00:20:18.610+00:00   [6] d6 finish=stop completion=70 chunks=34 acc=2.091(chunks) rate=21.65 ttft=0.369 sha=6ed0508ab41c ok div@189 head='1. Reduce watering frequency sig' tail='ensate for shorter days.'
2026-09-30T00:20:18.610+00:00   [7] d7 finish=stop completion=67 chunks=18 acc=3.882(chunks) rate=34.59 ttft=0.110 sha=c39be9b87ae0 ok div@None head='{\n  "name": "Eiffel Tower",\n  "y' tail='re",\n    "Tourism"\n  ]\n}'
2026-09-30T00:20:25.816+00:00 burst=distinct-n8-b2 kind=distinct n=8 stagger=0.000 coprefill=False spread=0.271 gate=- report=['early_divergence']
2026-09-30T00:20:25.816+00:00   [0] d0 finish=stop completion=96 chunks=43 acc=2.262(chunks) rate=23.31 ttft=0.124 sha=0905ae89d31b early_divergence div@57 head='Sparse attention mitigates the q' tail='e, attention mechanisms.'
2026-09-30T00:20:25.816+00:00   [1] d1 finish=stop completion=73 chunks=31 acc=2.400(chunks) rate=23.27 ttft=0.394 sha=841950894efc ok div@165 head='A bicycle gear system uses mecha' tail='torque for higher speed.'
2026-09-30T00:20:25.816+00:00   [2] d2 finish=stop completion=43 chunks=12 acc=3.818(chunks) rate=33.27 ttft=0.395 sha=097672f98733 ok div@None head='2, 3, 5, 7, 11, 13, 17, 19, 23, ' tail=', 17, 19, 23, 29, 31, 37'
2026-09-30T00:20:25.816+00:00   [3] d3 finish=stop completion=91 chunks=36 acc=2.571(chunks) rate=25.92 ttft=0.395 sha=3ef4b8266594 early_divergence div@26 head='The water cycle is like a never-' tail='the trip all over again.'
2026-09-30T00:20:25.816+00:00   [4] d4 finish=stop completion=102 chunks=26 acc=4.040(chunks) rate=36.83 ttft=0.394 sha=cb9c046d4e9a ok div@None head='```python\ndef fibonacci(n: int) ' tail=', a + b\n    return b\n```'
2026-09-30T00:20:25.816+00:00   [5] d5 finish=stop completion=19 chunks=8 acc=2.571(chunks) rate=22.08 ttft=0.395 sha=fbd9a6af1079 early_divergence div@63 head='La bibliothèque ouvre à neuf heu' tail='res les jours ouvrables.'
2026-09-30T00:20:25.816+00:00   [6] d6 finish=stop completion=70 chunks=34 acc=2.091(chunks) rate=20.71 ttft=0.394 sha=6ed0508ab41c ok div@189 head='1. Reduce watering frequency sig' tail='ensate for shorter days.'
2026-09-30T00:20:25.816+00:00   [7] d7 finish=stop completion=67 chunks=19 acc=3.667(chunks) rate=33.14 ttft=0.394 sha=c39be9b87ae0 ok div@None head='{\n  "name": "Eiffel Tower",\n  "y' tail='re",\n    "Tourism"\n  ]\n}'
2026-09-30T00:20:32.949+00:00 burst=distinct-n8-b3 kind=distinct n=8 stagger=0.000 coprefill=False spread=0.268 gate=- report=['early_divergence']
2026-09-30T00:20:32.949+00:00   [0] d0 finish=stop completion=91 chunks=42 acc=2.195(chunks) rate=24.12 ttft=0.392 sha=3a478e4bb21f early_divergence div@1 head='Standard attention mechanisms sc' tail='attention architectures.'
2026-09-30T00:20:32.949+00:00   [1] d1 finish=stop completion=69 chunks=31 acc=2.267(chunks) rate=22.43 ttft=0.391 sha=94638723e9c9 early_divergence div@80 head='A bicycle gear system uses mecha' tail=' to overcome resistance.'
2026-09-30T00:20:32.949+00:00   [2] d2 finish=stop completion=43 chunks=12 acc=3.818(chunks) rate=33.73 ttft=0.392 sha=097672f98733 ok div@None head='2, 3, 5, 7, 11, 13, 17, 19, 23, ' tail=', 17, 19, 23, 29, 31, 37'
2026-09-30T00:20:32.950+00:00   [3] d3 finish=stop completion=103 chunks=40 acc=2.615(chunks) rate=28.23 ttft=0.392 sha=a280dbb96d5f early_divergence div@16 head='The water cycle starts when the ' tail=' journey all over again.'
2026-09-30T00:20:32.950+00:00   [4] d4 finish=stop completion=102 chunks=26 acc=4.040(chunks) rate=37.48 ttft=0.390 sha=cb9c046d4e9a ok div@None head='```python\ndef fibonacci(n: int) ' tail=', a + b\n    return b\n```'
2026-09-30T00:20:32.950+00:00   [5] d5 finish=stop completion=19 chunks=8 acc=2.571(chunks) rate=22.30 ttft=0.391 sha=fbd9a6af1079 early_divergence div@63 head='La bibliothèque ouvre à neuf heu' tail='res les jours ouvrables.'
2026-09-30T00:20:32.950+00:00   [6] d6 finish=stop completion=70 chunks=33 acc=2.156(chunks) rate=20.92 ttft=0.125 sha=6ed0508ab41c ok div@189 head='1. Reduce watering frequency sig' tail='ensate for shorter days.'
2026-09-30T00:20:32.950+00:00   [7] d7 finish=stop completion=67 chunks=19 acc=3.667(chunks) rate=33.86 ttft=0.392 sha=c39be9b87ae0 ok div@None head='{\n  "name": "Eiffel Tower",\n  "y' tail='re",\n    "Tourism"\n  ]\n}'
2026-09-30T00:20:38.533+00:00 burst=staggered-identical-n2 kind=identical n=2 stagger=0.250 coprefill=False spread=0.319 gate=- report=['early_divergence']
2026-09-30T00:20:38.533+00:00   [0] d0 finish=stop completion=95 chunks=41 acc=2.350(chunks) rate=37.96 ttft=0.099 sha=26e6979e3e7e ok div@333 head='Sparse attention mitigates the q' tail='n large language models.'
2026-09-30T00:20:38.533+00:00   [1] d0 finish=stop completion=93 chunks=34 acc=2.788(chunks) rate=45.37 ttft=0.168 sha=774bf9418857 early_divergence div@1 head='Standard attention mechanisms sc' tail='tensive context windows.'
2026-09-30T00:20:44.839+00:00 burst=staggered-distinct-n3 kind=distinct n=3 stagger=0.250 coprefill=False spread=0.614 gate=- report=['early_divergence']
2026-09-30T00:20:44.839+00:00   [0] d0 finish=stop completion=99 chunks=47 acc=2.130(chunks) rate=30.69 ttft=0.103 sha=b4f847211dde early_divergence div@164 head='Sparse attention mitigates the q' tail='processing applications.'
2026-09-30T00:20:44.839+00:00   [1] d1 finish=stop completion=78 chunks=37 acc=2.139(chunks) rate=29.54 ttft=0.162 sha=7001d85664e3 ok div@201 head='A bicycle gear system uses mecha' tail='ess mechanical leverage.'
2026-09-30T00:20:44.839+00:00   [2] d2 finish=stop completion=43 chunks=12 acc=3.818(chunks) rate=49.88 ttft=0.218 sha=097672f98733 ok div@None head='2, 3, 5, 7, 11, 13, 17, 19, 23, ' tail=', 17, 19, 23, 29, 31, 37'
2026-09-30T00:20:51.872+00:00 burst=staggered-distinct-n5 kind=distinct n=5 stagger=0.250 coprefill=False spread=1.163 gate=- report=['early_divergence']
2026-09-30T00:20:51.872+00:00   [0] d0 finish=stop completion=92 chunks=40 acc=2.333(chunks) rate=28.27 ttft=0.097 sha=50f8a9658adf early_divergence div@132 head='Sparse attention mitigates the q' tail=' speeds and scalability.'
2026-09-30T00:20:51.872+00:00   [1] d1 finish=stop completion=65 chunks=28 acc=2.370(chunks) rate=26.88 ttft=0.215 sha=3d599a0312f2 early_divergence div@77 head='A bicycle gear system uses mecha' tail=' for varying conditions.'
2026-09-30T00:20:51.872+00:00   [2] d2 finish=stop completion=43 chunks=12 acc=3.818(chunks) rate=40.42 ttft=0.201 sha=097672f98733 ok div@None head='2, 3, 5, 7, 11, 13, 17, 19, 23, ' tail=', 17, 19, 23, 29, 31, 37'
2026-09-30T00:20:51.872+00:00   [3] d3 finish=stop completion=101 chunks=40 acc=2.564(chunks) rate=32.65 ttft=0.215 sha=a5cb9def895f early_divergence div@16 head='The water cycle starts when the ' tail=' journey all over again.'
2026-09-30T00:20:51.872+00:00   [4] d4 finish=stop completion=102 chunks=28 acc=3.741(chunks) rate=44.70 ttft=0.260 sha=cb9c046d4e9a ok div@None head='```python\ndef fibonacci(n: int) ' tail=', a + b\n    return b\n```'
2026-09-30T00:21:00.255+00:00 burst=staggered-identical-n8 kind=identical n=8 stagger=0.250 coprefill=False spread=1.922 gate=- report=['early_divergence']
2026-09-30T00:21:00.255+00:00   [0] d0 finish=stop completion=98 chunks=45 acc=2.205(chunks) rate=24.19 ttft=0.101 sha=f3a48a584e2b early_divergence div@193 head='Sparse attention mitigates the q' tail='r widespread deployment.'
2026-09-30T00:21:00.255+00:00   [1] d0 finish=stop completion=94 chunks=37 acc=2.583(chunks) rate=27.40 ttft=0.171 sha=aa1e352fa496 early_divergence div@1 head='Standard attention mechanisms sc' tail='sive historical context.'
2026-09-30T00:21:00.255+00:00   [2] d0 finish=stop completion=91 chunks=36 acc=2.571(chunks) rate=25.74 ttft=0.219 sha=f132bf0dbce4 early_divergence div@1 head='Standard attention mechanisms sc' tail='onstrained environments.'
2026-09-30T00:21:00.255+00:00   [3] d0 finish=stop completion=91 chunks=39 acc=2.368(chunks) rate=24.64 ttft=0.244 sha=1cd0beacd8e1 early_divergence div@1 head='Standard attention mechanisms sc' tail='ross extensive contexts.'
2026-09-30T00:21:00.255+00:00   [4] d0 finish=stop completion=95 chunks=40 acc=2.410(chunks) rate=25.45 ttft=0.270 sha=429a4530ee1f early_divergence div@1 head='Standard attention mechanisms sc' tail='ical application limits.'
2026-09-30T00:21:00.255+00:00   [5] d0 finish=stop completion=96 chunks=43 acc=2.262(chunks) rate=24.40 ttft=0.232 sha=cb12fe4b54b7 ok div@341 head='Sparse attention mitigates the q' tail='ffective context window.'
2026-09-30T00:21:00.255+00:00   [6] d0 finish=stop completion=88 chunks=37 acc=2.417(chunks) rate=26.16 ttft=0.285 sha=b7682e924320 early_divergence div@1 head='Standard attention mechanisms sc' tail=' practical applications.'
2026-09-30T00:21:00.255+00:00   [7] d0 finish=stop completion=98 chunks=38 acc=2.622(chunks) rate=28.93 ttft=0.272 sha=8ee73a66b9eb early_divergence div@1 head='Standard attention mechanisms sc' tail='ysis or code generation.'
2026-09-30T00:21:11.833+00:00 burst=long-pair kind=long n=2 stagger=0.000 coprefill=False spread=2.535 gate=- report=['slow']
2026-09-30T00:21:11.834+00:00   [0] long0 finish=stop completion=6 chunks=2 acc=5.000(chunks) rate=43.40 ttft=8.454 sha=83dab7f91bc1 ok div@None head='74354' tail='74354'
2026-09-30T00:21:11.834+00:00   [1] long1 finish=stop completion=6 chunks=2 acc=5.000(chunks) rate=1.97 ttft=5.920 sha=0ec41e567fc2 slow div@None head='79083' tail='79083'
2026-09-30T00:21:15.370+00:00 burst=image-pair kind=image n=2 stagger=0.000 coprefill=False spread=0.204 gate=- report=['early_divergence']
2026-09-30T00:21:15.370+00:00   [0] img_red finish=stop completion=11 chunks=4 acc=3.333(chunks) rate=37.66 ttft=0.145 sha=0e1c14c4131c ok div@None head='The image is filled with a solid' tail=' with a solid red color.'
2026-09-30T00:21:15.370+00:00   [1] img_blue finish=stop completion=11 chunks=4 acc=3.333(chunks) rate=56.41 ttft=0.349 sha=705b4320e3b4 early_divergence div@2 head='The image is filled with a solid' tail='with a solid blue color.'
2026-09-30T00:21:15.371+00:00 TOTALS bursts=30 streams=130 gate_bursts=0 zero_acc=0 runaway=0 first32_match=0.277 coprefill_bursts=1 per_request_spec_metrics=False
2026-09-30T00:21:15.371+00:00 NOTE: server did not return metrics.speculative_decoding on every stream; acceptance estimated from tokens per chunk (serve with --per-request-spec-decode-metrics summary)
2026-09-30T00:21:15.371+00:00 T0 PASS
