2026-09-30T17:56:07.058+00:00 bench_probe v1 url=http://127.0.0.1:8000/v1/chat/completions sizes=[2, 3, 5, 8] kinds=['identical', 'distinct'] bursts_per_shape=3 max_tokens=256
2026-09-30T17:56:09.316+00:00 ref d0 finish=stop completion=97 acc=2.341 ttft=0.135 sha=b0e372faa960 head='Sparse attention mitigates the quadratic'
2026-09-30T17:56:11.888+00:00 ref d1 finish=stop completion=75 acc=2.643 ttft=0.105 sha=4ad2d5654ca6 head='A bicycle gear system uses mechanical ad'
2026-09-30T17:56:13.592+00:00 ref d2 finish=stop completion=43 acc=3.818 ttft=0.111 sha=097672f98733 head='2, 3, 5, 7, 11, 13, 17, 19, 23, 29, 31, '
2026-09-30T17:56:16.658+00:00 ref d3 finish=stop completion=101 acc=2.632 ttft=0.095 sha=3746d913c433 head='The water cycle is like a giant, never-e'
2026-09-30T17:56:19.191+00:00 ref d4 finish=stop completion=102 acc=3.741 ttft=0.104 sha=cb9c046d4e9a head='```python\ndef fibonacci(n: int) -> int:\n'
2026-09-30T17:56:20.612+00:00 ref d5 finish=stop completion=17 acc=2.667 ttft=0.105 sha=5a881638e98d head='La bibliothèque ouvre à neuf heures et f'
2026-09-30T17:56:23.279+00:00 ref d6 finish=stop completion=72 acc=2.367 ttft=0.095 sha=86f7d76d2833 head='1. Reduce watering frequency significant'
2026-09-30T17:56:25.288+00:00 ref d7 finish=stop completion=67 acc=3.882 ttft=0.114 sha=c39be9b87ae0 head='{\n  "name": "Eiffel Tower",\n  "year": 18'
2026-09-30T17:56:30.804+00:00 ref long0 finish=stop completion=6 acc=5.000 ttft=4.419 sha=83dab7f91bc1 head='74354'
2026-09-30T17:56:35.891+00:00 ref long1 finish=stop completion=6 acc=5.000 ttft=3.971 sha=0ec41e567fc2 head='79083'
2026-09-30T17:56:37.263+00:00 ref img_red finish=stop completion=11 acc=3.333 ttft=0.205 sha=0e1c14c4131c head='The image is filled with a solid red col'
2026-09-30T17:56:38.653+00:00 ref img_blue finish=stop completion=11 acc=2.500 ttft=0.174 sha=7fa32368a223 head='This image is filled with a solid blue c'
2026-09-30T17:56:45.758+00:00 burst=identical-n2-b1 kind=identical n=2 stagger=0.000 coprefill=False spread=0.377 gate=- report=['early_divergence']
2026-09-30T17:56:45.758+00:00   [0] d0 finish=stop completion=93 chunks=34 acc=2.788(chunks) rate=45.47 ttft=0.485 sha=774bf9418857 early_divergence div@1 head='Standard attention mechanisms sc' tail='tensive context windows.'
2026-09-30T17:56:45.758+00:00   [1] d0 finish=stop completion=94 chunks=47 acc=2.022(chunks) rate=31.11 ttft=0.108 sha=2774341ec8f4 early_divergence div@164 head='Sparse attention mitigates the q' tail='g performance and speed.'
2026-09-30T17:56:51.619+00:00 burst=identical-n2-b2 kind=identical n=2 stagger=0.000 coprefill=False spread=0.150 gate=- report=['early_divergence']
2026-09-30T17:56:51.619+00:00   [0] d0 finish=stop completion=93 chunks=34 acc=2.788(chunks) rate=45.91 ttft=0.260 sha=774bf9418857 early_divergence div@1 head='Standard attention mechanisms sc' tail='tensive context windows.'
2026-09-30T17:56:51.619+00:00   [1] d0 finish=stop completion=94 chunks=47 acc=2.022(chunks) rate=33.89 ttft=0.110 sha=2774341ec8f4 early_divergence div@164 head='Sparse attention mitigates the q' tail='g performance and speed.'
2026-09-30T17:56:57.476+00:00 burst=identical-n2-b3 kind=identical n=2 stagger=0.000 coprefill=False spread=0.160 gate=- report=['early_divergence']
2026-09-30T17:56:57.476+00:00   [0] d0 finish=stop completion=93 chunks=34 acc=2.788(chunks) rate=45.83 ttft=0.260 sha=774bf9418857 early_divergence div@1 head='Standard attention mechanisms sc' tail='tensive context windows.'
2026-09-30T17:56:57.476+00:00   [1] d0 finish=stop completion=94 chunks=47 acc=2.022(chunks) rate=33.80 ttft=0.100 sha=2774341ec8f4 early_divergence div@164 head='Sparse attention mitigates the q' tail='g performance and speed.'
2026-09-30T17:57:02.712+00:00 burst=distinct-n2-b1 kind=distinct n=2 stagger=0.000 coprefill=False spread=0.111 gate=- report=['early_divergence']
2026-09-30T17:57:02.713+00:00   [0] d0 finish=stop completion=93 chunks=34 acc=2.788(chunks) rate=45.33 ttft=0.202 sha=774bf9418857 early_divergence div@1 head='Standard attention mechanisms sc' tail='tensive context windows.'
2026-09-30T17:57:02.713+00:00   [1] d1 finish=stop completion=74 chunks=32 acc=2.355(chunks) rate=36.07 ttft=0.091 sha=d01c4208390c ok div@165 head='A bicycle gear system uses mecha' tail='wer for varying terrain.'
2026-09-30T17:57:08.542+00:00 burst=distinct-n2-b2 kind=distinct n=2 stagger=0.000 coprefill=False spread=0.154 gate=- report=['early_divergence']
2026-09-30T17:57:08.542+00:00   [0] d0 finish=stop completion=95 chunks=46 acc=2.089(chunks) rate=34.55 ttft=0.102 sha=fd42320bee1b early_divergence div@164 head='Sparse attention mitigates the q' tail='n large language models.'
2026-09-30T17:57:08.542+00:00   [1] d1 finish=stop completion=75 chunks=31 acc=2.467(chunks) rate=38.47 ttft=0.256 sha=eadf9933adfc early_divergence div@80 head='A bicycle gear system uses mecha' tail='wer for varying terrain.'
2026-09-30T17:57:14.229+00:00 burst=distinct-n2-b3 kind=distinct n=2 stagger=0.000 coprefill=False spread=0.102 gate=- report=['early_divergence']
2026-09-30T17:57:14.229+00:00   [0] d0 finish=stop completion=97 chunks=44 acc=2.233(chunks) rate=37.20 ttft=0.099 sha=6a7fa3d3f393 early_divergence div@164 head='Sparse attention mitigates the q' tail='lationships efficiently.'
2026-09-30T17:57:14.229+00:00   [1] d1 finish=stop completion=75 chunks=31 acc=2.467(chunks) rate=38.94 ttft=0.201 sha=eadf9933adfc early_divergence div@80 head='A bicycle gear system uses mecha' tail='wer for varying terrain.'
2026-09-30T17:57:20.556+00:00 burst=identical-n3-b1 kind=identical n=3 stagger=0.000 coprefill=False spread=0.174 gate=- report=['early_divergence']
2026-09-30T17:57:20.556+00:00   [0] d0 finish=stop completion=95 chunks=45 acc=2.136(chunks) rate=31.42 ttft=0.103 sha=62032dac1eb1 early_divergence div@164 head='Sparse attention mitigates the q' tail='n large language models.'
2026-09-30T17:57:20.556+00:00   [1] d0 finish=stop completion=95 chunks=47 acc=2.043(chunks) rate=30.91 ttft=0.278 sha=f231686bb8ae early_divergence div@17 head='Sparse attention significantly e' tail=' contextual information.'
2026-09-30T17:57:20.556+00:00   [2] d0 finish=stop completion=94 chunks=39 acc=2.447(chunks) rate=36.28 ttft=0.278 sha=3bf26d1e5286 early_divergence div@1 head='Standard attention mechanisms sc' tail='ing extensive documents.'
2026-09-30T17:57:26.886+00:00 burst=identical-n3-b2 kind=identical n=3 stagger=0.000 coprefill=False spread=0.174 gate=- report=['early_divergence']
2026-09-30T17:57:26.886+00:00   [0] d0 finish=stop completion=95 chunks=47 acc=2.043(chunks) rate=30.88 ttft=0.276 sha=f231686bb8ae early_divergence div@17 head='Sparse attention significantly e' tail=' contextual information.'
2026-09-30T17:57:26.886+00:00   [1] d0 finish=stop completion=94 chunks=39 acc=2.447(chunks) rate=36.24 ttft=0.276 sha=3bf26d1e5286 early_divergence div@1 head='Standard attention mechanisms sc' tail='ing extensive documents.'
2026-09-30T17:57:26.886+00:00   [2] d0 finish=stop completion=95 chunks=45 acc=2.136(chunks) rate=31.39 ttft=0.103 sha=62032dac1eb1 early_divergence div@164 head='Sparse attention mitigates the q' tail='n large language models.'
2026-09-30T17:57:33.217+00:00 burst=identical-n3-b3 kind=identical n=3 stagger=0.000 coprefill=False spread=0.171 gate=- report=['early_divergence']
2026-09-30T17:57:33.217+00:00   [0] d0 finish=stop completion=95 chunks=45 acc=2.136(chunks) rate=31.37 ttft=0.105 sha=62032dac1eb1 early_divergence div@164 head='Sparse attention mitigates the q' tail='n large language models.'
2026-09-30T17:57:33.217+00:00   [1] d0 finish=stop completion=94 chunks=39 acc=2.447(chunks) rate=36.21 ttft=0.275 sha=3bf26d1e5286 early_divergence div@1 head='Standard attention mechanisms sc' tail='ing extensive documents.'
2026-09-30T17:57:33.217+00:00   [2] d0 finish=stop completion=95 chunks=47 acc=2.043(chunks) rate=30.86 ttft=0.276 sha=f231686bb8ae early_divergence div@17 head='Sparse attention significantly e' tail=' contextual information.'
2026-09-30T17:57:38.933+00:00 burst=distinct-n3-b1 kind=distinct n=3 stagger=0.000 coprefill=False spread=0.183 gate=- report=['early_divergence']
2026-09-30T17:57:38.933+00:00   [0] d0 finish=stop completion=93 chunks=39 acc=2.421(chunks) rate=37.89 ttft=0.279 sha=1349c3863181 early_divergence div@17 head='Sparse attention significantly e' tail='real-world applications.'
2026-09-30T17:57:38.933+00:00   [1] d1 finish=stop completion=76 chunks=32 acc=2.419(chunks) rate=34.39 ttft=0.096 sha=a9b0a55b081f ok div@165 head='A bicycle gear system uses mecha' tail='nce for varying terrain.'
2026-09-30T17:57:38.933+00:00   [2] d2 finish=stop completion=43 chunks=12 acc=3.818(chunks) rate=51.40 ttft=0.279 sha=097672f98733 ok div@None head='2, 3, 5, 7, 11, 13, 17, 19, 23, ' tail=', 17, 19, 23, 29, 31, 37'
2026-09-30T17:57:44.997+00:00 burst=distinct-n3-b2 kind=distinct n=3 stagger=0.000 coprefill=False spread=0.175 gate=- report=['early_divergence']
2026-09-30T17:57:44.997+00:00   [0] d0 finish=stop completion=94 chunks=47 acc=2.022(chunks) rate=31.48 ttft=0.101 sha=2774341ec8f4 early_divergence div@164 head='Sparse attention mitigates the q' tail='g performance and speed.'
2026-09-30T17:57:44.997+00:00   [1] d1 finish=stop completion=76 chunks=35 acc=2.206(chunks) rate=33.34 ttft=0.277 sha=e8a944e43d20 early_divergence div@80 head='A bicycle gear system uses mecha' tail=' for varying conditions.'
2026-09-30T17:57:44.997+00:00   [2] d2 finish=stop completion=43 chunks=12 acc=3.818(chunks) rate=51.35 ttft=0.277 sha=097672f98733 ok div@None head='2, 3, 5, 7, 11, 13, 17, 19, 23, ' tail=', 17, 19, 23, 29, 31, 37'
2026-09-30T17:57:51.048+00:00 burst=distinct-n3-b3 kind=distinct n=3 stagger=0.000 coprefill=False spread=0.176 gate=- report=['early_divergence']
2026-09-30T17:57:51.048+00:00   [0] d0 finish=stop completion=94 chunks=47 acc=2.022(chunks) rate=31.63 ttft=0.103 sha=2774341ec8f4 early_divergence div@164 head='Sparse attention mitigates the q' tail='g performance and speed.'
2026-09-30T17:57:51.048+00:00   [1] d1 finish=stop completion=76 chunks=35 acc=2.206(chunks) rate=33.48 ttft=0.278 sha=e8a944e43d20 early_divergence div@80 head='A bicycle gear system uses mecha' tail=' for varying conditions.'
2026-09-30T17:57:51.048+00:00   [2] d2 finish=stop completion=43 chunks=12 acc=3.818(chunks) rate=51.76 ttft=0.278 sha=097672f98733 ok div@None head='2, 3, 5, 7, 11, 13, 17, 19, 23, ' tail=', 17, 19, 23, 29, 31, 37'
2026-09-30T17:57:57.826+00:00 burst=identical-n5-b1 kind=identical n=5 stagger=0.000 coprefill=False spread=0.219 gate=- report=['early_divergence']
2026-09-30T17:57:57.826+00:00   [0] d0 finish=stop completion=97 chunks=46 acc=2.133(chunks) rate=27.87 ttft=0.327 sha=6381d2b59382 early_divergence div@17 head='Sparse attention significantly e' tail='ong-context AI feasible.'
2026-09-30T17:57:57.826+00:00   [1] d0 finish=stop completion=94 chunks=45 acc=2.114(chunks) rate=26.97 ttft=0.107 sha=9e1e92f41e6c early_divergence div@164 head='Sparse attention mitigates the q' tail='ormance and scalability.'
2026-09-30T17:57:57.826+00:00   [2] d0 finish=stop completion=94 chunks=45 acc=2.114(chunks) rate=27.49 ttft=0.326 sha=5ea913999162 ok div@241 head='Sparse attention mitigates the q' tail='ormance and scalability.'
2026-09-30T17:57:57.826+00:00   [3] d0 finish=stop completion=96 chunks=44 acc=2.209(chunks) rate=28.71 ttft=0.327 sha=7086bc8c0441 early_divergence div@1 head='Standard attention mechanisms sc' tail='ming hardware resources.'
2026-09-30T17:57:57.826+00:00   [4] d0 finish=stop completion=94 chunks=42 acc=2.268(chunks) rate=29.57 ttft=0.327 sha=c6257057fc76 early_divergence div@1 head='Standard attention mechanisms sc' tail='ical application limits.'
2026-09-30T17:58:04.609+00:00 burst=identical-n5-b2 kind=identical n=5 stagger=0.000 coprefill=False spread=0.196 gate=- report=['early_divergence']
2026-09-30T17:58:04.610+00:00   [0] d0 finish=stop completion=94 chunks=45 acc=2.114(chunks) rate=26.99 ttft=0.115 sha=9e1e92f41e6c early_divergence div@164 head='Sparse attention mitigates the q' tail='ormance and scalability.'
2026-09-30T17:58:04.610+00:00   [1] d0 finish=stop completion=94 chunks=45 acc=2.114(chunks) rate=27.34 ttft=0.311 sha=5ea913999162 ok div@241 head='Sparse attention mitigates the q' tail='ormance and scalability.'
2026-09-30T17:58:04.610+00:00   [2] d0 finish=stop completion=96 chunks=44 acc=2.209(chunks) rate=28.54 ttft=0.311 sha=7086bc8c0441 early_divergence div@1 head='Standard attention mechanisms sc' tail='ming hardware resources.'
2026-09-30T17:58:04.610+00:00   [3] d0 finish=stop completion=97 chunks=46 acc=2.133(chunks) rate=27.72 ttft=0.311 sha=6381d2b59382 early_divergence div@17 head='Sparse attention significantly e' tail='ong-context AI feasible.'
2026-09-30T17:58:04.610+00:00   [4] d0 finish=stop completion=94 chunks=42 acc=2.268(chunks) rate=29.36 ttft=0.312 sha=c6257057fc76 early_divergence div@1 head='Standard attention mechanisms sc' tail='ical application limits.'
2026-09-30T17:58:11.398+00:00 burst=identical-n5-b3 kind=identical n=5 stagger=0.000 coprefill=False spread=0.215 gate=- report=['early_divergence']
2026-09-30T17:58:11.399+00:00   [0] d0 finish=stop completion=97 chunks=46 acc=2.133(chunks) rate=27.74 ttft=0.322 sha=6381d2b59382 early_divergence div@17 head='Sparse attention significantly e' tail='ong-context AI feasible.'
2026-09-30T17:58:11.399+00:00   [1] d0 finish=stop completion=96 chunks=44 acc=2.209(chunks) rate=28.56 ttft=0.322 sha=7086bc8c0441 early_divergence div@1 head='Standard attention mechanisms sc' tail='ming hardware resources.'
2026-09-30T17:58:11.399+00:00   [2] d0 finish=stop completion=94 chunks=45 acc=2.114(chunks) rate=27.38 ttft=0.322 sha=5ea913999162 ok div@241 head='Sparse attention mitigates the q' tail='ormance and scalability.'
2026-09-30T17:58:11.399+00:00   [3] d0 finish=stop completion=94 chunks=42 acc=2.268(chunks) rate=29.40 ttft=0.322 sha=c6257057fc76 early_divergence div@1 head='Standard attention mechanisms sc' tail='ical application limits.'
2026-09-30T17:58:11.399+00:00   [4] d0 finish=stop completion=94 chunks=45 acc=2.114(chunks) rate=26.88 ttft=0.107 sha=9e1e92f41e6c early_divergence div@164 head='Sparse attention mitigates the q' tail='ormance and scalability.'
2026-09-30T17:58:18.008+00:00 burst=distinct-n5-b1 kind=distinct n=5 stagger=0.000 coprefill=False spread=0.605 gate=- report=['early_divergence']
2026-09-30T17:58:18.008+00:00   [0] d0 finish=stop completion=92 chunks=36 acc=2.600(chunks) rate=31.75 ttft=0.737 sha=ba409499c5af early_divergence div@1 head='Standard attention mechanisms sc' tail='tensive context windows.'
2026-09-30T17:58:18.008+00:00   [1] d1 finish=stop completion=77 chunks=33 acc=2.375(chunks) rate=27.82 ttft=0.736 sha=28ea54342cff ok div@200 head='A bicycle gear system uses mecha' tail='el with less resistance.'
2026-09-30T17:58:18.008+00:00   [2] d2 finish=stop completion=43 chunks=12 acc=3.818(chunks) rate=41.60 ttft=0.736 sha=097672f98733 ok div@None head='2, 3, 5, 7, 11, 13, 17, 19, 23, ' tail=', 17, 19, 23, 29, 31, 37'
2026-09-30T17:58:18.008+00:00   [3] d3 finish=stop completion=89 chunks=35 acc=2.588(chunks) rate=31.38 ttft=0.736 sha=0596173be865 early_divergence div@4 head='The sun warms up the water in oc' tail=' journey all over again.'
2026-09-30T17:58:18.008+00:00   [4] d4 finish=stop completion=102 chunks=27 acc=3.885(chunks) rate=37.67 ttft=0.132 sha=d3af644442cd early_divergence div@80 head='```python\ndef fibonacci(n: int) ' tail=', a + b\n    return b\n```'
2026-09-30T17:58:24.194+00:00 burst=distinct-n5-b2 kind=distinct n=5 stagger=0.000 coprefill=False spread=0.219 gate=- report=['early_divergence']
2026-09-30T17:58:24.194+00:00   [0] d0 finish=stop completion=92 chunks=36 acc=2.600(chunks) rate=31.75 ttft=0.313 sha=ba409499c5af early_divergence div@1 head='Standard attention mechanisms sc' tail='tensive context windows.'
2026-09-30T17:58:24.194+00:00   [1] d1 finish=stop completion=78 chunks=34 acc=2.333(chunks) rate=28.10 ttft=0.312 sha=3173bb0cb3ca ok div@200 head='A bicycle gear system uses mecha' tail='ess mechanical leverage.'
2026-09-30T17:58:24.194+00:00   [2] d2 finish=stop completion=43 chunks=12 acc=3.818(chunks) rate=41.32 ttft=0.312 sha=097672f98733 ok div@None head='2, 3, 5, 7, 11, 13, 17, 19, 23, ' tail=', 17, 19, 23, 29, 31, 37'
2026-09-30T17:58:24.194+00:00   [3] d3 finish=stop completion=86 chunks=34 acc=2.576(chunks) rate=31.02 ttft=0.313 sha=9fbf937d0835 early_divergence div@4 head='The sun heats up water in oceans' tail=' journey all over again.'
2026-09-30T17:58:24.194+00:00   [4] d4 finish=stop completion=102 chunks=27 acc=3.885(chunks) rate=43.84 ttft=0.094 sha=d3af644442cd early_divergence div@80 head='```python\ndef fibonacci(n: int) ' tail=', a + b\n    return b\n```'
2026-09-30T17:58:30.581+00:00 burst=distinct-n5-b3 kind=distinct n=5 stagger=0.000 coprefill=False spread=0.217 gate=- report=['early_divergence']
2026-09-30T17:58:30.581+00:00   [0] d0 finish=stop completion=96 chunks=40 acc=2.436(chunks) rate=31.08 ttft=0.321 sha=087d8d63b3ad early_divergence div@1 head='Standard attention mechanisms sc' tail='pplication requirements.'
2026-09-30T17:58:30.581+00:00   [1] d1 finish=stop completion=77 chunks=31 acc=2.533(chunks) rate=29.45 ttft=0.321 sha=60e22ef7c97d ok div@165 head='A bicycle gear system uses mecha' tail='d on terrain conditions.'
2026-09-30T17:58:30.581+00:00   [2] d2 finish=stop completion=43 chunks=12 acc=3.818(chunks) rate=41.54 ttft=0.321 sha=097672f98733 ok div@None head='2, 3, 5, 7, 11, 13, 17, 19, 23, ' tail=', 17, 19, 23, 29, 31, 37'
2026-09-30T17:58:30.581+00:00   [3] d3 finish=stop completion=89 chunks=35 acc=2.588(chunks) rate=31.60 ttft=0.322 sha=0596173be865 early_divergence div@4 head='The sun warms up the water in oc' tail=' journey all over again.'
2026-09-30T17:58:30.581+00:00   [4] d4 finish=stop completion=102 chunks=27 acc=3.885(chunks) rate=44.14 ttft=0.105 sha=d3af644442cd early_divergence div@80 head='```python\ndef fibonacci(n: int) ' tail=', a + b\n    return b\n```'
2026-09-30T17:58:37.863+00:00 burst=identical-n8-b1 kind=identical n=8 stagger=0.000 coprefill=False spread=0.236 gate=- report=['early_divergence']
2026-09-30T17:58:37.863+00:00   [0] d0 finish=stop completion=101 chunks=47 acc=2.174(chunks) rate=26.39 ttft=0.109 sha=4bfa1bf64b96 early_divergence div@193 head='Sparse attention mitigates the q' tail='complex reasoning tasks.'
2026-09-30T17:58:37.863+00:00   [1] d0 finish=stop completion=93 chunks=35 acc=2.706(chunks) rate=31.97 ttft=0.343 sha=4894a43dbae9 early_divergence div@1 head='Standard attention mechanisms sc' tail='complex reasoning tasks.'
2026-09-30T17:58:37.863+00:00   [2] d0 finish=stop completion=103 chunks=52 acc=2.000(chunks) rate=25.95 ttft=0.343 sha=e694b3323d24 early_divergence div@17 head='Sparse attention significantly e' tail='nt long-range reasoning.'
2026-09-30T17:58:37.863+00:00   [3] d0 finish=stop completion=91 chunks=42 acc=2.195(chunks) rate=26.80 ttft=0.343 sha=29dbd9358c10 early_divergence div@132 head='Sparse attention mitigates the q' tail='real-world applications.'
2026-09-30T17:58:37.863+00:00   [4] d0 finish=stop completion=95 chunks=39 acc=2.474(chunks) rate=30.05 ttft=0.342 sha=30da1fd13f33 early_divergence div@1 head='Standard attention mechanisms sc' tail='pplication requirements.'
2026-09-30T17:58:37.863+00:00   [5] d0 finish=stop completion=94 chunks=40 acc=2.385(chunks) rate=28.97 ttft=0.342 sha=ae36ad6fd27b early_divergence div@1 head='Standard attention mechanisms sc' tail='pplication requirements.'
2026-09-30T17:58:37.863+00:00   [6] d0 finish=stop completion=93 chunks=37 acc=2.556(chunks) rate=31.11 ttft=0.343 sha=ca53988def6a early_divergence div@1 head='Standard attention mechanisms sc' tail='tensive context windows.'
2026-09-30T17:58:37.863+00:00   [7] d0 finish=stop completion=90 chunks=39 acc=2.342(chunks) rate=28.46 ttft=0.345 sha=74645c0c0861 early_divergence div@1 head='Standard attention mechanisms sc' tail='ontextual understanding.'
2026-09-30T17:58:45.157+00:00 burst=identical-n8-b2 kind=identical n=8 stagger=0.000 coprefill=False spread=0.233 gate=- report=['early_divergence']
2026-09-30T17:58:45.157+00:00   [0] d0 finish=stop completion=91 chunks=42 acc=2.195(chunks) rate=26.80 ttft=0.356 sha=29dbd9358c10 early_divergence div@132 head='Sparse attention mitigates the q' tail='real-world applications.'
2026-09-30T17:58:45.157+00:00   [1] d0 finish=stop completion=95 chunks=39 acc=2.474(chunks) rate=30.05 ttft=0.354 sha=30da1fd13f33 early_divergence div@1 head='Standard attention mechanisms sc' tail='pplication requirements.'
2026-09-30T17:58:45.157+00:00   [2] d0 finish=stop completion=94 chunks=40 acc=2.385(chunks) rate=28.96 ttft=0.355 sha=ae36ad6fd27b early_divergence div@1 head='Standard attention mechanisms sc' tail='pplication requirements.'
2026-09-30T17:58:45.157+00:00   [3] d0 finish=stop completion=103 chunks=52 acc=2.000(chunks) rate=25.96 ttft=0.356 sha=e694b3323d24 early_divergence div@17 head='Sparse attention significantly e' tail='nt long-range reasoning.'
2026-09-30T17:58:45.157+00:00   [4] d0 finish=stop completion=93 chunks=37 acc=2.556(chunks) rate=31.12 ttft=0.355 sha=ca53988def6a early_divergence div@1 head='Standard attention mechanisms sc' tail='tensive context windows.'
2026-09-30T17:58:45.157+00:00   [5] d0 finish=stop completion=101 chunks=47 acc=2.174(chunks) rate=26.41 ttft=0.123 sha=4bfa1bf64b96 early_divergence div@193 head='Sparse attention mitigates the q' tail='complex reasoning tasks.'
2026-09-30T17:58:45.157+00:00   [6] d0 finish=stop completion=90 chunks=39 acc=2.342(chunks) rate=28.46 ttft=0.355 sha=74645c0c0861 early_divergence div@1 head='Standard attention mechanisms sc' tail='ontextual understanding.'
2026-09-30T17:58:45.157+00:00   [7] d0 finish=stop completion=93 chunks=35 acc=2.706(chunks) rate=32.09 ttft=0.356 sha=4894a43dbae9 early_divergence div@1 head='Standard attention mechanisms sc' tail='complex reasoning tasks.'
2026-09-30T17:58:52.442+00:00 burst=identical-n8-b3 kind=identical n=8 stagger=0.000 coprefill=False spread=0.233 gate=- report=['early_divergence']
2026-09-30T17:58:52.442+00:00   [0] d0 finish=stop completion=101 chunks=47 acc=2.174(chunks) rate=26.42 ttft=0.111 sha=4bfa1bf64b96 early_divergence div@193 head='Sparse attention mitigates the q' tail='complex reasoning tasks.'
2026-09-30T17:58:52.442+00:00   [1] d0 finish=stop completion=93 chunks=37 acc=2.556(chunks) rate=31.08 ttft=0.342 sha=ca53988def6a early_divergence div@1 head='Standard attention mechanisms sc' tail='tensive context windows.'
2026-09-30T17:58:52.442+00:00   [2] d0 finish=stop completion=94 chunks=40 acc=2.385(chunks) rate=28.97 ttft=0.342 sha=ae36ad6fd27b early_divergence div@1 head='Standard attention mechanisms sc' tail='pplication requirements.'
2026-09-30T17:58:52.442+00:00   [3] d0 finish=stop completion=95 chunks=39 acc=2.474(chunks) rate=30.05 ttft=0.342 sha=30da1fd13f33 early_divergence div@1 head='Standard attention mechanisms sc' tail='pplication requirements.'
2026-09-30T17:58:52.443+00:00   [4] d0 finish=stop completion=93 chunks=35 acc=2.706(chunks) rate=32.08 ttft=0.343 sha=4894a43dbae9 early_divergence div@1 head='Standard attention mechanisms sc' tail='complex reasoning tasks.'
2026-09-30T17:58:52.443+00:00   [5] d0 finish=stop completion=91 chunks=42 acc=2.195(chunks) rate=26.79 ttft=0.343 sha=29dbd9358c10 early_divergence div@132 head='Sparse attention mitigates the q' tail='real-world applications.'
2026-09-30T17:58:52.443+00:00   [6] d0 finish=stop completion=90 chunks=39 acc=2.342(chunks) rate=28.47 ttft=0.344 sha=74645c0c0861 early_divergence div@1 head='Standard attention mechanisms sc' tail='ontextual understanding.'
2026-09-30T17:58:52.443+00:00   [7] d0 finish=stop completion=103 chunks=52 acc=2.000(chunks) rate=25.94 ttft=0.344 sha=e694b3323d24 early_divergence div@17 head='Sparse attention significantly e' tail='nt long-range reasoning.'
2026-09-30T17:58:59.106+00:00 burst=distinct-n8-b1 kind=distinct n=8 stagger=0.000 coprefill=False spread=0.264 gate=- report=['early_divergence']
2026-09-30T17:58:59.106+00:00   [0] d0 finish=stop completion=93 chunks=36 acc=2.629(chunks) rate=28.95 ttft=0.360 sha=774bf9418857 early_divergence div@1 head='Standard attention mechanisms sc' tail='tensive context windows.'
2026-09-30T17:58:59.106+00:00   [1] d1 finish=stop completion=70 chunks=30 acc=2.379(chunks) rate=23.56 ttft=0.098 sha=c989adf4b4cc ok div@201 head='A bicycle gear system uses mecha' tail=' speed for flat terrain.'
2026-09-30T17:58:59.106+00:00   [2] d2 finish=stop completion=43 chunks=12 acc=3.818(chunks) rate=35.67 ttft=0.359 sha=097672f98733 ok div@None head='2, 3, 5, 7, 11, 13, 17, 19, 23, ' tail=', 17, 19, 23, 29, 31, 37'
2026-09-30T17:58:59.106+00:00   [3] d3 finish=stop completion=92 chunks=38 acc=2.459(chunks) rate=27.64 ttft=0.361 sha=ec7927030dd0 early_divergence div@26 head='The water cycle is like a never-' tail='the trip all over again.'
2026-09-30T17:58:59.106+00:00   [4] d4 finish=stop completion=81 chunks=21 acc=4.000(chunks) rate=39.28 ttft=0.361 sha=d6e4529d7c26 early_divergence div@50 head='```python\ndef fibonacci(n: int) ' tail=', a + b\n    return b\n```'
2026-09-30T17:58:59.106+00:00   [5] d5 finish=stop completion=17 chunks=7 acc=2.667(chunks) rate=24.72 ttft=0.361 sha=5a881638e98d ok div@None head='La bibliothèque ouvre à neuf heu' tail='-huit heures en semaine.'
2026-09-30T17:58:59.106+00:00   [6] d6 finish=stop completion=70 chunks=34 acc=2.091(chunks) rate=22.73 ttft=0.361 sha=6ed0508ab41c ok div@189 head='1. Reduce watering frequency sig' tail='ensate for shorter days.'
2026-09-30T17:58:59.106+00:00   [7] d7 finish=stop completion=67 chunks=18 acc=3.882(chunks) rate=37.49 ttft=0.361 sha=c39be9b87ae0 ok div@None head='{\n  "name": "Eiffel Tower",\n  "y' tail='re",\n    "Tourism"\n  ]\n}'
2026-09-30T17:59:06.004+00:00 burst=distinct-n8-b2 kind=distinct n=8 stagger=0.000 coprefill=False spread=0.258 gate=- report=['early_divergence']
2026-09-30T17:59:06.004+00:00   [0] d0 finish=stop completion=96 chunks=43 acc=2.262(chunks) rate=25.10 ttft=0.104 sha=0905ae89d31b early_divergence div@57 head='Sparse attention mitigates the q' tail='e, attention mechanisms.'
2026-09-30T17:59:06.004+00:00   [1] d1 finish=stop completion=65 chunks=29 acc=2.286(chunks) rate=22.79 ttft=0.362 sha=3d599a0312f2 early_divergence div@77 head='A bicycle gear system uses mecha' tail=' for varying conditions.'
2026-09-30T17:59:06.004+00:00   [2] d2 finish=stop completion=43 chunks=12 acc=3.818(chunks) rate=35.81 ttft=0.361 sha=097672f98733 ok div@None head='2, 3, 5, 7, 11, 13, 17, 19, 23, ' tail=', 17, 19, 23, 29, 31, 37'
2026-09-30T17:59:06.004+00:00   [3] d3 finish=stop completion=95 chunks=36 acc=2.686(chunks) rate=29.40 ttft=0.361 sha=e2c5aef1b22a early_divergence div@16 head='The water cycle starts when the ' tail=' journey all over again.'
2026-09-30T17:59:06.004+00:00   [4] d4 finish=stop completion=102 chunks=26 acc=4.040(chunks) rate=39.43 ttft=0.361 sha=cb9c046d4e9a ok div@None head='```python\ndef fibonacci(n: int) ' tail=', a + b\n    return b\n```'
2026-09-30T17:59:06.004+00:00   [5] d5 finish=stop completion=17 chunks=7 acc=2.667(chunks) rate=24.75 ttft=0.360 sha=5a881638e98d ok div@None head='La bibliothèque ouvre à neuf heu' tail='-huit heures en semaine.'
2026-09-30T17:59:06.004+00:00   [6] d6 finish=stop completion=71 chunks=30 acc=2.414(chunks) rate=24.91 ttft=0.360 sha=42d947df928a ok div@323 head='1. Reduce watering frequency sig' tail=' shorter daylight hours.'
2026-09-30T17:59:06.004+00:00   [7] d7 finish=stop completion=67 chunks=18 acc=3.882(chunks) rate=37.61 ttft=0.362 sha=c39be9b87ae0 ok div@None head='{\n  "name": "Eiffel Tower",\n  "y' tail='re",\n    "Tourism"\n  ]\n}'
2026-09-30T17:59:12.978+00:00 burst=distinct-n8-b3 kind=distinct n=8 stagger=0.000 coprefill=False spread=0.256 gate=- report=['early_divergence']
2026-09-30T17:59:12.978+00:00   [0] d0 finish=stop completion=91 chunks=37 acc=2.500(chunks) rate=27.11 ttft=0.367 sha=28ad902a80be early_divergence div@1 head='Standard attention mechanisms sc' tail='al hardware constraints.'
2026-09-30T17:59:12.978+00:00   [1] d1 finish=stop completion=71 chunks=30 acc=2.414(chunks) rate=24.81 ttft=0.365 sha=53845d361929 ok div@165 head='A bicycle gear system uses mecha' tail=' to overcome resistance.'
2026-09-30T17:59:12.978+00:00   [2] d2 finish=stop completion=43 chunks=12 acc=3.818(chunks) rate=35.32 ttft=0.366 sha=097672f98733 ok div@None head='2, 3, 5, 7, 11, 13, 17, 19, 23, ' tail=', 17, 19, 23, 29, 31, 37'
2026-09-30T17:59:12.978+00:00   [3] d3 finish=stop completion=104 chunks=42 acc=2.512(chunks) rate=28.63 ttft=0.365 sha=f0d05dda2ab5 early_divergence div@16 head='The water cycle starts when the ' tail=' journey all over again.'
2026-09-30T17:59:12.978+00:00   [4] d4 finish=stop completion=102 chunks=26 acc=4.040(chunks) rate=39.26 ttft=0.367 sha=cb9c046d4e9a ok div@None head='```python\ndef fibonacci(n: int) ' tail=', a + b\n    return b\n```'
2026-09-30T17:59:12.979+00:00   [5] d5 finish=stop completion=19 chunks=8 acc=2.571(chunks) rate=23.60 ttft=0.367 sha=fbd9a6af1079 early_divergence div@63 head='La bibliothèque ouvre à neuf heu' tail='res les jours ouvrables.'
2026-09-30T17:59:12.979+00:00   [6] d6 finish=stop completion=70 chunks=33 acc=2.156(chunks) rate=22.58 ttft=0.366 sha=6ed0508ab41c ok div@189 head='1. Reduce watering frequency sig' tail='ensate for shorter days.'
2026-09-30T17:59:12.979+00:00   [7] d7 finish=stop completion=67 chunks=18 acc=3.882(chunks) rate=35.77 ttft=0.113 sha=c39be9b87ae0 ok div@None head='{\n  "name": "Eiffel Tower",\n  "y' tail='re",\n    "Tourism"\n  ]\n}'
2026-09-30T17:59:18.514+00:00 burst=staggered-identical-n2 kind=identical n=2 stagger=0.250 coprefill=False spread=0.322 gate=- report=['early_divergence']
2026-09-30T17:59:18.514+00:00   [0] d0 finish=stop completion=95 chunks=41 acc=2.350(chunks) rate=38.75 ttft=0.101 sha=26e6979e3e7e ok div@333 head='Sparse attention mitigates the q' tail='n large language models.'
2026-09-30T17:59:18.514+00:00   [1] d0 finish=stop completion=93 chunks=34 acc=2.788(chunks) rate=46.38 ttft=0.173 sha=774bf9418857 early_divergence div@1 head='Standard attention mechanisms sc' tail='tensive context windows.'
2026-09-30T17:59:24.141+00:00 burst=staggered-distinct-n3 kind=distinct n=3 stagger=0.250 coprefill=False spread=0.603 gate=- report=['early_divergence']
2026-09-30T17:59:24.141+00:00   [0] d0 finish=stop completion=90 chunks=38 acc=2.405(chunks) rate=35.31 ttft=0.098 sha=e214644d0d7e early_divergence div@132 head='Sparse attention mitigates the q' tail='ageable inference costs.'
2026-09-30T17:59:24.141+00:00   [1] d1 finish=stop completion=67 chunks=28 acc=2.444(chunks) rate=35.12 ttft=0.216 sha=e99d6094a312 early_divergence div@77 head='A bicycle gear system uses mecha' tail=' for varying conditions.'
2026-09-30T17:59:24.141+00:00   [2] d2 finish=stop completion=43 chunks=12 acc=3.818(chunks) rate=50.91 ttft=0.201 sha=097672f98733 ok div@None head='2, 3, 5, 7, 11, 13, 17, 19, 23, ' tail=', 17, 19, 23, 29, 31, 37'
2026-09-30T17:59:31.067+00:00 burst=staggered-distinct-n5 kind=distinct n=5 stagger=0.250 coprefill=False spread=1.159 gate=- report=['early_divergence']
2026-09-30T17:59:31.067+00:00   [0] d0 finish=stop completion=92 chunks=40 acc=2.333(chunks) rate=29.05 ttft=0.102 sha=50f8a9658adf early_divergence div@132 head='Sparse attention mitigates the q' tail=' speeds and scalability.'
2026-09-30T17:59:31.067+00:00   [1] d1 finish=stop completion=65 chunks=28 acc=2.370(chunks) rate=27.64 ttft=0.215 sha=3d599a0312f2 early_divergence div@77 head='A bicycle gear system uses mecha' tail=' for varying conditions.'
2026-09-30T17:59:31.067+00:00   [2] d2 finish=stop completion=43 chunks=12 acc=3.818(chunks) rate=41.19 ttft=0.203 sha=097672f98733 ok div@None head='2, 3, 5, 7, 11, 13, 17, 19, 23, ' tail=', 17, 19, 23, 29, 31, 37'
2026-09-30T17:59:31.067+00:00   [3] d3 finish=stop completion=101 chunks=40 acc=2.564(chunks) rate=33.90 ttft=0.218 sha=a5cb9def895f early_divergence div@16 head='The water cycle starts when the ' tail=' journey all over again.'
2026-09-30T17:59:31.067+00:00   [4] d4 finish=stop completion=102 chunks=28 acc=3.741(chunks) rate=46.44 ttft=0.261 sha=cb9c046d4e9a ok div@None head='```python\ndef fibonacci(n: int) ' tail=', a + b\n    return b\n```'
2026-09-30T17:59:39.211+00:00 burst=staggered-identical-n8 kind=identical n=8 stagger=0.250 coprefill=False spread=1.960 gate=- report=['early_divergence']
2026-09-30T17:59:39.211+00:00   [0] d0 finish=stop completion=95 chunks=45 acc=2.136(chunks) rate=24.86 ttft=0.100 sha=62032dac1eb1 early_divergence div@164 head='Sparse attention mitigates the q' tail='n large language models.'
2026-09-30T17:59:39.211+00:00   [1] d0 finish=stop completion=93 chunks=36 acc=2.629(chunks) rate=29.19 ttft=0.217 sha=774bf9418857 early_divergence div@1 head='Standard attention mechanisms sc' tail='tensive context windows.'
2026-09-30T17:59:39.211+00:00   [2] d0 finish=stop completion=95 chunks=39 acc=2.474(chunks) rate=27.26 ttft=0.199 sha=30da1fd13f33 early_divergence div@1 head='Standard attention mechanisms sc' tail='pplication requirements.'
2026-09-30T17:59:39.211+00:00   [3] d0 finish=stop completion=92 chunks=34 acc=2.758(chunks) rate=29.31 ttft=0.209 sha=d347660dc6fd early_divergence div@1 head='Standard attention mechanisms sc' tail='onstrained environments.'
2026-09-30T17:59:39.211+00:00   [4] d0 finish=stop completion=91 chunks=38 acc=2.432(chunks) rate=27.33 ttft=0.229 sha=28ad902a80be early_divergence div@1 head='Standard attention mechanisms sc' tail='al hardware constraints.'
2026-09-30T17:59:39.211+00:00   [5] d0 finish=stop completion=96 chunks=44 acc=2.209(chunks) rate=26.27 ttft=0.269 sha=489a49d1db88 early_divergence div@193 head='Sparse attention mitigates the q' tail=' contextual information.'
2026-09-30T17:59:39.211+00:00   [6] d0 finish=stop completion=96 chunks=42 acc=2.317(chunks) rate=28.01 ttft=0.244 sha=af05a4d40076 early_divergence div@1 head='Standard attention mechanisms sc' tail='ming hardware resources.'
2026-09-30T17:59:39.211+00:00   [7] d0 finish=stop completion=95 chunks=38 acc=2.541(chunks) rate=31.27 ttft=0.310 sha=6b5b1b878e02 early_divergence div@1 head='Standard attention mechanisms sc' tail='s vast textual contexts.'
2026-09-30T17:59:50.705+00:00 burst=long-pair kind=long n=2 stagger=0.000 coprefill=False spread=2.519 gate=- report=['slow']
2026-09-30T17:59:50.705+00:00   [0] long0 finish=stop completion=6 chunks=2 acc=5.000(chunks) rate=38.49 ttft=8.354 sha=83dab7f91bc1 ok div@None head='74354' tail='74354'
2026-09-30T17:59:50.705+00:00   [1] long1 finish=stop completion=6 chunks=2 acc=5.000(chunks) rate=1.98 ttft=5.835 sha=0ec41e567fc2 slow div@None head='79083' tail='79083'
2026-09-30T17:59:54.239+00:00 burst=image-pair kind=image n=2 stagger=0.000 coprefill=False spread=0.203 gate=- report=['early_divergence']
2026-09-30T17:59:54.239+00:00   [0] img_red finish=stop completion=11 chunks=4 acc=3.333(chunks) rate=38.00 ttft=0.146 sha=0e1c14c4131c ok div@None head='The image is filled with a solid' tail=' with a solid red color.'
2026-09-30T17:59:54.239+00:00   [1] img_blue finish=stop completion=11 chunks=4 acc=3.333(chunks) rate=56.58 ttft=0.350 sha=705b4320e3b4 early_divergence div@2 head='The image is filled with a solid' tail='with a solid blue color.'
2026-09-30T17:59:54.239+00:00 TOTALS bursts=30 streams=130 gate_bursts=0 zero_acc=0 runaway=0 first32_match=0.277 coprefill_bursts=0 per_request_spec_metrics=False
2026-09-30T17:59:54.239+00:00 NOTE: server did not return metrics.speculative_decoding on every stream; acceptance estimated from tokens per chunk (serve with --per-request-spec-decode-metrics summary)
2026-09-30T17:59:54.239+00:00 T0 PASS
