2026-09-30T06:31:17.627+00:00 bench_probe v1 url=http://127.0.0.1:8000/v1/chat/completions sizes=[2, 3, 5, 8] kinds=['identical', 'distinct'] bursts_per_shape=3 max_tokens=256
2026-09-30T06:31:19.517+00:00 ref d0 finish=stop completion=96 acc=2.639 ttft=0.216 sha=1ce2e3b94727 head='Standard attention mechanisms scale quad'
2026-09-30T06:31:21.880+00:00 ref d1 finish=stop completion=69 acc=2.519 ttft=0.118 sha=ade68c359f59 head='A bicycle gear system uses mechanical ad'
2026-09-30T06:31:23.518+00:00 ref d2 finish=stop completion=43 acc=3.818 ttft=0.120 sha=097672f98733 head='2, 3, 5, 7, 11, 13, 17, 19, 23, 29, 31, '
2026-09-30T06:31:26.280+00:00 ref d3 finish=stop completion=92 acc=2.528 ttft=0.116 sha=9daa01a1d3ec head='The water cycle is like a never-ending j'
2026-09-30T06:31:28.605+00:00 ref d4 finish=stop completion=102 acc=3.885 ttft=0.111 sha=cb9c046d4e9a head='```python\ndef fibonacci(n: int) -> int:\n'
2026-09-30T06:31:30.001+00:00 ref d5 finish=stop completion=17 acc=2.667 ttft=0.123 sha=5a881638e98d head='La bibliothèque ouvre à neuf heures et f'
2026-09-30T06:31:32.352+00:00 ref d6 finish=stop completion=71 acc=2.692 ttft=0.113 sha=42442bd63e48 head='1. Reduce watering frequency significant'
2026-09-30T06:31:34.244+00:00 ref d7 finish=stop completion=67 acc=3.882 ttft=0.118 sha=c39be9b87ae0 head='{\n  "name": "Eiffel Tower",\n  "year": 18'
2026-09-30T06:31:39.983+00:00 ref long0 finish=stop completion=6 acc=5.000 ttft=4.689 sha=83dab7f91bc1 head='74354'
2026-09-30T06:31:45.185+00:00 ref long1 finish=stop completion=6 acc=5.000 ttft=4.109 sha=0ec41e567fc2 head='79083'
2026-09-30T06:31:46.540+00:00 ref img_red finish=stop completion=11 acc=3.333 ttft=0.215 sha=0e1c14c4131c head='The image is filled with a solid red col'
2026-09-30T06:31:47.858+00:00 ref img_blue finish=stop completion=11 acc=3.333 ttft=0.179 sha=705b4320e3b4 head='The image is filled with a solid blue co'
2026-09-30T06:31:54.644+00:00 burst=identical-n2-b1 kind=identical n=2 stagger=0.000 coprefill=False spread=0.375 gate=- report=['early_divergence']
2026-09-30T06:31:54.644+00:00   [0] d0 finish=stop completion=94 chunks=44 acc=2.163(chunks) rate=35.12 ttft=0.129 sha=542341f4e1df early_divergence div@206 head='Standard attention mechanisms sc' tail='sive hardware resources.'
2026-09-30T06:31:54.644+00:00   [1] d0 finish=stop completion=95 chunks=40 acc=2.410(chunks) rate=43.50 ttft=0.505 sha=ae5bb4f5308e ok div@574 head='Standard attention mechanisms sc' tail='ross extensive contexts.'
2026-09-30T06:32:00.158+00:00 burst=identical-n2-b2 kind=identical n=2 stagger=0.000 coprefill=False spread=0.149 gate=- report=['early_divergence']
2026-09-30T06:32:00.158+00:00   [0] d0 finish=stop completion=94 chunks=44 acc=2.163(chunks) rate=38.59 ttft=0.094 sha=542341f4e1df early_divergence div@206 head='Standard attention mechanisms sc' tail='sive hardware resources.'
2026-09-30T06:32:00.158+00:00   [1] d0 finish=stop completion=95 chunks=40 acc=2.410(chunks) rate=43.62 ttft=0.243 sha=ae5bb4f5308e ok div@574 head='Standard attention mechanisms sc' tail='ross extensive contexts.'
2026-09-30T06:32:05.658+00:00 burst=identical-n2-b3 kind=identical n=2 stagger=0.000 coprefill=False spread=0.149 gate=- report=['early_divergence']
2026-09-30T06:32:05.658+00:00   [0] d0 finish=stop completion=94 chunks=44 acc=2.163(chunks) rate=38.76 ttft=0.092 sha=542341f4e1df early_divergence div@206 head='Standard attention mechanisms sc' tail='sive hardware resources.'
2026-09-30T06:32:05.658+00:00   [1] d0 finish=stop completion=95 chunks=40 acc=2.410(chunks) rate=43.87 ttft=0.241 sha=ae5bb4f5308e ok div@574 head='Standard attention mechanisms sc' tail='ross extensive contexts.'
2026-09-30T06:32:11.307+00:00 burst=distinct-n2-b1 kind=distinct n=2 stagger=0.000 coprefill=True spread=0.000 gate=- report=-
2026-09-30T06:32:11.308+00:00   [0] d0 finish=stop completion=95 chunks=41 acc=2.350(chunks) rate=43.87 ttft=0.497 sha=ae5bb4f5308e ok div@574 head='Standard attention mechanisms sc' tail='ross extensive contexts.'
2026-09-30T06:32:11.308+00:00   [1] d1 finish=stop completion=70 chunks=29 acc=2.464(chunks) rate=43.60 ttft=0.497 sha=af395b6f61d0 ok div@355 head='A bicycle gear system uses mecha' tail='in and desired velocity.'
2026-09-30T06:32:16.443+00:00 burst=distinct-n2-b2 kind=distinct n=2 stagger=0.000 coprefill=False spread=0.141 gate=- report=['early_divergence']
2026-09-30T06:32:16.443+00:00   [0] d0 finish=stop completion=95 chunks=37 acc=2.611(chunks) rate=46.12 ttft=0.092 sha=5d9254389da7 ok div@509 head='Standard attention mechanisms sc' tail='s vast textual contexts.'
2026-09-30T06:32:16.443+00:00   [1] d1 finish=stop completion=71 chunks=29 acc=2.500(chunks) rate=43.59 ttft=0.234 sha=53845d361929 early_divergence div@77 head='A bicycle gear system uses mecha' tail=' to overcome resistance.'
2026-09-30T06:32:21.581+00:00 burst=distinct-n2-b3 kind=distinct n=2 stagger=0.000 coprefill=False spread=0.142 gate=- report=['early_divergence']
2026-09-30T06:32:21.581+00:00   [0] d0 finish=stop completion=95 chunks=37 acc=2.611(chunks) rate=46.16 ttft=0.095 sha=5d9254389da7 ok div@509 head='Standard attention mechanisms sc' tail='s vast textual contexts.'
2026-09-30T06:32:21.581+00:00   [1] d1 finish=stop completion=71 chunks=29 acc=2.500(chunks) rate=43.73 ttft=0.237 sha=53845d361929 early_divergence div@77 head='A bicycle gear system uses mecha' tail=' to overcome resistance.'
2026-09-30T06:32:27.688+00:00 burst=identical-n3-b1 kind=identical n=3 stagger=0.000 coprefill=False spread=0.155 gate=- report=['early_divergence']
2026-09-30T06:32:27.688+00:00   [0] d0 finish=stop completion=95 chunks=38 acc=2.541(chunks) rate=39.03 ttft=0.108 sha=e60401fb7e30 early_divergence div@206 head='Standard attention mechanisms sc' tail='d practical application.'
2026-09-30T06:32:27.688+00:00   [1] d0 finish=stop completion=92 chunks=41 acc=2.275(chunks) rate=36.58 ttft=0.263 sha=2e5ed1423862 early_divergence div@72 head='Standard attention mechanisms sc' tail='ssive document analysis.'
2026-09-30T06:32:27.688+00:00   [2] d0 finish=stop completion=95 chunks=47 acc=2.043(chunks) rate=33.15 ttft=0.263 sha=91facacaf727 early_divergence div@72 head='Standard attention mechanisms sc' tail='sive hardware resources.'
2026-09-30T06:32:33.782+00:00 burst=identical-n3-b2 kind=identical n=3 stagger=0.000 coprefill=False spread=0.157 gate=- report=['early_divergence']
2026-09-30T06:32:33.782+00:00   [0] d0 finish=stop completion=95 chunks=38 acc=2.541(chunks) rate=39.18 ttft=0.105 sha=e60401fb7e30 early_divergence div@206 head='Standard attention mechanisms sc' tail='d practical application.'
2026-09-30T06:32:33.782+00:00   [1] d0 finish=stop completion=95 chunks=47 acc=2.043(chunks) rate=33.30 ttft=0.261 sha=91facacaf727 early_divergence div@72 head='Standard attention mechanisms sc' tail='sive hardware resources.'
2026-09-30T06:32:33.782+00:00   [2] d0 finish=stop completion=92 chunks=41 acc=2.275(chunks) rate=36.74 ttft=0.261 sha=2e5ed1423862 early_divergence div@72 head='Standard attention mechanisms sc' tail='ssive document analysis.'
2026-09-30T06:32:39.925+00:00 burst=identical-n3-b3 kind=identical n=3 stagger=0.000 coprefill=False spread=0.166 gate=- report=['early_divergence']
2026-09-30T06:32:39.925+00:00   [0] d0 finish=stop completion=92 chunks=41 acc=2.275(chunks) rate=36.01 ttft=0.261 sha=2e5ed1423862 early_divergence div@72 head='Standard attention mechanisms sc' tail='ssive document analysis.'
2026-09-30T06:32:39.925+00:00   [1] d0 finish=stop completion=95 chunks=47 acc=2.043(chunks) rate=32.70 ttft=0.260 sha=91facacaf727 early_divergence div@72 head='Standard attention mechanisms sc' tail='sive hardware resources.'
2026-09-30T06:32:39.925+00:00   [2] d0 finish=stop completion=95 chunks=38 acc=2.541(chunks) rate=38.28 ttft=0.094 sha=e60401fb7e30 early_divergence div@206 head='Standard attention mechanisms sc' tail='d practical application.'
2026-09-30T06:32:45.775+00:00 burst=distinct-n3-b1 kind=distinct n=3 stagger=0.000 coprefill=False spread=0.164 gate=- report=['early_divergence']
2026-09-30T06:32:45.775+00:00   [0] d0 finish=stop completion=95 chunks=48 acc=2.000(chunks) rate=34.24 ttft=0.096 sha=bf9c2af97a9a early_divergence div@206 head='Standard attention mechanisms sc' tail='ext length is paramount.'
2026-09-30T06:32:45.775+00:00   [1] d1 finish=stop completion=78 chunks=33 acc=2.406(chunks) rate=39.13 ttft=0.259 sha=31fa76939423 early_divergence div@77 head='A bicycle gear system uses mecha' tail=' to overcome resistance.'
2026-09-30T06:32:45.775+00:00   [2] d2 finish=stop completion=43 chunks=12 acc=3.818(chunks) rate=53.82 ttft=0.259 sha=097672f98733 ok div@None head='2, 3, 5, 7, 11, 13, 17, 19, 23, ' tail=', 17, 19, 23, 29, 31, 37'
2026-09-30T06:32:51.658+00:00 burst=distinct-n3-b2 kind=distinct n=3 stagger=0.000 coprefill=False spread=0.163 gate=- report=['early_divergence']
2026-09-30T06:32:51.658+00:00   [0] d0 finish=stop completion=95 chunks=48 acc=2.000(chunks) rate=34.28 ttft=0.133 sha=bf9c2af97a9a early_divergence div@206 head='Standard attention mechanisms sc' tail='ext length is paramount.'
2026-09-30T06:32:51.658+00:00   [1] d1 finish=stop completion=78 chunks=33 acc=2.406(chunks) rate=39.35 ttft=0.295 sha=31fa76939423 early_divergence div@77 head='A bicycle gear system uses mecha' tail=' to overcome resistance.'
2026-09-30T06:32:51.658+00:00   [2] d2 finish=stop completion=43 chunks=12 acc=3.818(chunks) rate=54.45 ttft=0.296 sha=097672f98733 ok div@None head='2, 3, 5, 7, 11, 13, 17, 19, 23, ' tail=', 17, 19, 23, 29, 31, 37'
2026-09-30T06:32:57.524+00:00 burst=distinct-n3-b3 kind=distinct n=3 stagger=0.000 coprefill=False spread=0.162 gate=- report=['early_divergence']
2026-09-30T06:32:57.524+00:00   [0] d0 finish=stop completion=95 chunks=48 acc=2.000(chunks) rate=34.03 ttft=0.097 sha=bf9c2af97a9a early_divergence div@206 head='Standard attention mechanisms sc' tail='ext length is paramount.'
2026-09-30T06:32:57.524+00:00   [1] d1 finish=stop completion=78 chunks=33 acc=2.406(chunks) rate=39.04 ttft=0.259 sha=31fa76939423 early_divergence div@77 head='A bicycle gear system uses mecha' tail=' to overcome resistance.'
2026-09-30T06:32:57.524+00:00   [2] d2 finish=stop completion=43 chunks=12 acc=3.818(chunks) rate=54.81 ttft=0.259 sha=097672f98733 ok div@None head='2, 3, 5, 7, 11, 13, 17, 19, 23, ' tail=', 17, 19, 23, 29, 31, 37'
2026-09-30T06:33:04.276+00:00 burst=identical-n5-b1 kind=identical n=5 stagger=0.000 coprefill=False spread=0.207 gate=- report=['early_divergence']
2026-09-30T06:33:04.276+00:00   [0] d0 finish=stop completion=95 chunks=49 acc=1.958(chunks) rate=27.37 ttft=0.307 sha=e7a4561ca8e2 early_divergence div@72 head='Standard attention mechanisms sc' tail='ming hardware resources.'
2026-09-30T06:33:04.276+00:00   [1] d0 finish=stop completion=98 chunks=43 acc=2.310(chunks) rate=31.32 ttft=0.307 sha=4cba152d0276 early_divergence div@1 head='Sparse attention mitigates the q' tail='n large language models.'
2026-09-30T06:33:04.276+00:00   [2] d0 finish=stop completion=100 chunks=46 acc=2.200(chunks) rate=30.18 ttft=0.307 sha=03e4d0d2907a ok div@237 head='Standard attention mechanisms sc' tail='ex, extended narratives.'
2026-09-30T06:33:04.276+00:00   [3] d0 finish=stop completion=94 chunks=45 acc=2.114(chunks) rate=28.15 ttft=0.100 sha=254f713ab7ac early_divergence div@206 head='Standard attention mechanisms sc' tail='n large language models.'
2026-09-30T06:33:04.276+00:00   [4] d0 finish=stop completion=89 chunks=37 acc=2.444(chunks) rate=32.90 ttft=0.307 sha=dc7d6d0ff882 ok div@254 head='Standard attention mechanisms sc' tail='ent language generation.'
2026-09-30T06:33:11.010+00:00 burst=identical-n5-b2 kind=identical n=5 stagger=0.000 coprefill=False spread=0.195 gate=- report=['early_divergence']
2026-09-30T06:33:11.010+00:00   [0] d0 finish=stop completion=98 chunks=43 acc=2.310(chunks) rate=31.26 ttft=0.290 sha=4cba152d0276 early_divergence div@1 head='Sparse attention mitigates the q' tail='n large language models.'
2026-09-30T06:33:11.010+00:00   [1] d0 finish=stop completion=89 chunks=37 acc=2.444(chunks) rate=32.86 ttft=0.289 sha=dc7d6d0ff882 ok div@254 head='Standard attention mechanisms sc' tail='ent language generation.'
2026-09-30T06:33:11.010+00:00   [2] d0 finish=stop completion=94 chunks=45 acc=2.114(chunks) rate=28.21 ttft=0.095 sha=254f713ab7ac early_divergence div@206 head='Standard attention mechanisms sc' tail='n large language models.'
2026-09-30T06:33:11.010+00:00   [3] d0 finish=stop completion=100 chunks=46 acc=2.200(chunks) rate=30.16 ttft=0.289 sha=03e4d0d2907a ok div@237 head='Standard attention mechanisms sc' tail='ex, extended narratives.'
2026-09-30T06:33:11.010+00:00   [4] d0 finish=stop completion=95 chunks=49 acc=1.958(chunks) rate=27.33 ttft=0.289 sha=e7a4561ca8e2 early_divergence div@72 head='Standard attention mechanisms sc' tail='ming hardware resources.'
2026-09-30T06:33:17.761+00:00 burst=identical-n5-b3 kind=identical n=5 stagger=0.000 coprefill=False spread=0.200 gate=- report=['early_divergence']
2026-09-30T06:33:17.761+00:00   [0] d0 finish=stop completion=94 chunks=45 acc=2.114(chunks) rate=28.06 ttft=0.100 sha=254f713ab7ac early_divergence div@206 head='Standard attention mechanisms sc' tail='n large language models.'
2026-09-30T06:33:17.761+00:00   [1] d0 finish=stop completion=89 chunks=37 acc=2.444(chunks) rate=32.65 ttft=0.299 sha=dc7d6d0ff882 ok div@254 head='Standard attention mechanisms sc' tail='ent language generation.'
2026-09-30T06:33:17.761+00:00   [2] d0 finish=stop completion=95 chunks=49 acc=1.958(chunks) rate=27.31 ttft=0.300 sha=e7a4561ca8e2 early_divergence div@72 head='Standard attention mechanisms sc' tail='ming hardware resources.'
2026-09-30T06:33:17.761+00:00   [3] d0 finish=stop completion=98 chunks=43 acc=2.310(chunks) rate=31.15 ttft=0.300 sha=4cba152d0276 early_divergence div@1 head='Sparse attention mitigates the q' tail='n large language models.'
2026-09-30T06:33:17.761+00:00   [4] d0 finish=stop completion=100 chunks=46 acc=2.200(chunks) rate=30.10 ttft=0.300 sha=03e4d0d2907a ok div@237 head='Standard attention mechanisms sc' tail='ex, extended narratives.'
2026-09-30T06:33:24.132+00:00 burst=distinct-n5-b1 kind=distinct n=5 stagger=0.000 coprefill=False spread=0.206 gate=- report=['early_divergence']
2026-09-30T06:33:24.132+00:00   [0] d0 finish=stop completion=99 chunks=42 acc=2.390(chunks) rate=32.41 ttft=0.340 sha=8c7f216ca032 early_divergence div@72 head='Standard attention mechanisms sc' tail='tensive context windows.'
2026-09-30T06:33:24.132+00:00   [1] d1 finish=stop completion=71 chunks=34 acc=2.121(chunks) rate=26.82 ttft=0.340 sha=2519b83bede3 early_divergence div@77 head='A bicycle gear system uses mecha' tail='torque for higher speed.'
2026-09-30T06:33:24.132+00:00   [2] d2 finish=stop completion=43 chunks=12 acc=3.818(chunks) rate=42.80 ttft=0.339 sha=097672f98733 ok div@None head='2, 3, 5, 7, 11, 13, 17, 19, 23, ' tail=', 17, 19, 23, 29, 31, 37'
2026-09-30T06:33:24.132+00:00   [3] d3 finish=stop completion=94 chunks=35 acc=2.735(chunks) rate=33.96 ttft=0.339 sha=0969945d1b5d early_divergence div@99 head='The water cycle is like a never-' tail='the whole process again.'
2026-09-30T06:33:24.132+00:00   [4] d4 finish=stop completion=102 chunks=27 acc=3.885(chunks) rate=45.94 ttft=0.135 sha=cb9c046d4e9a ok div@None head='```python\ndef fibonacci(n: int) ' tail=', a + b\n    return b\n```'
2026-09-30T06:33:30.480+00:00 burst=distinct-n5-b2 kind=distinct n=5 stagger=0.000 coprefill=False spread=0.203 gate=- report=['early_divergence']
2026-09-30T06:33:30.480+00:00   [0] d0 finish=stop completion=95 chunks=40 acc=2.410(chunks) rate=30.02 ttft=0.099 sha=30da1fd13f33 early_divergence div@206 head='Standard attention mechanisms sc' tail='pplication requirements.'
2026-09-30T06:33:30.480+00:00   [1] d1 finish=stop completion=79 chunks=38 acc=2.108(chunks) rate=26.64 ttft=0.301 sha=901ac140d380 early_divergence div@77 head='A bicycle gear system uses mecha' tail='s or flat, fast terrain.'
2026-09-30T06:33:30.480+00:00   [2] d2 finish=stop completion=43 chunks=12 acc=3.818(chunks) rate=42.98 ttft=0.301 sha=097672f98733 ok div@None head='2, 3, 5, 7, 11, 13, 17, 19, 23, ' tail=', 17, 19, 23, 29, 31, 37'
2026-09-30T06:33:30.480+00:00   [3] d3 finish=stop completion=94 chunks=40 acc=2.385(chunks) rate=30.60 ttft=0.300 sha=ce8d920f4c13 early_divergence div@47 head='The water cycle is like a never-' tail='the trip all over again.'
2026-09-30T06:33:30.480+00:00   [4] d4 finish=stop completion=102 chunks=28 acc=3.741(chunks) rate=45.03 ttft=0.302 sha=cb9c046d4e9a ok div@None head='```python\ndef fibonacci(n: int) ' tail=', a + b\n    return b\n```'
2026-09-30T06:33:36.603+00:00 burst=distinct-n5-b3 kind=distinct n=5 stagger=0.000 coprefill=False spread=0.207 gate=- report=['early_divergence']
2026-09-30T06:33:36.604+00:00   [0] d0 finish=stop completion=89 chunks=39 acc=2.316(chunks) rate=31.19 ttft=0.295 sha=1669316a4a05 early_divergence div@206 head='Standard attention mechanisms sc' tail='nded dialogue scenarios.'
2026-09-30T06:33:36.604+00:00   [1] d1 finish=stop completion=77 chunks=29 acc=2.714(chunks) rate=31.83 ttft=0.088 sha=4d5feec762a6 early_divergence div@77 head='A bicycle gear system uses mecha' tail='ort for varying terrain.'
2026-09-30T06:33:36.604+00:00   [2] d2 finish=stop completion=43 chunks=12 acc=3.818(chunks) rate=42.55 ttft=0.295 sha=097672f98733 ok div@None head='2, 3, 5, 7, 11, 13, 17, 19, 23, ' tail=', 17, 19, 23, 29, 31, 37'
2026-09-30T06:33:36.604+00:00   [3] d3 finish=stop completion=92 chunks=38 acc=2.459(chunks) rate=32.93 ttft=0.294 sha=ec7927030dd0 ok div@215 head='The water cycle is like a never-' tail='the trip all over again.'
2026-09-30T06:33:36.604+00:00   [4] d4 finish=stop completion=81 chunks=22 acc=3.810(chunks) rate=45.43 ttft=0.294 sha=d6e4529d7c26 early_divergence div@50 head='```python\ndef fibonacci(n: int) ' tail=', a + b\n    return b\n```'
2026-09-30T06:33:43.554+00:00 burst=identical-n8-b1 kind=identical n=8 stagger=0.000 coprefill=False spread=0.235 gate=- report=['early_divergence']
2026-09-30T06:33:43.554+00:00   [0] d0 finish=stop completion=100 chunks=43 acc=2.357(chunks) rate=28.45 ttft=0.333 sha=567b1a567b5f early_divergence div@1 head='Sparse attention mitigates the q' tail='n large language models.'
2026-09-30T06:33:43.554+00:00   [1] d0 finish=stop completion=88 chunks=45 acc=1.977(chunks) rate=24.09 ttft=0.330 sha=2cc43f3cf665 early_divergence div@206 head='Standard attention mechanisms sc' tail=' or resource efficiency.'
2026-09-30T06:33:43.554+00:00   [2] d0 finish=stop completion=94 chunks=38 acc=2.514(chunks) rate=29.55 ttft=0.332 sha=79178b91fab6 early_divergence div@206 head='Standard attention mechanisms sc' tail='d practical application.'
2026-09-30T06:33:43.554+00:00   [3] d0 finish=stop completion=91 chunks=39 acc=2.368(chunks) rate=28.61 ttft=0.332 sha=d875f21819df early_divergence div@206 head='Standard attention mechanisms sc' tail='real-world applications.'
2026-09-30T06:33:43.554+00:00   [4] d0 finish=stop completion=97 chunks=45 acc=2.182(chunks) rate=26.59 ttft=0.332 sha=5b017b26e2d6 early_divergence div@1 head='Sparse attention mitigates the q' tail='n large language models.'
2026-09-30T06:33:43.554+00:00   [5] d0 finish=stop completion=93 chunks=42 acc=2.244(chunks) rate=27.06 ttft=0.332 sha=a7e9192a4fe3 early_divergence div@206 head='Standard attention mechanisms sc' tail='attention architectures.'
2026-09-30T06:33:43.554+00:00   [6] d0 finish=stop completion=93 chunks=43 acc=2.190(chunks) rate=26.44 ttft=0.332 sha=7c24b9fc944f early_divergence div@72 head='Standard attention mechanisms sc' tail=' practical applications.'
2026-09-30T06:33:43.554+00:00   [7] d0 finish=stop completion=97 chunks=36 acc=2.743(chunks) rate=32.53 ttft=0.098 sha=7d96f7bea03a ok div@237 head='Standard attention mechanisms sc' tail='onstraints are critical.'
2026-09-30T06:33:50.503+00:00 burst=identical-n8-b2 kind=identical n=8 stagger=0.000 coprefill=False spread=0.224 gate=- report=['early_divergence']
2026-09-30T06:33:50.504+00:00   [0] d0 finish=stop completion=93 chunks=42 acc=2.244(chunks) rate=27.06 ttft=0.328 sha=a7e9192a4fe3 early_divergence div@206 head='Standard attention mechanisms sc' tail='attention architectures.'
2026-09-30T06:33:50.504+00:00   [1] d0 finish=stop completion=100 chunks=43 acc=2.357(chunks) rate=28.43 ttft=0.328 sha=567b1a567b5f early_divergence div@1 head='Sparse attention mitigates the q' tail='n large language models.'
2026-09-30T06:33:50.504+00:00   [2] d0 finish=stop completion=93 chunks=43 acc=2.190(chunks) rate=26.41 ttft=0.328 sha=7c24b9fc944f early_divergence div@72 head='Standard attention mechanisms sc' tail=' practical applications.'
2026-09-30T06:33:50.504+00:00   [3] d0 finish=stop completion=88 chunks=45 acc=1.977(chunks) rate=24.09 ttft=0.327 sha=2cc43f3cf665 early_divergence div@206 head='Standard attention mechanisms sc' tail=' or resource efficiency.'
2026-09-30T06:33:50.504+00:00   [4] d0 finish=stop completion=97 chunks=36 acc=2.743(chunks) rate=32.64 ttft=0.105 sha=7d96f7bea03a ok div@237 head='Standard attention mechanisms sc' tail='onstraints are critical.'
2026-09-30T06:33:50.504+00:00   [5] d0 finish=stop completion=97 chunks=45 acc=2.182(chunks) rate=26.57 ttft=0.327 sha=5b017b26e2d6 early_divergence div@1 head='Sparse attention mitigates the q' tail='n large language models.'
2026-09-30T06:33:50.504+00:00   [6] d0 finish=stop completion=94 chunks=38 acc=2.514(chunks) rate=29.46 ttft=0.326 sha=79178b91fab6 early_divergence div@206 head='Standard attention mechanisms sc' tail='d practical application.'
2026-09-30T06:33:50.504+00:00   [7] d0 finish=stop completion=91 chunks=39 acc=2.368(chunks) rate=28.52 ttft=0.329 sha=d875f21819df early_divergence div@206 head='Standard attention mechanisms sc' tail='real-world applications.'
2026-09-30T06:33:57.450+00:00 burst=identical-n8-b3 kind=identical n=8 stagger=0.000 coprefill=False spread=0.225 gate=- report=['early_divergence']
2026-09-30T06:33:57.450+00:00   [0] d0 finish=stop completion=100 chunks=43 acc=2.357(chunks) rate=28.46 ttft=0.330 sha=567b1a567b5f early_divergence div@1 head='Sparse attention mitigates the q' tail='n large language models.'
2026-09-30T06:33:57.450+00:00   [1] d0 finish=stop completion=97 chunks=45 acc=2.182(chunks) rate=26.60 ttft=0.331 sha=5b017b26e2d6 early_divergence div@1 head='Sparse attention mitigates the q' tail='n large language models.'
2026-09-30T06:33:57.450+00:00   [2] d0 finish=stop completion=94 chunks=38 acc=2.514(chunks) rate=29.53 ttft=0.327 sha=79178b91fab6 early_divergence div@206 head='Standard attention mechanisms sc' tail='d practical application.'
2026-09-30T06:33:57.450+00:00   [3] d0 finish=stop completion=88 chunks=45 acc=1.977(chunks) rate=24.11 ttft=0.329 sha=2cc43f3cf665 early_divergence div@206 head='Standard attention mechanisms sc' tail=' or resource efficiency.'
2026-09-30T06:33:57.450+00:00   [4] d0 finish=stop completion=93 chunks=43 acc=2.190(chunks) rate=26.44 ttft=0.329 sha=7c24b9fc944f early_divergence div@72 head='Standard attention mechanisms sc' tail=' practical applications.'
2026-09-30T06:33:57.450+00:00   [5] d0 finish=stop completion=91 chunks=39 acc=2.368(chunks) rate=28.58 ttft=0.331 sha=d875f21819df early_divergence div@206 head='Standard attention mechanisms sc' tail='real-world applications.'
2026-09-30T06:33:57.450+00:00   [6] d0 finish=stop completion=93 chunks=42 acc=2.244(chunks) rate=27.10 ttft=0.331 sha=a7e9192a4fe3 early_divergence div@206 head='Standard attention mechanisms sc' tail='attention architectures.'
2026-09-30T06:33:57.450+00:00   [7] d0 finish=stop completion=97 chunks=36 acc=2.743(chunks) rate=32.55 ttft=0.107 sha=7d96f7bea03a ok div@237 head='Standard attention mechanisms sc' tail='onstraints are critical.'
2026-09-30T06:34:04.361+00:00 burst=distinct-n8-b1 kind=distinct n=8 stagger=0.000 coprefill=False spread=0.250 gate=- report=['early_divergence']
2026-09-30T06:34:04.361+00:00   [0] d0 finish=stop completion=90 chunks=42 acc=2.171(chunks) rate=25.43 ttft=0.345 sha=183c4a853ba2 early_divergence div@1 head='Sparse attention optimizes long-' tail='real-world applications.'
2026-09-30T06:34:04.361+00:00   [1] d1 finish=stop completion=65 chunks=28 acc=2.370(chunks) rate=23.68 ttft=0.097 sha=3d599a0312f2 early_divergence div@102 head='A bicycle gear system uses mecha' tail=' for varying conditions.'
2026-09-30T06:34:04.361+00:00   [2] d2 finish=stop completion=43 chunks=12 acc=3.818(chunks) rate=35.46 ttft=0.345 sha=097672f98733 ok div@None head='2, 3, 5, 7, 11, 13, 17, 19, 23, ' tail=', 17, 19, 23, 29, 31, 37'
2026-09-30T06:34:04.361+00:00   [3] d3 finish=stop completion=103 chunks=43 acc=2.429(chunks) rate=28.67 ttft=0.345 sha=a280dbb96d5f early_divergence div@16 head='The water cycle starts when the ' tail=' journey all over again.'
2026-09-30T06:34:04.361+00:00   [4] d4 finish=stop completion=102 chunks=28 acc=3.741(chunks) rate=38.56 ttft=0.345 sha=cb9c046d4e9a ok div@None head='```python\ndef fibonacci(n: int) ' tail=', a + b\n    return b\n```'
2026-09-30T06:34:04.361+00:00   [5] d5 finish=stop completion=17 chunks=7 acc=2.667(chunks) rate=24.67 ttft=0.345 sha=5a881638e98d ok div@None head='La bibliothèque ouvre à neuf heu' tail='-huit heures en semaine.'
2026-09-30T06:34:04.361+00:00   [6] d6 finish=stop completion=68 chunks=33 acc=2.094(chunks) rate=22.56 ttft=0.343 sha=842f55ab760a early_divergence div@47 head='1. Reduce watering frequency sig' tail='ensate for shorter days.'
2026-09-30T06:34:04.361+00:00   [7] d7 finish=stop completion=69 chunks=20 acc=3.579(chunks) rate=35.17 ttft=0.347 sha=daff8ce1ae8e ok div@61 head='{\n  "name": "Eiffel Tower",\n  "y' tail='re",\n    "tourism"\n  ]\n}'
2026-09-30T06:34:11.236+00:00 burst=distinct-n8-b2 kind=distinct n=8 stagger=0.000 coprefill=False spread=0.262 gate=- report=['early_divergence']
2026-09-30T06:34:11.236+00:00   [0] d0 finish=stop completion=88 chunks=38 acc=2.351(chunks) rate=27.35 ttft=0.349 sha=ba348d69b98e early_divergence div@1 head='Sparse attention optimizes long-' tail='and resource efficiency.'
2026-09-30T06:34:11.236+00:00   [1] d1 finish=stop completion=76 chunks=32 acc=2.419(chunks) rate=26.76 ttft=0.351 sha=dd86d4030e6a early_divergence div@77 head='A bicycle gear system uses mecha' tail='g speed on flat terrain.'
2026-09-30T06:34:11.236+00:00   [2] d2 finish=stop completion=43 chunks=12 acc=3.818(chunks) rate=36.78 ttft=0.350 sha=097672f98733 ok div@None head='2, 3, 5, 7, 11, 13, 17, 19, 23, ' tail=', 17, 19, 23, 29, 31, 37'
2026-09-30T06:34:11.236+00:00   [3] d3 finish=stop completion=104 chunks=45 acc=2.341(chunks) rate=29.28 ttft=0.348 sha=e23a79681ccd early_divergence div@16 head='The water cycle starts when the ' tail='e begins all over again.'
2026-09-30T06:34:11.236+00:00   [4] d4 finish=stop completion=81 chunks=21 acc=4.000(chunks) rate=40.23 ttft=0.350 sha=d6e4529d7c26 early_divergence div@50 head='```python\ndef fibonacci(n: int) ' tail=', a + b\n    return b\n```'
2026-09-30T06:34:11.236+00:00   [5] d5 finish=stop completion=17 chunks=7 acc=2.667(chunks) rate=23.47 ttft=0.089 sha=5a881638e98d ok div@None head='La bibliothèque ouvre à neuf heu' tail='-huit heures en semaine.'
2026-09-30T06:34:11.236+00:00   [6] d6 finish=stop completion=70 chunks=33 acc=2.156(chunks) rate=23.91 ttft=0.348 sha=ef096342c641 ok div@186 head='1. Reduce watering frequency sig' tail='ensate for shorter days.'
2026-09-30T06:34:11.236+00:00   [7] d7 finish=stop completion=69 chunks=20 acc=3.579(chunks) rate=35.90 ttft=0.350 sha=daff8ce1ae8e ok div@61 head='{\n  "name": "Eiffel Tower",\n  "y' tail='re",\n    "tourism"\n  ]\n}'
2026-09-30T06:34:17.945+00:00 burst=distinct-n8-b3 kind=distinct n=8 stagger=0.000 coprefill=False spread=0.259 gate=- report=['early_divergence']
2026-09-30T06:34:17.945+00:00   [0] d0 finish=stop completion=95 chunks=43 acc=2.238(chunks) rate=28.03 ttft=0.350 sha=a3bf9ffb8154 early_divergence div@1 head='Sparse attention optimizes long-' tail='se attention mechanisms.'
2026-09-30T06:34:17.945+00:00   [1] d1 finish=stop completion=81 chunks=32 acc=2.581(chunks) rate=28.66 ttft=0.349 sha=b3a773dc71bc early_divergence div@77 head='A bicycle gear system uses mecha' tail='er to maintain momentum.'
2026-09-30T06:34:17.945+00:00   [2] d2 finish=stop completion=43 chunks=12 acc=3.818(chunks) rate=36.20 ttft=0.350 sha=097672f98733 ok div@None head='2, 3, 5, 7, 11, 13, 17, 19, 23, ' tail=', 17, 19, 23, 29, 31, 37'
2026-09-30T06:34:17.945+00:00   [3] d3 finish=stop completion=92 chunks=36 acc=2.600(chunks) rate=28.62 ttft=0.091 sha=0688a757b08b early_divergence div@16 head='The water cycle starts when the ' tail=' journey all over again.'
2026-09-30T06:34:17.945+00:00   [4] d4 finish=stop completion=81 chunks=21 acc=4.000(chunks) rate=39.91 ttft=0.351 sha=d6e4529d7c26 early_divergence div@50 head='```python\ndef fibonacci(n: int) ' tail=', a + b\n    return b\n```'
2026-09-30T06:34:17.945+00:00   [5] d5 finish=stop completion=17 chunks=7 acc=2.667(chunks) rate=25.06 ttft=0.349 sha=5a881638e98d ok div@None head='La bibliothèque ouvre à neuf heu' tail='-huit heures en semaine.'
2026-09-30T06:34:17.945+00:00   [6] d6 finish=stop completion=60 chunks=25 acc=2.458(chunks) rate=25.55 ttft=0.350 sha=51777dc4b807 early_divergence div@3 head='1. Move plants away from cold dr' tail='unteract dry indoor air.'
2026-09-30T06:34:17.945+00:00   [7] d7 finish=stop completion=67 chunks=18 acc=3.882(chunks) rate=36.28 ttft=0.350 sha=c39be9b87ae0 ok div@None head='{\n  "name": "Eiffel Tower",\n  "y' tail='re",\n    "Tourism"\n  ]\n}'
2026-09-30T06:34:23.502+00:00 burst=staggered-identical-n2 kind=identical n=2 stagger=0.250 coprefill=False spread=0.336 gate=- report=-
2026-09-30T06:34:23.502+00:00   [0] d0 finish=stop completion=95 chunks=39 acc=2.474(chunks) rate=44.42 ttft=0.094 sha=ae5bb4f5308e ok div@574 head='Standard attention mechanisms sc' tail='ross extensive contexts.'
2026-09-30T06:34:23.502+00:00   [1] d0 finish=stop completion=95 chunks=40 acc=2.410(chunks) rate=44.33 ttft=0.180 sha=ae5bb4f5308e ok div@574 head='Standard attention mechanisms sc' tail='ross extensive contexts.'
2026-09-30T06:34:28.906+00:00 burst=staggered-distinct-n3 kind=distinct n=3 stagger=0.250 coprefill=False spread=0.608 gate=- report=['early_divergence']
2026-09-30T06:34:28.906+00:00   [0] d0 finish=stop completion=91 chunks=38 acc=2.432(chunks) rate=39.09 ttft=0.093 sha=28ad902a80be early_divergence div@206 head='Standard attention mechanisms sc' tail='al hardware constraints.'
2026-09-30T06:34:28.906+00:00   [1] d1 finish=stop completion=77 chunks=32 acc=2.452(chunks) rate=38.65 ttft=0.179 sha=5e6e94fa449e early_divergence div@77 head='A bicycle gear system uses mecha' tail='ing torque for velocity.'
2026-09-30T06:34:28.906+00:00   [2] d2 finish=stop completion=43 chunks=12 acc=3.818(chunks) rate=54.37 ttft=0.202 sha=097672f98733 ok div@None head='2, 3, 5, 7, 11, 13, 17, 19, 23, ' tail=', 17, 19, 23, 29, 31, 37'
2026-09-30T06:34:35.585+00:00 burst=staggered-distinct-n5 kind=distinct n=5 stagger=0.250 coprefill=False spread=1.126 gate=- report=['early_divergence']
2026-09-30T06:34:35.585+00:00   [0] d0 finish=stop completion=90 chunks=38 acc=2.405(chunks) rate=31.46 ttft=0.093 sha=bec1a81e01d9 early_divergence div@206 head='Standard attention mechanisms sc' tail='ze and processing speed.'
2026-09-30T06:34:35.585+00:00   [1] d1 finish=stop completion=74 chunks=33 acc=2.281(chunks) rate=28.40 ttft=0.173 sha=c61fcf5673ae early_divergence div@77 head='A bicycle gear system uses mecha' tail='g speed on flat terrain.'
2026-09-30T06:34:35.585+00:00   [2] d2 finish=stop completion=43 chunks=12 acc=3.818(chunks) rate=42.97 ttft=0.189 sha=097672f98733 ok div@None head='2, 3, 5, 7, 11, 13, 17, 19, 23, ' tail=', 17, 19, 23, 29, 31, 37'
2026-09-30T06:34:35.585+00:00   [3] d3 finish=stop completion=92 chunks=39 acc=2.395(chunks) rate=33.30 ttft=0.191 sha=ec7927030dd0 ok div@215 head='The water cycle is like a never-' tail='the trip all over again.'
2026-09-30T06:34:35.585+00:00   [4] d4 finish=stop completion=102 chunks=28 acc=3.741(chunks) rate=48.59 ttft=0.218 sha=cb9c046d4e9a ok div@None head='```python\ndef fibonacci(n: int) ' tail=', a + b\n    return b\n```'
2026-09-30T06:34:43.743+00:00 burst=staggered-identical-n8 kind=identical n=8 stagger=0.250 coprefill=False spread=1.958 gate=- report=['early_divergence']
2026-09-30T06:34:43.743+00:00   [0] d0 finish=stop completion=95 chunks=37 acc=2.611(chunks) rate=32.38 ttft=0.095 sha=ae5bb4f5308e ok div@574 head='Standard attention mechanisms sc' tail='ross extensive contexts.'
2026-09-30T06:34:43.743+00:00   [1] d0 finish=stop completion=100 chunks=41 acc=2.475(chunks) rate=28.35 ttft=0.179 sha=30976de3a6d0 ok div@237 head='Standard attention mechanisms sc' tail='rehensive understanding.'
2026-09-30T06:34:43.743+00:00   [2] d0 finish=stop completion=95 chunks=40 acc=2.410(chunks) rate=27.67 ttft=0.204 sha=30da1fd13f33 early_divergence div@206 head='Standard attention mechanisms sc' tail='pplication requirements.'
2026-09-30T06:34:43.743+00:00   [3] d0 finish=stop completion=93 chunks=47 acc=2.000(chunks) rate=23.61 ttft=0.194 sha=833646dddb25 early_divergence div@206 head='Standard attention mechanisms sc' tail='ontextual understanding.'
2026-09-30T06:34:43.743+00:00   [4] d0 finish=stop completion=91 chunks=38 acc=2.432(chunks) rate=28.11 ttft=0.198 sha=9883fb34e102 early_divergence div@206 head='Standard attention mechanisms sc' tail='ze and processing speed.'
2026-09-30T06:34:43.743+00:00   [5] d0 finish=stop completion=94 chunks=39 acc=2.447(chunks) rate=28.20 ttft=0.220 sha=79178b91fab6 early_divergence div@206 head='Standard attention mechanisms sc' tail='d practical application.'
2026-09-30T06:34:43.743+00:00   [6] d0 finish=stop completion=91 chunks=39 acc=2.368(chunks) rate=28.57 ttft=0.256 sha=d875f21819df early_divergence div@206 head='Standard attention mechanisms sc' tail='real-world applications.'
2026-09-30T06:34:43.743+00:00   [7] d0 finish=stop completion=91 chunks=41 acc=2.250(chunks) rate=29.05 ttft=0.302 sha=d875f21819df early_divergence div@206 head='Standard attention mechanisms sc' tail='real-world applications.'
2026-09-30T06:34:55.751+00:00 burst=long-pair kind=long n=2 stagger=0.000 coprefill=False spread=2.582 gate=- report=['slow']
2026-09-30T06:34:55.751+00:00   [0] long0 finish=stop completion=6 chunks=2 acc=5.000(chunks) rate=1.94 ttft=6.300 sha=83dab7f91bc1 slow div@None head='74354' tail='74354'
2026-09-30T06:34:55.751+00:00   [1] long1 finish=stop completion=6 chunks=2 acc=5.000(chunks) rate=41.37 ttft=8.882 sha=0ec41e567fc2 ok div@None head='79083' tail='79083'
2026-09-30T06:34:59.257+00:00 burst=image-pair kind=image n=2 stagger=0.000 coprefill=False spread=0.187 gate=- report=-
2026-09-30T06:34:59.257+00:00   [0] img_red finish=stop completion=11 chunks=4 acc=3.333(chunks) rate=40.76 ttft=0.143 sha=0e1c14c4131c ok div@None head='The image is filled with a solid' tail=' with a solid red color.'
2026-09-30T06:34:59.257+00:00   [1] img_blue finish=stop completion=11 chunks=4 acc=3.333(chunks) rate=60.57 ttft=0.331 sha=705b4320e3b4 ok div@None head='The image is filled with a solid' tail='with a solid blue color.'
2026-09-30T06:34:59.257+00:00 TOTALS bursts=30 streams=130 gate_bursts=0 zero_acc=0 runaway=0 first32_match=0.369 coprefill_bursts=1 per_request_spec_metrics=False
2026-09-30T06:34:59.257+00:00 NOTE: server did not return metrics.speculative_decoding on every stream; acceptance estimated from tokens per chunk (serve with --per-request-spec-decode-metrics summary)
2026-09-30T06:34:59.257+00:00 T0 PASS
