2026-09-30T14:40:46.467+00:00 bench_probe v1 url=http://127.0.0.1:8000/v1/chat/completions sizes=[2, 3, 5, 8] kinds=['identical', 'distinct'] bursts_per_shape=3 max_tokens=256
2026-09-30T14:40:48.815+00:00 ref d0 finish=stop completion=97 acc=2.341 ttft=0.195 sha=b0e372faa960 head='Sparse attention mitigates the quadratic'
2026-09-30T14:40:51.395+00:00 ref d1 finish=stop completion=75 acc=2.643 ttft=0.128 sha=4ad2d5654ca6 head='A bicycle gear system uses mechanical ad'
2026-09-30T14:40:53.100+00:00 ref d2 finish=stop completion=43 acc=3.818 ttft=0.113 sha=097672f98733 head='2, 3, 5, 7, 11, 13, 17, 19, 23, 29, 31, '
2026-09-30T14:40:56.189+00:00 ref d3 finish=stop completion=101 acc=2.632 ttft=0.114 sha=3746d913c433 head='The water cycle is like a giant, never-e'
2026-09-30T14:40:58.726+00:00 ref d4 finish=stop completion=102 acc=3.741 ttft=0.114 sha=cb9c046d4e9a head='```python\ndef fibonacci(n: int) -> int:\n'
2026-09-30T14:41:00.164+00:00 ref d5 finish=stop completion=17 acc=2.667 ttft=0.119 sha=5a881638e98d head='La bibliothèque ouvre à neuf heures et f'
2026-09-30T14:41:02.853+00:00 ref d6 finish=stop completion=72 acc=2.367 ttft=0.119 sha=86f7d76d2833 head='1. Reduce watering frequency significant'
2026-09-30T14:41:04.870+00:00 ref d7 finish=stop completion=67 acc=3.882 ttft=0.123 sha=c39be9b87ae0 head='{\n  "name": "Eiffel Tower",\n  "year": 18'
2026-09-30T14:41:10.537+00:00 ref long0 finish=stop completion=6 acc=5.000 ttft=4.629 sha=83dab7f91bc1 head='74354'
2026-09-30T14:41:15.631+00:00 ref long1 finish=stop completion=6 acc=5.000 ttft=4.006 sha=0ec41e567fc2 head='79083'
2026-09-30T14:41:17.000+00:00 ref img_red finish=stop completion=11 acc=3.333 ttft=0.212 sha=0e1c14c4131c head='The image is filled with a solid red col'
2026-09-30T14:41:18.397+00:00 ref img_blue finish=stop completion=11 acc=2.500 ttft=0.180 sha=7fa32368a223 head='This image is filled with a solid blue c'
2026-09-30T14:41:25.513+00:00 burst=identical-n2-b1 kind=identical n=2 stagger=0.000 coprefill=False spread=0.387 gate=- report=['early_divergence']
2026-09-30T14:41:25.513+00:00   [0] d0 finish=stop completion=93 chunks=34 acc=2.788(chunks) rate=45.31 ttft=0.505 sha=774bf9418857 early_divergence div@1 head='Standard attention mechanisms sc' tail='tensive context windows.'
2026-09-30T14:41:25.513+00:00   [1] d0 finish=stop completion=94 chunks=47 acc=2.022(chunks) rate=31.10 ttft=0.118 sha=2774341ec8f4 early_divergence div@164 head='Sparse attention mitigates the q' tail='g performance and speed.'
2026-09-30T14:41:31.394+00:00 burst=identical-n2-b2 kind=identical n=2 stagger=0.000 coprefill=False spread=0.162 gate=- report=['early_divergence']
2026-09-30T14:41:31.394+00:00   [0] d0 finish=stop completion=93 chunks=34 acc=2.788(chunks) rate=45.64 ttft=0.260 sha=774bf9418857 early_divergence div@1 head='Standard attention mechanisms sc' tail='tensive context windows.'
2026-09-30T14:41:31.394+00:00   [1] d0 finish=stop completion=94 chunks=47 acc=2.022(chunks) rate=33.53 ttft=0.098 sha=2774341ec8f4 early_divergence div@164 head='Sparse attention mitigates the q' tail='g performance and speed.'
2026-09-30T14:41:37.794+00:00 burst=identical-n2-b3 kind=identical n=2 stagger=0.000 coprefill=True spread=0.000 gate=- report=['early_divergence']
2026-09-30T14:41:37.794+00:00   [0] d0 finish=stop completion=95 chunks=47 acc=2.043(chunks) rate=33.35 ttft=0.507 sha=f231686bb8ae early_divergence div@17 head='Sparse attention significantly e' tail=' contextual information.'
2026-09-30T14:41:37.794+00:00   [1] d0 finish=stop completion=105 chunks=48 acc=2.213(chunks) rate=36.05 ttft=0.507 sha=4c77871f8919 early_divergence div@17 head='Sparse attention significantly e' tail='or real-world use cases.'
2026-09-30T14:41:43.640+00:00 burst=distinct-n2-b1 kind=distinct n=2 stagger=0.000 coprefill=False spread=0.151 gate=- report=['early_divergence']
2026-09-30T14:41:43.640+00:00   [0] d0 finish=stop completion=95 chunks=46 acc=2.089(chunks) rate=34.34 ttft=0.101 sha=fd42320bee1b early_divergence div@164 head='Sparse attention mitigates the q' tail='n large language models.'
2026-09-30T14:41:43.640+00:00   [1] d1 finish=stop completion=75 chunks=31 acc=2.467(chunks) rate=38.04 ttft=0.253 sha=eadf9933adfc early_divergence div@80 head='A bicycle gear system uses mecha' tail='wer for varying terrain.'
2026-09-30T14:41:48.906+00:00 burst=distinct-n2-b2 kind=distinct n=2 stagger=0.000 coprefill=True spread=0.000 gate=- report=['early_divergence']
2026-09-30T14:41:48.906+00:00   [0] d0 finish=stop completion=100 chunks=35 acc=2.912(chunks) rate=46.25 ttft=0.117 sha=321e5cca37dd early_divergence div@1 head='Standard attention mechanisms sc' tail='onstraints are critical.'
2026-09-30T14:41:48.906+00:00   [1] d1 finish=stop completion=72 chunks=30 acc=2.448(chunks) rate=39.24 ttft=0.117 sha=f212b9f7bdee early_divergence div@141 head='A bicycle gear system uses mecha' tail='ing torque for velocity.'
2026-09-30T14:41:54.213+00:00 burst=distinct-n2-b3 kind=distinct n=2 stagger=0.000 coprefill=False spread=0.159 gate=- report=['early_divergence']
2026-09-30T14:41:54.213+00:00   [0] d0 finish=stop completion=93 chunks=34 acc=2.788(chunks) rate=44.94 ttft=0.252 sha=774bf9418857 early_divergence div@1 head='Standard attention mechanisms sc' tail='tensive context windows.'
2026-09-30T14:41:54.213+00:00   [1] d1 finish=stop completion=70 chunks=35 acc=2.029(chunks) rate=32.17 ttft=0.093 sha=c61d8657cdea early_divergence div@80 head='A bicycle gear system uses mecha' tail='torque for higher speed.'
2026-09-30T14:42:00.658+00:00 burst=identical-n3-b1 kind=identical n=3 stagger=0.000 coprefill=False spread=0.173 gate=- report=['early_divergence']
2026-09-30T14:42:00.659+00:00   [0] d0 finish=stop completion=95 chunks=45 acc=2.136(chunks) rate=30.53 ttft=0.132 sha=62032dac1eb1 early_divergence div@164 head='Sparse attention mitigates the q' tail='n large language models.'
2026-09-30T14:42:00.659+00:00   [1] d0 finish=stop completion=94 chunks=39 acc=2.447(chunks) rate=35.14 ttft=0.305 sha=3bf26d1e5286 early_divergence div@1 head='Standard attention mechanisms sc' tail='ing extensive documents.'
2026-09-30T14:42:00.659+00:00   [2] d0 finish=stop completion=95 chunks=47 acc=2.043(chunks) rate=29.98 ttft=0.304 sha=f231686bb8ae early_divergence div@17 head='Sparse attention significantly e' tail=' contextual information.'
2026-09-30T14:42:06.820+00:00 burst=identical-n3-b2 kind=identical n=3 stagger=0.000 coprefill=False spread=0.218 gate=- report=['early_divergence']
2026-09-30T14:42:06.820+00:00   [0] d0 finish=stop completion=92 chunks=35 acc=2.676(chunks) rate=37.03 ttft=0.206 sha=d347660dc6fd early_divergence div@1 head='Standard attention mechanisms sc' tail='onstrained environments.'
2026-09-30T14:42:06.820+00:00   [1] d0 finish=stop completion=97 chunks=42 acc=2.341(chunks) rate=33.85 ttft=0.318 sha=8c72002c99a8 early_divergence div@1 head='Standard attention mechanisms sc' tail='ulti-turn conversations.'
2026-09-30T14:42:06.820+00:00   [2] d0 finish=stop completion=95 chunks=44 acc=2.186(chunks) rate=31.34 ttft=0.100 sha=6d649c036933 early_divergence div@164 head='Sparse attention mitigates the q' tail='n large language models.'
2026-09-30T14:42:13.218+00:00 burst=identical-n3-b3 kind=identical n=3 stagger=0.000 coprefill=False spread=0.171 gate=- report=['early_divergence']
2026-09-30T14:42:13.218+00:00   [0] d0 finish=stop completion=95 chunks=47 acc=2.043(chunks) rate=30.12 ttft=0.270 sha=f231686bb8ae early_divergence div@17 head='Sparse attention significantly e' tail=' contextual information.'
2026-09-30T14:42:13.218+00:00   [1] d0 finish=stop completion=94 chunks=39 acc=2.447(chunks) rate=35.35 ttft=0.270 sha=3bf26d1e5286 early_divergence div@1 head='Standard attention mechanisms sc' tail='ing extensive documents.'
2026-09-30T14:42:13.218+00:00   [2] d0 finish=stop completion=95 chunks=45 acc=2.136(chunks) rate=30.71 ttft=0.100 sha=62032dac1eb1 early_divergence div@164 head='Sparse attention mitigates the q' tail='n large language models.'
2026-09-30T14:42:19.383+00:00 burst=distinct-n3-b1 kind=distinct n=3 stagger=0.000 coprefill=False spread=0.183 gate=- report=['early_divergence']
2026-09-30T14:42:19.383+00:00   [0] d0 finish=stop completion=105 chunks=47 acc=2.261(chunks) rate=36.03 ttft=0.272 sha=4c77871f8919 early_divergence div@17 head='Sparse attention significantly e' tail='or real-world use cases.'
2026-09-30T14:42:19.383+00:00   [1] d1 finish=stop completion=74 chunks=33 acc=2.281(chunks) rate=34.33 ttft=0.272 sha=02dbae298851 ok div@165 head='A bicycle gear system uses mecha' tail='torque for higher speed.'
2026-09-30T14:42:19.383+00:00   [2] d2 finish=stop completion=43 chunks=12 acc=3.818(chunks) rate=48.28 ttft=0.089 sha=097672f98733 ok div@None head='2, 3, 5, 7, 11, 13, 17, 19, 23, ' tail=', 17, 19, 23, 29, 31, 37'
2026-09-30T14:42:25.546+00:00 burst=distinct-n3-b2 kind=distinct n=3 stagger=0.000 coprefill=False spread=0.181 gate=- report=['early_divergence']
2026-09-30T14:42:25.546+00:00   [0] d0 finish=stop completion=105 chunks=47 acc=2.261(chunks) rate=36.04 ttft=0.272 sha=4c77871f8919 early_divergence div@17 head='Sparse attention significantly e' tail='or real-world use cases.'
2026-09-30T14:42:25.546+00:00   [1] d1 finish=stop completion=74 chunks=33 acc=2.281(chunks) rate=34.22 ttft=0.272 sha=02dbae298851 ok div@165 head='A bicycle gear system uses mecha' tail='torque for higher speed.'
2026-09-30T14:42:25.546+00:00   [2] d2 finish=stop completion=43 chunks=12 acc=3.818(chunks) rate=48.42 ttft=0.091 sha=097672f98733 ok div@None head='2, 3, 5, 7, 11, 13, 17, 19, 23, ' tail=', 17, 19, 23, 29, 31, 37'
2026-09-30T14:42:31.721+00:00 burst=distinct-n3-b3 kind=distinct n=3 stagger=0.000 coprefill=False spread=0.185 gate=- report=['early_divergence']
2026-09-30T14:42:31.721+00:00   [0] d0 finish=stop completion=105 chunks=47 acc=2.261(chunks) rate=35.94 ttft=0.276 sha=4c77871f8919 early_divergence div@17 head='Sparse attention significantly e' tail='or real-world use cases.'
2026-09-30T14:42:31.721+00:00   [1] d1 finish=stop completion=74 chunks=33 acc=2.281(chunks) rate=34.19 ttft=0.276 sha=02dbae298851 ok div@165 head='A bicycle gear system uses mecha' tail='torque for higher speed.'
2026-09-30T14:42:31.721+00:00   [2] d2 finish=stop completion=43 chunks=12 acc=3.818(chunks) rate=48.23 ttft=0.092 sha=097672f98733 ok div@None head='2, 3, 5, 7, 11, 13, 17, 19, 23, ' tail=', 17, 19, 23, 29, 31, 37'
2026-09-30T14:42:38.507+00:00 burst=identical-n5-b1 kind=identical n=5 stagger=0.000 coprefill=False spread=0.195 gate=- report=['early_divergence']
2026-09-30T14:42:38.507+00:00   [0] d0 finish=stop completion=96 chunks=38 acc=2.568(chunks) rate=32.52 ttft=0.308 sha=fa2f492cceeb early_divergence div@1 head='Standard attention mechanisms sc' tail='ming hardware resources.'
2026-09-30T14:42:38.507+00:00   [1] d0 finish=stop completion=93 chunks=40 acc=2.359(chunks) rate=29.52 ttft=0.114 sha=a332783dfd0d early_divergence div@17 head='Sparse attention significantly e' tail='long-term conversations.'
2026-09-30T14:42:38.507+00:00   [2] d0 finish=stop completion=92 chunks=42 acc=2.220(chunks) rate=28.01 ttft=0.308 sha=8d7dcdd5d2cd early_divergence div@17 head='Sparse attention significantly e' tail='for massive text inputs.'
2026-09-30T14:42:38.507+00:00   [3] d0 finish=stop completion=93 chunks=47 acc=2.000(chunks) rate=26.51 ttft=0.307 sha=fd7f924f5702 early_divergence div@17 head='Sparse attention significantly e' tail=' practical applications.'
2026-09-30T14:42:38.507+00:00   [4] d0 finish=stop completion=93 chunks=40 acc=2.359(chunks) rate=29.53 ttft=0.114 sha=a332783dfd0d early_divergence div@17 head='Sparse attention significantly e' tail='long-term conversations.'
2026-09-30T14:42:45.430+00:00 burst=identical-n5-b2 kind=identical n=5 stagger=0.000 coprefill=False spread=0.218 gate=- report=['early_divergence']
2026-09-30T14:42:45.431+00:00   [0] d0 finish=stop completion=94 chunks=45 acc=2.114(chunks) rate=25.86 ttft=0.101 sha=9e1e92f41e6c early_divergence div@164 head='Sparse attention mitigates the q' tail='ormance and scalability.'
2026-09-30T14:42:45.431+00:00   [1] d0 finish=stop completion=94 chunks=45 acc=2.114(chunks) rate=26.32 ttft=0.319 sha=5ea913999162 ok div@241 head='Sparse attention mitigates the q' tail='ormance and scalability.'
2026-09-30T14:42:45.431+00:00   [2] d0 finish=stop completion=94 chunks=42 acc=2.268(chunks) rate=28.24 ttft=0.319 sha=c6257057fc76 early_divergence div@1 head='Standard attention mechanisms sc' tail='ical application limits.'
2026-09-30T14:42:45.431+00:00   [3] d0 finish=stop completion=96 chunks=44 acc=2.209(chunks) rate=27.45 ttft=0.318 sha=7086bc8c0441 early_divergence div@1 head='Standard attention mechanisms sc' tail='ming hardware resources.'
2026-09-30T14:42:45.431+00:00   [4] d0 finish=stop completion=97 chunks=46 acc=2.133(chunks) rate=26.71 ttft=0.319 sha=6381d2b59382 early_divergence div@17 head='Sparse attention significantly e' tail='ong-context AI feasible.'
2026-09-30T14:42:52.358+00:00 burst=identical-n5-b3 kind=identical n=5 stagger=0.000 coprefill=False spread=0.203 gate=- report=['early_divergence']
2026-09-30T14:42:52.358+00:00   [0] d0 finish=stop completion=97 chunks=46 acc=2.133(chunks) rate=26.57 ttft=0.308 sha=6381d2b59382 early_divergence div@17 head='Sparse attention significantly e' tail='ong-context AI feasible.'
2026-09-30T14:42:52.358+00:00   [1] d0 finish=stop completion=94 chunks=42 acc=2.268(chunks) rate=28.13 ttft=0.308 sha=c6257057fc76 early_divergence div@1 head='Standard attention mechanisms sc' tail='ical application limits.'
2026-09-30T14:42:52.358+00:00   [2] d0 finish=stop completion=96 chunks=44 acc=2.209(chunks) rate=27.33 ttft=0.307 sha=7086bc8c0441 early_divergence div@1 head='Standard attention mechanisms sc' tail='ming hardware resources.'
2026-09-30T14:42:52.358+00:00   [3] d0 finish=stop completion=94 chunks=45 acc=2.114(chunks) rate=26.20 ttft=0.307 sha=5ea913999162 ok div@241 head='Sparse attention mitigates the q' tail='ormance and scalability.'
2026-09-30T14:42:52.358+00:00   [4] d0 finish=stop completion=94 chunks=45 acc=2.114(chunks) rate=25.87 ttft=0.105 sha=9e1e92f41e6c early_divergence div@164 head='Sparse attention mitigates the q' tail='ormance and scalability.'
2026-09-30T14:42:58.890+00:00 burst=distinct-n5-b1 kind=distinct n=5 stagger=0.000 coprefill=False spread=0.209 gate=- report=['early_divergence']
2026-09-30T14:42:58.890+00:00   [0] d0 finish=stop completion=97 chunks=42 acc=2.341(chunks) rate=28.04 ttft=0.102 sha=7ab80252b9ac early_divergence div@193 head='Sparse attention mitigates the q' tail='n large language models.'
2026-09-30T14:42:58.890+00:00   [1] d1 finish=stop completion=78 chunks=35 acc=2.265(chunks) rate=26.36 ttft=0.309 sha=d9335d0058a3 ok div@200 head='A bicycle gear system uses mecha' tail='ess mechanical leverage.'
2026-09-30T14:42:58.890+00:00   [2] d2 finish=stop completion=43 chunks=12 acc=3.818(chunks) rate=40.16 ttft=0.310 sha=097672f98733 ok div@None head='2, 3, 5, 7, 11, 13, 17, 19, 23, ' tail=', 17, 19, 23, 29, 31, 37'
2026-09-30T14:42:58.890+00:00   [3] d3 finish=stop completion=89 chunks=35 acc=2.588(chunks) rate=30.12 ttft=0.310 sha=0596173be865 early_divergence div@4 head='The sun warms up the water in oc' tail=' journey all over again.'
2026-09-30T14:42:58.890+00:00   [4] d4 finish=stop completion=102 chunks=27 acc=3.885(chunks) rate=42.09 ttft=0.311 sha=cb9c046d4e9a ok div@None head='```python\ndef fibonacci(n: int) ' tail=', a + b\n    return b\n```'
2026-09-30T14:43:05.680+00:00 burst=distinct-n5-b2 kind=distinct n=5 stagger=0.000 coprefill=False spread=0.213 gate=- report=['early_divergence']
2026-09-30T14:43:05.680+00:00   [0] d0 finish=stop completion=98 chunks=46 acc=2.156(chunks) rate=27.93 ttft=0.311 sha=1400b4af44aa early_divergence div@17 head='Sparse attention significantly e' tail='r real-world deployment.'
2026-09-30T14:43:05.680+00:00   [1] d1 finish=stop completion=71 chunks=30 acc=2.414(chunks) rate=26.83 ttft=0.098 sha=4231ee78ca0d ok div@165 head='A bicycle gear system uses mecha' tail='ing torque for velocity.'
2026-09-30T14:43:05.680+00:00   [2] d2 finish=stop completion=43 chunks=12 acc=3.818(chunks) rate=39.85 ttft=0.311 sha=097672f98733 ok div@None head='2, 3, 5, 7, 11, 13, 17, 19, 23, ' tail=', 17, 19, 23, 29, 31, 37'
2026-09-30T14:43:05.680+00:00   [3] d3 finish=stop completion=85 chunks=31 acc=2.800(chunks) rate=32.26 ttft=0.310 sha=5121f754e7d8 early_divergence div@4 head='The sun heats up water in oceans' tail=' journey all over again.'
2026-09-30T14:43:05.680+00:00   [4] d4 finish=stop completion=102 chunks=27 acc=3.885(chunks) rate=43.65 ttft=0.311 sha=cb9c046d4e9a ok div@None head='```python\ndef fibonacci(n: int) ' tail=', a + b\n    return b\n```'
2026-09-30T14:43:12.033+00:00 burst=distinct-n5-b3 kind=distinct n=5 stagger=0.000 coprefill=False spread=0.217 gate=- report=['early_divergence']
2026-09-30T14:43:12.033+00:00   [0] d0 finish=stop completion=93 chunks=40 acc=2.359(chunks) rate=30.28 ttft=0.309 sha=a332783dfd0d early_divergence div@17 head='Sparse attention significantly e' tail='long-term conversations.'
2026-09-30T14:43:12.033+00:00   [1] d1 finish=stop completion=71 chunks=30 acc=2.414(chunks) rate=27.30 ttft=0.092 sha=4231ee78ca0d ok div@165 head='A bicycle gear system uses mecha' tail='ing torque for velocity.'
2026-09-30T14:43:12.033+00:00   [2] d2 finish=stop completion=43 chunks=12 acc=3.818(chunks) rate=40.06 ttft=0.309 sha=097672f98733 ok div@None head='2, 3, 5, 7, 11, 13, 17, 19, 23, ' tail=', 17, 19, 23, 29, 31, 37'
2026-09-30T14:43:12.033+00:00   [3] d3 finish=stop completion=85 chunks=31 acc=2.800(chunks) rate=32.91 ttft=0.309 sha=5121f754e7d8 early_divergence div@4 head='The sun heats up water in oceans' tail=' journey all over again.'
2026-09-30T14:43:12.033+00:00   [4] d4 finish=stop completion=81 chunks=21 acc=4.000(chunks) rate=44.16 ttft=0.309 sha=d6e4529d7c26 early_divergence div@50 head='```python\ndef fibonacci(n: int) ' tail=', a + b\n    return b\n```'
2026-09-30T14:43:19.552+00:00 burst=identical-n8-b1 kind=identical n=8 stagger=0.000 coprefill=False spread=0.236 gate=- report=['early_divergence']
2026-09-30T14:43:19.552+00:00   [0] d0 finish=stop completion=94 chunks=40 acc=2.385(chunks) rate=27.03 ttft=0.340 sha=ae36ad6fd27b early_divergence div@1 head='Standard attention mechanisms sc' tail='pplication requirements.'
2026-09-30T14:43:19.552+00:00   [1] d0 finish=stop completion=93 chunks=35 acc=2.706(chunks) rate=29.90 ttft=0.340 sha=4894a43dbae9 early_divergence div@1 head='Standard attention mechanisms sc' tail='complex reasoning tasks.'
2026-09-30T14:43:19.552+00:00   [2] d0 finish=stop completion=93 chunks=37 acc=2.556(chunks) rate=29.01 ttft=0.340 sha=ca53988def6a early_divergence div@1 head='Standard attention mechanisms sc' tail='tensive context windows.'
2026-09-30T14:43:19.552+00:00   [3] d0 finish=stop completion=91 chunks=42 acc=2.195(chunks) rate=25.06 ttft=0.338 sha=29dbd9358c10 early_divergence div@132 head='Sparse attention mitigates the q' tail='real-world applications.'
2026-09-30T14:43:19.552+00:00   [4] d0 finish=stop completion=95 chunks=39 acc=2.474(chunks) rate=28.02 ttft=0.340 sha=30da1fd13f33 early_divergence div@1 head='Standard attention mechanisms sc' tail='pplication requirements.'
2026-09-30T14:43:19.552+00:00   [5] d0 finish=stop completion=90 chunks=39 acc=2.342(chunks) rate=26.53 ttft=0.340 sha=74645c0c0861 early_divergence div@1 head='Standard attention mechanisms sc' tail='ontextual understanding.'
2026-09-30T14:43:19.552+00:00   [6] d0 finish=stop completion=103 chunks=52 acc=2.000(chunks) rate=24.45 ttft=0.339 sha=e694b3323d24 early_divergence div@17 head='Sparse attention significantly e' tail='nt long-range reasoning.'
2026-09-30T14:43:19.552+00:00   [7] d0 finish=stop completion=101 chunks=47 acc=2.174(chunks) rate=24.87 ttft=0.104 sha=4bfa1bf64b96 early_divergence div@193 head='Sparse attention mitigates the q' tail='complex reasoning tasks.'
2026-09-30T14:43:27.090+00:00 burst=identical-n8-b2 kind=identical n=8 stagger=0.000 coprefill=False spread=0.230 gate=- report=['early_divergence']
2026-09-30T14:43:27.091+00:00   [0] d0 finish=stop completion=91 chunks=42 acc=2.195(chunks) rate=24.95 ttft=0.331 sha=29dbd9358c10 early_divergence div@132 head='Sparse attention mitigates the q' tail='real-world applications.'
2026-09-30T14:43:27.091+00:00   [1] d0 finish=stop completion=101 chunks=47 acc=2.174(chunks) rate=24.75 ttft=0.104 sha=4bfa1bf64b96 early_divergence div@193 head='Sparse attention mitigates the q' tail='complex reasoning tasks.'
2026-09-30T14:43:27.091+00:00   [2] d0 finish=stop completion=103 chunks=52 acc=2.000(chunks) rate=24.31 ttft=0.332 sha=e694b3323d24 early_divergence div@17 head='Sparse attention significantly e' tail='nt long-range reasoning.'
2026-09-30T14:43:27.091+00:00   [3] d0 finish=stop completion=93 chunks=35 acc=2.706(chunks) rate=29.82 ttft=0.332 sha=4894a43dbae9 early_divergence div@1 head='Standard attention mechanisms sc' tail='complex reasoning tasks.'
2026-09-30T14:43:27.091+00:00   [4] d0 finish=stop completion=94 chunks=40 acc=2.385(chunks) rate=26.92 ttft=0.332 sha=ae36ad6fd27b early_divergence div@1 head='Standard attention mechanisms sc' tail='pplication requirements.'
2026-09-30T14:43:27.091+00:00   [5] d0 finish=stop completion=95 chunks=39 acc=2.474(chunks) rate=27.92 ttft=0.331 sha=30da1fd13f33 early_divergence div@1 head='Standard attention mechanisms sc' tail='pplication requirements.'
2026-09-30T14:43:27.091+00:00   [6] d0 finish=stop completion=93 chunks=37 acc=2.556(chunks) rate=28.92 ttft=0.333 sha=ca53988def6a early_divergence div@1 head='Standard attention mechanisms sc' tail='tensive context windows.'
2026-09-30T14:43:27.091+00:00   [7] d0 finish=stop completion=90 chunks=39 acc=2.342(chunks) rate=26.44 ttft=0.332 sha=74645c0c0861 early_divergence div@1 head='Standard attention mechanisms sc' tail='ontextual understanding.'
2026-09-30T14:43:33.691+00:00 burst=identical-n8-b3 kind=identical n=8 stagger=0.000 coprefill=False spread=0.226 gate=- report=['early_divergence']
2026-09-30T14:43:33.691+00:00   [0] d0 finish=stop completion=94 chunks=40 acc=2.385(chunks) rate=28.77 ttft=0.355 sha=ae36ad6fd27b early_divergence div@1 head='Standard attention mechanisms sc' tail='pplication requirements.'
2026-09-30T14:43:33.691+00:00   [1] d0 finish=stop completion=99 chunks=42 acc=2.390(chunks) rate=28.34 ttft=0.131 sha=d64e055881b5 early_divergence div@17 head='Sparse attention significantly e' tail='g feasible and scalable.'
2026-09-30T14:43:33.691+00:00   [2] d0 finish=stop completion=93 chunks=37 acc=2.556(chunks) rate=29.92 ttft=0.354 sha=f530235f9496 early_divergence div@1 head='Standard attention mechanisms sc' tail='d practical application.'
2026-09-30T14:43:33.691+00:00   [3] d0 finish=stop completion=94 chunks=38 acc=2.514(chunks) rate=30.24 ttft=0.356 sha=ae36ad6fd27b early_divergence div@1 head='Standard attention mechanisms sc' tail='pplication requirements.'
2026-09-30T14:43:33.691+00:00   [4] d0 finish=stop completion=94 chunks=40 acc=2.385(chunks) rate=28.77 ttft=0.356 sha=ae36ad6fd27b early_divergence div@1 head='Standard attention mechanisms sc' tail='pplication requirements.'
2026-09-30T14:43:33.691+00:00   [5] d0 finish=stop completion=93 chunks=37 acc=2.556(chunks) rate=29.92 ttft=0.356 sha=f530235f9496 early_divergence div@1 head='Standard attention mechanisms sc' tail='d practical application.'
2026-09-30T14:43:33.691+00:00   [6] d0 finish=stop completion=94 chunks=38 acc=2.514(chunks) rate=30.23 ttft=0.356 sha=ae36ad6fd27b early_divergence div@1 head='Standard attention mechanisms sc' tail='pplication requirements.'
2026-09-30T14:43:33.691+00:00   [7] d0 finish=stop completion=98 chunks=42 acc=2.366(chunks) rate=28.05 ttft=0.131 sha=14e190068326 early_divergence div@17 head='Sparse attention significantly e' tail='ong-context AI feasible.'
2026-09-30T14:43:40.778+00:00 burst=distinct-n8-b1 kind=distinct n=8 stagger=0.000 coprefill=False spread=0.253 gate=- report=['early_divergence']
2026-09-30T14:43:40.778+00:00   [0] d0 finish=stop completion=94 chunks=40 acc=2.385(chunks) rate=25.44 ttft=0.421 sha=ae36ad6fd27b early_divergence div@1 head='Standard attention mechanisms sc' tail='pplication requirements.'
2026-09-30T14:43:40.778+00:00   [1] d1 finish=stop completion=79 chunks=32 acc=2.516(chunks) rate=25.08 ttft=0.422 sha=92e5628f4bdf ok div@165 head='A bicycle gear system uses mecha' tail='ing terrain efficiently.'
2026-09-30T14:43:40.778+00:00   [2] d2 finish=stop completion=43 chunks=12 acc=3.818(chunks) rate=33.46 ttft=0.423 sha=097672f98733 ok div@None head='2, 3, 5, 7, 11, 13, 17, 19, 23, ' tail=', 17, 19, 23, 29, 31, 37'
2026-09-30T14:43:40.778+00:00   [3] d3 finish=stop completion=92 chunks=37 acc=2.528(chunks) rate=26.16 ttft=0.422 sha=ec7927030dd0 early_divergence div@26 head='The water cycle is like a never-' tail='the trip all over again.'
2026-09-30T14:43:40.778+00:00   [4] d4 finish=stop completion=102 chunks=27 acc=3.885(chunks) rate=37.58 ttft=0.423 sha=cb9c046d4e9a ok div@None head='```python\ndef fibonacci(n: int) ' tail=', a + b\n    return b\n```'
2026-09-30T14:43:40.778+00:00   [5] d5 finish=stop completion=17 chunks=7 acc=2.667(chunks) rate=22.92 ttft=0.422 sha=5a881638e98d ok div@None head='La bibliothèque ouvre à neuf heu' tail='-huit heures en semaine.'
2026-09-30T14:43:40.778+00:00   [6] d6 finish=stop completion=70 chunks=34 acc=2.091(chunks) rate=21.11 ttft=0.422 sha=6ed0508ab41c ok div@189 head='1. Reduce watering frequency sig' tail='ensate for shorter days.'
2026-09-30T14:43:40.778+00:00   [7] d7 finish=stop completion=67 chunks=18 acc=3.882(chunks) rate=34.33 ttft=0.171 sha=c39be9b87ae0 ok div@None head='{\n  "name": "Eiffel Tower",\n  "y' tail='re",\n    "Tourism"\n  ]\n}'
2026-09-30T14:43:47.676+00:00 burst=distinct-n8-b2 kind=distinct n=8 stagger=0.000 coprefill=False spread=0.253 gate=- report=['early_divergence']
2026-09-30T14:43:47.676+00:00   [0] d0 finish=stop completion=91 chunks=37 acc=2.500(chunks) rate=26.35 ttft=0.358 sha=28ad902a80be early_divergence div@1 head='Standard attention mechanisms sc' tail='al hardware constraints.'
2026-09-30T14:43:47.676+00:00   [1] d1 finish=stop completion=69 chunks=31 acc=2.267(chunks) rate=22.55 ttft=0.359 sha=94638723e9c9 early_divergence div@80 head='A bicycle gear system uses mecha' tail=' to overcome resistance.'
2026-09-30T14:43:47.676+00:00   [2] d2 finish=stop completion=43 chunks=12 acc=3.818(chunks) rate=33.84 ttft=0.359 sha=097672f98733 ok div@None head='2, 3, 5, 7, 11, 13, 17, 19, 23, ' tail=', 17, 19, 23, 29, 31, 37'
2026-09-30T14:43:47.676+00:00   [3] d3 finish=stop completion=102 chunks=39 acc=2.658(chunks) rate=28.61 ttft=0.358 sha=13787128752e early_divergence div@16 head='The water cycle starts when the ' tail=' journey all over again.'
2026-09-30T14:43:47.676+00:00   [4] d4 finish=stop completion=102 chunks=26 acc=4.040(chunks) rate=37.77 ttft=0.360 sha=cb9c046d4e9a ok div@None head='```python\ndef fibonacci(n: int) ' tail=', a + b\n    return b\n```'
2026-09-30T14:43:47.676+00:00   [5] d5 finish=stop completion=17 chunks=7 acc=2.667(chunks) rate=23.24 ttft=0.359 sha=5a881638e98d ok div@None head='La bibliothèque ouvre à neuf heu' tail='-huit heures en semaine.'
2026-09-30T14:43:47.676+00:00   [6] d6 finish=stop completion=70 chunks=29 acc=2.464(chunks) rate=23.50 ttft=0.358 sha=bb8b3c4d6aad ok div@205 head='1. Reduce watering frequency sig' tail=' shorter daylight hours.'
2026-09-30T14:43:47.676+00:00   [7] d7 finish=stop completion=67 chunks=18 acc=3.882(chunks) rate=34.73 ttft=0.107 sha=c39be9b87ae0 ok div@None head='{\n  "name": "Eiffel Tower",\n  "y' tail='re",\n    "Tourism"\n  ]\n}'
2026-09-30T14:43:54.577+00:00 burst=distinct-n8-b3 kind=distinct n=8 stagger=0.000 coprefill=False spread=0.275 gate=- report=['early_divergence']
2026-09-30T14:43:54.577+00:00   [0] d0 finish=stop completion=93 chunks=38 acc=2.486(chunks) rate=26.60 ttft=0.370 sha=774bf9418857 early_divergence div@1 head='Standard attention mechanisms sc' tail='tensive context windows.'
2026-09-30T14:43:54.577+00:00   [1] d1 finish=stop completion=71 chunks=28 acc=2.593(chunks) rate=25.66 ttft=0.370 sha=53845d361929 ok div@165 head='A bicycle gear system uses mecha' tail=' to overcome resistance.'
2026-09-30T14:43:54.577+00:00   [2] d2 finish=stop completion=43 chunks=12 acc=3.818(chunks) rate=32.74 ttft=0.095 sha=097672f98733 ok div@None head='2, 3, 5, 7, 11, 13, 17, 19, 23, ' tail=', 17, 19, 23, 29, 31, 37'
2026-09-30T14:43:54.577+00:00   [3] d3 finish=stop completion=103 chunks=39 acc=2.684(chunks) rate=28.95 ttft=0.368 sha=01b710a2d0f7 early_divergence div@16 head='The water cycle starts when the ' tail=' journey all over again.'
2026-09-30T14:43:54.577+00:00   [4] d4 finish=stop completion=81 chunks=21 acc=4.000(chunks) rate=37.03 ttft=0.369 sha=d6e4529d7c26 early_divergence div@50 head='```python\ndef fibonacci(n: int) ' tail=', a + b\n    return b\n```'
2026-09-30T14:43:54.577+00:00   [5] d5 finish=stop completion=17 chunks=7 acc=2.667(chunks) rate=23.71 ttft=0.370 sha=5a881638e98d ok div@None head='La bibliothèque ouvre à neuf heu' tail='-huit heures en semaine.'
2026-09-30T14:43:54.577+00:00   [6] d6 finish=stop completion=70 chunks=34 acc=2.091(chunks) rate=21.67 ttft=0.369 sha=6ed0508ab41c ok div@189 head='1. Reduce watering frequency sig' tail='ensate for shorter days.'
2026-09-30T14:43:54.577+00:00   [7] d7 finish=stop completion=68 chunks=20 acc=3.526(chunks) rate=32.92 ttft=0.370 sha=244b4a05c019 ok div@108 head='{\n  "name": "Eiffel Tower",\n  "y' tail='    "Architecture"\n  ]\n}'
2026-09-30T14:44:00.137+00:00 burst=staggered-identical-n2 kind=identical n=2 stagger=0.250 coprefill=False spread=0.374 gate=- report=['early_divergence']
2026-09-30T14:44:00.137+00:00   [0] d0 finish=stop completion=95 chunks=41 acc=2.350(chunks) rate=38.30 ttft=0.099 sha=818602e63bfe ok div@333 head='Sparse attention mitigates the q' tail='n large language models.'
2026-09-30T14:44:00.137+00:00   [1] d0 finish=stop completion=93 chunks=34 acc=2.788(chunks) rate=45.60 ttft=0.223 sha=774bf9418857 early_divergence div@1 head='Standard attention mechanisms sc' tail='tensive context windows.'
2026-09-30T14:44:06.305+00:00 burst=staggered-distinct-n3 kind=distinct n=3 stagger=0.250 coprefill=False spread=0.617 gate=- report=['early_divergence']
2026-09-30T14:44:06.305+00:00   [0] d0 finish=stop completion=99 chunks=47 acc=2.130(chunks) rate=32.01 ttft=0.100 sha=b4f847211dde early_divergence div@164 head='Sparse attention mitigates the q' tail='processing applications.'
2026-09-30T14:44:06.305+00:00   [1] d1 finish=stop completion=78 chunks=37 acc=2.139(chunks) rate=31.23 ttft=0.167 sha=7001d85664e3 ok div@201 head='A bicycle gear system uses mecha' tail='ess mechanical leverage.'
2026-09-30T14:44:06.305+00:00   [2] d2 finish=stop completion=43 chunks=12 acc=3.818(chunks) rate=50.32 ttft=0.217 sha=097672f98733 ok div@None head='2, 3, 5, 7, 11, 13, 17, 19, 23, ' tail=', 17, 19, 23, 29, 31, 37'
2026-09-30T14:44:13.365+00:00 burst=staggered-distinct-n5 kind=distinct n=5 stagger=0.250 coprefill=False spread=1.168 gate=- report=['early_divergence']
2026-09-30T14:44:13.365+00:00   [0] d0 finish=stop completion=100 chunks=45 acc=2.250(chunks) rate=27.74 ttft=0.101 sha=ce4119481111 early_divergence div@164 head='Sparse attention mitigates the q' tail='n large language models.'
2026-09-30T14:44:13.365+00:00   [1] d1 finish=stop completion=75 chunks=31 acc=2.467(chunks) rate=28.71 ttft=0.166 sha=c83f84f02cda ok div@373 head='A bicycle gear system uses mecha' tail='l for flat, fast riding.'
2026-09-30T14:44:13.365+00:00   [2] d2 finish=stop completion=43 chunks=12 acc=3.818(chunks) rate=40.46 ttft=0.211 sha=097672f98733 ok div@None head='2, 3, 5, 7, 11, 13, 17, 19, 23, ' tail=', 17, 19, 23, 29, 31, 37'
2026-09-30T14:44:13.365+00:00   [3] d3 finish=stop completion=101 chunks=40 acc=2.564(chunks) rate=32.52 ttft=0.227 sha=a5cb9def895f early_divergence div@16 head='The water cycle starts when the ' tail=' journey all over again.'
2026-09-30T14:44:13.365+00:00   [4] d4 finish=stop completion=102 chunks=28 acc=3.741(chunks) rate=44.68 ttft=0.268 sha=cb9c046d4e9a ok div@None head='```python\ndef fibonacci(n: int) ' tail=', a + b\n    return b\n```'
2026-09-30T14:44:21.657+00:00 burst=staggered-identical-n8 kind=identical n=8 stagger=0.250 coprefill=False spread=1.953 gate=- report=['early_divergence']
2026-09-30T14:44:21.657+00:00   [0] d0 finish=stop completion=95 chunks=45 acc=2.136(chunks) rate=24.20 ttft=0.100 sha=62032dac1eb1 early_divergence div@164 head='Sparse attention mitigates the q' tail='n large language models.'
2026-09-30T14:44:21.657+00:00   [1] d0 finish=stop completion=93 chunks=36 acc=2.629(chunks) rate=28.30 ttft=0.218 sha=774bf9418857 early_divergence div@1 head='Standard attention mechanisms sc' tail='tensive context windows.'
2026-09-30T14:44:21.657+00:00   [2] d0 finish=stop completion=95 chunks=39 acc=2.474(chunks) rate=26.39 ttft=0.202 sha=30da1fd13f33 early_divergence div@1 head='Standard attention mechanisms sc' tail='pplication requirements.'
2026-09-30T14:44:21.657+00:00   [3] d0 finish=stop completion=92 chunks=34 acc=2.758(chunks) rate=28.35 ttft=0.214 sha=d347660dc6fd early_divergence div@1 head='Standard attention mechanisms sc' tail='onstrained environments.'
2026-09-30T14:44:21.657+00:00   [4] d0 finish=stop completion=91 chunks=38 acc=2.432(chunks) rate=26.26 ttft=0.230 sha=28ad902a80be early_divergence div@1 head='Standard attention mechanisms sc' tail='al hardware constraints.'
2026-09-30T14:44:21.657+00:00   [5] d0 finish=stop completion=96 chunks=44 acc=2.209(chunks) rate=25.24 ttft=0.272 sha=489a49d1db88 early_divergence div@193 head='Sparse attention mitigates the q' tail=' contextual information.'
2026-09-30T14:44:21.657+00:00   [6] d0 finish=stop completion=96 chunks=42 acc=2.317(chunks) rate=26.77 ttft=0.236 sha=af05a4d40076 early_divergence div@1 head='Standard attention mechanisms sc' tail='ming hardware resources.'
2026-09-30T14:44:21.657+00:00   [7] d0 finish=stop completion=95 chunks=38 acc=2.541(chunks) rate=29.73 ttft=0.303 sha=6b5b1b878e02 early_divergence div@1 head='Standard attention mechanisms sc' tail='s vast textual contexts.'
2026-09-30T14:44:33.856+00:00 burst=long-pair kind=long n=2 stagger=0.000 coprefill=False spread=2.519 gate=- report=['slow']
2026-09-30T14:44:33.856+00:00   [0] long0 finish=stop completion=6 chunks=2 acc=5.000(chunks) rate=38.19 ttft=9.060 sha=83dab7f91bc1 ok div@None head='74354' tail='74354'
2026-09-30T14:44:33.856+00:00   [1] long1 finish=stop completion=6 chunks=2 acc=5.000(chunks) rate=1.98 ttft=6.541 sha=0ec41e567fc2 slow div@None head='79083' tail='79083'
2026-09-30T14:44:37.395+00:00 burst=image-pair kind=image n=2 stagger=0.000 coprefill=False spread=0.204 gate=- report=-
2026-09-30T14:44:37.395+00:00   [0] img_red finish=stop completion=11 chunks=4 acc=3.333(chunks) rate=55.61 ttft=0.349 sha=0e1c14c4131c ok div@None head='The image is filled with a solid' tail=' with a solid red color.'
2026-09-30T14:44:37.395+00:00   [1] img_blue finish=stop completion=11 chunks=4 acc=3.333(chunks) rate=37.77 ttft=0.145 sha=7fa32368a223 ok div@None head='This image is filled with a soli' tail='with a solid blue color.'
2026-09-30T14:44:37.395+00:00 TOTALS bursts=30 streams=130 gate_bursts=0 zero_acc=0 runaway=0 first32_match=0.323 coprefill_bursts=2 per_request_spec_metrics=False
2026-09-30T14:44:37.395+00:00 NOTE: server did not return metrics.speculative_decoding on every stream; acceptance estimated from tokens per chunk (serve with --per-request-spec-decode-metrics summary)
2026-09-30T14:44:37.395+00:00 T0 PASS
