2026-09-30T08:00:28.749+00:00 bench_probe v1 url=http://127.0.0.1:8000/v1/chat/completions sizes=[2, 3, 5, 8] kinds=['identical', 'distinct'] bursts_per_shape=3 max_tokens=256
2026-09-30T08:00:30.737+00:00 ref d0 finish=stop completion=97 acc=2.400 ttft=0.107 sha=64741aae9835 head='Sparse attention significantly enhances '
2026-09-30T08:00:33.370+00:00 ref d1 finish=stop completion=75 acc=2.242 ttft=0.088 sha=dd9e859f4c7d head='A bicycle gear system uses mechanical ad'
2026-09-30T08:00:34.983+00:00 ref d2 finish=stop completion=43 acc=3.818 ttft=0.085 sha=097672f98733 head='2, 3, 5, 7, 11, 13, 17, 19, 23, 29, 31, '
2026-09-30T08:00:37.769+00:00 ref d3 finish=stop completion=97 acc=2.595 ttft=0.085 sha=399d2109875f head='The water cycle starts when the sun warm'
2026-09-30T08:00:40.140+00:00 ref d4 finish=stop completion=102 acc=3.885 ttft=0.088 sha=cb9c046d4e9a head='```python\ndef fibonacci(n: int) -> int:\n'
2026-09-30T08:00:41.513+00:00 ref d5 finish=stop completion=17 acc=2.667 ttft=0.091 sha=5a881638e98d head='La bibliothèque ouvre à neuf heures et f'
2026-09-30T08:00:44.056+00:00 ref d6 finish=stop completion=71 acc=2.258 ttft=0.087 sha=69478a81e97d head='1. Reduce watering frequency significant'
2026-09-30T08:00:46.044+00:00 ref d7 finish=stop completion=76 acc=3.947 ttft=0.097 sha=1c845d093125 head='{\n  "name": "Eiffel Tower",\n  "year": 18'
2026-09-30T08:00:50.916+00:00 ref long0 finish=stop completion=6 acc=5.000 ttft=3.745 sha=83dab7f91bc1 head='74354'
2026-09-30T08:00:55.792+00:00 ref long1 finish=stop completion=6 acc=5.000 ttft=3.750 sha=0ec41e567fc2 head='79083'
2026-09-30T08:00:57.094+00:00 ref img_red finish=stop completion=11 acc=3.333 ttft=0.158 sha=0e1c14c4131c head='The image is filled with a solid red col'
2026-09-30T08:00:58.399+00:00 ref img_blue finish=stop completion=11 acc=3.333 ttft=0.160 sha=705b4320e3b4 head='The image is filled with a solid blue co'
2026-09-30T08:01:05.294+00:00 burst=identical-n2-b1 kind=identical n=2 stagger=0.000 coprefill=False spread=0.375 gate=- report=['early_divergence']
2026-09-30T08:01:05.294+00:00   [0] d0 finish=stop completion=93 chunks=44 acc=2.140(chunks) rate=34.84 ttft=0.093 sha=94ec4c372446 early_divergence div@85 head='Sparse attention significantly e' tail='thy text analysis tasks.'
2026-09-30T08:01:05.294+00:00   [1] d0 finish=stop completion=94 chunks=45 acc=2.114(chunks) rate=38.45 ttft=0.468 sha=2aca837efdb3 early_divergence div@81 head='Sparse attention significantly e' tail='uments or conversations.'
2026-09-30T08:01:10.961+00:00 burst=identical-n2-b2 kind=identical n=2 stagger=0.000 coprefill=False spread=0.145 gate=- report=['early_divergence']
2026-09-30T08:01:10.961+00:00   [0] d0 finish=stop completion=93 chunks=44 acc=2.140(chunks) rate=38.16 ttft=0.096 sha=94ec4c372446 early_divergence div@85 head='Sparse attention significantly e' tail='thy text analysis tasks.'
2026-09-30T08:01:10.961+00:00   [1] d0 finish=stop completion=94 chunks=45 acc=2.114(chunks) rate=38.43 ttft=0.242 sha=2aca837efdb3 early_divergence div@81 head='Sparse attention significantly e' tail='uments or conversations.'
2026-09-30T08:01:16.636+00:00 burst=identical-n2-b3 kind=identical n=2 stagger=0.000 coprefill=False spread=0.149 gate=- report=['early_divergence']
2026-09-30T08:01:16.637+00:00   [0] d0 finish=stop completion=94 chunks=45 acc=2.114(chunks) rate=38.32 ttft=0.243 sha=2aca837efdb3 early_divergence div@81 head='Sparse attention significantly e' tail='uments or conversations.'
2026-09-30T08:01:16.637+00:00   [1] d0 finish=stop completion=93 chunks=44 acc=2.140(chunks) rate=37.94 ttft=0.094 sha=94ec4c372446 early_divergence div@85 head='Sparse attention significantly e' tail='thy text analysis tasks.'
2026-09-30T08:01:21.979+00:00 burst=distinct-n2-b1 kind=distinct n=2 stagger=0.000 coprefill=False spread=0.147 gate=- report=['early_divergence']
2026-09-30T08:01:21.979+00:00   [0] d0 finish=stop completion=85 chunks=41 acc=2.100(chunks) rate=37.54 ttft=0.096 sha=81972b7caa2b early_divergence div@154 head='Sparse attention significantly e' tail='nd resource constraints.'
2026-09-30T08:01:21.979+00:00   [1] d1 finish=stop completion=74 chunks=32 acc=2.355(chunks) rate=41.62 ttft=0.243 sha=276ca6ca5387 early_divergence div@51 head='A bicycle gear system uses mecha' tail=' terrain and conditions.'
2026-09-30T08:01:27.345+00:00 burst=distinct-n2-b2 kind=distinct n=2 stagger=0.000 coprefill=False spread=0.142 gate=- report=['early_divergence']
2026-09-30T08:01:27.345+00:00   [0] d0 finish=stop completion=85 chunks=41 acc=2.100(chunks) rate=37.70 ttft=0.131 sha=81972b7caa2b early_divergence div@154 head='Sparse attention significantly e' tail='nd resource constraints.'
2026-09-30T08:01:27.345+00:00   [1] d1 finish=stop completion=74 chunks=32 acc=2.355(chunks) rate=41.80 ttft=0.273 sha=276ca6ca5387 early_divergence div@51 head='A bicycle gear system uses mecha' tail=' terrain and conditions.'
2026-09-30T08:01:32.714+00:00 burst=distinct-n2-b3 kind=distinct n=2 stagger=0.000 coprefill=False spread=0.142 gate=- report=['early_divergence']
2026-09-30T08:01:32.714+00:00   [0] d0 finish=stop completion=85 chunks=41 acc=2.100(chunks) rate=37.64 ttft=0.131 sha=81972b7caa2b early_divergence div@154 head='Sparse attention significantly e' tail='nd resource constraints.'
2026-09-30T08:01:32.714+00:00   [1] d1 finish=stop completion=74 chunks=32 acc=2.355(chunks) rate=41.60 ttft=0.273 sha=276ca6ca5387 early_divergence div@51 head='A bicycle gear system uses mecha' tail=' terrain and conditions.'
2026-09-30T08:01:38.838+00:00 burst=identical-n3-b1 kind=identical n=3 stagger=0.000 coprefill=False spread=0.161 gate=- report=['early_divergence']
2026-09-30T08:01:38.838+00:00   [0] d0 finish=stop completion=97 chunks=47 acc=2.087(chunks) rate=33.57 ttft=0.255 sha=c0edae735800 early_divergence div@81 head='Sparse attention significantly e' tail='ve context is essential.'
2026-09-30T08:01:38.838+00:00   [1] d0 finish=stop completion=87 chunks=37 acc=2.389(chunks) rate=37.98 ttft=0.255 sha=aa1b5ea26fe7 early_divergence div@85 head='Sparse attention significantly e' tail='tensive context windows.'
2026-09-30T08:01:38.838+00:00   [2] d0 finish=stop completion=99 chunks=47 acc=2.130(chunks) rate=34.14 ttft=0.095 sha=7e07a5517c0e ok div@253 head='Sparse attention significantly e' tail='hibitive resource costs.'
2026-09-30T08:01:44.945+00:00 burst=identical-n3-b2 kind=identical n=3 stagger=0.000 coprefill=False spread=0.160 gate=- report=['early_divergence']
2026-09-30T08:01:44.945+00:00   [0] d0 finish=stop completion=97 chunks=47 acc=2.087(chunks) rate=33.76 ttft=0.256 sha=c0edae735800 early_divergence div@81 head='Sparse attention significantly e' tail='ve context is essential.'
2026-09-30T08:01:44.945+00:00   [1] d0 finish=stop completion=87 chunks=37 acc=2.389(chunks) rate=38.28 ttft=0.255 sha=aa1b5ea26fe7 early_divergence div@85 head='Sparse attention significantly e' tail='tensive context windows.'
2026-09-30T08:01:44.945+00:00   [2] d0 finish=stop completion=99 chunks=47 acc=2.130(chunks) rate=34.37 ttft=0.096 sha=7e07a5517c0e ok div@253 head='Sparse attention significantly e' tail='hibitive resource costs.'
2026-09-30T08:01:51.059+00:00 burst=identical-n3-b3 kind=identical n=3 stagger=0.000 coprefill=False spread=0.160 gate=- report=['early_divergence']
2026-09-30T08:01:51.059+00:00   [0] d0 finish=stop completion=99 chunks=47 acc=2.130(chunks) rate=34.27 ttft=0.097 sha=7e07a5517c0e ok div@253 head='Sparse attention significantly e' tail='hibitive resource costs.'
2026-09-30T08:01:51.059+00:00   [1] d0 finish=stop completion=87 chunks=37 acc=2.389(chunks) rate=38.23 ttft=0.256 sha=aa1b5ea26fe7 early_divergence div@85 head='Sparse attention significantly e' tail='tensive context windows.'
2026-09-30T08:01:51.059+00:00   [2] d0 finish=stop completion=97 chunks=47 acc=2.087(chunks) rate=33.66 ttft=0.256 sha=c0edae735800 early_divergence div@81 head='Sparse attention significantly e' tail='ve context is essential.'
2026-09-30T08:01:56.921+00:00 burst=distinct-n3-b1 kind=distinct n=3 stagger=0.000 coprefill=False spread=0.168 gate=- report=['early_divergence']
2026-09-30T08:01:56.921+00:00   [0] d0 finish=stop completion=94 chunks=46 acc=2.067(chunks) rate=35.84 ttft=0.258 sha=66e6c9507bce early_divergence div@17 head='Sparse attention mitigates the q' tail='l feasibility and speed.'
2026-09-30T08:01:56.921+00:00   [1] d1 finish=stop completion=75 chunks=34 acc=2.242(chunks) rate=35.38 ttft=0.091 sha=173ffade051b early_divergence div@51 head='A bicycle gear system uses mecha' tail=' terrain and conditions.'
2026-09-30T08:01:56.921+00:00   [2] d2 finish=stop completion=43 chunks=12 acc=3.818(chunks) rate=54.52 ttft=0.259 sha=097672f98733 ok div@None head='2, 3, 5, 7, 11, 13, 17, 19, 23, ' tail=', 17, 19, 23, 29, 31, 37'
2026-09-30T08:02:02.763+00:00 burst=distinct-n3-b2 kind=distinct n=3 stagger=0.000 coprefill=False spread=0.170 gate=- report=['early_divergence']
2026-09-30T08:02:02.764+00:00   [0] d0 finish=stop completion=96 chunks=45 acc=2.159(chunks) rate=37.42 ttft=0.295 sha=34ae816e128c early_divergence div@17 head='Sparse attention mitigates the q' tail='panding context windows.'
2026-09-30T08:02:02.764+00:00   [1] d1 finish=stop completion=72 chunks=33 acc=2.219(chunks) rate=35.24 ttft=0.295 sha=cecb98d0d05e early_divergence div@51 head='A bicycle gear system uses mecha' tail='wer for varying terrain.'
2026-09-30T08:02:02.764+00:00   [2] d2 finish=stop completion=43 chunks=12 acc=3.818(chunks) rate=52.01 ttft=0.125 sha=097672f98733 ok div@None head='2, 3, 5, 7, 11, 13, 17, 19, 23, ' tail=', 17, 19, 23, 29, 31, 37'
2026-09-30T08:02:08.574+00:00 burst=distinct-n3-b3 kind=distinct n=3 stagger=0.000 coprefill=False spread=0.172 gate=- report=['early_divergence']
2026-09-30T08:02:08.574+00:00   [0] d0 finish=stop completion=96 chunks=45 acc=2.159(chunks) rate=37.93 ttft=0.297 sha=34ae816e128c early_divergence div@17 head='Sparse attention mitigates the q' tail='panding context windows.'
2026-09-30T08:02:08.574+00:00   [1] d1 finish=stop completion=72 chunks=33 acc=2.219(chunks) rate=35.78 ttft=0.297 sha=cecb98d0d05e early_divergence div@51 head='A bicycle gear system uses mecha' tail='wer for varying terrain.'
2026-09-30T08:02:08.574+00:00   [2] d2 finish=stop completion=43 chunks=12 acc=3.818(chunks) rate=52.04 ttft=0.126 sha=097672f98733 ok div@None head='2, 3, 5, 7, 11, 13, 17, 19, 23, ' tail=', 17, 19, 23, 29, 31, 37'
2026-09-30T08:02:15.466+00:00 burst=identical-n5-b1 kind=identical n=5 stagger=0.000 coprefill=False spread=0.198 gate=- report=['early_divergence']
2026-09-30T08:02:15.466+00:00   [0] d0 finish=stop completion=98 chunks=45 acc=2.205(chunks) rate=28.95 ttft=0.098 sha=bfa6d466552c early_divergence div@85 head='Sparse attention significantly e' tail='putationally infeasible.'
2026-09-30T08:02:15.466+00:00   [1] d0 finish=stop completion=103 chunks=46 acc=2.267(chunks) rate=30.36 ttft=0.294 sha=d6ffa239ec06 early_divergence div@1 head='Standard attention mechanisms sc' tail='analysis and generation.'
2026-09-30T08:02:15.466+00:00   [2] d0 finish=stop completion=101 chunks=48 acc=2.128(chunks) rate=28.70 ttft=0.295 sha=940c124c071e early_divergence div@1 head='Standard attention mechanisms sc' tail=' understanding or speed.'
2026-09-30T08:02:15.466+00:00   [3] d0 finish=stop completion=94 chunks=42 acc=2.268(chunks) rate=30.27 ttft=0.295 sha=471a1543f605 early_divergence div@85 head='Sparse attention significantly e' tail='uage models effectively.'
2026-09-30T08:02:15.466+00:00   [4] d0 finish=stop completion=103 chunks=49 acc=2.125(chunks) rate=28.43 ttft=0.295 sha=ca8f6dab0222 early_divergence div@154 head='Sparse attention significantly e' tail='real-world applications.'
2026-09-30T08:02:22.366+00:00 burst=identical-n5-b2 kind=identical n=5 stagger=0.000 coprefill=False spread=0.192 gate=- report=['early_divergence']
2026-09-30T08:02:22.366+00:00   [0] d0 finish=stop completion=98 chunks=45 acc=2.205(chunks) rate=28.95 ttft=0.100 sha=bfa6d466552c early_divergence div@85 head='Sparse attention significantly e' tail='putationally infeasible.'
2026-09-30T08:02:22.366+00:00   [1] d0 finish=stop completion=103 chunks=49 acc=2.125(chunks) rate=28.34 ttft=0.291 sha=ca8f6dab0222 early_divergence div@154 head='Sparse attention significantly e' tail='real-world applications.'
2026-09-30T08:02:22.366+00:00   [2] d0 finish=stop completion=103 chunks=46 acc=2.267(chunks) rate=30.33 ttft=0.291 sha=d6ffa239ec06 early_divergence div@1 head='Standard attention mechanisms sc' tail='analysis and generation.'
2026-09-30T08:02:22.366+00:00   [3] d0 finish=stop completion=101 chunks=48 acc=2.128(chunks) rate=28.64 ttft=0.291 sha=940c124c071e early_divergence div@1 head='Standard attention mechanisms sc' tail=' understanding or speed.'
2026-09-30T08:02:22.366+00:00   [4] d0 finish=stop completion=94 chunks=42 acc=2.268(chunks) rate=30.24 ttft=0.292 sha=471a1543f605 early_divergence div@85 head='Sparse attention significantly e' tail='uage models effectively.'
2026-09-30T08:02:29.270+00:00 burst=identical-n5-b3 kind=identical n=5 stagger=0.000 coprefill=False spread=0.192 gate=- report=['early_divergence']
2026-09-30T08:02:29.270+00:00   [0] d0 finish=stop completion=103 chunks=49 acc=2.125(chunks) rate=28.29 ttft=0.292 sha=ca8f6dab0222 early_divergence div@154 head='Sparse attention significantly e' tail='real-world applications.'
2026-09-30T08:02:29.270+00:00   [1] d0 finish=stop completion=101 chunks=48 acc=2.128(chunks) rate=28.59 ttft=0.291 sha=940c124c071e early_divergence div@1 head='Standard attention mechanisms sc' tail=' understanding or speed.'
2026-09-30T08:02:29.270+00:00   [2] d0 finish=stop completion=103 chunks=46 acc=2.267(chunks) rate=30.26 ttft=0.290 sha=d6ffa239ec06 early_divergence div@1 head='Standard attention mechanisms sc' tail='analysis and generation.'
2026-09-30T08:02:29.270+00:00   [3] d0 finish=stop completion=94 chunks=42 acc=2.268(chunks) rate=30.17 ttft=0.290 sha=471a1543f605 early_divergence div@85 head='Sparse attention significantly e' tail='uage models effectively.'
2026-09-30T08:02:29.270+00:00   [4] d0 finish=stop completion=98 chunks=45 acc=2.205(chunks) rate=28.90 ttft=0.100 sha=bfa6d466552c early_divergence div@85 head='Sparse attention significantly e' tail='putationally infeasible.'
2026-09-30T08:02:35.873+00:00 burst=distinct-n5-b1 kind=distinct n=5 stagger=0.000 coprefill=False spread=0.203 gate=- report=['early_divergence']
2026-09-30T08:02:35.873+00:00   [0] d0 finish=stop completion=89 chunks=46 acc=1.956(chunks) rate=26.66 ttft=0.295 sha=914c48110c1d early_divergence div@1 head='Standard attention mechanisms sc' tail='ming hardware resources.'
2026-09-30T08:02:35.873+00:00   [1] d1 finish=stop completion=75 chunks=36 acc=2.114(chunks) rate=26.76 ttft=0.296 sha=d838fe6fe616 early_divergence div@51 head='A bicycle gear system uses mecha' tail='g speed on flat terrain.'
2026-09-30T08:02:35.873+00:00   [2] d2 finish=stop completion=43 chunks=12 acc=3.818(chunks) rate=42.30 ttft=0.295 sha=097672f98733 ok div@None head='2, 3, 5, 7, 11, 13, 17, 19, 23, ' tail=', 17, 19, 23, 29, 31, 37'
2026-09-30T08:02:35.873+00:00   [3] d3 finish=stop completion=105 chunks=40 acc=2.667(chunks) rate=34.56 ttft=0.294 sha=5352b7168567 ok div@250 head='The water cycle starts when the ' tail=' journey all over again.'
2026-09-30T08:02:35.873+00:00   [4] d4 finish=stop completion=102 chunks=28 acc=3.741(chunks) rate=44.36 ttft=0.093 sha=cb9c046d4e9a ok div@None head='```python\ndef fibonacci(n: int) ' tail=', a + b\n    return b\n```'
2026-09-30T08:02:42.187+00:00 burst=distinct-n5-b2 kind=distinct n=5 stagger=0.000 coprefill=False spread=0.203 gate=- report=['early_divergence']
2026-09-30T08:02:42.187+00:00   [0] d0 finish=stop completion=88 chunks=41 acc=2.175(chunks) rate=28.84 ttft=0.292 sha=74a205c79dd2 early_divergence div@1 head='Standard attention mechanisms sc' tail='ming hardware resources.'
2026-09-30T08:02:42.187+00:00   [1] d1 finish=stop completion=75 chunks=35 acc=2.176(chunks) rate=26.79 ttft=0.089 sha=b045652b3c33 early_divergence div@51 head='A bicycle gear system uses mecha' tail=' for varying conditions.'
2026-09-30T08:02:42.187+00:00   [2] d2 finish=stop completion=43 chunks=12 acc=3.818(chunks) rate=42.93 ttft=0.292 sha=097672f98733 ok div@None head='2, 3, 5, 7, 11, 13, 17, 19, 23, ' tail=', 17, 19, 23, 29, 31, 37'
2026-09-30T08:02:42.187+00:00   [3] d3 finish=stop completion=102 chunks=38 acc=2.730(chunks) rate=35.31 ttft=0.292 sha=123ef9d1c88d ok div@266 head='The water cycle starts when the ' tail=' journey all over again.'
2026-09-30T08:02:42.187+00:00   [4] d4 finish=stop completion=102 chunks=27 acc=3.885(chunks) rate=45.62 ttft=0.291 sha=cb9c046d4e9a ok div@None head='```python\ndef fibonacci(n: int) ' tail=', a + b\n    return b\n```'
2026-09-30T08:02:48.543+00:00 burst=distinct-n5-b3 kind=distinct n=5 stagger=0.000 coprefill=False spread=0.199 gate=- report=['early_divergence']
2026-09-30T08:02:48.543+00:00   [0] d0 finish=stop completion=94 chunks=42 acc=2.268(chunks) rate=28.65 ttft=0.099 sha=0cf31c89c9b5 early_divergence div@85 head='Sparse attention significantly e' tail='information-dense tasks.'
2026-09-30T08:02:48.543+00:00   [1] d1 finish=stop completion=75 chunks=36 acc=2.114(chunks) rate=26.90 ttft=0.297 sha=d838fe6fe616 early_divergence div@51 head='A bicycle gear system uses mecha' tail='g speed on flat terrain.'
2026-09-30T08:02:48.543+00:00   [2] d2 finish=stop completion=43 chunks=12 acc=3.818(chunks) rate=42.59 ttft=0.297 sha=097672f98733 ok div@None head='2, 3, 5, 7, 11, 13, 17, 19, 23, ' tail=', 17, 19, 23, 29, 31, 37'
2026-09-30T08:02:48.543+00:00   [3] d3 finish=stop completion=105 chunks=40 acc=2.667(chunks) rate=34.72 ttft=0.298 sha=5352b7168567 ok div@250 head='The water cycle starts when the ' tail=' journey all over again.'
2026-09-30T08:02:48.543+00:00   [4] d4 finish=stop completion=102 chunks=26 acc=4.040(chunks) rate=47.24 ttft=0.298 sha=cb9c046d4e9a ok div@None head='```python\ndef fibonacci(n: int) ' tail=', a + b\n    return b\n```'
2026-09-30T08:02:55.527+00:00 burst=identical-n8-b1 kind=identical n=8 stagger=0.000 coprefill=False spread=0.218 gate=- report=['early_divergence']
2026-09-30T08:02:55.527+00:00   [0] d0 finish=stop completion=96 chunks=42 acc=2.317(chunks) rate=28.14 ttft=0.320 sha=17876d13dee4 early_divergence div@17 head='Sparse attention mitigates the q' tail='or broader applications.'
2026-09-30T08:02:55.527+00:00   [1] d0 finish=stop completion=90 chunks=41 acc=2.225(chunks) rate=26.36 ttft=0.319 sha=beae1c1c3353 early_divergence div@17 head='Sparse attention mitigates the q' tail='computational resources.'
2026-09-30T08:02:55.527+00:00   [2] d0 finish=stop completion=92 chunks=42 acc=2.220(chunks) rate=26.96 ttft=0.320 sha=ca8bd5d18a5a early_divergence div@81 head='Sparse attention significantly e' tail='long-form conversations.'
2026-09-30T08:02:55.527+00:00   [3] d0 finish=stop completion=96 chunks=45 acc=2.159(chunks) rate=26.42 ttft=0.320 sha=a0ef2ee7cb0d early_divergence div@81 head='Sparse attention significantly e' tail='real-world applications.'
2026-09-30T08:02:55.527+00:00   [4] d0 finish=stop completion=101 chunks=46 acc=2.222(chunks) rate=27.37 ttft=0.320 sha=cc90832de329 ok div@253 head='Sparse attention significantly e' tail='hibitive resource costs.'
2026-09-30T08:02:55.527+00:00   [5] d0 finish=stop completion=102 chunks=45 acc=2.295(chunks) rate=28.09 ttft=0.319 sha=e149e79c66e4 early_divergence div@85 head='Sparse attention significantly e' tail='r real-world deployment.'
2026-09-30T08:02:55.527+00:00   [6] d0 finish=stop completion=94 chunks=41 acc=2.325(chunks) rate=28.30 ttft=0.320 sha=da1adbac50f3 early_divergence div@81 head='Sparse attention significantly e' tail='uments or conversations.'
2026-09-30T08:02:55.527+00:00   [7] d0 finish=stop completion=96 chunks=41 acc=2.375(chunks) rate=27.84 ttft=0.103 sha=ea3df8885adf early_divergence div@85 head='Sparse attention significantly e' tail='anageable and practical.'
2026-09-30T08:03:02.508+00:00 burst=identical-n8-b2 kind=identical n=8 stagger=0.000 coprefill=False spread=0.216 gate=- report=['early_divergence']
2026-09-30T08:03:02.508+00:00   [0] d0 finish=stop completion=94 chunks=41 acc=2.325(chunks) rate=28.25 ttft=0.318 sha=da1adbac50f3 early_divergence div@81 head='Sparse attention significantly e' tail='uments or conversations.'
2026-09-30T08:03:02.508+00:00   [1] d0 finish=stop completion=102 chunks=45 acc=2.295(chunks) rate=28.11 ttft=0.317 sha=e149e79c66e4 early_divergence div@85 head='Sparse attention significantly e' tail='r real-world deployment.'
2026-09-30T08:03:02.509+00:00   [2] d0 finish=stop completion=96 chunks=42 acc=2.317(chunks) rate=28.10 ttft=0.317 sha=17876d13dee4 early_divergence div@17 head='Sparse attention mitigates the q' tail='or broader applications.'
2026-09-30T08:03:02.509+00:00   [3] d0 finish=stop completion=90 chunks=41 acc=2.225(chunks) rate=26.32 ttft=0.317 sha=beae1c1c3353 early_divergence div@17 head='Sparse attention mitigates the q' tail='computational resources.'
2026-09-30T08:03:02.509+00:00   [4] d0 finish=stop completion=92 chunks=42 acc=2.220(chunks) rate=26.91 ttft=0.318 sha=ca8bd5d18a5a early_divergence div@81 head='Sparse attention significantly e' tail='long-form conversations.'
2026-09-30T08:03:02.509+00:00   [5] d0 finish=stop completion=96 chunks=41 acc=2.375(chunks) rate=27.82 ttft=0.102 sha=ea3df8885adf early_divergence div@85 head='Sparse attention significantly e' tail='anageable and practical.'
2026-09-30T08:03:02.509+00:00   [6] d0 finish=stop completion=96 chunks=45 acc=2.159(chunks) rate=26.44 ttft=0.318 sha=a0ef2ee7cb0d early_divergence div@81 head='Sparse attention significantly e' tail='real-world applications.'
2026-09-30T08:03:02.509+00:00   [7] d0 finish=stop completion=101 chunks=46 acc=2.222(chunks) rate=27.38 ttft=0.319 sha=cc90832de329 ok div@253 head='Sparse attention significantly e' tail='hibitive resource costs.'
2026-09-30T08:03:09.473+00:00 burst=identical-n8-b3 kind=identical n=8 stagger=0.000 coprefill=False spread=0.220 gate=- report=['early_divergence']
2026-09-30T08:03:09.473+00:00   [0] d0 finish=stop completion=92 chunks=42 acc=2.220(chunks) rate=27.02 ttft=0.319 sha=ca8bd5d18a5a early_divergence div@81 head='Sparse attention significantly e' tail='long-form conversations.'
2026-09-30T08:03:09.473+00:00   [1] d0 finish=stop completion=94 chunks=41 acc=2.325(chunks) rate=28.36 ttft=0.319 sha=da1adbac50f3 early_divergence div@81 head='Sparse attention significantly e' tail='uments or conversations.'
2026-09-30T08:03:09.473+00:00   [2] d0 finish=stop completion=96 chunks=42 acc=2.317(chunks) rate=28.20 ttft=0.317 sha=17876d13dee4 early_divergence div@17 head='Sparse attention mitigates the q' tail='or broader applications.'
2026-09-30T08:03:09.473+00:00   [3] d0 finish=stop completion=102 chunks=45 acc=2.295(chunks) rate=28.24 ttft=0.319 sha=e149e79c66e4 early_divergence div@85 head='Sparse attention significantly e' tail='r real-world deployment.'
2026-09-30T08:03:09.473+00:00   [4] d0 finish=stop completion=96 chunks=45 acc=2.159(chunks) rate=26.55 ttft=0.318 sha=a0ef2ee7cb0d early_divergence div@81 head='Sparse attention significantly e' tail='real-world applications.'
2026-09-30T08:03:09.473+00:00   [5] d0 finish=stop completion=101 chunks=46 acc=2.222(chunks) rate=27.50 ttft=0.320 sha=cc90832de329 ok div@253 head='Sparse attention significantly e' tail='hibitive resource costs.'
2026-09-30T08:03:09.473+00:00   [6] d0 finish=stop completion=90 chunks=41 acc=2.225(chunks) rate=26.43 ttft=0.317 sha=beae1c1c3353 early_divergence div@17 head='Sparse attention mitigates the q' tail='computational resources.'
2026-09-30T08:03:09.473+00:00   [7] d0 finish=stop completion=96 chunks=41 acc=2.375(chunks) rate=27.86 ttft=0.100 sha=ea3df8885adf early_divergence div@85 head='Sparse attention significantly e' tail='anageable and practical.'
2026-09-30T08:03:16.192+00:00 burst=distinct-n8-b1 kind=distinct n=8 stagger=0.000 coprefill=False spread=0.243 gate=- report=['early_divergence']
2026-09-30T08:03:16.192+00:00   [0] d0 finish=stop completion=94 chunks=38 acc=2.514(chunks) rate=27.61 ttft=0.131 sha=825bb39607b2 early_divergence div@85 head='Sparse attention significantly e' tail='nd practical deployment.'
2026-09-30T08:03:16.192+00:00   [1] d1 finish=stop completion=66 chunks=27 acc=2.500(chunks) rate=25.99 ttft=0.374 sha=907a1d74cbfd early_divergence div@51 head='A bicycle gear system uses mecha' tail=' terrain and resistance.'
2026-09-30T08:03:16.192+00:00   [2] d2 finish=stop completion=43 chunks=12 acc=3.818(chunks) rate=36.13 ttft=0.372 sha=097672f98733 ok div@None head='2, 3, 5, 7, 11, 13, 17, 19, 23, ' tail=', 17, 19, 23, 29, 31, 37'
2026-09-30T08:03:16.192+00:00   [3] d3 finish=stop completion=102 chunks=40 acc=2.590(chunks) rate=30.28 ttft=0.373 sha=385fff3699f2 ok div@266 head='The water cycle starts when the ' tail=' journey all over again.'
2026-09-30T08:03:16.192+00:00   [4] d4 finish=stop completion=102 chunks=28 acc=3.741(chunks) rate=39.06 ttft=0.372 sha=cb9c046d4e9a ok div@None head='```python\ndef fibonacci(n: int) ' tail=', a + b\n    return b\n```'
2026-09-30T08:03:16.192+00:00   [5] d5 finish=stop completion=17 chunks=7 acc=2.667(chunks) rate=24.91 ttft=0.372 sha=5a881638e98d ok div@None head='La bibliothèque ouvre à neuf heu' tail='-huit heures en semaine.'
2026-09-30T08:03:16.192+00:00   [6] d6 finish=stop completion=70 chunks=33 acc=2.156(chunks) rate=23.45 ttft=0.372 sha=6ed0508ab41c ok div@189 head='1. Reduce watering frequency sig' tail='ensate for shorter days.'
2026-09-30T08:03:16.192+00:00   [7] d7 finish=stop completion=51 chunks=16 acc=3.333(chunks) rate=32.25 ttft=0.374 sha=5b10dffd94b8 ok div@55 head='{\n  "name": "Eiffel Tower",\n  "y' tail='hitecture", "Tourism"]\n}'
2026-09-30T08:03:22.909+00:00 burst=distinct-n8-b2 kind=distinct n=8 stagger=0.000 coprefill=False spread=0.252 gate=- report=['early_divergence']
2026-09-30T08:03:22.909+00:00   [0] d0 finish=stop completion=91 chunks=41 acc=2.250(chunks) rate=26.75 ttft=0.342 sha=1b610e61e4e2 early_divergence div@81 head='Sparse attention significantly e' tail='h feasible and scalable.'
2026-09-30T08:03:22.909+00:00   [1] d1 finish=stop completion=73 chunks=33 acc=2.250(chunks) rate=23.89 ttft=0.342 sha=01294b5596e2 early_divergence div@51 head='A bicycle gear system uses mecha' tail='wer for varying terrain.'
2026-09-30T08:03:22.909+00:00   [2] d2 finish=stop completion=43 chunks=12 acc=3.818(chunks) rate=35.89 ttft=0.341 sha=097672f98733 ok div@None head='2, 3, 5, 7, 11, 13, 17, 19, 23, ' tail=', 17, 19, 23, 29, 31, 37'
2026-09-30T08:03:22.909+00:00   [3] d3 finish=stop completion=91 chunks=34 acc=2.727(chunks) rate=29.86 ttft=0.341 sha=cf9947c247bb ok div@220 head='The water cycle starts when the ' tail=' journey all over again.'
2026-09-30T08:03:22.909+00:00   [4] d4 finish=stop completion=102 chunks=27 acc=3.885(chunks) rate=38.98 ttft=0.090 sha=d3af644442cd early_divergence div@80 head='```python\ndef fibonacci(n: int) ' tail=', a + b\n    return b\n```'
2026-09-30T08:03:22.909+00:00   [5] d5 finish=stop completion=17 chunks=7 acc=2.667(chunks) rate=24.93 ttft=0.341 sha=5a881638e98d ok div@None head='La bibliothèque ouvre à neuf heu' tail='-huit heures en semaine.'
2026-09-30T08:03:22.909+00:00   [6] d6 finish=stop completion=69 chunks=30 acc=2.345(chunks) rate=24.26 ttft=0.342 sha=09fcc516110f ok div@189 head='1. Reduce watering frequency sig' tail=' shorter daylight hours.'
2026-09-30T08:03:22.909+00:00   [7] d7 finish=stop completion=67 chunks=18 acc=3.882(chunks) rate=38.23 ttft=0.342 sha=c39be9b87ae0 ok div@144 head='{\n  "name": "Eiffel Tower",\n  "y' tail='re",\n    "Tourism"\n  ]\n}'
2026-09-30T08:03:29.949+00:00 burst=distinct-n8-b3 kind=distinct n=8 stagger=0.000 coprefill=False spread=0.242 gate=- report=['early_divergence']
2026-09-30T08:03:29.949+00:00   [0] d0 finish=stop completion=99 chunks=47 acc=2.130(chunks) rate=26.55 ttft=0.340 sha=c6e9bc1bf817 early_divergence div@81 head='Sparse attention significantly e' tail='g feasible and scalable.'
2026-09-30T08:03:29.949+00:00   [1] d1 finish=stop completion=73 chunks=32 acc=2.323(chunks) rate=24.08 ttft=0.341 sha=01294b5596e2 early_divergence div@51 head='A bicycle gear system uses mecha' tail='wer for varying terrain.'
2026-09-30T08:03:29.949+00:00   [2] d2 finish=stop completion=43 chunks=12 acc=3.818(chunks) rate=35.99 ttft=0.341 sha=097672f98733 ok div@None head='2, 3, 5, 7, 11, 13, 17, 19, 23, ' tail=', 17, 19, 23, 29, 31, 37'
2026-09-30T08:03:29.949+00:00   [3] d3 finish=stop completion=91 chunks=34 acc=2.727(chunks) rate=29.43 ttft=0.339 sha=cf9947c247bb ok div@220 head='The water cycle starts when the ' tail=' journey all over again.'
2026-09-30T08:03:29.949+00:00   [4] d4 finish=stop completion=102 chunks=28 acc=3.741(chunks) rate=38.82 ttft=0.340 sha=cb9c046d4e9a ok div@None head='```python\ndef fibonacci(n: int) ' tail=', a + b\n    return b\n```'
2026-09-30T08:03:29.949+00:00   [5] d5 finish=stop completion=17 chunks=7 acc=2.667(chunks) rate=24.74 ttft=0.341 sha=5a881638e98d ok div@None head='La bibliothèque ouvre à neuf heu' tail='-huit heures en semaine.'
2026-09-30T08:03:29.949+00:00   [6] d6 finish=stop completion=69 chunks=30 acc=2.345(chunks) rate=23.94 ttft=0.341 sha=09fcc516110f ok div@189 head='1. Reduce watering frequency sig' tail=' shorter daylight hours.'
2026-09-30T08:03:29.949+00:00   [7] d7 finish=stop completion=76 chunks=20 acc=3.947(chunks) rate=38.04 ttft=0.099 sha=1c845d093125 ok div@None head='{\n  "name": "Eiffel Tower",\n  "y' tail='  "Gustave Eiffel"\n  ]\n}'
2026-09-30T08:03:35.808+00:00 burst=staggered-identical-n2 kind=identical n=2 stagger=0.250 coprefill=False spread=0.332 gate=- report=['early_divergence']
2026-09-30T08:03:35.809+00:00   [0] d0 finish=stop completion=107 chunks=51 acc=2.120(chunks) rate=38.45 ttft=0.095 sha=7898093b98a8 early_divergence div@154 head='Sparse attention significantly e' tail='ex, data-rich scenarios.'
2026-09-30T08:03:35.809+00:00   [1] d0 finish=stop completion=94 chunks=45 acc=2.114(chunks) rate=38.37 ttft=0.177 sha=2aca837efdb3 early_divergence div@81 head='Sparse attention significantly e' tail='uments or conversations.'
2026-09-30T08:03:41.840+00:00 burst=staggered-distinct-n3 kind=distinct n=3 stagger=0.250 coprefill=False spread=0.605 gate=- report=['early_divergence']
2026-09-30T08:03:41.840+00:00   [0] d0 finish=stop completion=97 chunks=50 acc=1.959(chunks) rate=32.71 ttft=0.092 sha=6bdd12dd99c7 ok div@253 head='Sparse attention significantly e' tail='ross vast textual spans.'
2026-09-30T08:03:41.840+00:00   [1] d1 finish=stop completion=75 chunks=36 acc=2.114(chunks) rate=33.52 ttft=0.177 sha=419b8a2b7831 early_divergence div@51 head='A bicycle gear system uses mecha' tail=' for varying conditions.'
2026-09-30T08:03:41.840+00:00   [2] d2 finish=stop completion=43 chunks=12 acc=3.818(chunks) rate=53.96 ttft=0.197 sha=097672f98733 ok div@None head='2, 3, 5, 7, 11, 13, 17, 19, 23, ' tail=', 17, 19, 23, 29, 31, 37'
2026-09-30T08:03:48.539+00:00 burst=staggered-distinct-n5 kind=distinct n=5 stagger=0.250 coprefill=False spread=1.134 gate=- report=['early_divergence']
2026-09-30T08:03:48.539+00:00   [0] d0 finish=stop completion=97 chunks=41 acc=2.400(chunks) rate=31.63 ttft=0.093 sha=0c8a2327abe8 ok div@406 head='Sparse attention significantly e' tail='x, data-intensive tasks.'
2026-09-30T08:03:48.539+00:00   [1] d1 finish=stop completion=76 chunks=35 acc=2.206(chunks) rate=27.81 ttft=0.180 sha=e8a944e43d20 early_divergence div@51 head='A bicycle gear system uses mecha' tail=' for varying conditions.'
2026-09-30T08:03:48.539+00:00   [2] d2 finish=stop completion=43 chunks=12 acc=3.818(chunks) rate=43.27 ttft=0.201 sha=097672f98733 ok div@None head='2, 3, 5, 7, 11, 13, 17, 19, 23, ' tail=', 17, 19, 23, 29, 31, 37'
2026-09-30T08:03:48.539+00:00   [3] d3 finish=stop completion=100 chunks=39 acc=2.605(chunks) rate=36.15 ttft=0.202 sha=64284348d97a ok div@289 head='The water cycle starts when the ' tail='the whole journey again.'
2026-09-30T08:03:48.539+00:00   [4] d4 finish=stop completion=102 chunks=27 acc=3.885(chunks) rate=49.70 ttft=0.226 sha=d3af644442cd early_divergence div@80 head='```python\ndef fibonacci(n: int) ' tail=', a + b\n    return b\n```'
2026-09-30T08:03:57.190+00:00 burst=staggered-identical-n8 kind=identical n=8 stagger=0.250 coprefill=False spread=1.933 gate=- report=['early_divergence']
2026-09-30T08:03:57.190+00:00   [0] d0 finish=stop completion=105 chunks=53 acc=2.000(chunks) rate=24.37 ttft=0.094 sha=f4e46b7fce0c early_divergence div@154 head='Sparse attention significantly e' tail='ponses in complex tasks.'
2026-09-30T08:03:57.190+00:00   [1] d0 finish=stop completion=91 chunks=44 acc=2.093(chunks) rate=24.54 ttft=0.176 sha=c0e4f4965386 early_divergence div@81 head='Sparse attention significantly e' tail='h feasible and scalable.'
2026-09-30T08:03:57.190+00:00   [2] d0 finish=stop completion=99 chunks=44 acc=2.279(chunks) rate=26.10 ttft=0.197 sha=d4250c8108b9 early_divergence div@17 head='Sparse attention mitigates the q' tail='n large language models.'
2026-09-30T08:03:57.190+00:00   [3] d0 finish=stop completion=99 chunks=44 acc=2.279(chunks) rate=25.52 ttft=0.253 sha=b00b613bb862 early_divergence div@17 head='Sparse attention mitigates the q' tail='h feasible and scalable.'
2026-09-30T08:03:57.190+00:00   [4] d0 finish=stop completion=96 chunks=45 acc=2.159(chunks) rate=24.97 ttft=0.258 sha=a0ef2ee7cb0d early_divergence div@81 head='Sparse attention significantly e' tail='real-world applications.'
2026-09-30T08:03:57.190+00:00   [5] d0 finish=stop completion=92 chunks=43 acc=2.167(chunks) rate=25.23 ttft=0.280 sha=7697be75c53c early_divergence div@81 head='Sparse attention significantly e' tail='long-term conversations.'
2026-09-30T08:03:57.190+00:00   [6] d0 finish=stop completion=95 chunks=42 acc=2.293(chunks) rate=27.05 ttft=0.233 sha=993a1d433098 early_divergence div@81 head='Sparse attention significantly e' tail='real-world applications.'
2026-09-30T08:03:57.190+00:00   [7] d0 finish=stop completion=101 chunks=48 acc=2.128(chunks) rate=27.66 ttft=0.278 sha=c36cccbc1d78 early_divergence div@17 head='Sparse attention mitigates the q' tail='n large language models.'
2026-09-30T08:04:08.270+00:00 burst=long-pair kind=long n=2 stagger=0.000 coprefill=False spread=2.412 gate=- report=['slow']
2026-09-30T08:04:08.270+00:00   [0] long0 finish=stop completion=6 chunks=2 acc=5.000(chunks) rate=2.07 ttft=5.524 sha=83dab7f91bc1 slow div@None head='74354' tail='74354'
2026-09-30T08:04:08.270+00:00   [1] long1 finish=stop completion=6 chunks=2 acc=5.000(chunks) rate=36.77 ttft=7.936 sha=0ec41e567fc2 ok div@None head='79083' tail='79083'
2026-09-30T08:04:11.728+00:00 burst=image-pair kind=image n=2 stagger=0.000 coprefill=False spread=0.139 gate=- report=-
2026-09-30T08:04:11.728+00:00   [0] img_red finish=stop completion=11 chunks=4 acc=3.333(chunks) rate=39.65 ttft=0.140 sha=0e1c14c4131c ok div@None head='The image is filled with a solid' tail=' with a solid red color.'
2026-09-30T08:04:11.728+00:00   [1] img_blue finish=stop completion=11 chunks=4 acc=3.333(chunks) rate=58.50 ttft=0.279 sha=705b4320e3b4 ok div@None head='The image is filled with a solid' tail='with a solid blue color.'
2026-09-30T08:04:11.728+00:00 TOTALS bursts=30 streams=130 gate_bursts=0 zero_acc=0 runaway=0 first32_match=0.338 coprefill_bursts=0 per_request_spec_metrics=False
2026-09-30T08:04:11.728+00:00 NOTE: server did not return metrics.speculative_decoding on every stream; acceptance estimated from tokens per chunk (serve with --per-request-spec-decode-metrics summary)
2026-09-30T08:04:11.728+00:00 T0 PASS
