2026-09-29T20:15:18.295+00:00 bench_probe v1 url=http://127.0.0.1:8000/v1/chat/completions sizes=[2, 3, 5, 8] kinds=['identical', 'distinct'] bursts_per_shape=3 max_tokens=256
2026-09-29T20:15:20.888+00:00 ref d0 finish=stop completion=97 acc=2.341 ttft=0.117 sha=b0e372faa960 head='Sparse attention mitigates the quadratic'
2026-09-29T20:15:23.659+00:00 ref d1 finish=stop completion=75 acc=2.643 ttft=0.092 sha=4ad2d5654ca6 head='A bicycle gear system uses mechanical ad'
2026-09-29T20:15:25.419+00:00 ref d2 finish=stop completion=43 acc=3.818 ttft=0.088 sha=097672f98733 head='2, 3, 5, 7, 11, 13, 17, 19, 23, 29, 31, '
2026-09-29T20:15:28.759+00:00 ref d3 finish=stop completion=101 acc=2.632 ttft=0.086 sha=3746d913c433 head='The water cycle is like a giant, never-e'
2026-09-29T20:15:31.476+00:00 ref d4 finish=stop completion=102 acc=3.741 ttft=0.091 sha=cb9c046d4e9a head='```python\ndef fibonacci(n: int) -> int:\n'
2026-09-29T20:15:32.931+00:00 ref d5 finish=stop completion=17 acc=2.667 ttft=0.093 sha=5a881638e98d head='La bibliothèque ouvre à neuf heures et f'
2026-09-29T20:15:35.813+00:00 ref d6 finish=stop completion=72 acc=2.367 ttft=0.092 sha=86f7d76d2833 head='1. Reduce watering frequency significant'
2026-09-29T20:15:37.927+00:00 ref d7 finish=stop completion=67 acc=3.882 ttft=0.105 sha=c39be9b87ae0 head='{\n  "name": "Eiffel Tower",\n  "year": 18'
2026-09-29T20:15:43.033+00:00 ref long0 finish=stop completion=6 acc=5.000 ttft=3.972 sha=83dab7f91bc1 head='74354'
2026-09-29T20:15:48.134+00:00 ref long1 finish=stop completion=6 acc=5.000 ttft=3.969 sha=0ec41e567fc2 head='79083'
2026-09-29T20:15:49.457+00:00 ref img_red finish=stop completion=11 acc=3.333 ttft=0.144 sha=0e1c14c4131c head='The image is filled with a solid red col'
2026-09-29T20:15:50.784+00:00 ref img_blue finish=stop completion=11 acc=3.333 ttft=0.143 sha=7fa32368a223 head='This image is filled with a solid blue c'
2026-09-29T20:15:58.029+00:00 burst=identical-n2-b1 kind=identical n=2 stagger=0.000 coprefill=False spread=0.175 gate=- report=['early_divergence']
2026-09-29T20:15:58.029+00:00   [0] d0 finish=stop completion=94 chunks=49 acc=1.938(chunks) rate=29.63 ttft=0.100 sha=2774341ec8f4 early_divergence div@164 head='Sparse attention mitigates the q' tail='g performance and speed.'
2026-09-29T20:15:58.029+00:00   [1] d0 finish=stop completion=93 chunks=36 acc=2.629(chunks) rate=40.11 ttft=0.275 sha=774bf9418857 early_divergence div@1 head='Standard attention mechanisms sc' tail='tensive context windows.'
2026-09-29T20:16:04.271+00:00 burst=identical-n2-b2 kind=identical n=2 stagger=0.000 coprefill=False spread=0.176 gate=- report=['early_divergence']
2026-09-29T20:16:04.271+00:00   [0] d0 finish=stop completion=93 chunks=36 acc=2.629(chunks) rate=40.06 ttft=0.276 sha=774bf9418857 early_divergence div@1 head='Standard attention mechanisms sc' tail='tensive context windows.'
2026-09-29T20:16:04.271+00:00   [1] d0 finish=stop completion=94 chunks=49 acc=1.938(chunks) rate=29.68 ttft=0.100 sha=2774341ec8f4 early_divergence div@164 head='Sparse attention mitigates the q' tail='g performance and speed.'
2026-09-29T20:16:10.527+00:00 burst=identical-n2-b3 kind=identical n=2 stagger=0.000 coprefill=False spread=0.176 gate=- report=['early_divergence']
2026-09-29T20:16:10.527+00:00   [0] d0 finish=stop completion=93 chunks=36 acc=2.629(chunks) rate=39.81 ttft=0.276 sha=774bf9418857 early_divergence div@1 head='Standard attention mechanisms sc' tail='tensive context windows.'
2026-09-29T20:16:10.527+00:00   [1] d0 finish=stop completion=94 chunks=49 acc=1.938(chunks) rate=29.53 ttft=0.100 sha=2774341ec8f4 early_divergence div@164 head='Sparse attention mitigates the q' tail='g performance and speed.'
2026-09-29T20:16:16.087+00:00 burst=distinct-n2-b1 kind=distinct n=2 stagger=0.000 coprefill=False spread=0.117 gate=- report=['early_divergence']
2026-09-29T20:16:16.088+00:00   [0] d0 finish=stop completion=93 chunks=36 acc=2.629(chunks) rate=39.17 ttft=0.207 sha=774bf9418857 early_divergence div@1 head='Standard attention mechanisms sc' tail='tensive context windows.'
2026-09-29T20:16:16.088+00:00   [1] d1 finish=stop completion=74 chunks=32 acc=2.355(chunks) rate=33.08 ttft=0.090 sha=d01c4208390c ok div@165 head='A bicycle gear system uses mecha' tail='wer for varying terrain.'
2026-09-29T20:16:22.197+00:00 burst=distinct-n2-b2 kind=distinct n=2 stagger=0.000 coprefill=False spread=0.167 gate=- report=['early_divergence']
2026-09-29T20:16:22.197+00:00   [0] d0 finish=stop completion=95 chunks=46 acc=2.089(chunks) rate=31.31 ttft=0.101 sha=fd42320bee1b early_divergence div@164 head='Sparse attention mitigates the q' tail='n large language models.'
2026-09-29T20:16:22.197+00:00   [1] d1 finish=stop completion=75 chunks=34 acc=2.242(chunks) rate=32.43 ttft=0.268 sha=eadf9933adfc early_divergence div@80 head='A bicycle gear system uses mecha' tail='wer for varying terrain.'
2026-09-29T20:16:28.318+00:00 burst=distinct-n2-b3 kind=distinct n=2 stagger=0.000 coprefill=False spread=0.165 gate=- report=['early_divergence']
2026-09-29T20:16:28.318+00:00   [0] d0 finish=stop completion=95 chunks=46 acc=2.089(chunks) rate=31.16 ttft=0.098 sha=fd42320bee1b early_divergence div@164 head='Sparse attention mitigates the q' tail='n large language models.'
2026-09-29T20:16:28.318+00:00   [1] d1 finish=stop completion=75 chunks=34 acc=2.242(chunks) rate=32.23 ttft=0.263 sha=eadf9933adfc early_divergence div@80 head='A bicycle gear system uses mecha' tail='wer for varying terrain.'
2026-09-29T20:16:35.021+00:00 burst=identical-n3-b1 kind=identical n=3 stagger=0.000 coprefill=False spread=0.186 gate=- report=['early_divergence']
2026-09-29T20:16:35.021+00:00   [0] d0 finish=stop completion=95 chunks=44 acc=2.186(chunks) rate=28.69 ttft=0.103 sha=62032dac1eb1 early_divergence div@164 head='Sparse attention mitigates the q' tail='n large language models.'
2026-09-29T20:16:35.021+00:00   [1] d0 finish=stop completion=94 chunks=39 acc=2.447(chunks) rate=32.37 ttft=0.288 sha=3bf26d1e5286 early_divergence div@1 head='Standard attention mechanisms sc' tail='ing extensive documents.'
2026-09-29T20:16:35.021+00:00   [2] d0 finish=stop completion=95 chunks=47 acc=2.043(chunks) rate=27.60 ttft=0.289 sha=f231686bb8ae early_divergence div@17 head='Sparse attention significantly e' tail=' contextual information.'
2026-09-29T20:16:41.679+00:00 burst=identical-n3-b2 kind=identical n=3 stagger=0.000 coprefill=False spread=0.188 gate=- report=['early_divergence']
2026-09-29T20:16:41.679+00:00   [0] d0 finish=stop completion=95 chunks=47 acc=2.043(chunks) rate=27.96 ttft=0.291 sha=f231686bb8ae early_divergence div@17 head='Sparse attention significantly e' tail=' contextual information.'
2026-09-29T20:16:41.679+00:00   [1] d0 finish=stop completion=94 chunks=39 acc=2.447(chunks) rate=32.79 ttft=0.290 sha=3bf26d1e5286 early_divergence div@1 head='Standard attention mechanisms sc' tail='ing extensive documents.'
2026-09-29T20:16:41.679+00:00   [2] d0 finish=stop completion=95 chunks=44 acc=2.186(chunks) rate=29.00 ttft=0.103 sha=62032dac1eb1 early_divergence div@164 head='Sparse attention mitigates the q' tail='n large language models.'
2026-09-29T20:16:48.353+00:00 burst=identical-n3-b3 kind=identical n=3 stagger=0.000 coprefill=False spread=0.188 gate=- report=['early_divergence']
2026-09-29T20:16:48.353+00:00   [0] d0 finish=stop completion=94 chunks=39 acc=2.447(chunks) rate=32.63 ttft=0.288 sha=3bf26d1e5286 early_divergence div@1 head='Standard attention mechanisms sc' tail='ing extensive documents.'
2026-09-29T20:16:48.353+00:00   [1] d0 finish=stop completion=95 chunks=44 acc=2.186(chunks) rate=28.87 ttft=0.100 sha=62032dac1eb1 early_divergence div@164 head='Sparse attention mitigates the q' tail='n large language models.'
2026-09-29T20:16:48.353+00:00   [2] d0 finish=stop completion=95 chunks=47 acc=2.043(chunks) rate=27.83 ttft=0.288 sha=f231686bb8ae early_divergence div@17 head='Sparse attention significantly e' tail=' contextual information.'
2026-09-29T20:16:54.850+00:00 burst=distinct-n3-b1 kind=distinct n=3 stagger=0.000 coprefill=False spread=0.189 gate=- report=['early_divergence']
2026-09-29T20:16:54.850+00:00   [0] d0 finish=stop completion=94 chunks=49 acc=1.938(chunks) rate=27.45 ttft=0.101 sha=2774341ec8f4 early_divergence div@164 head='Sparse attention mitigates the q' tail='g performance and speed.'
2026-09-29T20:16:54.850+00:00   [1] d1 finish=stop completion=76 chunks=36 acc=2.143(chunks) rate=29.62 ttft=0.289 sha=e8a944e43d20 early_divergence div@80 head='A bicycle gear system uses mecha' tail=' for varying conditions.'
2026-09-29T20:16:54.850+00:00   [2] d2 finish=stop completion=43 chunks=12 acc=3.818(chunks) rate=46.64 ttft=0.290 sha=097672f98733 ok div@None head='2, 3, 5, 7, 11, 13, 17, 19, 23, ' tail=', 17, 19, 23, 29, 31, 37'
2026-09-29T20:17:01.356+00:00 burst=distinct-n3-b2 kind=distinct n=3 stagger=0.000 coprefill=False spread=0.197 gate=- report=['early_divergence']
2026-09-29T20:17:01.356+00:00   [0] d0 finish=stop completion=105 chunks=48 acc=2.213(chunks) rate=32.37 ttft=0.285 sha=4c77871f8919 early_divergence div@17 head='Sparse attention significantly e' tail='or real-world use cases.'
2026-09-29T20:17:01.356+00:00   [1] d1 finish=stop completion=74 chunks=33 acc=2.281(chunks) rate=31.71 ttft=0.285 sha=02dbae298851 ok div@165 head='A bicycle gear system uses mecha' tail='torque for higher speed.'
2026-09-29T20:17:01.356+00:00   [2] d2 finish=stop completion=43 chunks=12 acc=3.818(chunks) rate=44.90 ttft=0.089 sha=097672f98733 ok div@None head='2, 3, 5, 7, 11, 13, 17, 19, 23, ' tail=', 17, 19, 23, 29, 31, 37'
2026-09-29T20:17:07.874+00:00 burst=distinct-n3-b3 kind=distinct n=3 stagger=0.000 coprefill=False spread=0.198 gate=- report=['early_divergence']
2026-09-29T20:17:07.874+00:00   [0] d0 finish=stop completion=105 chunks=48 acc=2.213(chunks) rate=32.30 ttft=0.290 sha=4c77871f8919 early_divergence div@17 head='Sparse attention significantly e' tail='or real-world use cases.'
2026-09-29T20:17:07.874+00:00   [1] d1 finish=stop completion=74 chunks=33 acc=2.281(chunks) rate=31.64 ttft=0.290 sha=02dbae298851 ok div@165 head='A bicycle gear system uses mecha' tail='torque for higher speed.'
2026-09-29T20:17:07.874+00:00   [2] d2 finish=stop completion=43 chunks=12 acc=3.818(chunks) rate=44.66 ttft=0.093 sha=097672f98733 ok div@None head='2, 3, 5, 7, 11, 13, 17, 19, 23, ' tail=', 17, 19, 23, 29, 31, 37'
2026-09-29T20:17:15.079+00:00 burst=identical-n5-b1 kind=identical n=5 stagger=0.000 coprefill=False spread=0.219 gate=- report=['early_divergence']
2026-09-29T20:17:15.079+00:00   [0] d0 finish=stop completion=94 chunks=41 acc=2.325(chunks) rate=27.05 ttft=0.350 sha=c6257057fc76 early_divergence div@1 head='Standard attention mechanisms sc' tail='ical application limits.'
2026-09-29T20:17:15.079+00:00   [1] d0 finish=stop completion=94 chunks=45 acc=2.114(chunks) rate=24.26 ttft=0.132 sha=9e1e92f41e6c early_divergence div@164 head='Sparse attention mitigates the q' tail='ormance and scalability.'
2026-09-29T20:17:15.079+00:00   [2] d0 finish=stop completion=97 chunks=46 acc=2.133(chunks) rate=24.95 ttft=0.350 sha=6381d2b59382 early_divergence div@17 head='Sparse attention significantly e' tail='ong-context AI feasible.'
2026-09-29T20:17:15.079+00:00   [3] d0 finish=stop completion=96 chunks=44 acc=2.209(chunks) rate=25.68 ttft=0.350 sha=7086bc8c0441 early_divergence div@1 head='Standard attention mechanisms sc' tail='ming hardware resources.'
2026-09-29T20:17:15.079+00:00   [4] d0 finish=stop completion=94 chunks=45 acc=2.114(chunks) rate=24.62 ttft=0.351 sha=5ea913999162 ok div@241 head='Sparse attention mitigates the q' tail='ormance and scalability.'
2026-09-29T20:17:22.235+00:00 burst=identical-n5-b2 kind=identical n=5 stagger=0.000 coprefill=False spread=0.220 gate=- report=['early_divergence']
2026-09-29T20:17:22.235+00:00   [0] d0 finish=stop completion=94 chunks=41 acc=2.325(chunks) rate=27.27 ttft=0.322 sha=c6257057fc76 early_divergence div@1 head='Standard attention mechanisms sc' tail='ical application limits.'
2026-09-29T20:17:22.235+00:00   [1] d0 finish=stop completion=94 chunks=45 acc=2.114(chunks) rate=24.77 ttft=0.322 sha=5ea913999162 ok div@241 head='Sparse attention mitigates the q' tail='ormance and scalability.'
2026-09-29T20:17:22.235+00:00   [2] d0 finish=stop completion=97 chunks=46 acc=2.133(chunks) rate=25.11 ttft=0.323 sha=6381d2b59382 early_divergence div@17 head='Sparse attention significantly e' tail='ong-context AI feasible.'
2026-09-29T20:17:22.235+00:00   [3] d0 finish=stop completion=96 chunks=44 acc=2.209(chunks) rate=25.86 ttft=0.321 sha=7086bc8c0441 early_divergence div@1 head='Standard attention mechanisms sc' tail='ming hardware resources.'
2026-09-29T20:17:22.235+00:00   [4] d0 finish=stop completion=94 chunks=45 acc=2.114(chunks) rate=24.43 ttft=0.102 sha=9e1e92f41e6c early_divergence div@164 head='Sparse attention mitigates the q' tail='ormance and scalability.'
2026-09-29T20:17:29.409+00:00 burst=identical-n5-b3 kind=identical n=5 stagger=0.000 coprefill=False spread=0.219 gate=- report=['early_divergence']
2026-09-29T20:17:29.409+00:00   [0] d0 finish=stop completion=97 chunks=46 acc=2.133(chunks) rate=24.99 ttft=0.324 sha=6381d2b59382 early_divergence div@17 head='Sparse attention significantly e' tail='ong-context AI feasible.'
2026-09-29T20:17:29.409+00:00   [1] d0 finish=stop completion=94 chunks=41 acc=2.325(chunks) rate=27.11 ttft=0.324 sha=c6257057fc76 early_divergence div@1 head='Standard attention mechanisms sc' tail='ical application limits.'
2026-09-29T20:17:29.409+00:00   [2] d0 finish=stop completion=96 chunks=44 acc=2.209(chunks) rate=25.71 ttft=0.323 sha=7086bc8c0441 early_divergence div@1 head='Standard attention mechanisms sc' tail='ming hardware resources.'
2026-09-29T20:17:29.409+00:00   [3] d0 finish=stop completion=94 chunks=45 acc=2.114(chunks) rate=24.65 ttft=0.324 sha=5ea913999162 ok div@241 head='Sparse attention mitigates the q' tail='ormance and scalability.'
2026-09-29T20:17:29.409+00:00   [4] d0 finish=stop completion=94 chunks=45 acc=2.114(chunks) rate=24.29 ttft=0.106 sha=9e1e92f41e6c early_divergence div@164 head='Sparse attention mitigates the q' tail='ormance and scalability.'
2026-09-29T20:17:36.328+00:00 burst=distinct-n5-b1 kind=distinct n=5 stagger=0.000 coprefill=False spread=0.232 gate=- report=['early_divergence']
2026-09-29T20:17:36.328+00:00   [0] d0 finish=stop completion=98 chunks=44 acc=2.256(chunks) rate=27.07 ttft=0.327 sha=bece64890ec4 early_divergence div@17 head='Sparse attention significantly e' tail='or real-world use cases.'
2026-09-29T20:17:36.328+00:00   [1] d1 finish=stop completion=71 chunks=30 acc=2.414(chunks) rate=25.28 ttft=0.095 sha=4231ee78ca0d ok div@165 head='A bicycle gear system uses mecha' tail='ing torque for velocity.'
2026-09-29T20:17:36.328+00:00   [2] d2 finish=stop completion=43 chunks=12 acc=3.818(chunks) rate=38.07 ttft=0.326 sha=097672f98733 ok div@None head='2, 3, 5, 7, 11, 13, 17, 19, 23, ' tail=', 17, 19, 23, 29, 31, 37'
2026-09-29T20:17:36.328+00:00   [3] d3 finish=stop completion=89 chunks=35 acc=2.588(chunks) rate=29.09 ttft=0.327 sha=0596173be865 early_divergence div@4 head='The sun warms up the water in oc' tail=' journey all over again.'
2026-09-29T20:17:36.328+00:00   [4] d4 finish=stop completion=102 chunks=27 acc=3.885(chunks) rate=41.12 ttft=0.327 sha=cb9c046d4e9a ok div@None head='```python\ndef fibonacci(n: int) ' tail=', a + b\n    return b\n```'
2026-09-29T20:17:42.801+00:00 burst=distinct-n5-b2 kind=distinct n=5 stagger=0.000 coprefill=False spread=0.232 gate=- report=['early_divergence']
2026-09-29T20:17:42.801+00:00   [0] d0 finish=stop completion=92 chunks=36 acc=2.600(chunks) rate=29.03 ttft=0.328 sha=ba409499c5af early_divergence div@1 head='Standard attention mechanisms sc' tail='tensive context windows.'
2026-09-29T20:17:42.801+00:00   [1] d1 finish=stop completion=78 chunks=34 acc=2.333(chunks) rate=25.81 ttft=0.327 sha=3173bb0cb3ca ok div@200 head='A bicycle gear system uses mecha' tail='ess mechanical leverage.'
2026-09-29T20:17:42.801+00:00   [2] d2 finish=stop completion=43 chunks=12 acc=3.818(chunks) rate=37.97 ttft=0.328 sha=097672f98733 ok div@None head='2, 3, 5, 7, 11, 13, 17, 19, 23, ' tail=', 17, 19, 23, 29, 31, 37'
2026-09-29T20:17:42.801+00:00   [3] d3 finish=stop completion=89 chunks=35 acc=2.588(chunks) rate=28.72 ttft=0.327 sha=0596173be865 early_divergence div@4 head='The sun warms up the water in oc' tail=' journey all over again.'
2026-09-29T20:17:42.801+00:00   [4] d4 finish=stop completion=102 chunks=27 acc=3.885(chunks) rate=40.40 ttft=0.097 sha=d3af644442cd early_divergence div@80 head='```python\ndef fibonacci(n: int) ' tail=', a + b\n    return b\n```'
2026-09-29T20:17:49.257+00:00 burst=distinct-n5-b3 kind=distinct n=5 stagger=0.000 coprefill=False spread=0.234 gate=- report=['early_divergence']
2026-09-29T20:17:49.257+00:00   [0] d0 finish=stop completion=92 chunks=36 acc=2.600(chunks) rate=29.17 ttft=0.328 sha=ba409499c5af early_divergence div@1 head='Standard attention mechanisms sc' tail='tensive context windows.'
2026-09-29T20:17:49.257+00:00   [1] d1 finish=stop completion=77 chunks=33 acc=2.375(chunks) rate=25.41 ttft=0.328 sha=28ea54342cff ok div@200 head='A bicycle gear system uses mecha' tail='el with less resistance.'
2026-09-29T20:17:49.257+00:00   [2] d2 finish=stop completion=43 chunks=12 acc=3.818(chunks) rate=37.99 ttft=0.329 sha=097672f98733 ok div@None head='2, 3, 5, 7, 11, 13, 17, 19, 23, ' tail=', 17, 19, 23, 29, 31, 37'
2026-09-29T20:17:49.257+00:00   [3] d3 finish=stop completion=85 chunks=32 acc=2.710(chunks) rate=29.63 ttft=0.329 sha=5121f754e7d8 early_divergence div@4 head='The sun heats up water in oceans' tail=' journey all over again.'
2026-09-29T20:17:49.257+00:00   [4] d4 finish=stop completion=102 chunks=27 acc=3.885(chunks) rate=40.23 ttft=0.095 sha=d3af644442cd early_divergence div@80 head='```python\ndef fibonacci(n: int) ' tail=', a + b\n    return b\n```'
2026-09-29T20:17:56.005+00:00 burst=identical-n8-b1 kind=identical n=8 stagger=0.000 coprefill=False spread=0.232 gate=- report=['early_divergence']
2026-09-29T20:17:56.006+00:00   [0] d0 finish=stop completion=94 chunks=40 acc=2.385(chunks) rate=28.11 ttft=0.347 sha=ae36ad6fd27b early_divergence div@1 head='Standard attention mechanisms sc' tail='pplication requirements.'
2026-09-29T20:17:56.006+00:00   [1] d0 finish=stop completion=98 chunks=43 acc=2.310(chunks) rate=26.78 ttft=0.116 sha=14e190068326 early_divergence div@17 head='Sparse attention significantly e' tail='ong-context AI feasible.'
2026-09-29T20:17:56.006+00:00   [2] d0 finish=stop completion=94 chunks=38 acc=2.514(chunks) rate=29.73 ttft=0.347 sha=ae36ad6fd27b early_divergence div@1 head='Standard attention mechanisms sc' tail='pplication requirements.'
2026-09-29T20:17:56.006+00:00   [3] d0 finish=stop completion=94 chunks=38 acc=2.514(chunks) rate=29.73 ttft=0.347 sha=ae36ad6fd27b early_divergence div@1 head='Standard attention mechanisms sc' tail='pplication requirements.'
2026-09-29T20:17:56.006+00:00   [4] d0 finish=stop completion=93 chunks=39 acc=2.421(chunks) rate=27.80 ttft=0.347 sha=f530235f9496 early_divergence div@1 head='Standard attention mechanisms sc' tail='d practical application.'
2026-09-29T20:17:56.006+00:00   [5] d0 finish=stop completion=93 chunks=39 acc=2.421(chunks) rate=27.80 ttft=0.347 sha=f530235f9496 early_divergence div@1 head='Standard attention mechanisms sc' tail='d practical application.'
2026-09-29T20:17:56.006+00:00   [6] d0 finish=stop completion=94 chunks=40 acc=2.385(chunks) rate=28.10 ttft=0.346 sha=ae36ad6fd27b early_divergence div@1 head='Standard attention mechanisms sc' tail='pplication requirements.'
2026-09-29T20:17:56.006+00:00   [7] d0 finish=stop completion=99 chunks=42 acc=2.390(chunks) rate=27.68 ttft=0.116 sha=d64e055881b5 early_divergence div@17 head='Sparse attention significantly e' tail='g feasible and scalable.'
2026-09-29T20:18:03.153+00:00 burst=identical-n8-b2 kind=identical n=8 stagger=0.000 coprefill=False spread=0.286 gate=- report=['early_divergence']
2026-09-29T20:18:03.153+00:00   [0] d0 finish=stop completion=98 chunks=43 acc=2.310(chunks) rate=25.79 ttft=0.251 sha=982ce52e3cae early_divergence div@1 head='Standard attention mechanisms sc' tail='ve context is essential.'
2026-09-29T20:18:03.153+00:00   [1] d0 finish=stop completion=93 chunks=39 acc=2.421(chunks) rate=26.82 ttft=0.424 sha=f530235f9496 early_divergence div@1 head='Standard attention mechanisms sc' tail='d practical application.'
2026-09-29T20:18:03.153+00:00   [2] d0 finish=stop completion=93 chunks=39 acc=2.421(chunks) rate=26.82 ttft=0.424 sha=f530235f9496 early_divergence div@1 head='Standard attention mechanisms sc' tail='d practical application.'
2026-09-29T20:18:03.153+00:00   [3] d0 finish=stop completion=94 chunks=40 acc=2.385(chunks) rate=27.11 ttft=0.424 sha=ae36ad6fd27b early_divergence div@1 head='Standard attention mechanisms sc' tail='pplication requirements.'
2026-09-29T20:18:03.153+00:00   [4] d0 finish=stop completion=94 chunks=38 acc=2.514(chunks) rate=28.70 ttft=0.423 sha=ae36ad6fd27b early_divergence div@1 head='Standard attention mechanisms sc' tail='pplication requirements.'
2026-09-29T20:18:03.153+00:00   [5] d0 finish=stop completion=94 chunks=40 acc=2.385(chunks) rate=27.11 ttft=0.424 sha=ae36ad6fd27b early_divergence div@1 head='Standard attention mechanisms sc' tail='pplication requirements.'
2026-09-29T20:18:03.153+00:00   [6] d0 finish=stop completion=94 chunks=38 acc=2.514(chunks) rate=28.70 ttft=0.425 sha=ae36ad6fd27b early_divergence div@1 head='Standard attention mechanisms sc' tail='pplication requirements.'
2026-09-29T20:18:03.153+00:00   [7] d0 finish=stop completion=96 chunks=46 acc=2.111(chunks) rate=23.75 ttft=0.140 sha=d9367235723f early_divergence div@164 head='Sparse attention mitigates the q' tail='r widespread deployment.'
2026-09-29T20:18:10.985+00:00 burst=identical-n8-b3 kind=identical n=8 stagger=0.000 coprefill=False spread=0.245 gate=- report=['early_divergence']
2026-09-29T20:18:10.985+00:00   [0] d0 finish=stop completion=103 chunks=52 acc=2.000(chunks) rate=22.81 ttft=0.352 sha=9998eee34e6d early_divergence div@17 head='Sparse attention significantly e' tail='nt long-range reasoning.'
2026-09-29T20:18:10.985+00:00   [1] d0 finish=stop completion=94 chunks=39 acc=2.447(chunks) rate=26.02 ttft=0.351 sha=ae36ad6fd27b early_divergence div@1 head='Standard attention mechanisms sc' tail='pplication requirements.'
2026-09-29T20:18:10.985+00:00   [2] d0 finish=stop completion=93 chunks=36 acc=2.629(chunks) rate=27.18 ttft=0.352 sha=4894a43dbae9 early_divergence div@1 head='Standard attention mechanisms sc' tail='complex reasoning tasks.'
2026-09-29T20:18:10.985+00:00   [3] d0 finish=stop completion=93 chunks=37 acc=2.556(chunks) rate=27.19 ttft=0.352 sha=ca53988def6a early_divergence div@1 head='Standard attention mechanisms sc' tail='tensive context windows.'
2026-09-29T20:18:10.985+00:00   [4] d0 finish=stop completion=95 chunks=39 acc=2.474(chunks) rate=26.30 ttft=0.353 sha=30da1fd13f33 early_divergence div@1 head='Standard attention mechanisms sc' tail='pplication requirements.'
2026-09-29T20:18:10.985+00:00   [5] d0 finish=stop completion=91 chunks=42 acc=2.195(chunks) rate=23.53 ttft=0.353 sha=29dbd9358c10 early_divergence div@132 head='Sparse attention mitigates the q' tail='real-world applications.'
2026-09-29T20:18:10.985+00:00   [6] d0 finish=stop completion=101 chunks=47 acc=2.174(chunks) rate=23.34 ttft=0.108 sha=4bfa1bf64b96 early_divergence div@193 head='Sparse attention mitigates the q' tail='complex reasoning tasks.'
2026-09-29T20:18:10.985+00:00   [7] d0 finish=stop completion=90 chunks=40 acc=2.282(chunks) rate=24.28 ttft=0.353 sha=74645c0c0861 early_divergence div@1 head='Standard attention mechanisms sc' tail='ontextual understanding.'
2026-09-29T20:18:18.186+00:00 burst=distinct-n8-b1 kind=distinct n=8 stagger=0.000 coprefill=False spread=0.281 gate=- report=['early_divergence']
2026-09-29T20:18:18.186+00:00   [0] d0 finish=stop completion=94 chunks=40 acc=2.385(chunks) rate=24.36 ttft=0.374 sha=ae36ad6fd27b early_divergence div@1 head='Standard attention mechanisms sc' tail='pplication requirements.'
2026-09-29T20:18:18.186+00:00   [1] d1 finish=stop completion=70 chunks=30 acc=2.379(chunks) rate=20.84 ttft=0.095 sha=c989adf4b4cc ok div@201 head='A bicycle gear system uses mecha' tail=' speed for flat terrain.'
2026-09-29T20:18:18.186+00:00   [2] d2 finish=stop completion=43 chunks=12 acc=3.818(chunks) rate=32.19 ttft=0.375 sha=097672f98733 ok div@None head='2, 3, 5, 7, 11, 13, 17, 19, 23, ' tail=', 17, 19, 23, 29, 31, 37'
2026-09-29T20:18:18.186+00:00   [3] d3 finish=stop completion=92 chunks=37 acc=2.528(chunks) rate=25.07 ttft=0.376 sha=ec7927030dd0 early_divergence div@26 head='The water cycle is like a never-' tail='the trip all over again.'
2026-09-29T20:18:18.186+00:00   [4] d4 finish=stop completion=102 chunks=27 acc=3.885(chunks) rate=35.64 ttft=0.375 sha=cb9c046d4e9a ok div@None head='```python\ndef fibonacci(n: int) ' tail=', a + b\n    return b\n```'
2026-09-29T20:18:18.186+00:00   [5] d5 finish=stop completion=19 chunks=8 acc=2.571(chunks) rate=21.35 ttft=0.375 sha=fbd9a6af1079 early_divergence div@63 head='La bibliothèque ouvre à neuf heu' tail='res les jours ouvrables.'
2026-09-29T20:18:18.186+00:00   [6] d6 finish=stop completion=70 chunks=33 acc=2.156(chunks) rate=20.64 ttft=0.375 sha=6ed0508ab41c ok div@189 head='1. Reduce watering frequency sig' tail='ensate for shorter days.'
2026-09-29T20:18:18.186+00:00   [7] d7 finish=stop completion=67 chunks=19 acc=3.667(chunks) rate=32.15 ttft=0.376 sha=c39be9b87ae0 ok div@None head='{\n  "name": "Eiffel Tower",\n  "y' tail='re",\n    "Tourism"\n  ]\n}'
2026-09-29T20:18:25.438+00:00 burst=distinct-n8-b2 kind=distinct n=8 stagger=0.000 coprefill=False spread=0.269 gate=- report=['early_divergence']
2026-09-29T20:18:25.438+00:00   [0] d0 finish=stop completion=93 chunks=41 acc=2.300(chunks) rate=23.79 ttft=0.373 sha=54b82b4c4fa0 early_divergence div@1 head='Standard attention mechanisms sc' tail='ical application limits.'
2026-09-29T20:18:25.438+00:00   [1] d1 finish=stop completion=71 chunks=29 acc=2.500(chunks) rate=23.43 ttft=0.372 sha=53845d361929 ok div@165 head='A bicycle gear system uses mecha' tail=' to overcome resistance.'
2026-09-29T20:18:25.438+00:00   [2] d2 finish=stop completion=43 chunks=12 acc=3.818(chunks) rate=32.30 ttft=0.373 sha=097672f98733 ok div@None head='2, 3, 5, 7, 11, 13, 17, 19, 23, ' tail=', 17, 19, 23, 29, 31, 37'
2026-09-29T20:18:25.438+00:00   [3] d3 finish=stop completion=102 chunks=39 acc=2.658(chunks) rate=27.01 ttft=0.372 sha=13787128752e early_divergence div@16 head='The water cycle starts when the ' tail=' journey all over again.'
2026-09-29T20:18:25.438+00:00   [4] d4 finish=stop completion=102 chunks=27 acc=3.885(chunks) rate=36.07 ttft=0.372 sha=cb9c046d4e9a ok div@None head='```python\ndef fibonacci(n: int) ' tail=', a + b\n    return b\n```'
2026-09-29T20:18:25.438+00:00   [5] d5 finish=stop completion=17 chunks=7 acc=2.667(chunks) rate=22.09 ttft=0.374 sha=5a881638e98d ok div@None head='La bibliothèque ouvre à neuf heu' tail='-huit heures en semaine.'
2026-09-29T20:18:25.438+00:00   [6] d6 finish=stop completion=70 chunks=33 acc=2.156(chunks) rate=20.81 ttft=0.373 sha=6ed0508ab41c ok div@189 head='1. Reduce watering frequency sig' tail='ensate for shorter days.'
2026-09-29T20:18:25.438+00:00   [7] d7 finish=stop completion=67 chunks=18 acc=3.882(chunks) rate=33.03 ttft=0.106 sha=c39be9b87ae0 ok div@None head='{\n  "name": "Eiffel Tower",\n  "y' tail='re",\n    "Tourism"\n  ]\n}'
2026-09-29T20:18:32.596+00:00 burst=distinct-n8-b3 kind=distinct n=8 stagger=0.000 coprefill=False spread=0.276 gate=- report=['early_divergence']
2026-09-29T20:18:32.596+00:00   [0] d0 finish=stop completion=93 chunks=39 acc=2.421(chunks) rate=24.38 ttft=0.373 sha=ae8440a2f663 early_divergence div@1 head='Standard attention mechanisms sc' tail='uments or conversations.'
2026-09-29T20:18:32.596+00:00   [1] d1 finish=stop completion=70 chunks=30 acc=2.379(chunks) rate=20.98 ttft=0.098 sha=c989adf4b4cc ok div@201 head='A bicycle gear system uses mecha' tail=' speed for flat terrain.'
2026-09-29T20:18:32.596+00:00   [2] d2 finish=stop completion=43 chunks=12 acc=3.818(chunks) rate=32.35 ttft=0.374 sha=097672f98733 ok div@None head='2, 3, 5, 7, 11, 13, 17, 19, 23, ' tail=', 17, 19, 23, 29, 31, 37'
2026-09-29T20:18:32.596+00:00   [3] d3 finish=stop completion=92 chunks=37 acc=2.528(chunks) rate=25.00 ttft=0.372 sha=ec7927030dd0 early_divergence div@26 head='The water cycle is like a never-' tail='the trip all over again.'
2026-09-29T20:18:32.596+00:00   [4] d4 finish=stop completion=102 chunks=27 acc=3.885(chunks) rate=35.76 ttft=0.373 sha=cb9c046d4e9a ok div@None head='```python\ndef fibonacci(n: int) ' tail=', a + b\n    return b\n```'
2026-09-29T20:18:32.596+00:00   [5] d5 finish=stop completion=17 chunks=7 acc=2.667(chunks) rate=22.33 ttft=0.372 sha=5a881638e98d ok div@None head='La bibliothèque ouvre à neuf heu' tail='-huit heures en semaine.'
2026-09-29T20:18:32.596+00:00   [6] d6 finish=stop completion=70 chunks=34 acc=2.091(chunks) rate=20.19 ttft=0.372 sha=6ed0508ab41c ok div@189 head='1. Reduce watering frequency sig' tail='ensate for shorter days.'
2026-09-29T20:18:32.596+00:00   [7] d7 finish=stop completion=67 chunks=18 acc=3.882(chunks) rate=33.99 ttft=0.374 sha=c39be9b87ae0 ok div@None head='{\n  "name": "Eiffel Tower",\n  "y' tail='re",\n    "Tourism"\n  ]\n}'
2026-09-29T20:18:38.353+00:00 burst=staggered-identical-n2 kind=identical n=2 stagger=0.250 coprefill=False spread=0.356 gate=- report=['early_divergence']
2026-09-29T20:18:38.353+00:00   [0] d0 finish=stop completion=95 chunks=41 acc=2.350(chunks) rate=35.46 ttft=0.099 sha=26e6979e3e7e ok div@333 head='Sparse attention mitigates the q' tail='n large language models.'
2026-09-29T20:18:38.353+00:00   [1] d0 finish=stop completion=93 chunks=36 acc=2.629(chunks) rate=40.09 ttft=0.204 sha=774bf9418857 early_divergence div@1 head='Standard attention mechanisms sc' tail='tensive context windows.'
2026-09-29T20:18:44.319+00:00 burst=staggered-distinct-n3 kind=distinct n=3 stagger=0.250 coprefill=False spread=0.593 gate=- report=['early_divergence']
2026-09-29T20:18:44.319+00:00   [0] d0 finish=stop completion=95 chunks=41 acc=2.350(chunks) rate=32.87 ttft=0.097 sha=b021889d5bef ok div@241 head='Sparse attention mitigates the q' tail='n large language models.'
2026-09-29T20:18:44.319+00:00   [1] d1 finish=stop completion=67 chunks=28 acc=2.444(chunks) rate=32.64 ttft=0.192 sha=e99d6094a312 early_divergence div@77 head='A bicycle gear system uses mecha' tail=' for varying conditions.'
2026-09-29T20:18:44.319+00:00   [2] d2 finish=stop completion=43 chunks=12 acc=3.818(chunks) rate=46.76 ttft=0.190 sha=097672f98733 ok div@None head='2, 3, 5, 7, 11, 13, 17, 19, 23, ' tail=', 17, 19, 23, 29, 31, 37'
2026-09-29T20:18:51.476+00:00 burst=staggered-distinct-n5 kind=distinct n=5 stagger=0.250 coprefill=False spread=1.185 gate=- report=['early_divergence']
2026-09-29T20:18:51.476+00:00   [0] d0 finish=stop completion=94 chunks=44 acc=2.163(chunks) rate=24.86 ttft=0.099 sha=5ea913999162 ok div@241 head='Sparse attention mitigates the q' tail='ormance and scalability.'
2026-09-29T20:18:51.476+00:00   [1] d1 finish=stop completion=65 chunks=28 acc=2.370(chunks) rate=25.65 ttft=0.201 sha=3d599a0312f2 early_divergence div@77 head='A bicycle gear system uses mecha' tail=' for varying conditions.'
2026-09-29T20:18:51.476+00:00   [2] d2 finish=stop completion=43 chunks=12 acc=3.818(chunks) rate=38.41 ttft=0.195 sha=097672f98733 ok div@None head='2, 3, 5, 7, 11, 13, 17, 19, 23, ' tail=', 17, 19, 23, 29, 31, 37'
2026-09-29T20:18:51.476+00:00   [3] d3 finish=stop completion=101 chunks=38 acc=2.703(chunks) rate=31.52 ttft=0.226 sha=a5cb9def895f early_divergence div@16 head='The water cycle starts when the ' tail=' journey all over again.'
2026-09-29T20:18:51.476+00:00   [4] d4 finish=stop completion=102 chunks=28 acc=3.741(chunks) rate=42.12 ttft=0.285 sha=cb9c046d4e9a ok div@None head='```python\ndef fibonacci(n: int) ' tail=', a + b\n    return b\n```'
2026-09-29T20:19:00.180+00:00 burst=staggered-identical-n8 kind=identical n=8 stagger=0.250 coprefill=False spread=1.928 gate=- report=['early_divergence']
2026-09-29T20:19:00.180+00:00   [0] d0 finish=stop completion=97 chunks=40 acc=2.462(chunks) rate=25.94 ttft=0.100 sha=d915005fdf94 early_divergence div@193 head='Sparse attention mitigates the q' tail='n large language models.'
2026-09-29T20:19:00.180+00:00   [1] d0 finish=stop completion=96 chunks=39 acc=2.500(chunks) rate=25.36 ttft=0.205 sha=087d8d63b3ad early_divergence div@1 head='Standard attention mechanisms sc' tail='pplication requirements.'
2026-09-29T20:19:00.180+00:00   [2] d0 finish=stop completion=91 chunks=35 acc=2.647(chunks) rate=25.73 ttft=0.202 sha=f132bf0dbce4 early_divergence div@1 head='Standard attention mechanisms sc' tail='onstrained environments.'
2026-09-29T20:19:00.180+00:00   [3] d0 finish=stop completion=92 chunks=40 acc=2.333(chunks) rate=23.57 ttft=0.225 sha=f3643daa86a6 early_divergence div@1 head='Standard attention mechanisms sc' tail='s vast textual contexts.'
2026-09-29T20:19:00.180+00:00   [4] d0 finish=stop completion=95 chunks=42 acc=2.293(chunks) rate=23.57 ttft=0.267 sha=429a4530ee1f early_divergence div@1 head='Standard attention mechanisms sc' tail='ical application limits.'
2026-09-29T20:19:00.180+00:00   [5] d0 finish=stop completion=96 chunks=44 acc=2.209(chunks) rate=22.88 ttft=0.230 sha=cb12fe4b54b7 ok div@341 head='Sparse attention mitigates the q' tail='ffective context window.'
2026-09-29T20:19:00.180+00:00   [6] d0 finish=stop completion=88 chunks=39 acc=2.289(chunks) rate=24.02 ttft=0.296 sha=b7682e924320 early_divergence div@1 head='Standard attention mechanisms sc' tail=' practical applications.'
2026-09-29T20:19:00.180+00:00   [7] d0 finish=stop completion=102 chunks=40 acc=2.590(chunks) rate=27.55 ttft=0.278 sha=bd843ef6a91c early_divergence div@1 head='Standard attention mechanisms sc' tail='aining high performance.'
2026-09-29T20:19:11.301+00:00 burst=long-pair kind=long n=2 stagger=0.000 coprefill=False spread=2.590 gate=- report=['slow']
2026-09-29T20:19:11.301+00:00   [0] long0 finish=stop completion=6 chunks=2 acc=5.000(chunks) rate=34.12 ttft=7.965 sha=83dab7f91bc1 ok div@None head='74354' tail='74354'
2026-09-29T20:19:11.301+00:00   [1] long1 finish=stop completion=6 chunks=2 acc=5.000(chunks) rate=1.93 ttft=5.375 sha=0ec41e567fc2 slow div@None head='79083' tail='79083'
2026-09-29T20:19:14.689+00:00 burst=image-pair kind=image n=2 stagger=0.000 coprefill=True spread=0.000 gate=- report=['early_divergence']
2026-09-29T20:19:14.689+00:00   [0] img_red finish=stop completion=11 chunks=4 acc=3.333(chunks) rate=52.44 ttft=0.189 sha=0e1c14c4131c ok div@None head='The image is filled with a solid' tail=' with a solid red color.'
2026-09-29T20:19:14.689+00:00   [1] img_blue finish=stop completion=11 chunks=4 acc=3.333(chunks) rate=52.41 ttft=0.189 sha=705b4320e3b4 early_divergence div@2 head='The image is filled with a solid' tail='with a solid blue color.'
2026-09-29T20:19:14.690+00:00 TOTALS bursts=30 streams=130 gate_bursts=0 zero_acc=0 runaway=0 first32_match=0.331 coprefill_bursts=1 per_request_spec_metrics=False
2026-09-29T20:19:14.690+00:00 NOTE: server did not return metrics.speculative_decoding on every stream; acceptance estimated from tokens per chunk (serve with --per-request-spec-decode-metrics summary)
2026-09-29T20:19:14.690+00:00 T0 PASS
