2026-09-30T20:04:38.443+00:00 bench_probe v1 url=http://127.0.0.1:8000/v1/chat/completions sizes=[2, 3, 5, 8] kinds=['identical', 'distinct'] bursts_per_shape=3 max_tokens=256
2026-09-30T20:04:40.224+00:00 ref d0 finish=stop completion=96 acc=2.639 ttft=0.133 sha=1ce2e3b94727 head='Standard attention mechanisms scale quad'
2026-09-30T20:04:42.532+00:00 ref d1 finish=stop completion=69 acc=2.519 ttft=0.107 sha=ade68c359f59 head='A bicycle gear system uses mechanical ad'
2026-09-30T20:04:44.161+00:00 ref d2 finish=stop completion=43 acc=3.818 ttft=0.107 sha=097672f98733 head='2, 3, 5, 7, 11, 13, 17, 19, 23, 29, 31, '
2026-09-30T20:04:46.900+00:00 ref d3 finish=stop completion=92 acc=2.528 ttft=0.095 sha=9daa01a1d3ec head='The water cycle is like a never-ending j'
2026-09-30T20:04:49.212+00:00 ref d4 finish=stop completion=102 acc=3.885 ttft=0.102 sha=cb9c046d4e9a head='```python\ndef fibonacci(n: int) -> int:\n'
2026-09-30T20:04:50.586+00:00 ref d5 finish=stop completion=17 acc=2.667 ttft=0.104 sha=5a881638e98d head='La bibliothèque ouvre à neuf heures et f'
2026-09-30T20:04:52.976+00:00 ref d6 finish=stop completion=71 acc=2.692 ttft=0.115 sha=42442bd63e48 head='1. Reduce watering frequency significant'
2026-09-30T20:04:54.847+00:00 ref d7 finish=stop completion=67 acc=3.882 ttft=0.109 sha=c39be9b87ae0 head='{\n  "name": "Eiffel Tower",\n  "year": 18'
2026-09-30T20:05:00.709+00:00 ref long0 finish=stop completion=6 acc=5.000 ttft=4.810 sha=83dab7f91bc1 head='74354'
2026-09-30T20:05:05.970+00:00 ref long1 finish=stop completion=6 acc=5.000 ttft=4.169 sha=0ec41e567fc2 head='79083'
2026-09-30T20:05:07.319+00:00 ref img_red finish=stop completion=11 acc=3.333 ttft=0.202 sha=0e1c14c4131c head='The image is filled with a solid red col'
2026-09-30T20:05:08.639+00:00 ref img_blue finish=stop completion=11 acc=3.333 ttft=0.172 sha=705b4320e3b4 head='The image is filled with a solid blue co'
2026-09-30T20:05:15.312+00:00 burst=identical-n2-b1 kind=identical n=2 stagger=0.000 coprefill=False spread=0.365 gate=- report=['early_divergence']
2026-09-30T20:05:15.312+00:00   [0] d0 finish=stop completion=94 chunks=44 acc=2.163(chunks) rate=36.44 ttft=0.112 sha=542341f4e1df early_divergence div@206 head='Standard attention mechanisms sc' tail='sive hardware resources.'
2026-09-30T20:05:15.312+00:00   [1] d0 finish=stop completion=95 chunks=40 acc=2.410(chunks) rate=45.20 ttft=0.477 sha=ae5bb4f5308e ok div@574 head='Standard attention mechanisms sc' tail='ross extensive contexts.'
2026-09-30T20:05:20.744+00:00 burst=identical-n2-b2 kind=identical n=2 stagger=0.000 coprefill=False spread=0.150 gate=- report=['early_divergence']
2026-09-30T20:05:20.744+00:00   [0] d0 finish=stop completion=94 chunks=44 acc=2.163(chunks) rate=39.93 ttft=0.095 sha=542341f4e1df early_divergence div@206 head='Standard attention mechanisms sc' tail='sive hardware resources.'
2026-09-30T20:05:20.744+00:00   [1] d0 finish=stop completion=95 chunks=40 acc=2.410(chunks) rate=45.27 ttft=0.245 sha=ae5bb4f5308e ok div@574 head='Standard attention mechanisms sc' tail='ross extensive contexts.'
2026-09-30T20:05:26.183+00:00 burst=identical-n2-b3 kind=identical n=2 stagger=0.000 coprefill=False spread=0.149 gate=- report=['early_divergence']
2026-09-30T20:05:26.183+00:00   [0] d0 finish=stop completion=94 chunks=44 acc=2.163(chunks) rate=39.84 ttft=0.096 sha=542341f4e1df early_divergence div@206 head='Standard attention mechanisms sc' tail='sive hardware resources.'
2026-09-30T20:05:26.183+00:00   [1] d0 finish=stop completion=95 chunks=40 acc=2.410(chunks) rate=45.16 ttft=0.245 sha=ae5bb4f5308e ok div@574 head='Standard attention mechanisms sc' tail='ross extensive contexts.'
2026-09-30T20:05:31.259+00:00 burst=distinct-n2-b1 kind=distinct n=2 stagger=0.000 coprefill=False spread=0.143 gate=- report=['early_divergence']
2026-09-30T20:05:31.259+00:00   [0] d0 finish=stop completion=95 chunks=37 acc=2.611(chunks) rate=47.62 ttft=0.095 sha=5d9254389da7 ok div@509 head='Standard attention mechanisms sc' tail='s vast textual contexts.'
2026-09-30T20:05:31.259+00:00   [1] d1 finish=stop completion=71 chunks=29 acc=2.500(chunks) rate=45.23 ttft=0.237 sha=53845d361929 early_divergence div@77 head='A bicycle gear system uses mecha' tail=' to overcome resistance.'
2026-09-30T20:05:36.575+00:00 burst=distinct-n2-b2 kind=distinct n=2 stagger=0.000 coprefill=False spread=0.151 gate=- report=['early_divergence']
2026-09-30T20:05:36.575+00:00   [0] d0 finish=stop completion=95 chunks=40 acc=2.410(chunks) rate=45.40 ttft=0.239 sha=ae5bb4f5308e ok div@574 head='Standard attention mechanisms sc' tail='ross extensive contexts.'
2026-09-30T20:05:36.575+00:00   [1] d1 finish=stop completion=77 chunks=33 acc=2.375(chunks) rate=42.19 ttft=0.088 sha=e28f076d1ced early_divergence div@77 head='A bicycle gear system uses mecha' tail='g speed on flat terrain.'
2026-09-30T20:05:41.657+00:00 burst=distinct-n2-b3 kind=distinct n=2 stagger=0.000 coprefill=False spread=0.141 gate=- report=['early_divergence']
2026-09-30T20:05:41.657+00:00   [0] d0 finish=stop completion=95 chunks=37 acc=2.611(chunks) rate=47.48 ttft=0.095 sha=5d9254389da7 ok div@509 head='Standard attention mechanisms sc' tail='s vast textual contexts.'
2026-09-30T20:05:41.657+00:00   [1] d1 finish=stop completion=71 chunks=29 acc=2.500(chunks) rate=45.35 ttft=0.236 sha=53845d361929 early_divergence div@77 head='A bicycle gear system uses mecha' tail=' to overcome resistance.'
2026-09-30T20:05:47.679+00:00 burst=identical-n3-b1 kind=identical n=3 stagger=0.000 coprefill=False spread=0.166 gate=- report=['early_divergence']
2026-09-30T20:05:47.679+00:00   [0] d0 finish=stop completion=95 chunks=38 acc=2.541(chunks) rate=39.79 ttft=0.096 sha=e60401fb7e30 early_divergence div@206 head='Standard attention mechanisms sc' tail='d practical application.'
2026-09-30T20:05:47.679+00:00   [1] d0 finish=stop completion=95 chunks=47 acc=2.043(chunks) rate=34.16 ttft=0.261 sha=91facacaf727 early_divergence div@72 head='Standard attention mechanisms sc' tail='sive hardware resources.'
2026-09-30T20:05:47.679+00:00   [2] d0 finish=stop completion=92 chunks=41 acc=2.275(chunks) rate=37.63 ttft=0.261 sha=2e5ed1423862 early_divergence div@72 head='Standard attention mechanisms sc' tail='ssive document analysis.'
2026-09-30T20:05:53.707+00:00 burst=identical-n3-b2 kind=identical n=3 stagger=0.000 coprefill=False spread=0.163 gate=- report=['early_divergence']
2026-09-30T20:05:53.707+00:00   [0] d0 finish=stop completion=95 chunks=47 acc=2.043(chunks) rate=34.00 ttft=0.257 sha=91facacaf727 early_divergence div@72 head='Standard attention mechanisms sc' tail='sive hardware resources.'
2026-09-30T20:05:53.707+00:00   [1] d0 finish=stop completion=92 chunks=41 acc=2.275(chunks) rate=37.52 ttft=0.257 sha=2e5ed1423862 early_divergence div@72 head='Standard attention mechanisms sc' tail='ssive document analysis.'
2026-09-30T20:05:53.707+00:00   [2] d0 finish=stop completion=95 chunks=38 acc=2.541(chunks) rate=39.83 ttft=0.095 sha=e60401fb7e30 early_divergence div@206 head='Standard attention mechanisms sc' tail='d practical application.'
2026-09-30T20:05:59.750+00:00 burst=identical-n3-b3 kind=identical n=3 stagger=0.000 coprefill=False spread=0.165 gate=- report=['early_divergence']
2026-09-30T20:05:59.750+00:00   [0] d0 finish=stop completion=92 chunks=41 acc=2.275(chunks) rate=37.48 ttft=0.262 sha=2e5ed1423862 early_divergence div@72 head='Standard attention mechanisms sc' tail='ssive document analysis.'
2026-09-30T20:05:59.750+00:00   [1] d0 finish=stop completion=95 chunks=47 acc=2.043(chunks) rate=33.90 ttft=0.262 sha=91facacaf727 early_divergence div@72 head='Standard attention mechanisms sc' tail='sive hardware resources.'
2026-09-30T20:05:59.750+00:00   [2] d0 finish=stop completion=95 chunks=38 acc=2.541(chunks) rate=39.73 ttft=0.097 sha=e60401fb7e30 early_divergence div@206 head='Standard attention mechanisms sc' tail='d practical application.'
2026-09-30T20:06:05.386+00:00 burst=distinct-n3-b1 kind=distinct n=3 stagger=0.000 coprefill=False spread=0.190 gate=- report=['early_divergence']
2026-09-30T20:06:05.386+00:00   [0] d0 finish=stop completion=100 chunks=43 acc=2.357(chunks) rate=42.06 ttft=0.274 sha=d93250811773 early_divergence div@190 head='Standard attention mechanisms sc' tail='osts of dense attention.'
2026-09-30T20:06:05.386+00:00   [1] d1 finish=stop completion=78 chunks=31 acc=2.567(chunks) rate=43.20 ttft=0.273 sha=c2f9c954631e early_divergence div@77 head='A bicycle gear system uses mecha' tail='e torque from the rider.'
2026-09-30T20:06:05.386+00:00   [2] d2 finish=stop completion=43 chunks=12 acc=3.818(chunks) rate=51.90 ttft=0.083 sha=097672f98733 ok div@None head='2, 3, 5, 7, 11, 13, 17, 19, 23, ' tail=', 17, 19, 23, 29, 31, 37'
2026-09-30T20:06:11.015+00:00 burst=distinct-n3-b2 kind=distinct n=3 stagger=0.000 coprefill=False spread=0.176 gate=- report=['early_divergence']
2026-09-30T20:06:11.015+00:00   [0] d0 finish=stop completion=100 chunks=43 acc=2.357(chunks) rate=42.03 ttft=0.265 sha=d93250811773 early_divergence div@190 head='Standard attention mechanisms sc' tail='osts of dense attention.'
2026-09-30T20:06:11.015+00:00   [1] d1 finish=stop completion=78 chunks=31 acc=2.567(chunks) rate=43.25 ttft=0.266 sha=c2f9c954631e early_divergence div@77 head='A bicycle gear system uses mecha' tail='e torque from the rider.'
2026-09-30T20:06:11.015+00:00   [2] d2 finish=stop completion=43 chunks=12 acc=3.818(chunks) rate=52.41 ttft=0.089 sha=097672f98733 ok div@None head='2, 3, 5, 7, 11, 13, 17, 19, 23, ' tail=', 17, 19, 23, 29, 31, 37'
2026-09-30T20:06:16.641+00:00 burst=distinct-n3-b3 kind=distinct n=3 stagger=0.000 coprefill=False spread=0.174 gate=- report=['early_divergence']
2026-09-30T20:06:16.641+00:00   [0] d0 finish=stop completion=100 chunks=43 acc=2.357(chunks) rate=42.01 ttft=0.261 sha=d93250811773 early_divergence div@190 head='Standard attention mechanisms sc' tail='osts of dense attention.'
2026-09-30T20:06:16.641+00:00   [1] d1 finish=stop completion=78 chunks=31 acc=2.567(chunks) rate=43.05 ttft=0.261 sha=c2f9c954631e early_divergence div@77 head='A bicycle gear system uses mecha' tail='e torque from the rider.'
2026-09-30T20:06:16.641+00:00   [2] d2 finish=stop completion=43 chunks=12 acc=3.818(chunks) rate=52.40 ttft=0.087 sha=097672f98733 ok div@None head='2, 3, 5, 7, 11, 13, 17, 19, 23, ' tail=', 17, 19, 23, 29, 31, 37'
2026-09-30T20:06:23.276+00:00 burst=identical-n5-b1 kind=identical n=5 stagger=0.000 coprefill=False spread=0.209 gate=- report=['early_divergence']
2026-09-30T20:06:23.276+00:00   [0] d0 finish=stop completion=100 chunks=46 acc=2.200(chunks) rate=31.66 ttft=0.345 sha=03e4d0d2907a ok div@237 head='Standard attention mechanisms sc' tail='ex, extended narratives.'
2026-09-30T20:06:23.276+00:00   [1] d0 finish=stop completion=89 chunks=37 acc=2.444(chunks) rate=34.47 ttft=0.344 sha=dc7d6d0ff882 ok div@254 head='Standard attention mechanisms sc' tail='ent language generation.'
2026-09-30T20:06:23.276+00:00   [2] d0 finish=stop completion=98 chunks=43 acc=2.310(chunks) rate=32.83 ttft=0.345 sha=4cba152d0276 early_divergence div@1 head='Sparse attention mitigates the q' tail='n large language models.'
2026-09-30T20:06:23.276+00:00   [3] d0 finish=stop completion=95 chunks=49 acc=1.958(chunks) rate=28.66 ttft=0.345 sha=e7a4561ca8e2 early_divergence div@72 head='Standard attention mechanisms sc' tail='ming hardware resources.'
2026-09-30T20:06:23.276+00:00   [4] d0 finish=stop completion=94 chunks=45 acc=2.114(chunks) rate=29.40 ttft=0.137 sha=254f713ab7ac early_divergence div@206 head='Standard attention mechanisms sc' tail='n large language models.'
2026-09-30T20:06:29.856+00:00 burst=identical-n5-b2 kind=identical n=5 stagger=0.000 coprefill=False spread=0.200 gate=- report=['early_divergence']
2026-09-30T20:06:29.856+00:00   [0] d0 finish=stop completion=94 chunks=45 acc=2.114(chunks) rate=29.55 ttft=0.099 sha=254f713ab7ac early_divergence div@206 head='Standard attention mechanisms sc' tail='n large language models.'
2026-09-30T20:06:29.856+00:00   [1] d0 finish=stop completion=98 chunks=43 acc=2.310(chunks) rate=32.91 ttft=0.298 sha=4cba152d0276 early_divergence div@1 head='Sparse attention mitigates the q' tail='n large language models.'
2026-09-30T20:06:29.856+00:00   [2] d0 finish=stop completion=89 chunks=37 acc=2.444(chunks) rate=34.62 ttft=0.299 sha=dc7d6d0ff882 ok div@254 head='Standard attention mechanisms sc' tail='ent language generation.'
2026-09-30T20:06:29.856+00:00   [3] d0 finish=stop completion=95 chunks=49 acc=1.958(chunks) rate=28.73 ttft=0.298 sha=e7a4561ca8e2 early_divergence div@72 head='Standard attention mechanisms sc' tail='ming hardware resources.'
2026-09-30T20:06:29.856+00:00   [4] d0 finish=stop completion=100 chunks=46 acc=2.200(chunks) rate=31.71 ttft=0.298 sha=03e4d0d2907a ok div@237 head='Standard attention mechanisms sc' tail='ex, extended narratives.'
2026-09-30T20:06:36.429+00:00 burst=identical-n5-b3 kind=identical n=5 stagger=0.000 coprefill=False spread=0.203 gate=- report=['early_divergence']
2026-09-30T20:06:36.429+00:00   [0] d0 finish=stop completion=95 chunks=49 acc=1.958(chunks) rate=28.80 ttft=0.300 sha=e7a4561ca8e2 early_divergence div@72 head='Standard attention mechanisms sc' tail='ming hardware resources.'
2026-09-30T20:06:36.429+00:00   [1] d0 finish=stop completion=89 chunks=37 acc=2.444(chunks) rate=34.70 ttft=0.300 sha=dc7d6d0ff882 ok div@254 head='Standard attention mechanisms sc' tail='ent language generation.'
2026-09-30T20:06:36.429+00:00   [2] d0 finish=stop completion=98 chunks=43 acc=2.310(chunks) rate=33.02 ttft=0.300 sha=4cba152d0276 early_divergence div@1 head='Sparse attention mitigates the q' tail='n large language models.'
2026-09-30T20:06:36.429+00:00   [3] d0 finish=stop completion=100 chunks=46 acc=2.200(chunks) rate=31.85 ttft=0.300 sha=03e4d0d2907a ok div@237 head='Standard attention mechanisms sc' tail='ex, extended narratives.'
2026-09-30T20:06:36.429+00:00   [4] d0 finish=stop completion=94 chunks=45 acc=2.114(chunks) rate=29.61 ttft=0.098 sha=254f713ab7ac early_divergence div@206 head='Standard attention mechanisms sc' tail='n large language models.'
2026-09-30T20:06:42.590+00:00 burst=distinct-n5-b1 kind=distinct n=5 stagger=0.000 coprefill=False spread=0.218 gate=- report=['early_divergence']
2026-09-30T20:06:42.590+00:00   [0] d0 finish=stop completion=95 chunks=40 acc=2.410(chunks) rate=31.40 ttft=0.099 sha=30da1fd13f33 early_divergence div@206 head='Standard attention mechanisms sc' tail='pplication requirements.'
2026-09-30T20:06:42.590+00:00   [1] d1 finish=stop completion=79 chunks=38 acc=2.108(chunks) rate=28.09 ttft=0.316 sha=901ac140d380 early_divergence div@77 head='A bicycle gear system uses mecha' tail='s or flat, fast terrain.'
2026-09-30T20:06:42.590+00:00   [2] d2 finish=stop completion=43 chunks=12 acc=3.818(chunks) rate=45.00 ttft=0.316 sha=097672f98733 ok div@None head='2, 3, 5, 7, 11, 13, 17, 19, 23, ' tail=', 17, 19, 23, 29, 31, 37'
2026-09-30T20:06:42.590+00:00   [3] d3 finish=stop completion=93 chunks=39 acc=2.421(chunks) rate=32.44 ttft=0.317 sha=b827df64a1b9 ok div@215 head='The water cycle is like a never-' tail='the trip all over again.'
2026-09-30T20:06:42.590+00:00   [4] d4 finish=stop completion=102 chunks=28 acc=3.741(chunks) rate=47.76 ttft=0.316 sha=cb9c046d4e9a ok div@None head='```python\ndef fibonacci(n: int) ' tail=', a + b\n    return b\n```'
2026-09-30T20:06:49.067+00:00 burst=distinct-n5-b2 kind=distinct n=5 stagger=0.000 coprefill=False spread=0.595 gate=- report=['early_divergence']
2026-09-30T20:06:49.067+00:00   [0] d0 finish=stop completion=94 chunks=36 acc=2.657(chunks) rate=30.16 ttft=0.144 sha=858edc90c385 ok div@237 head='Standard attention mechanisms sc' tail='tensive context windows.'
2026-09-30T20:06:49.067+00:00   [1] d1 finish=stop completion=65 chunks=29 acc=2.286(chunks) rate=28.43 ttft=0.737 sha=3d599a0312f2 early_divergence div@102 head='A bicycle gear system uses mecha' tail=' for varying conditions.'
2026-09-30T20:06:49.067+00:00   [2] d2 finish=stop completion=43 chunks=12 acc=3.818(chunks) rate=44.71 ttft=0.737 sha=097672f98733 ok div@None head='2, 3, 5, 7, 11, 13, 17, 19, 23, ' tail=', 17, 19, 23, 29, 31, 37'
2026-09-30T20:06:49.067+00:00   [3] d3 finish=stop completion=102 chunks=39 acc=2.658(chunks) rate=37.00 ttft=0.738 sha=123ef9d1c88d early_divergence div@16 head='The water cycle starts when the ' tail=' journey all over again.'
2026-09-30T20:06:49.067+00:00   [4] d4 finish=stop completion=102 chunks=28 acc=3.741(chunks) rate=39.23 ttft=0.143 sha=cb9c046d4e9a ok div@None head='```python\ndef fibonacci(n: int) ' tail=', a + b\n    return b\n```'
2026-09-30T20:06:55.300+00:00 burst=distinct-n5-b3 kind=distinct n=5 stagger=0.000 coprefill=False spread=0.212 gate=- report=['early_divergence']
2026-09-30T20:06:55.300+00:00   [0] d0 finish=stop completion=99 chunks=42 acc=2.390(chunks) rate=33.55 ttft=0.303 sha=8c7f216ca032 early_divergence div@72 head='Standard attention mechanisms sc' tail='tensive context windows.'
2026-09-30T20:06:55.300+00:00   [1] d1 finish=stop completion=71 chunks=34 acc=2.121(chunks) rate=28.16 ttft=0.302 sha=2519b83bede3 early_divergence div@77 head='A bicycle gear system uses mecha' tail='torque for higher speed.'
2026-09-30T20:06:55.300+00:00   [2] d2 finish=stop completion=43 chunks=12 acc=3.818(chunks) rate=44.77 ttft=0.303 sha=097672f98733 ok div@None head='2, 3, 5, 7, 11, 13, 17, 19, 23, ' tail=', 17, 19, 23, 29, 31, 37'
2026-09-30T20:06:55.300+00:00   [3] d3 finish=stop completion=92 chunks=38 acc=2.459(chunks) rate=33.44 ttft=0.302 sha=ec7927030dd0 ok div@215 head='The water cycle is like a never-' tail='the trip all over again.'
2026-09-30T20:06:55.300+00:00   [4] d4 finish=stop completion=102 chunks=27 acc=3.885(chunks) rate=47.91 ttft=0.092 sha=cb9c046d4e9a ok div@None head='```python\ndef fibonacci(n: int) ' tail=', a + b\n    return b\n```'
2026-09-30T20:07:01.993+00:00 burst=identical-n8-b1 kind=identical n=8 stagger=0.000 coprefill=False spread=0.246 gate=- report=['early_divergence']
2026-09-30T20:07:01.993+00:00   [0] d0 finish=stop completion=97 chunks=36 acc=2.743(chunks) rate=35.04 ttft=0.099 sha=7d96f7bea03a ok div@237 head='Standard attention mechanisms sc' tail='onstraints are critical.'
2026-09-30T20:07:01.993+00:00   [1] d0 finish=stop completion=93 chunks=43 acc=2.190(chunks) rate=28.63 ttft=0.344 sha=7c24b9fc944f early_divergence div@72 head='Standard attention mechanisms sc' tail=' practical applications.'
2026-09-30T20:07:01.993+00:00   [2] d0 finish=stop completion=93 chunks=42 acc=2.244(chunks) rate=29.34 ttft=0.345 sha=a7e9192a4fe3 early_divergence div@206 head='Standard attention mechanisms sc' tail='attention architectures.'
2026-09-30T20:07:01.993+00:00   [3] d0 finish=stop completion=94 chunks=38 acc=2.514(chunks) rate=32.03 ttft=0.343 sha=79178b91fab6 early_divergence div@206 head='Standard attention mechanisms sc' tail='d practical application.'
2026-09-30T20:07:01.993+00:00   [4] d0 finish=stop completion=97 chunks=45 acc=2.182(chunks) rate=28.76 ttft=0.344 sha=5b017b26e2d6 early_divergence div@1 head='Sparse attention mitigates the q' tail='n large language models.'
2026-09-30T20:07:01.993+00:00   [5] d0 finish=stop completion=100 chunks=43 acc=2.357(chunks) rate=30.81 ttft=0.344 sha=567b1a567b5f early_divergence div@1 head='Sparse attention mitigates the q' tail='n large language models.'
2026-09-30T20:07:01.993+00:00   [6] d0 finish=stop completion=88 chunks=45 acc=1.977(chunks) rate=26.07 ttft=0.344 sha=2cc43f3cf665 early_divergence div@206 head='Standard attention mechanisms sc' tail=' or resource efficiency.'
2026-09-30T20:07:01.993+00:00   [7] d0 finish=stop completion=91 chunks=39 acc=2.368(chunks) rate=31.00 ttft=0.345 sha=d875f21819df early_divergence div@206 head='Standard attention mechanisms sc' tail='real-world applications.'
2026-09-30T20:07:08.670+00:00 burst=identical-n8-b2 kind=identical n=8 stagger=0.000 coprefill=False spread=0.225 gate=- report=['early_divergence']
2026-09-30T20:07:08.670+00:00   [0] d0 finish=stop completion=97 chunks=45 acc=2.182(chunks) rate=28.74 ttft=0.327 sha=5b017b26e2d6 early_divergence div@1 head='Sparse attention mitigates the q' tail='n large language models.'
2026-09-30T20:07:08.670+00:00   [1] d0 finish=stop completion=93 chunks=43 acc=2.190(chunks) rate=28.61 ttft=0.328 sha=7c24b9fc944f early_divergence div@72 head='Standard attention mechanisms sc' tail=' practical applications.'
2026-09-30T20:07:08.670+00:00   [2] d0 finish=stop completion=97 chunks=36 acc=2.743(chunks) rate=35.27 ttft=0.104 sha=7d96f7bea03a ok div@237 head='Standard attention mechanisms sc' tail='onstraints are critical.'
2026-09-30T20:07:08.671+00:00   [3] d0 finish=stop completion=88 chunks=45 acc=1.977(chunks) rate=26.04 ttft=0.326 sha=2cc43f3cf665 early_divergence div@206 head='Standard attention mechanisms sc' tail=' or resource efficiency.'
2026-09-30T20:07:08.671+00:00   [4] d0 finish=stop completion=93 chunks=42 acc=2.244(chunks) rate=29.33 ttft=0.328 sha=a7e9192a4fe3 early_divergence div@206 head='Standard attention mechanisms sc' tail='attention architectures.'
2026-09-30T20:07:08.671+00:00   [5] d0 finish=stop completion=94 chunks=38 acc=2.514(chunks) rate=32.00 ttft=0.327 sha=79178b91fab6 early_divergence div@206 head='Standard attention mechanisms sc' tail='d practical application.'
2026-09-30T20:07:08.671+00:00   [6] d0 finish=stop completion=91 chunks=39 acc=2.368(chunks) rate=30.96 ttft=0.328 sha=d875f21819df early_divergence div@206 head='Standard attention mechanisms sc' tail='real-world applications.'
2026-09-30T20:07:08.671+00:00   [7] d0 finish=stop completion=100 chunks=43 acc=2.357(chunks) rate=30.79 ttft=0.328 sha=567b1a567b5f early_divergence div@1 head='Sparse attention mitigates the q' tail='n large language models.'
2026-09-30T20:07:15.346+00:00 burst=identical-n8-b3 kind=identical n=8 stagger=0.000 coprefill=False spread=0.226 gate=- report=['early_divergence']
2026-09-30T20:07:15.346+00:00   [0] d0 finish=stop completion=93 chunks=42 acc=2.244(chunks) rate=29.33 ttft=0.329 sha=a7e9192a4fe3 early_divergence div@206 head='Standard attention mechanisms sc' tail='attention architectures.'
2026-09-30T20:07:15.346+00:00   [1] d0 finish=stop completion=100 chunks=43 acc=2.357(chunks) rate=30.81 ttft=0.330 sha=567b1a567b5f early_divergence div@1 head='Sparse attention mitigates the q' tail='n large language models.'
2026-09-30T20:07:15.346+00:00   [2] d0 finish=stop completion=93 chunks=43 acc=2.190(chunks) rate=28.62 ttft=0.329 sha=7c24b9fc944f early_divergence div@72 head='Standard attention mechanisms sc' tail=' practical applications.'
2026-09-30T20:07:15.346+00:00   [3] d0 finish=stop completion=91 chunks=39 acc=2.368(chunks) rate=31.03 ttft=0.330 sha=d875f21819df early_divergence div@206 head='Standard attention mechanisms sc' tail='real-world applications.'
2026-09-30T20:07:15.346+00:00   [4] d0 finish=stop completion=97 chunks=45 acc=2.182(chunks) rate=28.74 ttft=0.330 sha=5b017b26e2d6 early_divergence div@1 head='Sparse attention mitigates the q' tail='n large language models.'
2026-09-30T20:07:15.347+00:00   [5] d0 finish=stop completion=88 chunks=45 acc=1.977(chunks) rate=26.04 ttft=0.329 sha=2cc43f3cf665 early_divergence div@206 head='Standard attention mechanisms sc' tail=' or resource efficiency.'
2026-09-30T20:07:15.347+00:00   [6] d0 finish=stop completion=94 chunks=38 acc=2.514(chunks) rate=32.07 ttft=0.329 sha=79178b91fab6 early_divergence div@206 head='Standard attention mechanisms sc' tail='d practical application.'
2026-09-30T20:07:15.347+00:00   [7] d0 finish=stop completion=97 chunks=36 acc=2.743(chunks) rate=35.26 ttft=0.105 sha=7d96f7bea03a ok div@237 head='Standard attention mechanisms sc' tail='onstraints are critical.'
2026-09-30T20:07:21.919+00:00 burst=distinct-n8-b1 kind=distinct n=8 stagger=0.000 coprefill=False spread=0.252 gate=- report=['early_divergence']
2026-09-30T20:07:21.919+00:00   [0] d0 finish=stop completion=97 chunks=39 acc=2.526(chunks) rate=29.78 ttft=0.102 sha=a12e49aad334 early_divergence div@206 head='Standard attention mechanisms sc' tail='pplication requirements.'
2026-09-30T20:07:21.919+00:00   [1] d1 finish=stop completion=76 chunks=32 acc=2.419(chunks) rate=28.14 ttft=0.355 sha=dd86d4030e6a early_divergence div@77 head='A bicycle gear system uses mecha' tail='g speed on flat terrain.'
2026-09-30T20:07:21.919+00:00   [2] d2 finish=stop completion=43 chunks=12 acc=3.818(chunks) rate=38.48 ttft=0.354 sha=097672f98733 ok div@None head='2, 3, 5, 7, 11, 13, 17, 19, 23, ' tail=', 17, 19, 23, 29, 31, 37'
2026-09-30T20:07:21.919+00:00   [3] d3 finish=stop completion=101 chunks=42 acc=2.439(chunks) rate=31.14 ttft=0.354 sha=9de53572d3ea early_divergence div@16 head='The water cycle starts when the ' tail='the whole journey again.'
2026-09-30T20:07:21.919+00:00   [4] d4 finish=stop completion=81 chunks=21 acc=4.000(chunks) rate=42.13 ttft=0.354 sha=d6e4529d7c26 early_divergence div@50 head='```python\ndef fibonacci(n: int) ' tail=', a + b\n    return b\n```'
2026-09-30T20:07:21.919+00:00   [5] d5 finish=stop completion=17 chunks=7 acc=2.667(chunks) rate=26.54 ttft=0.354 sha=5a881638e98d ok div@None head='La bibliothèque ouvre à neuf heu' tail='-huit heures en semaine.'
2026-09-30T20:07:21.919+00:00   [6] d6 finish=stop completion=70 chunks=33 acc=2.156(chunks) rate=25.19 ttft=0.353 sha=ef096342c641 ok div@186 head='1. Reduce watering frequency sig' tail='ensate for shorter days.'
2026-09-30T20:07:21.919+00:00   [7] d7 finish=stop completion=67 chunks=19 acc=3.667(chunks) rate=38.42 ttft=0.354 sha=c39be9b87ae0 ok div@None head='{\n  "name": "Eiffel Tower",\n  "y' tail='re",\n    "Tourism"\n  ]\n}'
2026-09-30T20:07:28.559+00:00 burst=distinct-n8-b2 kind=distinct n=8 stagger=0.000 coprefill=False spread=0.258 gate=- report=['early_divergence']
2026-09-30T20:07:28.559+00:00   [0] d0 finish=stop completion=95 chunks=44 acc=2.186(chunks) rate=28.66 ttft=0.353 sha=a3bf9ffb8154 early_divergence div@1 head='Sparse attention optimizes long-' tail='se attention mechanisms.'
2026-09-30T20:07:28.559+00:00   [1] d1 finish=stop completion=77 chunks=33 acc=2.375(chunks) rate=28.19 ttft=0.352 sha=5e6e94fa449e early_divergence div@77 head='A bicycle gear system uses mecha' tail='ing torque for velocity.'
2026-09-30T20:07:28.559+00:00   [2] d2 finish=stop completion=43 chunks=12 acc=3.818(chunks) rate=36.06 ttft=0.095 sha=097672f98733 ok div@None head='2, 3, 5, 7, 11, 13, 17, 19, 23, ' tail=', 17, 19, 23, 29, 31, 37'
2026-09-30T20:07:28.559+00:00   [3] d3 finish=stop completion=101 chunks=38 acc=2.703(chunks) rate=33.39 ttft=0.352 sha=ed4ca4fd79b5 early_divergence div@16 head='The water cycle starts when the ' tail=' journey all over again.'
2026-09-30T20:07:28.559+00:00   [4] d4 finish=stop completion=81 chunks=21 acc=4.000(chunks) rate=42.42 ttft=0.352 sha=d6e4529d7c26 early_divergence div@50 head='```python\ndef fibonacci(n: int) ' tail=', a + b\n    return b\n```'
2026-09-30T20:07:28.559+00:00   [5] d5 finish=stop completion=17 chunks=7 acc=2.667(chunks) rate=26.49 ttft=0.352 sha=5a881638e98d ok div@None head='La bibliothèque ouvre à neuf heu' tail='-huit heures en semaine.'
2026-09-30T20:07:28.559+00:00   [6] d6 finish=stop completion=59 chunks=24 acc=2.522(chunks) rate=27.58 ttft=0.353 sha=dcc083270d28 early_divergence div@3 head='1. Move plants away from cold dr' tail='unteract dry indoor air.'
2026-09-30T20:07:28.559+00:00   [7] d7 finish=stop completion=67 chunks=19 acc=3.667(chunks) rate=38.55 ttft=0.352 sha=c39be9b87ae0 ok div@None head='{\n  "name": "Eiffel Tower",\n  "y' tail='re",\n    "Tourism"\n  ]\n}'
2026-09-30T20:07:35.419+00:00 burst=distinct-n8-b3 kind=distinct n=8 stagger=0.000 coprefill=False spread=0.246 gate=- report=['early_divergence']
2026-09-30T20:07:35.419+00:00   [0] d0 finish=stop completion=90 chunks=47 acc=1.935(chunks) rate=25.43 ttft=0.350 sha=93dfc3ca0ca6 early_divergence div@1 head='Sparse attention optimizes long-' tail='ontextual understanding.'
2026-09-30T20:07:35.419+00:00   [1] d1 finish=stop completion=71 chunks=32 acc=2.258(chunks) rate=25.54 ttft=0.352 sha=70481ef74ea0 early_divergence div@77 head='A bicycle gear system uses mecha' tail=' for increased velocity.'
2026-09-30T20:07:35.419+00:00   [2] d2 finish=stop completion=43 chunks=12 acc=3.818(chunks) rate=38.59 ttft=0.351 sha=097672f98733 ok div@None head='2, 3, 5, 7, 11, 13, 17, 19, 23, ' tail=', 17, 19, 23, 29, 31, 37'
2026-09-30T20:07:35.419+00:00   [3] d3 finish=stop completion=96 chunks=37 acc=2.639(chunks) rate=31.37 ttft=0.352 sha=3927d674ed23 early_divergence div@16 head='The water cycle starts when the ' tail='the whole process again.'
2026-09-30T20:07:35.419+00:00   [4] d4 finish=stop completion=102 chunks=27 acc=3.885(chunks) rate=41.38 ttft=0.351 sha=cb9c046d4e9a ok div@None head='```python\ndef fibonacci(n: int) ' tail=', a + b\n    return b\n```'
2026-09-30T20:07:35.419+00:00   [5] d5 finish=stop completion=17 chunks=7 acc=2.667(chunks) rate=26.42 ttft=0.350 sha=5a881638e98d ok div@None head='La bibliothèque ouvre à neuf heu' tail='-huit heures en semaine.'
2026-09-30T20:07:35.419+00:00   [6] d6 finish=stop completion=70 chunks=32 acc=2.226(chunks) rate=25.18 ttft=0.351 sha=10447d97eb05 ok div@186 head='1. Reduce watering frequency sig' tail='ensate for shorter days.'
2026-09-30T20:07:35.419+00:00   [7] d7 finish=stop completion=67 chunks=18 acc=3.882(chunks) rate=38.87 ttft=0.107 sha=c39be9b87ae0 ok div@None head='{\n  "name": "Eiffel Tower",\n  "y' tail='re",\n    "Tourism"\n  ]\n}'
2026-09-30T20:07:40.900+00:00 burst=staggered-identical-n2 kind=identical n=2 stagger=0.250 coprefill=False spread=0.334 gate=- report=-
2026-09-30T20:07:40.900+00:00   [0] d0 finish=stop completion=95 chunks=39 acc=2.474(chunks) rate=45.98 ttft=0.095 sha=ae5bb4f5308e ok div@574 head='Standard attention mechanisms sc' tail='ross extensive contexts.'
2026-09-30T20:07:40.900+00:00   [1] d0 finish=stop completion=95 chunks=40 acc=2.410(chunks) rate=45.99 ttft=0.179 sha=ae5bb4f5308e ok div@574 head='Standard attention mechanisms sc' tail='ross extensive contexts.'
2026-09-30T20:07:46.232+00:00 burst=staggered-distinct-n3 kind=distinct n=3 stagger=0.250 coprefill=False spread=0.592 gate=- report=['early_divergence']
2026-09-30T20:07:46.232+00:00   [0] d0 finish=stop completion=91 chunks=38 acc=2.432(chunks) rate=40.38 ttft=0.094 sha=28ad902a80be early_divergence div@206 head='Standard attention mechanisms sc' tail='al hardware constraints.'
2026-09-30T20:07:46.232+00:00   [1] d1 finish=stop completion=77 chunks=32 acc=2.452(chunks) rate=40.01 ttft=0.173 sha=5e6e94fa449e early_divergence div@77 head='A bicycle gear system uses mecha' tail='ing torque for velocity.'
2026-09-30T20:07:46.232+00:00   [2] d2 finish=stop completion=43 chunks=12 acc=3.818(chunks) rate=56.05 ttft=0.187 sha=097672f98733 ok div@None head='2, 3, 5, 7, 11, 13, 17, 19, 23, ' tail=', 17, 19, 23, 29, 31, 37'
2026-09-30T20:07:52.832+00:00 burst=staggered-distinct-n5 kind=distinct n=5 stagger=0.250 coprefill=False spread=1.128 gate=- report=['early_divergence']
2026-09-30T20:07:52.832+00:00   [0] d0 finish=stop completion=90 chunks=38 acc=2.405(chunks) rate=32.37 ttft=0.094 sha=bec1a81e01d9 early_divergence div@206 head='Standard attention mechanisms sc' tail='ze and processing speed.'
2026-09-30T20:07:52.832+00:00   [1] d1 finish=stop completion=74 chunks=33 acc=2.281(chunks) rate=29.36 ttft=0.183 sha=c61fcf5673ae early_divergence div@77 head='A bicycle gear system uses mecha' tail='g speed on flat terrain.'
2026-09-30T20:07:52.832+00:00   [2] d2 finish=stop completion=43 chunks=12 acc=3.818(chunks) rate=43.99 ttft=0.195 sha=097672f98733 ok div@None head='2, 3, 5, 7, 11, 13, 17, 19, 23, ' tail=', 17, 19, 23, 29, 31, 37'
2026-09-30T20:07:52.832+00:00   [3] d3 finish=stop completion=92 chunks=39 acc=2.395(chunks) rate=34.49 ttft=0.202 sha=ec7927030dd0 ok div@215 head='The water cycle is like a never-' tail='the trip all over again.'
2026-09-30T20:07:52.832+00:00   [4] d4 finish=stop completion=102 chunks=28 acc=3.741(chunks) rate=50.71 ttft=0.222 sha=cb9c046d4e9a ok div@None head='```python\ndef fibonacci(n: int) ' tail=', a + b\n    return b\n```'
2026-09-30T20:08:00.830+00:00 burst=staggered-identical-n8 kind=identical n=8 stagger=0.250 coprefill=False spread=1.966 gate=- report=['early_divergence']
2026-09-30T20:08:00.830+00:00   [0] d0 finish=stop completion=95 chunks=37 acc=2.611(chunks) rate=33.04 ttft=0.096 sha=ae5bb4f5308e ok div@574 head='Standard attention mechanisms sc' tail='ross extensive contexts.'
2026-09-30T20:08:00.830+00:00   [1] d0 finish=stop completion=100 chunks=41 acc=2.475(chunks) rate=29.33 ttft=0.185 sha=30976de3a6d0 ok div@237 head='Standard attention mechanisms sc' tail='rehensive understanding.'
2026-09-30T20:08:00.830+00:00   [2] d0 finish=stop completion=95 chunks=40 acc=2.410(chunks) rate=28.80 ttft=0.204 sha=30da1fd13f33 early_divergence div@206 head='Standard attention mechanisms sc' tail='pplication requirements.'
2026-09-30T20:08:00.830+00:00   [3] d0 finish=stop completion=93 chunks=47 acc=2.000(chunks) rate=24.65 ttft=0.197 sha=833646dddb25 early_divergence div@206 head='Standard attention mechanisms sc' tail='ontextual understanding.'
2026-09-30T20:08:00.830+00:00   [4] d0 finish=stop completion=91 chunks=38 acc=2.432(chunks) rate=29.41 ttft=0.204 sha=9883fb34e102 early_divergence div@206 head='Standard attention mechanisms sc' tail='ze and processing speed.'
2026-09-30T20:08:00.830+00:00   [5] d0 finish=stop completion=94 chunks=39 acc=2.447(chunks) rate=29.71 ttft=0.228 sha=79178b91fab6 early_divergence div@206 head='Standard attention mechanisms sc' tail='d practical application.'
2026-09-30T20:08:00.830+00:00   [6] d0 finish=stop completion=91 chunks=39 acc=2.368(chunks) rate=30.25 ttft=0.271 sha=d875f21819df early_divergence div@206 head='Standard attention mechanisms sc' tail='real-world applications.'
2026-09-30T20:08:00.830+00:00   [7] d0 finish=stop completion=91 chunks=41 acc=2.250(chunks) rate=30.72 ttft=0.311 sha=d875f21819df early_divergence div@206 head='Standard attention mechanisms sc' tail='real-world applications.'
2026-09-30T20:08:13.234+00:00 burst=long-pair kind=long n=2 stagger=0.000 coprefill=False spread=2.588 gate=- report=['slow']
2026-09-30T20:08:13.234+00:00   [0] long0 finish=stop completion=6 chunks=2 acc=5.000(chunks) rate=1.93 ttft=6.703 sha=83dab7f91bc1 slow div@None head='74354' tail='74354'
2026-09-30T20:08:13.234+00:00   [1] long1 finish=stop completion=6 chunks=2 acc=5.000(chunks) rate=48.16 ttft=9.291 sha=0ec41e567fc2 ok div@None head='79083' tail='79083'
2026-09-30T20:08:16.739+00:00 burst=image-pair kind=image n=2 stagger=0.000 coprefill=False spread=0.195 gate=- report=-
2026-09-30T20:08:16.739+00:00   [0] img_red finish=stop completion=11 chunks=4 acc=3.333(chunks) rate=64.31 ttft=0.339 sha=0e1c14c4131c ok div@None head='The image is filled with a solid' tail=' with a solid red color.'
2026-09-30T20:08:16.740+00:00   [1] img_blue finish=stop completion=11 chunks=4 acc=3.333(chunks) rate=40.49 ttft=0.145 sha=705b4320e3b4 ok div@None head='The image is filled with a solid' tail='with a solid blue color.'
2026-09-30T20:08:16.740+00:00 TOTALS bursts=30 streams=130 gate_bursts=0 zero_acc=0 runaway=0 first32_match=0.392 coprefill_bursts=0 per_request_spec_metrics=False
2026-09-30T20:08:16.740+00:00 NOTE: server did not return metrics.speculative_decoding on every stream; acceptance estimated from tokens per chunk (serve with --per-request-spec-decode-metrics summary)
2026-09-30T20:08:16.740+00:00 T0 PASS
