2026-09-30T18:55:18.807+00:00 bench_probe v1 url=http://127.0.0.1:8000/v1/chat/completions sizes=[2, 3, 5, 8] kinds=['identical', 'distinct'] bursts_per_shape=3 max_tokens=256
2026-09-30T18:55:21.067+00:00 ref d0 finish=stop completion=97 acc=2.341 ttft=0.116 sha=b0e372faa960 head='Sparse attention mitigates the quadratic'
2026-09-30T18:55:23.628+00:00 ref d1 finish=stop completion=75 acc=2.643 ttft=0.093 sha=4ad2d5654ca6 head='A bicycle gear system uses mechanical ad'
2026-09-30T18:55:25.311+00:00 ref d2 finish=stop completion=43 acc=3.818 ttft=0.091 sha=097672f98733 head='2, 3, 5, 7, 11, 13, 17, 19, 23, 29, 31, '
2026-09-30T18:55:28.442+00:00 ref d3 finish=stop completion=101 acc=2.632 ttft=0.091 sha=3746d913c433 head='The water cycle is like a giant, never-e'
2026-09-30T18:55:31.056+00:00 ref d4 finish=stop completion=102 acc=3.741 ttft=0.092 sha=cb9c046d4e9a head='```python\ndef fibonacci(n: int) -> int:\n'
2026-09-30T18:55:32.465+00:00 ref d5 finish=stop completion=17 acc=2.667 ttft=0.096 sha=5a881638e98d head='La bibliothèque ouvre à neuf heures et f'
2026-09-30T18:55:35.116+00:00 ref d6 finish=stop completion=72 acc=2.367 ttft=0.094 sha=86f7d76d2833 head='1. Reduce watering frequency significant'
2026-09-30T18:55:37.099+00:00 ref d7 finish=stop completion=67 acc=3.882 ttft=0.102 sha=c39be9b87ae0 head='{\n  "name": "Eiffel Tower",\n  "year": 18'
2026-09-30T18:55:42.165+00:00 ref long0 finish=stop completion=6 acc=5.000 ttft=3.928 sha=83dab7f91bc1 head='74354'
2026-09-30T18:55:47.248+00:00 ref long1 finish=stop completion=6 acc=5.000 ttft=3.947 sha=0ec41e567fc2 head='79083'
2026-09-30T18:55:48.556+00:00 ref img_red finish=stop completion=11 acc=3.333 ttft=0.148 sha=0e1c14c4131c head='The image is filled with a solid red col'
2026-09-30T18:55:49.910+00:00 ref img_blue finish=stop completion=11 acc=2.500 ttft=0.143 sha=7fa32368a223 head='This image is filled with a solid blue c'
2026-09-30T18:55:56.788+00:00 burst=identical-n2-b1 kind=identical n=2 stagger=0.000 coprefill=False spread=0.160 gate=- report=['early_divergence']
2026-09-30T18:55:56.788+00:00   [0] d0 finish=stop completion=94 chunks=47 acc=2.022(chunks) rate=33.60 ttft=0.103 sha=2774341ec8f4 early_divergence div@164 head='Sparse attention mitigates the q' tail='g performance and speed.'
2026-09-30T18:55:56.788+00:00   [1] d0 finish=stop completion=93 chunks=34 acc=2.788(chunks) rate=45.82 ttft=0.263 sha=774bf9418857 early_divergence div@1 head='Standard attention mechanisms sc' tail='tensive context windows.'
2026-09-30T18:56:02.718+00:00 burst=identical-n2-b2 kind=identical n=2 stagger=0.000 coprefill=False spread=0.161 gate=- report=['early_divergence']
2026-09-30T18:56:02.718+00:00   [0] d0 finish=stop completion=94 chunks=47 acc=2.022(chunks) rate=32.94 ttft=0.100 sha=2774341ec8f4 early_divergence div@164 head='Sparse attention mitigates the q' tail='g performance and speed.'
2026-09-30T18:56:02.718+00:00   [1] d0 finish=stop completion=93 chunks=34 acc=2.788(chunks) rate=45.96 ttft=0.261 sha=774bf9418857 early_divergence div@1 head='Standard attention mechanisms sc' tail='tensive context windows.'
2026-09-30T18:56:08.567+00:00 burst=identical-n2-b3 kind=identical n=2 stagger=0.000 coprefill=False spread=0.105 gate=- report=['early_divergence']
2026-09-30T18:56:08.567+00:00   [0] d0 finish=stop completion=93 chunks=34 acc=2.788(chunks) rate=46.00 ttft=0.209 sha=774bf9418857 early_divergence div@1 head='Standard attention mechanisms sc' tail='tensive context windows.'
2026-09-30T18:56:08.567+00:00   [1] d0 finish=stop completion=98 chunks=47 acc=2.109(chunks) rate=35.43 ttft=0.104 sha=97cd1c69b235 early_divergence div@164 head='Sparse attention mitigates the q' tail='ng-context applications.'
2026-09-30T18:56:13.891+00:00 burst=distinct-n2-b1 kind=distinct n=2 stagger=0.000 coprefill=False spread=0.163 gate=- report=['early_divergence']
2026-09-30T18:56:13.891+00:00   [0] d0 finish=stop completion=93 chunks=34 acc=2.788(chunks) rate=44.69 ttft=0.256 sha=774bf9418857 early_divergence div@1 head='Standard attention mechanisms sc' tail='tensive context windows.'
2026-09-30T18:56:13.891+00:00   [1] d1 finish=stop completion=70 chunks=35 acc=2.029(chunks) rate=31.96 ttft=0.093 sha=c61d8657cdea early_divergence div@80 head='A bicycle gear system uses mecha' tail='torque for higher speed.'
2026-09-30T18:56:19.153+00:00 burst=distinct-n2-b2 kind=distinct n=2 stagger=0.000 coprefill=False spread=0.110 gate=- report=['early_divergence']
2026-09-30T18:56:19.153+00:00   [0] d0 finish=stop completion=93 chunks=34 acc=2.788(chunks) rate=44.75 ttft=0.201 sha=774bf9418857 early_divergence div@1 head='Standard attention mechanisms sc' tail='tensive context windows.'
2026-09-30T18:56:19.153+00:00   [1] d1 finish=stop completion=74 chunks=32 acc=2.355(chunks) rate=35.66 ttft=0.091 sha=d01c4208390c ok div@165 head='A bicycle gear system uses mecha' tail='wer for varying terrain.'
2026-09-30T18:56:24.476+00:00 burst=distinct-n2-b3 kind=distinct n=2 stagger=0.000 coprefill=False spread=0.164 gate=- report=['early_divergence']
2026-09-30T18:56:24.476+00:00   [0] d0 finish=stop completion=93 chunks=34 acc=2.788(chunks) rate=44.76 ttft=0.259 sha=774bf9418857 early_divergence div@1 head='Standard attention mechanisms sc' tail='tensive context windows.'
2026-09-30T18:56:24.476+00:00   [1] d1 finish=stop completion=70 chunks=35 acc=2.029(chunks) rate=32.01 ttft=0.096 sha=c61d8657cdea early_divergence div@80 head='A bicycle gear system uses mecha' tail='torque for higher speed.'
2026-09-30T18:56:30.977+00:00 burst=identical-n3-b1 kind=identical n=3 stagger=0.000 coprefill=False spread=0.165 gate=- report=['early_divergence']
2026-09-30T18:56:30.977+00:00   [0] d0 finish=stop completion=93 chunks=40 acc=2.359(chunks) rate=34.09 ttft=0.111 sha=a332783dfd0d early_divergence div@17 head='Sparse attention significantly e' tail='long-term conversations.'
2026-09-30T18:56:30.977+00:00   [1] d0 finish=stop completion=97 chunks=42 acc=2.341(chunks) rate=33.70 ttft=0.276 sha=8c72002c99a8 early_divergence div@1 head='Standard attention mechanisms sc' tail='ulti-turn conversations.'
2026-09-30T18:56:30.977+00:00   [2] d0 finish=stop completion=104 chunks=52 acc=2.020(chunks) rate=30.45 ttft=0.111 sha=0582e34a598e early_divergence div@17 head='Sparse attention significantly e' tail='nt long-form generation.'
2026-09-30T18:56:37.402+00:00 burst=identical-n3-b2 kind=identical n=3 stagger=0.000 coprefill=False spread=0.172 gate=- report=['early_divergence']
2026-09-30T18:56:37.402+00:00   [0] d0 finish=stop completion=95 chunks=45 acc=2.136(chunks) rate=30.41 ttft=0.105 sha=62032dac1eb1 early_divergence div@164 head='Sparse attention mitigates the q' tail='n large language models.'
2026-09-30T18:56:37.402+00:00   [1] d0 finish=stop completion=94 chunks=39 acc=2.447(chunks) rate=34.89 ttft=0.277 sha=3bf26d1e5286 early_divergence div@1 head='Standard attention mechanisms sc' tail='ing extensive documents.'
2026-09-30T18:56:37.402+00:00   [2] d0 finish=stop completion=95 chunks=47 acc=2.043(chunks) rate=29.93 ttft=0.278 sha=f231686bb8ae early_divergence div@17 head='Sparse attention significantly e' tail=' contextual information.'
2026-09-30T18:56:43.718+00:00 burst=identical-n3-b3 kind=identical n=3 stagger=0.000 coprefill=False spread=0.172 gate=- report=['early_divergence']
2026-09-30T18:56:43.718+00:00   [0] d0 finish=stop completion=94 chunks=39 acc=2.447(chunks) rate=36.31 ttft=0.274 sha=3bf26d1e5286 early_divergence div@1 head='Standard attention mechanisms sc' tail='ing extensive documents.'
2026-09-30T18:56:43.718+00:00   [1] d0 finish=stop completion=95 chunks=47 acc=2.043(chunks) rate=30.95 ttft=0.274 sha=f231686bb8ae early_divergence div@17 head='Sparse attention significantly e' tail=' contextual information.'
2026-09-30T18:56:43.718+00:00   [2] d0 finish=stop completion=95 chunks=45 acc=2.136(chunks) rate=31.47 ttft=0.103 sha=62032dac1eb1 early_divergence div@164 head='Sparse attention mitigates the q' tail='n large language models.'
2026-09-30T18:56:49.848+00:00 burst=distinct-n3-b1 kind=distinct n=3 stagger=0.000 coprefill=False spread=0.184 gate=- report=['early_divergence']
2026-09-30T18:56:49.848+00:00   [0] d0 finish=stop completion=105 chunks=47 acc=2.261(chunks) rate=36.57 ttft=0.278 sha=4c77871f8919 early_divergence div@17 head='Sparse attention significantly e' tail='or real-world use cases.'
2026-09-30T18:56:49.848+00:00   [1] d1 finish=stop completion=74 chunks=33 acc=2.281(chunks) rate=34.75 ttft=0.278 sha=02dbae298851 ok div@165 head='A bicycle gear system uses mecha' tail='torque for higher speed.'
2026-09-30T18:56:49.848+00:00   [2] d2 finish=stop completion=43 chunks=12 acc=3.818(chunks) rate=48.91 ttft=0.094 sha=097672f98733 ok div@None head='2, 3, 5, 7, 11, 13, 17, 19, 23, ' tail=', 17, 19, 23, 29, 31, 37'
2026-09-30T18:56:55.960+00:00 burst=distinct-n3-b2 kind=distinct n=3 stagger=0.000 coprefill=False spread=0.184 gate=- report=['early_divergence']
2026-09-30T18:56:55.960+00:00   [0] d0 finish=stop completion=105 chunks=47 acc=2.261(chunks) rate=36.77 ttft=0.276 sha=4c77871f8919 early_divergence div@17 head='Sparse attention significantly e' tail='or real-world use cases.'
2026-09-30T18:56:55.960+00:00   [1] d1 finish=stop completion=74 chunks=33 acc=2.281(chunks) rate=34.97 ttft=0.276 sha=02dbae298851 ok div@165 head='A bicycle gear system uses mecha' tail='torque for higher speed.'
2026-09-30T18:56:55.960+00:00   [2] d2 finish=stop completion=43 chunks=12 acc=3.818(chunks) rate=49.25 ttft=0.092 sha=097672f98733 ok div@None head='2, 3, 5, 7, 11, 13, 17, 19, 23, ' tail=', 17, 19, 23, 29, 31, 37'
2026-09-30T18:57:01.805+00:00 burst=distinct-n3-b3 kind=distinct n=3 stagger=0.000 coprefill=False spread=0.207 gate=- report=['early_divergence']
2026-09-30T18:57:01.805+00:00   [0] d0 finish=stop completion=98 chunks=42 acc=2.366(chunks) rate=35.49 ttft=0.104 sha=b7400c8e7f40 early_divergence div@57 head='Sparse attention mitigates the q' tail='e, attention mechanisms.'
2026-09-30T18:57:01.805+00:00   [1] d1 finish=stop completion=77 chunks=30 acc=2.621(chunks) rate=38.15 ttft=0.311 sha=d710ef33242b ok div@165 head='A bicycle gear system uses mecha' tail='wer for varying terrain.'
2026-09-30T18:57:01.805+00:00   [2] d2 finish=stop completion=43 chunks=12 acc=3.818(chunks) rate=49.19 ttft=0.202 sha=097672f98733 ok div@None head='2, 3, 5, 7, 11, 13, 17, 19, 23, ' tail=', 17, 19, 23, 29, 31, 37'
2026-09-30T18:57:08.655+00:00 burst=identical-n5-b1 kind=identical n=5 stagger=0.000 coprefill=False spread=0.205 gate=- report=['early_divergence']
2026-09-30T18:57:08.655+00:00   [0] d0 finish=stop completion=97 chunks=46 acc=2.133(chunks) rate=27.17 ttft=0.306 sha=6381d2b59382 early_divergence div@17 head='Sparse attention significantly e' tail='ong-context AI feasible.'
2026-09-30T18:57:08.655+00:00   [1] d0 finish=stop completion=94 chunks=42 acc=2.268(chunks) rate=28.74 ttft=0.307 sha=c6257057fc76 early_divergence div@1 head='Standard attention mechanisms sc' tail='ical application limits.'
2026-09-30T18:57:08.655+00:00   [2] d0 finish=stop completion=94 chunks=45 acc=2.114(chunks) rate=26.79 ttft=0.307 sha=5ea913999162 ok div@241 head='Sparse attention mitigates the q' tail='ormance and scalability.'
2026-09-30T18:57:08.655+00:00   [3] d0 finish=stop completion=96 chunks=44 acc=2.209(chunks) rate=27.93 ttft=0.306 sha=7086bc8c0441 early_divergence div@1 head='Standard attention mechanisms sc' tail='ming hardware resources.'
2026-09-30T18:57:08.655+00:00   [4] d0 finish=stop completion=94 chunks=45 acc=2.114(chunks) rate=26.37 ttft=0.102 sha=9e1e92f41e6c early_divergence div@164 head='Sparse attention mitigates the q' tail='ormance and scalability.'
2026-09-30T18:57:15.449+00:00 burst=identical-n5-b2 kind=identical n=5 stagger=0.000 coprefill=False spread=0.203 gate=- report=['early_divergence']
2026-09-30T18:57:15.449+00:00   [0] d0 finish=stop completion=94 chunks=42 acc=2.268(chunks) rate=29.57 ttft=0.344 sha=c6257057fc76 early_divergence div@1 head='Standard attention mechanisms sc' tail='ical application limits.'
2026-09-30T18:57:15.449+00:00   [1] d0 finish=stop completion=96 chunks=44 acc=2.209(chunks) rate=28.75 ttft=0.344 sha=7086bc8c0441 early_divergence div@1 head='Standard attention mechanisms sc' tail='ming hardware resources.'
2026-09-30T18:57:15.449+00:00   [2] d0 finish=stop completion=97 chunks=46 acc=2.133(chunks) rate=27.89 ttft=0.345 sha=6381d2b59382 early_divergence div@17 head='Sparse attention significantly e' tail='ong-context AI feasible.'
2026-09-30T18:57:15.449+00:00   [3] d0 finish=stop completion=94 chunks=45 acc=2.114(chunks) rate=27.54 ttft=0.344 sha=5ea913999162 ok div@241 head='Sparse attention mitigates the q' tail='ormance and scalability.'
2026-09-30T18:57:15.449+00:00   [4] d0 finish=stop completion=94 chunks=45 acc=2.114(chunks) rate=27.12 ttft=0.142 sha=9e1e92f41e6c early_divergence div@164 head='Sparse attention mitigates the q' tail='ormance and scalability.'
2026-09-30T18:57:22.194+00:00 burst=identical-n5-b3 kind=identical n=5 stagger=0.000 coprefill=False spread=0.204 gate=- report=['early_divergence']
2026-09-30T18:57:22.194+00:00   [0] d0 finish=stop completion=96 chunks=44 acc=2.209(chunks) rate=28.85 ttft=0.311 sha=7086bc8c0441 early_divergence div@1 head='Standard attention mechanisms sc' tail='ming hardware resources.'
2026-09-30T18:57:22.194+00:00   [1] d0 finish=stop completion=97 chunks=46 acc=2.133(chunks) rate=28.01 ttft=0.310 sha=6381d2b59382 early_divergence div@17 head='Sparse attention significantly e' tail='ong-context AI feasible.'
2026-09-30T18:57:22.194+00:00   [2] d0 finish=stop completion=94 chunks=45 acc=2.114(chunks) rate=27.23 ttft=0.107 sha=9e1e92f41e6c early_divergence div@164 head='Sparse attention mitigates the q' tail='ormance and scalability.'
2026-09-30T18:57:22.194+00:00   [3] d0 finish=stop completion=94 chunks=45 acc=2.114(chunks) rate=27.64 ttft=0.310 sha=5ea913999162 ok div@241 head='Sparse attention mitigates the q' tail='ormance and scalability.'
2026-09-30T18:57:22.194+00:00   [4] d0 finish=stop completion=94 chunks=42 acc=2.268(chunks) rate=29.71 ttft=0.310 sha=c6257057fc76 early_divergence div@1 head='Standard attention mechanisms sc' tail='ical application limits.'
2026-09-30T18:57:28.902+00:00 burst=distinct-n5-b1 kind=distinct n=5 stagger=0.000 coprefill=False spread=0.218 gate=- report=['early_divergence']
2026-09-30T18:57:28.902+00:00   [0] d0 finish=stop completion=98 chunks=46 acc=2.156(chunks) rate=28.63 ttft=0.311 sha=1400b4af44aa early_divergence div@17 head='Sparse attention significantly e' tail='r real-world deployment.'
2026-09-30T18:57:28.902+00:00   [1] d1 finish=stop completion=71 chunks=30 acc=2.414(chunks) rate=27.84 ttft=0.094 sha=4231ee78ca0d ok div@165 head='A bicycle gear system uses mecha' tail='ing torque for velocity.'
2026-09-30T18:57:28.902+00:00   [2] d2 finish=stop completion=43 chunks=12 acc=3.818(chunks) rate=41.67 ttft=0.312 sha=097672f98733 ok div@None head='2, 3, 5, 7, 11, 13, 17, 19, 23, ' tail=', 17, 19, 23, 29, 31, 37'
2026-09-30T18:57:28.902+00:00   [3] d3 finish=stop completion=89 chunks=35 acc=2.588(chunks) rate=31.98 ttft=0.312 sha=0596173be865 early_divergence div@4 head='The sun warms up the water in oc' tail=' journey all over again.'
2026-09-30T18:57:28.902+00:00   [4] d4 finish=stop completion=102 chunks=27 acc=3.885(chunks) rate=45.56 ttft=0.312 sha=cb9c046d4e9a ok div@None head='```python\ndef fibonacci(n: int) ' tail=', a + b\n    return b\n```'
2026-09-30T18:57:35.214+00:00 burst=distinct-n5-b2 kind=distinct n=5 stagger=0.000 coprefill=False spread=0.215 gate=- report=['early_divergence']
2026-09-30T18:57:35.214+00:00   [0] d0 finish=stop completion=97 chunks=40 acc=2.462(chunks) rate=32.11 ttft=0.315 sha=70fc26570469 early_divergence div@1 head='Standard attention mechanisms sc' tail='ta or document analysis.'
2026-09-30T18:57:35.214+00:00   [1] d1 finish=stop completion=77 chunks=31 acc=2.533(chunks) rate=29.66 ttft=0.315 sha=60e22ef7c97d ok div@165 head='A bicycle gear system uses mecha' tail='d on terrain conditions.'
2026-09-30T18:57:35.214+00:00   [2] d2 finish=stop completion=43 chunks=12 acc=3.818(chunks) rate=41.72 ttft=0.315 sha=097672f98733 ok div@None head='2, 3, 5, 7, 11, 13, 17, 19, 23, ' tail=', 17, 19, 23, 29, 31, 37'
2026-09-30T18:57:35.214+00:00   [3] d3 finish=stop completion=85 chunks=31 acc=2.800(chunks) rate=33.71 ttft=0.315 sha=5121f754e7d8 early_divergence div@4 head='The sun heats up water in oceans' tail=' journey all over again.'
2026-09-30T18:57:35.214+00:00   [4] d4 finish=stop completion=102 chunks=27 acc=3.885(chunks) rate=44.42 ttft=0.101 sha=d3af644442cd early_divergence div@80 head='```python\ndef fibonacci(n: int) ' tail=', a + b\n    return b\n```'
2026-09-30T18:57:41.960+00:00 burst=distinct-n5-b3 kind=distinct n=5 stagger=0.000 coprefill=False spread=0.216 gate=- report=['early_divergence']
2026-09-30T18:57:41.961+00:00   [0] d0 finish=stop completion=98 chunks=46 acc=2.156(chunks) rate=28.28 ttft=0.311 sha=1400b4af44aa early_divergence div@17 head='Sparse attention significantly e' tail='r real-world deployment.'
2026-09-30T18:57:41.961+00:00   [1] d1 finish=stop completion=71 chunks=30 acc=2.414(chunks) rate=27.68 ttft=0.096 sha=4231ee78ca0d ok div@165 head='A bicycle gear system uses mecha' tail='ing torque for velocity.'
2026-09-30T18:57:41.961+00:00   [2] d2 finish=stop completion=43 chunks=12 acc=3.818(chunks) rate=41.90 ttft=0.310 sha=097672f98733 ok div@None head='2, 3, 5, 7, 11, 13, 17, 19, 23, ' tail=', 17, 19, 23, 29, 31, 37'
2026-09-30T18:57:41.961+00:00   [3] d3 finish=stop completion=85 chunks=31 acc=2.800(chunks) rate=32.49 ttft=0.311 sha=5121f754e7d8 early_divergence div@4 head='The sun heats up water in oceans' tail=' journey all over again.'
2026-09-30T18:57:41.961+00:00   [4] d4 finish=stop completion=102 chunks=27 acc=3.885(chunks) rate=45.62 ttft=0.312 sha=cb9c046d4e9a ok div@None head='```python\ndef fibonacci(n: int) ' tail=', a + b\n    return b\n```'
2026-09-30T18:57:49.248+00:00 burst=identical-n8-b1 kind=identical n=8 stagger=0.000 coprefill=False spread=0.231 gate=- report=['early_divergence']
2026-09-30T18:57:49.248+00:00   [0] d0 finish=stop completion=93 chunks=35 acc=2.706(chunks) rate=31.99 ttft=0.341 sha=4894a43dbae9 early_divergence div@1 head='Standard attention mechanisms sc' tail='complex reasoning tasks.'
2026-09-30T18:57:49.248+00:00   [1] d0 finish=stop completion=90 chunks=39 acc=2.342(chunks) rate=28.39 ttft=0.340 sha=74645c0c0861 early_divergence div@1 head='Standard attention mechanisms sc' tail='ontextual understanding.'
2026-09-30T18:57:49.248+00:00   [2] d0 finish=stop completion=101 chunks=47 acc=2.174(chunks) rate=26.37 ttft=0.110 sha=4bfa1bf64b96 early_divergence div@193 head='Sparse attention mitigates the q' tail='complex reasoning tasks.'
2026-09-30T18:57:49.248+00:00   [3] d0 finish=stop completion=94 chunks=40 acc=2.385(chunks) rate=28.87 ttft=0.340 sha=ae36ad6fd27b early_divergence div@1 head='Standard attention mechanisms sc' tail='pplication requirements.'
2026-09-30T18:57:49.248+00:00   [4] d0 finish=stop completion=103 chunks=52 acc=2.000(chunks) rate=25.91 ttft=0.341 sha=e694b3323d24 early_divergence div@17 head='Sparse attention significantly e' tail='nt long-range reasoning.'
2026-09-30T18:57:49.248+00:00   [5] d0 finish=stop completion=91 chunks=42 acc=2.195(chunks) rate=26.74 ttft=0.342 sha=29dbd9358c10 early_divergence div@132 head='Sparse attention mitigates the q' tail='real-world applications.'
2026-09-30T18:57:49.248+00:00   [6] d0 finish=stop completion=95 chunks=39 acc=2.474(chunks) rate=29.99 ttft=0.340 sha=30da1fd13f33 early_divergence div@1 head='Standard attention mechanisms sc' tail='pplication requirements.'
2026-09-30T18:57:49.248+00:00   [7] d0 finish=stop completion=93 chunks=37 acc=2.556(chunks) rate=31.04 ttft=0.342 sha=ca53988def6a early_divergence div@1 head='Standard attention mechanisms sc' tail='tensive context windows.'
2026-09-30T18:57:56.526+00:00 burst=identical-n8-b2 kind=identical n=8 stagger=0.000 coprefill=False spread=0.226 gate=- report=['early_divergence']
2026-09-30T18:57:56.526+00:00   [0] d0 finish=stop completion=101 chunks=47 acc=2.174(chunks) rate=26.42 ttft=0.111 sha=4bfa1bf64b96 early_divergence div@193 head='Sparse attention mitigates the q' tail='complex reasoning tasks.'
2026-09-30T18:57:56.526+00:00   [1] d0 finish=stop completion=90 chunks=39 acc=2.342(chunks) rate=28.40 ttft=0.337 sha=74645c0c0861 early_divergence div@1 head='Standard attention mechanisms sc' tail='ontextual understanding.'
2026-09-30T18:57:56.526+00:00   [2] d0 finish=stop completion=94 chunks=40 acc=2.385(chunks) rate=28.89 ttft=0.336 sha=ae36ad6fd27b early_divergence div@1 head='Standard attention mechanisms sc' tail='pplication requirements.'
2026-09-30T18:57:56.526+00:00   [3] d0 finish=stop completion=91 chunks=42 acc=2.195(chunks) rate=26.75 ttft=0.336 sha=29dbd9358c10 early_divergence div@132 head='Sparse attention mitigates the q' tail='real-world applications.'
2026-09-30T18:57:56.526+00:00   [4] d0 finish=stop completion=93 chunks=37 acc=2.556(chunks) rate=31.04 ttft=0.337 sha=ca53988def6a early_divergence div@1 head='Standard attention mechanisms sc' tail='tensive context windows.'
2026-09-30T18:57:56.526+00:00   [5] d0 finish=stop completion=95 chunks=39 acc=2.474(chunks) rate=30.00 ttft=0.337 sha=30da1fd13f33 early_divergence div@1 head='Standard attention mechanisms sc' tail='pplication requirements.'
2026-09-30T18:57:56.526+00:00   [6] d0 finish=stop completion=103 chunks=52 acc=2.000(chunks) rate=25.93 ttft=0.336 sha=e694b3323d24 early_divergence div@17 head='Sparse attention significantly e' tail='nt long-range reasoning.'
2026-09-30T18:57:56.526+00:00   [7] d0 finish=stop completion=93 chunks=35 acc=2.706(chunks) rate=31.99 ttft=0.338 sha=4894a43dbae9 early_divergence div@1 head='Standard attention mechanisms sc' tail='complex reasoning tasks.'
2026-09-30T18:58:03.813+00:00 burst=identical-n8-b3 kind=identical n=8 stagger=0.000 coprefill=False spread=0.233 gate=- report=['early_divergence']
2026-09-30T18:58:03.813+00:00   [0] d0 finish=stop completion=103 chunks=52 acc=2.000(chunks) rate=25.95 ttft=0.344 sha=e694b3323d24 early_divergence div@17 head='Sparse attention significantly e' tail='nt long-range reasoning.'
2026-09-30T18:58:03.813+00:00   [1] d0 finish=stop completion=95 chunks=39 acc=2.474(chunks) rate=30.04 ttft=0.344 sha=30da1fd13f33 early_divergence div@1 head='Standard attention mechanisms sc' tail='pplication requirements.'
2026-09-30T18:58:03.813+00:00   [2] d0 finish=stop completion=91 chunks=42 acc=2.195(chunks) rate=26.80 ttft=0.343 sha=29dbd9358c10 early_divergence div@132 head='Sparse attention mitigates the q' tail='real-world applications.'
2026-09-30T18:58:03.813+00:00   [3] d0 finish=stop completion=101 chunks=47 acc=2.174(chunks) rate=26.41 ttft=0.111 sha=4bfa1bf64b96 early_divergence div@193 head='Sparse attention mitigates the q' tail='complex reasoning tasks.'
2026-09-30T18:58:03.813+00:00   [4] d0 finish=stop completion=93 chunks=35 acc=2.706(chunks) rate=32.14 ttft=0.344 sha=4894a43dbae9 early_divergence div@1 head='Standard attention mechanisms sc' tail='complex reasoning tasks.'
2026-09-30T18:58:03.813+00:00   [5] d0 finish=stop completion=93 chunks=37 acc=2.556(chunks) rate=31.15 ttft=0.344 sha=ca53988def6a early_divergence div@1 head='Standard attention mechanisms sc' tail='tensive context windows.'
2026-09-30T18:58:03.813+00:00   [6] d0 finish=stop completion=94 chunks=40 acc=2.385(chunks) rate=28.96 ttft=0.343 sha=ae36ad6fd27b early_divergence div@1 head='Standard attention mechanisms sc' tail='pplication requirements.'
2026-09-30T18:58:03.813+00:00   [7] d0 finish=stop completion=90 chunks=39 acc=2.342(chunks) rate=28.44 ttft=0.345 sha=74645c0c0861 early_divergence div@1 head='Standard attention mechanisms sc' tail='ontextual understanding.'
2026-09-30T18:58:10.511+00:00 burst=distinct-n8-b1 kind=distinct n=8 stagger=0.000 coprefill=False spread=0.263 gate=- report=['early_divergence']
2026-09-30T18:58:10.511+00:00   [0] d0 finish=stop completion=94 chunks=37 acc=2.583(chunks) rate=28.00 ttft=0.365 sha=ae36ad6fd27b early_divergence div@1 head='Standard attention mechanisms sc' tail='pplication requirements.'
2026-09-30T18:58:10.511+00:00   [1] d1 finish=stop completion=70 chunks=30 acc=2.379(chunks) rate=22.88 ttft=0.103 sha=c989adf4b4cc ok div@201 head='A bicycle gear system uses mecha' tail=' speed for flat terrain.'
2026-09-30T18:58:10.511+00:00   [2] d2 finish=stop completion=43 chunks=12 acc=3.818(chunks) rate=35.62 ttft=0.363 sha=097672f98733 ok div@None head='2, 3, 5, 7, 11, 13, 17, 19, 23, ' tail=', 17, 19, 23, 29, 31, 37'
2026-09-30T18:58:10.511+00:00   [3] d3 finish=stop completion=92 chunks=37 acc=2.528(chunks) rate=27.40 ttft=0.364 sha=ec7927030dd0 early_divergence div@26 head='The water cycle is like a never-' tail='the trip all over again.'
2026-09-30T18:58:10.511+00:00   [4] d4 finish=stop completion=102 chunks=26 acc=4.040(chunks) rate=39.07 ttft=0.365 sha=cb9c046d4e9a ok div@None head='```python\ndef fibonacci(n: int) ' tail=', a + b\n    return b\n```'
2026-09-30T18:58:10.511+00:00   [5] d5 finish=stop completion=19 chunks=8 acc=2.571(chunks) rate=23.76 ttft=0.365 sha=fbd9a6af1079 early_divergence div@63 head='La bibliothèque ouvre à neuf heu' tail='res les jours ouvrables.'
2026-09-30T18:58:10.511+00:00   [6] d6 finish=stop completion=70 chunks=33 acc=2.156(chunks) rate=22.60 ttft=0.366 sha=6ed0508ab41c ok div@189 head='1. Reduce watering frequency sig' tail='ensate for shorter days.'
2026-09-30T18:58:10.511+00:00   [7] d7 finish=stop completion=67 chunks=19 acc=3.667(chunks) rate=35.42 ttft=0.366 sha=c39be9b87ae0 ok div@None head='{\n  "name": "Eiffel Tower",\n  "y' tail='re",\n    "Tourism"\n  ]\n}'
2026-09-30T18:58:17.343+00:00 burst=distinct-n8-b2 kind=distinct n=8 stagger=0.000 coprefill=False spread=0.318 gate=- report=['early_divergence']
2026-09-30T18:58:17.343+00:00   [0] d0 finish=stop completion=94 chunks=38 acc=2.514(chunks) rate=27.53 ttft=0.444 sha=ae36ad6fd27b early_divergence div@1 head='Standard attention mechanisms sc' tail='pplication requirements.'
2026-09-30T18:58:17.343+00:00   [1] d1 finish=stop completion=74 chunks=31 acc=2.433(chunks) rate=24.48 ttft=0.443 sha=e16e691f252a ok div@165 head='A bicycle gear system uses mecha' tail='wer for varying terrain.'
2026-09-30T18:58:17.343+00:00   [2] d2 finish=stop completion=43 chunks=12 acc=3.818(chunks) rate=35.45 ttft=0.442 sha=097672f98733 ok div@None head='2, 3, 5, 7, 11, 13, 17, 19, 23, ' tail=', 17, 19, 23, 29, 31, 37'
2026-09-30T18:58:17.343+00:00   [3] d3 finish=stop completion=92 chunks=37 acc=2.528(chunks) rate=27.46 ttft=0.443 sha=ec7927030dd0 early_divergence div@26 head='The water cycle is like a never-' tail='the trip all over again.'
2026-09-30T18:58:17.343+00:00   [4] d4 finish=stop completion=102 chunks=26 acc=4.040(chunks) rate=39.16 ttft=0.441 sha=cb9c046d4e9a ok div@None head='```python\ndef fibonacci(n: int) ' tail=', a + b\n    return b\n```'
2026-09-30T18:58:17.343+00:00   [5] d5 finish=stop completion=19 chunks=8 acc=2.571(chunks) rate=20.95 ttft=0.125 sha=fbd9a6af1079 early_divergence div@63 head='La bibliothèque ouvre à neuf heu' tail='res les jours ouvrables.'
2026-09-30T18:58:17.343+00:00   [6] d6 finish=stop completion=71 chunks=30 acc=2.414(chunks) rate=24.79 ttft=0.444 sha=42d947df928a ok div@323 head='1. Reduce watering frequency sig' tail=' shorter daylight hours.'
2026-09-30T18:58:17.343+00:00   [7] d7 finish=stop completion=67 chunks=18 acc=3.882(chunks) rate=37.40 ttft=0.443 sha=c39be9b87ae0 ok div@None head='{\n  "name": "Eiffel Tower",\n  "y' tail='re",\n    "Tourism"\n  ]\n}'
2026-09-30T18:58:24.180+00:00 burst=distinct-n8-b3 kind=distinct n=8 stagger=0.000 coprefill=False spread=0.255 gate=- report=['early_divergence']
2026-09-30T18:58:24.180+00:00   [0] d0 finish=stop completion=94 chunks=40 acc=2.385(chunks) rate=26.79 ttft=0.360 sha=ae36ad6fd27b early_divergence div@1 head='Standard attention mechanisms sc' tail='pplication requirements.'
2026-09-30T18:58:24.180+00:00   [1] d1 finish=stop completion=74 chunks=31 acc=2.433(chunks) rate=24.58 ttft=0.359 sha=e16e691f252a ok div@165 head='A bicycle gear system uses mecha' tail='wer for varying terrain.'
2026-09-30T18:58:24.180+00:00   [2] d2 finish=stop completion=43 chunks=12 acc=3.818(chunks) rate=35.42 ttft=0.359 sha=097672f98733 ok div@None head='2, 3, 5, 7, 11, 13, 17, 19, 23, ' tail=', 17, 19, 23, 29, 31, 37'
2026-09-30T18:58:24.180+00:00   [3] d3 finish=stop completion=101 chunks=38 acc=2.703(chunks) rate=29.84 ttft=0.361 sha=b3ee4cd183ed early_divergence div@16 head='The water cycle starts when the ' tail='the whole process again.'
2026-09-30T18:58:24.180+00:00   [4] d4 finish=stop completion=102 chunks=26 acc=4.040(chunks) rate=39.33 ttft=0.359 sha=cb9c046d4e9a ok div@None head='```python\ndef fibonacci(n: int) ' tail=', a + b\n    return b\n```'
2026-09-30T18:58:24.180+00:00   [5] d5 finish=stop completion=17 chunks=7 acc=2.667(chunks) rate=24.49 ttft=0.360 sha=5a881638e98d ok div@None head='La bibliothèque ouvre à neuf heu' tail='-huit heures en semaine.'
2026-09-30T18:58:24.180+00:00   [6] d6 finish=stop completion=70 chunks=29 acc=2.464(chunks) rate=24.49 ttft=0.359 sha=bb8b3c4d6aad ok div@205 head='1. Reduce watering frequency sig' tail=' shorter daylight hours.'
2026-09-30T18:58:24.180+00:00   [7] d7 finish=stop completion=67 chunks=18 acc=3.882(chunks) rate=35.94 ttft=0.105 sha=c39be9b87ae0 ok div@None head='{\n  "name": "Eiffel Tower",\n  "y' tail='re",\n    "Tourism"\n  ]\n}'
2026-09-30T18:58:29.693+00:00 burst=staggered-identical-n2 kind=identical n=2 stagger=0.250 coprefill=False spread=0.316 gate=- report=['early_divergence']
2026-09-30T18:58:29.693+00:00   [0] d0 finish=stop completion=95 chunks=41 acc=2.350(chunks) rate=39.09 ttft=0.103 sha=26e6979e3e7e ok div@333 head='Sparse attention mitigates the q' tail='n large language models.'
2026-09-30T18:58:29.693+00:00   [1] d0 finish=stop completion=93 chunks=34 acc=2.788(chunks) rate=46.66 ttft=0.170 sha=774bf9418857 early_divergence div@1 head='Standard attention mechanisms sc' tail='tensive context windows.'
2026-09-30T18:58:35.300+00:00 burst=staggered-distinct-n3 kind=distinct n=3 stagger=0.250 coprefill=False spread=0.600 gate=- report=['early_divergence']
2026-09-30T18:58:35.301+00:00   [0] d0 finish=stop completion=90 chunks=38 acc=2.405(chunks) rate=35.58 ttft=0.099 sha=e214644d0d7e early_divergence div@132 head='Sparse attention mitigates the q' tail='ageable inference costs.'
2026-09-30T18:58:35.301+00:00   [1] d1 finish=stop completion=67 chunks=28 acc=2.444(chunks) rate=35.45 ttft=0.212 sha=e99d6094a312 early_divergence div@77 head='A bicycle gear system uses mecha' tail=' for varying conditions.'
2026-09-30T18:58:35.301+00:00   [2] d2 finish=stop completion=43 chunks=12 acc=3.818(chunks) rate=51.38 ttft=0.199 sha=097672f98733 ok div@None head='2, 3, 5, 7, 11, 13, 17, 19, 23, ' tail=', 17, 19, 23, 29, 31, 37'
2026-09-30T18:58:42.210+00:00 burst=staggered-distinct-n5 kind=distinct n=5 stagger=0.250 coprefill=False spread=1.157 gate=- report=['early_divergence']
2026-09-30T18:58:42.210+00:00   [0] d0 finish=stop completion=92 chunks=40 acc=2.333(chunks) rate=29.14 ttft=0.102 sha=50f8a9658adf early_divergence div@132 head='Sparse attention mitigates the q' tail=' speeds and scalability.'
2026-09-30T18:58:42.210+00:00   [1] d1 finish=stop completion=65 chunks=28 acc=2.370(chunks) rate=27.76 ttft=0.215 sha=3d599a0312f2 early_divergence div@77 head='A bicycle gear system uses mecha' tail=' for varying conditions.'
2026-09-30T18:58:42.210+00:00   [2] d2 finish=stop completion=43 chunks=12 acc=3.818(chunks) rate=41.20 ttft=0.200 sha=097672f98733 ok div@None head='2, 3, 5, 7, 11, 13, 17, 19, 23, ' tail=', 17, 19, 23, 29, 31, 37'
2026-09-30T18:58:42.210+00:00   [3] d3 finish=stop completion=101 chunks=40 acc=2.564(chunks) rate=34.04 ttft=0.216 sha=a5cb9def895f early_divergence div@16 head='The water cycle starts when the ' tail=' journey all over again.'
2026-09-30T18:58:42.210+00:00   [4] d4 finish=stop completion=102 chunks=28 acc=3.741(chunks) rate=46.65 ttft=0.259 sha=cb9c046d4e9a ok div@None head='```python\ndef fibonacci(n: int) ' tail=', a + b\n    return b\n```'
2026-09-30T18:58:50.583+00:00 burst=staggered-identical-n8 kind=identical n=8 stagger=0.250 coprefill=False spread=1.971 gate=- report=['early_divergence']
2026-09-30T18:58:50.583+00:00   [0] d0 finish=stop completion=96 chunks=45 acc=2.159(chunks) rate=24.66 ttft=0.102 sha=2c64c491d746 early_divergence div@164 head='Sparse attention mitigates the q' tail='or broader applications.'
2026-09-30T18:58:50.583+00:00   [1] d0 finish=stop completion=97 chunks=40 acc=2.462(chunks) rate=26.85 ttft=0.221 sha=da7c28d85eec early_divergence div@1 head='Standard attention mechanisms sc' tail='n large language models.'
2026-09-30T18:58:50.583+00:00   [2] d0 finish=stop completion=101 chunks=40 acc=2.564(chunks) rate=27.80 ttft=0.203 sha=1b11848e8d50 early_divergence div@1 head='Standard attention mechanisms sc' tail='osts of dense attention.'
2026-09-30T18:58:50.583+00:00   [3] d0 finish=stop completion=90 chunks=39 acc=2.342(chunks) rate=25.36 ttft=0.211 sha=586d606ab3b4 early_divergence div@1 head='Standard attention mechanisms sc' tail='al hardware constraints.'
2026-09-30T18:58:50.583+00:00   [4] d0 finish=stop completion=89 chunks=38 acc=2.378(chunks) rate=26.33 ttft=0.284 sha=85d5af064795 early_divergence div@1 head='Standard attention mechanisms sc' tail=' practical applications.'
2026-09-30T18:58:50.583+00:00   [5] d0 finish=stop completion=96 chunks=43 acc=2.262(chunks) rate=26.61 ttft=0.290 sha=5ce3b32a6086 early_divergence div@193 head='Sparse attention mitigates the q' tail='ng-context applications.'
2026-09-30T18:58:50.583+00:00   [6] d0 finish=stop completion=98 chunks=45 acc=2.205(chunks) rate=26.91 ttft=0.261 sha=e588a50b506c early_divergence div@1 head='Standard attention mechanisms sc' tail='or complex data streams.'
2026-09-30T18:58:50.583+00:00   [7] d0 finish=stop completion=95 chunks=39 acc=2.474(chunks) rate=30.22 ttft=0.323 sha=ae5bb4f5308e early_divergence div@1 head='Standard attention mechanisms sc' tail='ross extensive contexts.'
2026-09-30T18:59:01.690+00:00 burst=long-pair kind=long n=2 stagger=0.000 coprefill=False spread=2.594 gate=- report=['slow']
2026-09-30T18:59:01.690+00:00   [0] long0 finish=stop completion=6 chunks=2 acc=5.000(chunks) rate=34.93 ttft=7.955 sha=83dab7f91bc1 ok div@None head='74354' tail='74354'
2026-09-30T18:59:01.690+00:00   [1] long1 finish=stop completion=6 chunks=2 acc=5.000(chunks) rate=1.93 ttft=5.361 sha=0ec41e567fc2 slow div@None head='79083' tail='79083'
2026-09-30T18:59:05.061+00:00 burst=image-pair kind=image n=2 stagger=0.000 coprefill=True spread=0.000 gate=- report=['early_divergence']
2026-09-30T18:59:05.061+00:00   [0] img_red finish=stop completion=11 chunks=4 acc=3.333(chunks) rate=56.98 ttft=0.185 sha=0e1c14c4131c ok div@None head='The image is filled with a solid' tail=' with a solid red color.'
2026-09-30T18:59:05.061+00:00   [1] img_blue finish=stop completion=11 chunks=4 acc=3.333(chunks) rate=57.10 ttft=0.186 sha=705b4320e3b4 early_divergence div@2 head='The image is filled with a solid' tail='with a solid blue color.'
2026-09-30T18:59:05.061+00:00 TOTALS bursts=30 streams=130 gate_bursts=0 zero_acc=0 runaway=0 first32_match=0.315 coprefill_bursts=1 per_request_spec_metrics=False
2026-09-30T18:59:05.061+00:00 NOTE: server did not return metrics.speculative_decoding on every stream; acceptance estimated from tokens per chunk (serve with --per-request-spec-decode-metrics summary)
2026-09-30T18:59:05.061+00:00 T0 PASS
