2026-09-30T15:53:32.091+00:00 bench_probe v1 url=http://127.0.0.1:8000/v1/chat/completions sizes=[2, 3, 5, 8] kinds=['identical', 'distinct'] bursts_per_shape=3 max_tokens=256
2026-09-30T15:53:34.386+00:00 ref d0 finish=stop completion=97 acc=2.341 ttft=0.112 sha=b0e372faa960 head='Sparse attention mitigates the quadratic'
2026-09-30T15:53:36.971+00:00 ref d1 finish=stop completion=75 acc=2.643 ttft=0.095 sha=4ad2d5654ca6 head='A bicycle gear system uses mechanical ad'
2026-09-30T15:53:38.660+00:00 ref d2 finish=stop completion=43 acc=3.818 ttft=0.091 sha=097672f98733 head='2, 3, 5, 7, 11, 13, 17, 19, 23, 29, 31, '
2026-09-30T15:53:41.758+00:00 ref d3 finish=stop completion=101 acc=2.632 ttft=0.089 sha=3746d913c433 head='The water cycle is like a giant, never-e'
2026-09-30T15:53:44.314+00:00 ref d4 finish=stop completion=102 acc=3.741 ttft=0.100 sha=cb9c046d4e9a head='```python\ndef fibonacci(n: int) -> int:\n'
2026-09-30T15:53:45.729+00:00 ref d5 finish=stop completion=17 acc=2.667 ttft=0.092 sha=5a881638e98d head='La bibliothèque ouvre à neuf heures et f'
2026-09-30T15:53:48.421+00:00 ref d6 finish=stop completion=72 acc=2.367 ttft=0.092 sha=86f7d76d2833 head='1. Reduce watering frequency significant'
2026-09-30T15:53:50.430+00:00 ref d7 finish=stop completion=67 acc=3.882 ttft=0.102 sha=c39be9b87ae0 head='{\n  "name": "Eiffel Tower",\n  "year": 18'
2026-09-30T15:53:55.536+00:00 ref long0 finish=stop completion=6 acc=5.000 ttft=3.963 sha=83dab7f91bc1 head='74354'
2026-09-30T15:54:00.645+00:00 ref long1 finish=stop completion=6 acc=5.000 ttft=3.967 sha=0ec41e567fc2 head='79083'
2026-09-30T15:54:01.953+00:00 ref img_red finish=stop completion=11 acc=3.333 ttft=0.143 sha=0e1c14c4131c head='The image is filled with a solid red col'
2026-09-30T15:54:03.313+00:00 ref img_blue finish=stop completion=11 acc=2.500 ttft=0.142 sha=7fa32368a223 head='This image is filled with a solid blue c'
2026-09-30T15:54:10.219+00:00 burst=identical-n2-b1 kind=identical n=2 stagger=0.000 coprefill=False spread=0.162 gate=- report=['early_divergence']
2026-09-30T15:54:10.219+00:00   [0] d0 finish=stop completion=94 chunks=47 acc=2.022(chunks) rate=33.23 ttft=0.101 sha=2774341ec8f4 early_divergence div@164 head='Sparse attention mitigates the q' tail='g performance and speed.'
2026-09-30T15:54:10.219+00:00   [1] d0 finish=stop completion=93 chunks=34 acc=2.788(chunks) rate=45.25 ttft=0.263 sha=774bf9418857 early_divergence div@1 head='Standard attention mechanisms sc' tail='tensive context windows.'
2026-09-30T15:54:16.125+00:00 burst=identical-n2-b2 kind=identical n=2 stagger=0.000 coprefill=False spread=0.107 gate=- report=['early_divergence']
2026-09-30T15:54:16.125+00:00   [0] d0 finish=stop completion=98 chunks=47 acc=2.109(chunks) rate=34.66 ttft=0.101 sha=97cd1c69b235 early_divergence div@164 head='Sparse attention mitigates the q' tail='ng-context applications.'
2026-09-30T15:54:16.125+00:00   [1] d0 finish=stop completion=93 chunks=34 acc=2.788(chunks) rate=45.02 ttft=0.208 sha=774bf9418857 early_divergence div@1 head='Standard attention mechanisms sc' tail='tensive context windows.'
2026-09-30T15:54:21.999+00:00 burst=identical-n2-b3 kind=identical n=2 stagger=0.000 coprefill=False spread=0.162 gate=- report=['early_divergence']
2026-09-30T15:54:21.999+00:00   [0] d0 finish=stop completion=94 chunks=47 acc=2.022(chunks) rate=33.64 ttft=0.100 sha=2774341ec8f4 early_divergence div@164 head='Sparse attention mitigates the q' tail='g performance and speed.'
2026-09-30T15:54:21.999+00:00   [1] d0 finish=stop completion=93 chunks=34 acc=2.788(chunks) rate=45.63 ttft=0.262 sha=774bf9418857 early_divergence div@1 head='Standard attention mechanisms sc' tail='tensive context windows.'
2026-09-30T15:54:27.318+00:00 burst=distinct-n2-b1 kind=distinct n=2 stagger=0.000 coprefill=False spread=0.162 gate=- report=['early_divergence']
2026-09-30T15:54:27.318+00:00   [0] d0 finish=stop completion=93 chunks=34 acc=2.788(chunks) rate=44.73 ttft=0.254 sha=774bf9418857 early_divergence div@1 head='Standard attention mechanisms sc' tail='tensive context windows.'
2026-09-30T15:54:27.318+00:00   [1] d1 finish=stop completion=70 chunks=35 acc=2.029(chunks) rate=32.01 ttft=0.092 sha=c61d8657cdea early_divergence div@80 head='A bicycle gear system uses mecha' tail='torque for higher speed.'
2026-09-30T15:54:33.037+00:00 burst=distinct-n2-b2 kind=distinct n=2 stagger=0.000 coprefill=False spread=0.101 gate=- report=['early_divergence']
2026-09-30T15:54:33.037+00:00   [0] d0 finish=stop completion=97 chunks=44 acc=2.233(chunks) rate=36.74 ttft=0.099 sha=6a7fa3d3f393 early_divergence div@164 head='Sparse attention mitigates the q' tail='lationships efficiently.'
2026-09-30T15:54:33.037+00:00   [1] d1 finish=stop completion=75 chunks=31 acc=2.467(chunks) rate=38.45 ttft=0.200 sha=eadf9933adfc early_divergence div@80 head='A bicycle gear system uses mecha' tail='wer for varying terrain.'
2026-09-30T15:54:38.875+00:00 burst=distinct-n2-b3 kind=distinct n=2 stagger=0.000 coprefill=False spread=0.152 gate=- report=['early_divergence']
2026-09-30T15:54:38.875+00:00   [0] d0 finish=stop completion=95 chunks=46 acc=2.089(chunks) rate=34.42 ttft=0.099 sha=fd42320bee1b early_divergence div@164 head='Sparse attention mitigates the q' tail='n large language models.'
2026-09-30T15:54:38.875+00:00   [1] d1 finish=stop completion=75 chunks=31 acc=2.467(chunks) rate=38.29 ttft=0.252 sha=eadf9933adfc early_divergence div@80 head='A bicycle gear system uses mecha' tail='wer for varying terrain.'
2026-09-30T15:54:45.302+00:00 burst=identical-n3-b1 kind=identical n=3 stagger=0.000 coprefill=False spread=0.170 gate=- report=['early_divergence']
2026-09-30T15:54:45.302+00:00   [0] d0 finish=stop completion=95 chunks=47 acc=2.043(chunks) rate=29.88 ttft=0.271 sha=f231686bb8ae early_divergence div@17 head='Sparse attention significantly e' tail=' contextual information.'
2026-09-30T15:54:45.302+00:00   [1] d0 finish=stop completion=94 chunks=39 acc=2.447(chunks) rate=34.95 ttft=0.270 sha=3bf26d1e5286 early_divergence div@1 head='Standard attention mechanisms sc' tail='ing extensive documents.'
2026-09-30T15:54:45.302+00:00   [2] d0 finish=stop completion=95 chunks=45 acc=2.136(chunks) rate=30.42 ttft=0.101 sha=62032dac1eb1 early_divergence div@164 head='Sparse attention mitigates the q' tail='n large language models.'
2026-09-30T15:54:51.765+00:00 burst=identical-n3-b2 kind=identical n=3 stagger=0.000 coprefill=False spread=0.173 gate=- report=['early_divergence']
2026-09-30T15:54:51.765+00:00   [0] d0 finish=stop completion=95 chunks=47 acc=2.043(chunks) rate=29.86 ttft=0.308 sha=f231686bb8ae early_divergence div@17 head='Sparse attention significantly e' tail=' contextual information.'
2026-09-30T15:54:51.765+00:00   [1] d0 finish=stop completion=94 chunks=39 acc=2.447(chunks) rate=35.00 ttft=0.307 sha=3bf26d1e5286 early_divergence div@1 head='Standard attention mechanisms sc' tail='ing extensive documents.'
2026-09-30T15:54:51.765+00:00   [2] d0 finish=stop completion=95 chunks=45 acc=2.136(chunks) rate=30.41 ttft=0.135 sha=62032dac1eb1 early_divergence div@164 head='Sparse attention mitigates the q' tail='n large language models.'
2026-09-30T15:54:58.199+00:00 burst=identical-n3-b3 kind=identical n=3 stagger=0.000 coprefill=False spread=0.172 gate=- report=['early_divergence']
2026-09-30T15:54:58.200+00:00   [0] d0 finish=stop completion=95 chunks=47 acc=2.043(chunks) rate=29.80 ttft=0.272 sha=f231686bb8ae early_divergence div@17 head='Sparse attention significantly e' tail=' contextual information.'
2026-09-30T15:54:58.200+00:00   [1] d0 finish=stop completion=94 chunks=39 acc=2.447(chunks) rate=34.95 ttft=0.271 sha=3bf26d1e5286 early_divergence div@1 head='Standard attention mechanisms sc' tail='ing extensive documents.'
2026-09-30T15:54:58.200+00:00   [2] d0 finish=stop completion=95 chunks=45 acc=2.136(chunks) rate=30.33 ttft=0.099 sha=62032dac1eb1 early_divergence div@164 head='Sparse attention mitigates the q' tail='n large language models.'
2026-09-30T15:55:04.343+00:00 burst=distinct-n3-b1 kind=distinct n=3 stagger=0.000 coprefill=False spread=0.176 gate=- report=['early_divergence']
2026-09-30T15:55:04.343+00:00   [0] d0 finish=stop completion=94 chunks=47 acc=2.022(chunks) rate=30.64 ttft=0.100 sha=2774341ec8f4 early_divergence div@164 head='Sparse attention mitigates the q' tail='g performance and speed.'
2026-09-30T15:55:04.343+00:00   [1] d1 finish=stop completion=76 chunks=35 acc=2.206(chunks) rate=32.38 ttft=0.275 sha=e8a944e43d20 early_divergence div@80 head='A bicycle gear system uses mecha' tail=' for varying conditions.'
2026-09-30T15:55:04.343+00:00   [2] d2 finish=stop completion=43 chunks=12 acc=3.818(chunks) rate=49.37 ttft=0.275 sha=097672f98733 ok div@None head='2, 3, 5, 7, 11, 13, 17, 19, 23, ' tail=', 17, 19, 23, 29, 31, 37'
2026-09-30T15:55:10.134+00:00 burst=distinct-n3-b2 kind=distinct n=3 stagger=0.000 coprefill=False spread=0.221 gate=- report=['early_divergence']
2026-09-30T15:55:10.134+00:00   [0] d0 finish=stop completion=95 chunks=40 acc=2.410(chunks) rate=36.46 ttft=0.204 sha=ae5bb4f5308e early_divergence div@1 head='Standard attention mechanisms sc' tail='ross extensive contexts.'
2026-09-30T15:55:10.134+00:00   [1] d1 finish=stop completion=77 chunks=30 acc=2.621(chunks) rate=37.46 ttft=0.314 sha=d710ef33242b ok div@165 head='A bicycle gear system uses mecha' tail='wer for varying terrain.'
2026-09-30T15:55:10.134+00:00   [2] d2 finish=stop completion=43 chunks=12 acc=3.818(chunks) rate=45.46 ttft=0.093 sha=097672f98733 ok div@None head='2, 3, 5, 7, 11, 13, 17, 19, 23, ' tail=', 17, 19, 23, 29, 31, 37'
2026-09-30T15:55:16.268+00:00 burst=distinct-n3-b3 kind=distinct n=3 stagger=0.000 coprefill=False spread=0.174 gate=- report=['early_divergence']
2026-09-30T15:55:16.268+00:00   [0] d0 finish=stop completion=94 chunks=47 acc=2.022(chunks) rate=30.72 ttft=0.099 sha=2774341ec8f4 early_divergence div@164 head='Sparse attention mitigates the q' tail='g performance and speed.'
2026-09-30T15:55:16.268+00:00   [1] d1 finish=stop completion=76 chunks=35 acc=2.206(chunks) rate=32.42 ttft=0.272 sha=e8a944e43d20 early_divergence div@80 head='A bicycle gear system uses mecha' tail=' for varying conditions.'
2026-09-30T15:55:16.268+00:00   [2] d2 finish=stop completion=43 chunks=12 acc=3.818(chunks) rate=49.30 ttft=0.272 sha=097672f98733 ok div@None head='2, 3, 5, 7, 11, 13, 17, 19, 23, ' tail=', 17, 19, 23, 29, 31, 37'
2026-09-30T15:55:23.077+00:00 burst=identical-n5-b1 kind=identical n=5 stagger=0.000 coprefill=False spread=0.191 gate=- report=['early_divergence']
2026-09-30T15:55:23.077+00:00   [0] d0 finish=stop completion=93 chunks=40 acc=2.359(chunks) rate=29.39 ttft=0.112 sha=a332783dfd0d early_divergence div@17 head='Sparse attention significantly e' tail='long-term conversations.'
2026-09-30T15:55:23.077+00:00   [1] d0 finish=stop completion=93 chunks=47 acc=2.000(chunks) rate=26.30 ttft=0.301 sha=fd7f924f5702 early_divergence div@17 head='Sparse attention significantly e' tail=' practical applications.'
2026-09-30T15:55:23.077+00:00   [2] d0 finish=stop completion=92 chunks=42 acc=2.220(chunks) rate=27.83 ttft=0.303 sha=8d7dcdd5d2cd early_divergence div@17 head='Sparse attention significantly e' tail='for massive text inputs.'
2026-09-30T15:55:23.077+00:00   [3] d0 finish=stop completion=96 chunks=38 acc=2.568(chunks) rate=32.31 ttft=0.301 sha=fa2f492cceeb early_divergence div@1 head='Standard attention mechanisms sc' tail='ming hardware resources.'
2026-09-30T15:55:23.077+00:00   [4] d0 finish=stop completion=93 chunks=40 acc=2.359(chunks) rate=29.40 ttft=0.113 sha=a332783dfd0d early_divergence div@17 head='Sparse attention significantly e' tail='long-term conversations.'
2026-09-30T15:55:30.011+00:00 burst=identical-n5-b2 kind=identical n=5 stagger=0.000 coprefill=False spread=0.202 gate=- report=['early_divergence']
2026-09-30T15:55:30.011+00:00   [0] d0 finish=stop completion=94 chunks=45 acc=2.114(chunks) rate=26.14 ttft=0.303 sha=5ea913999162 ok div@241 head='Sparse attention mitigates the q' tail='ormance and scalability.'
2026-09-30T15:55:30.011+00:00   [1] d0 finish=stop completion=97 chunks=46 acc=2.133(chunks) rate=26.51 ttft=0.303 sha=6381d2b59382 early_divergence div@17 head='Sparse attention significantly e' tail='ong-context AI feasible.'
2026-09-30T15:55:30.011+00:00   [2] d0 finish=stop completion=96 chunks=44 acc=2.209(chunks) rate=27.26 ttft=0.302 sha=7086bc8c0441 early_divergence div@1 head='Standard attention mechanisms sc' tail='ming hardware resources.'
2026-09-30T15:55:30.011+00:00   [3] d0 finish=stop completion=94 chunks=42 acc=2.268(chunks) rate=28.06 ttft=0.302 sha=c6257057fc76 early_divergence div@1 head='Standard attention mechanisms sc' tail='ical application limits.'
2026-09-30T15:55:30.011+00:00   [4] d0 finish=stop completion=94 chunks=45 acc=2.114(chunks) rate=25.81 ttft=0.101 sha=9e1e92f41e6c early_divergence div@164 head='Sparse attention mitigates the q' tail='ormance and scalability.'
2026-09-30T15:55:36.947+00:00 burst=identical-n5-b3 kind=identical n=5 stagger=0.000 coprefill=False spread=0.202 gate=- report=['early_divergence']
2026-09-30T15:55:36.947+00:00   [0] d0 finish=stop completion=94 chunks=42 acc=2.268(chunks) rate=28.03 ttft=0.304 sha=c6257057fc76 early_divergence div@1 head='Standard attention mechanisms sc' tail='ical application limits.'
2026-09-30T15:55:36.947+00:00   [1] d0 finish=stop completion=96 chunks=44 acc=2.209(chunks) rate=27.26 ttft=0.304 sha=7086bc8c0441 early_divergence div@1 head='Standard attention mechanisms sc' tail='ming hardware resources.'
2026-09-30T15:55:36.947+00:00   [2] d0 finish=stop completion=97 chunks=46 acc=2.133(chunks) rate=26.50 ttft=0.304 sha=6381d2b59382 early_divergence div@17 head='Sparse attention significantly e' tail='ong-context AI feasible.'
2026-09-30T15:55:36.947+00:00   [3] d0 finish=stop completion=94 chunks=45 acc=2.114(chunks) rate=25.80 ttft=0.102 sha=9e1e92f41e6c early_divergence div@164 head='Sparse attention mitigates the q' tail='ormance and scalability.'
2026-09-30T15:55:36.947+00:00   [4] d0 finish=stop completion=94 chunks=45 acc=2.114(chunks) rate=26.13 ttft=0.304 sha=5ea913999162 ok div@241 head='Sparse attention mitigates the q' tail='ormance and scalability.'
2026-09-30T15:55:43.489+00:00 burst=distinct-n5-b1 kind=distinct n=5 stagger=0.000 coprefill=False spread=0.246 gate=- report=['early_divergence']
2026-09-30T15:55:43.489+00:00   [0] d0 finish=stop completion=96 chunks=42 acc=2.317(chunks) rate=29.69 ttft=0.334 sha=bdeb1ebb5712 early_divergence div@1 head='Standard attention mechanisms sc' tail='ical application limits.'
2026-09-30T15:55:43.489+00:00   [1] d1 finish=stop completion=67 chunks=25 acc=2.750(chunks) rate=29.85 ttft=0.335 sha=c0a2a44bdc59 early_divergence div@77 head='A bicycle gear system uses mecha' tail=' for flat, fast terrain.'
2026-09-30T15:55:43.489+00:00   [2] d2 finish=stop completion=43 chunks=12 acc=3.818(chunks) rate=37.82 ttft=0.184 sha=097672f98733 ok div@None head='2, 3, 5, 7, 11, 13, 17, 19, 23, ' tail=', 17, 19, 23, 29, 31, 37'
2026-09-30T15:55:43.489+00:00   [3] d3 finish=stop completion=96 chunks=37 acc=2.639(chunks) rate=32.58 ttft=0.335 sha=21be8f51d842 early_divergence div@16 head='The water cycle starts when the ' tail='the whole journey again.'
2026-09-30T15:55:43.489+00:00   [4] d4 finish=stop completion=102 chunks=27 acc=3.885(chunks) rate=42.54 ttft=0.089 sha=cb9c046d4e9a ok div@None head='```python\ndef fibonacci(n: int) ' tail=', a + b\n    return b\n```'
2026-09-30T15:55:49.937+00:00 burst=distinct-n5-b2 kind=distinct n=5 stagger=0.000 coprefill=False spread=0.211 gate=- report=['early_divergence']
2026-09-30T15:55:49.937+00:00   [0] d0 finish=stop completion=97 chunks=42 acc=2.341(chunks) rate=28.75 ttft=0.100 sha=7ab80252b9ac early_divergence div@193 head='Sparse attention mitigates the q' tail='n large language models.'
2026-09-30T15:55:49.937+00:00   [1] d1 finish=stop completion=79 chunks=31 acc=2.600(chunks) rate=29.69 ttft=0.311 sha=e5fc981269cc ok div@200 head='A bicycle gear system uses mecha' tail='h less rotational force.'
2026-09-30T15:55:49.937+00:00   [2] d2 finish=stop completion=43 chunks=12 acc=3.818(chunks) rate=40.08 ttft=0.311 sha=097672f98733 ok div@None head='2, 3, 5, 7, 11, 13, 17, 19, 23, ' tail=', 17, 19, 23, 29, 31, 37'
2026-09-30T15:55:49.937+00:00   [3] d3 finish=stop completion=85 chunks=31 acc=2.800(chunks) rate=31.97 ttft=0.311 sha=5121f754e7d8 early_divergence div@4 head='The sun heats up water in oceans' tail=' journey all over again.'
2026-09-30T15:55:49.937+00:00   [4] d4 finish=stop completion=102 chunks=27 acc=3.885(chunks) rate=42.20 ttft=0.311 sha=cb9c046d4e9a ok div@None head='```python\ndef fibonacci(n: int) ' tail=', a + b\n    return b\n```'
2026-09-30T15:55:56.215+00:00 burst=distinct-n5-b3 kind=distinct n=5 stagger=0.000 coprefill=False spread=0.215 gate=- report=['early_divergence']
2026-09-30T15:55:56.215+00:00   [0] d0 finish=stop completion=92 chunks=36 acc=2.600(chunks) rate=30.72 ttft=0.306 sha=ba409499c5af early_divergence div@1 head='Standard attention mechanisms sc' tail='tensive context windows.'
2026-09-30T15:55:56.215+00:00   [1] d1 finish=stop completion=77 chunks=33 acc=2.375(chunks) rate=26.95 ttft=0.307 sha=28ea54342cff ok div@200 head='A bicycle gear system uses mecha' tail='el with less resistance.'
2026-09-30T15:55:56.215+00:00   [2] d2 finish=stop completion=43 chunks=12 acc=3.818(chunks) rate=39.81 ttft=0.306 sha=097672f98733 ok div@None head='2, 3, 5, 7, 11, 13, 17, 19, 23, ' tail=', 17, 19, 23, 29, 31, 37'
2026-09-30T15:55:56.215+00:00   [3] d3 finish=stop completion=89 chunks=35 acc=2.588(chunks) rate=30.37 ttft=0.306 sha=0596173be865 early_divergence div@4 head='The sun warms up the water in oc' tail=' journey all over again.'
2026-09-30T15:55:56.215+00:00   [4] d4 finish=stop completion=102 chunks=27 acc=3.885(chunks) rate=42.68 ttft=0.092 sha=d3af644442cd early_divergence div@80 head='```python\ndef fibonacci(n: int) ' tail=', a + b\n    return b\n```'
2026-09-30T15:56:03.779+00:00 burst=identical-n8-b1 kind=identical n=8 stagger=0.000 coprefill=False spread=0.232 gate=- report=['early_divergence']
2026-09-30T15:56:03.779+00:00   [0] d0 finish=stop completion=93 chunks=37 acc=2.556(chunks) rate=28.69 ttft=0.335 sha=ca53988def6a early_divergence div@1 head='Standard attention mechanisms sc' tail='tensive context windows.'
2026-09-30T15:56:03.779+00:00   [1] d0 finish=stop completion=91 chunks=42 acc=2.195(chunks) rate=24.78 ttft=0.334 sha=29dbd9358c10 early_divergence div@132 head='Sparse attention mitigates the q' tail='real-world applications.'
2026-09-30T15:56:03.779+00:00   [2] d0 finish=stop completion=103 chunks=52 acc=2.000(chunks) rate=24.16 ttft=0.334 sha=e694b3323d24 early_divergence div@17 head='Sparse attention significantly e' tail='nt long-range reasoning.'
2026-09-30T15:56:03.779+00:00   [3] d0 finish=stop completion=94 chunks=40 acc=2.385(chunks) rate=26.74 ttft=0.334 sha=ae36ad6fd27b early_divergence div@1 head='Standard attention mechanisms sc' tail='pplication requirements.'
2026-09-30T15:56:03.779+00:00   [4] d0 finish=stop completion=93 chunks=35 acc=2.706(chunks) rate=29.60 ttft=0.334 sha=4894a43dbae9 early_divergence div@1 head='Standard attention mechanisms sc' tail='complex reasoning tasks.'
2026-09-30T15:56:03.779+00:00   [5] d0 finish=stop completion=95 chunks=39 acc=2.474(chunks) rate=27.74 ttft=0.333 sha=30da1fd13f33 early_divergence div@1 head='Standard attention mechanisms sc' tail='pplication requirements.'
2026-09-30T15:56:03.779+00:00   [6] d0 finish=stop completion=90 chunks=39 acc=2.342(chunks) rate=26.26 ttft=0.334 sha=74645c0c0861 early_divergence div@1 head='Standard attention mechanisms sc' tail='ontextual understanding.'
2026-09-30T15:56:03.779+00:00   [7] d0 finish=stop completion=101 chunks=47 acc=2.174(chunks) rate=24.60 ttft=0.103 sha=4bfa1bf64b96 early_divergence div@193 head='Sparse attention mitigates the q' tail='complex reasoning tasks.'
2026-09-30T15:56:11.355+00:00 burst=identical-n8-b2 kind=identical n=8 stagger=0.000 coprefill=False spread=0.230 gate=- report=['early_divergence']
2026-09-30T15:56:11.355+00:00   [0] d0 finish=stop completion=101 chunks=47 acc=2.174(chunks) rate=24.58 ttft=0.108 sha=4bfa1bf64b96 early_divergence div@193 head='Sparse attention mitigates the q' tail='complex reasoning tasks.'
2026-09-30T15:56:11.355+00:00   [1] d0 finish=stop completion=94 chunks=40 acc=2.385(chunks) rate=26.67 ttft=0.338 sha=ae36ad6fd27b early_divergence div@1 head='Standard attention mechanisms sc' tail='pplication requirements.'
2026-09-30T15:56:11.355+00:00   [2] d0 finish=stop completion=91 chunks=42 acc=2.195(chunks) rate=24.74 ttft=0.337 sha=29dbd9358c10 early_divergence div@132 head='Sparse attention mitigates the q' tail='real-world applications.'
2026-09-30T15:56:11.355+00:00   [3] d0 finish=stop completion=93 chunks=35 acc=2.706(chunks) rate=29.52 ttft=0.337 sha=4894a43dbae9 early_divergence div@1 head='Standard attention mechanisms sc' tail='complex reasoning tasks.'
2026-09-30T15:56:11.355+00:00   [4] d0 finish=stop completion=103 chunks=52 acc=2.000(chunks) rate=24.14 ttft=0.338 sha=e694b3323d24 early_divergence div@17 head='Sparse attention significantly e' tail='nt long-range reasoning.'
2026-09-30T15:56:11.355+00:00   [5] d0 finish=stop completion=95 chunks=39 acc=2.474(chunks) rate=27.66 ttft=0.336 sha=30da1fd13f33 early_divergence div@1 head='Standard attention mechanisms sc' tail='pplication requirements.'
2026-09-30T15:56:11.355+00:00   [6] d0 finish=stop completion=93 chunks=37 acc=2.556(chunks) rate=28.61 ttft=0.336 sha=ca53988def6a early_divergence div@1 head='Standard attention mechanisms sc' tail='tensive context windows.'
2026-09-30T15:56:11.355+00:00   [7] d0 finish=stop completion=90 chunks=39 acc=2.342(chunks) rate=26.19 ttft=0.338 sha=74645c0c0861 early_divergence div@1 head='Standard attention mechanisms sc' tail='ontextual understanding.'
2026-09-30T15:56:18.938+00:00 burst=identical-n8-b3 kind=identical n=8 stagger=0.000 coprefill=False spread=0.232 gate=- report=['early_divergence']
2026-09-30T15:56:18.938+00:00   [0] d0 finish=stop completion=91 chunks=42 acc=2.195(chunks) rate=24.76 ttft=0.345 sha=29dbd9358c10 early_divergence div@132 head='Sparse attention mitigates the q' tail='real-world applications.'
2026-09-30T15:56:18.938+00:00   [1] d0 finish=stop completion=95 chunks=39 acc=2.474(chunks) rate=27.70 ttft=0.344 sha=30da1fd13f33 early_divergence div@1 head='Standard attention mechanisms sc' tail='pplication requirements.'
2026-09-30T15:56:18.938+00:00   [2] d0 finish=stop completion=94 chunks=40 acc=2.385(chunks) rate=26.71 ttft=0.345 sha=ae36ad6fd27b early_divergence div@1 head='Standard attention mechanisms sc' tail='pplication requirements.'
2026-09-30T15:56:18.938+00:00   [3] d0 finish=stop completion=90 chunks=39 acc=2.342(chunks) rate=26.23 ttft=0.346 sha=74645c0c0861 early_divergence div@1 head='Standard attention mechanisms sc' tail='ontextual understanding.'
2026-09-30T15:56:18.938+00:00   [4] d0 finish=stop completion=101 chunks=47 acc=2.174(chunks) rate=24.56 ttft=0.114 sha=4bfa1bf64b96 early_divergence div@193 head='Sparse attention mitigates the q' tail='complex reasoning tasks.'
2026-09-30T15:56:18.938+00:00   [5] d0 finish=stop completion=103 chunks=52 acc=2.000(chunks) rate=24.11 ttft=0.345 sha=e694b3323d24 early_divergence div@17 head='Sparse attention significantly e' tail='nt long-range reasoning.'
2026-09-30T15:56:18.938+00:00   [6] d0 finish=stop completion=93 chunks=37 acc=2.556(chunks) rate=28.66 ttft=0.345 sha=ca53988def6a early_divergence div@1 head='Standard attention mechanisms sc' tail='tensive context windows.'
2026-09-30T15:56:18.938+00:00   [7] d0 finish=stop completion=93 chunks=35 acc=2.706(chunks) rate=29.55 ttft=0.346 sha=4894a43dbae9 early_divergence div@1 head='Standard attention mechanisms sc' tail='complex reasoning tasks.'
2026-09-30T15:56:25.838+00:00 burst=distinct-n8-b1 kind=distinct n=8 stagger=0.000 coprefill=False spread=0.259 gate=- report=['early_divergence']
2026-09-30T15:56:25.838+00:00   [0] d0 finish=stop completion=94 chunks=37 acc=2.583(chunks) rate=26.83 ttft=0.358 sha=ae36ad6fd27b early_divergence div@1 head='Standard attention mechanisms sc' tail='pplication requirements.'
2026-09-30T15:56:25.838+00:00   [1] d1 finish=stop completion=74 chunks=31 acc=2.433(chunks) rate=23.29 ttft=0.359 sha=e16e691f252a ok div@165 head='A bicycle gear system uses mecha' tail='wer for varying terrain.'
2026-09-30T15:56:25.838+00:00   [2] d2 finish=stop completion=43 chunks=12 acc=3.818(chunks) rate=33.31 ttft=0.357 sha=097672f98733 ok div@None head='2, 3, 5, 7, 11, 13, 17, 19, 23, ' tail=', 17, 19, 23, 29, 31, 37'
2026-09-30T15:56:25.838+00:00   [3] d3 finish=stop completion=101 chunks=38 acc=2.703(chunks) rate=28.33 ttft=0.359 sha=b3ee4cd183ed early_divergence div@16 head='The water cycle starts when the ' tail='the whole process again.'
2026-09-30T15:56:25.838+00:00   [4] d4 finish=stop completion=102 chunks=26 acc=4.040(chunks) rate=37.24 ttft=0.357 sha=cb9c046d4e9a ok div@None head='```python\ndef fibonacci(n: int) ' tail=', a + b\n    return b\n```'
2026-09-30T15:56:25.838+00:00   [5] d5 finish=stop completion=19 chunks=8 acc=2.571(chunks) rate=22.02 ttft=0.358 sha=fbd9a6af1079 early_divergence div@63 head='La bibliothèque ouvre à neuf heu' tail='res les jours ouvrables.'
2026-09-30T15:56:25.838+00:00   [6] d6 finish=stop completion=70 chunks=33 acc=2.156(chunks) rate=20.84 ttft=0.100 sha=6ed0508ab41c ok div@189 head='1. Reduce watering frequency sig' tail='ensate for shorter days.'
2026-09-30T15:56:25.838+00:00   [7] d7 finish=stop completion=67 chunks=18 acc=3.882(chunks) rate=35.27 ttft=0.359 sha=c39be9b87ae0 ok div@None head='{\n  "name": "Eiffel Tower",\n  "y' tail='re",\n    "Tourism"\n  ]\n}'
2026-09-30T15:56:33.039+00:00 burst=distinct-n8-b2 kind=distinct n=8 stagger=0.000 coprefill=False spread=0.256 gate=- report=['early_divergence']
2026-09-30T15:56:33.039+00:00   [0] d0 finish=stop completion=96 chunks=43 acc=2.262(chunks) rate=23.27 ttft=0.108 sha=0905ae89d31b early_divergence div@57 head='Sparse attention mitigates the q' tail='e, attention mechanisms.'
2026-09-30T15:56:33.039+00:00   [1] d1 finish=stop completion=74 chunks=31 acc=2.433(chunks) rate=23.01 ttft=0.364 sha=e16e691f252a ok div@165 head='A bicycle gear system uses mecha' tail='wer for varying terrain.'
2026-09-30T15:56:33.039+00:00   [2] d2 finish=stop completion=43 chunks=12 acc=3.818(chunks) rate=33.88 ttft=0.364 sha=097672f98733 ok div@None head='2, 3, 5, 7, 11, 13, 17, 19, 23, ' tail=', 17, 19, 23, 29, 31, 37'
2026-09-30T15:56:33.039+00:00   [3] d3 finish=stop completion=92 chunks=37 acc=2.528(chunks) rate=25.68 ttft=0.364 sha=ec7927030dd0 early_divergence div@26 head='The water cycle is like a never-' tail='the trip all over again.'
2026-09-30T15:56:33.039+00:00   [4] d4 finish=stop completion=102 chunks=27 acc=3.885(chunks) rate=36.64 ttft=0.364 sha=cb9c046d4e9a ok div@None head='```python\ndef fibonacci(n: int) ' tail=', a + b\n    return b\n```'
2026-09-30T15:56:33.039+00:00   [5] d5 finish=stop completion=17 chunks=7 acc=2.667(chunks) rate=23.32 ttft=0.363 sha=5a881638e98d ok div@None head='La bibliothèque ouvre à neuf heu' tail='-huit heures en semaine.'
2026-09-30T15:56:33.039+00:00   [6] d6 finish=stop completion=70 chunks=34 acc=2.091(chunks) rate=20.70 ttft=0.363 sha=6ed0508ab41c ok div@189 head='1. Reduce watering frequency sig' tail='ensate for shorter days.'
2026-09-30T15:56:33.039+00:00   [7] d7 finish=stop completion=85 chunks=24 acc=3.652(chunks) rate=32.76 ttft=0.364 sha=4abb06695ad8 ok div@61 head='{\n  "name": "Eiffel Tower",\n  "y' tail='re",\n    "tourism"\n  ]\n}'
2026-09-30T15:56:40.133+00:00 burst=distinct-n8-b3 kind=distinct n=8 stagger=0.000 coprefill=False spread=0.262 gate=- report=['early_divergence']
2026-09-30T15:56:40.133+00:00   [0] d0 finish=stop completion=94 chunks=40 acc=2.385(chunks) rate=24.97 ttft=0.361 sha=ae36ad6fd27b early_divergence div@1 head='Standard attention mechanisms sc' tail='pplication requirements.'
2026-09-30T15:56:40.133+00:00   [1] d1 finish=stop completion=77 chunks=31 acc=2.533(chunks) rate=23.92 ttft=0.360 sha=d710ef33242b ok div@165 head='A bicycle gear system uses mecha' tail='wer for varying terrain.'
2026-09-30T15:56:40.133+00:00   [2] d2 finish=stop completion=43 chunks=12 acc=3.818(chunks) rate=33.68 ttft=0.360 sha=097672f98733 ok div@None head='2, 3, 5, 7, 11, 13, 17, 19, 23, ' tail=', 17, 19, 23, 29, 31, 37'
2026-09-30T15:56:40.133+00:00   [3] d3 finish=stop completion=91 chunks=37 acc=2.500(chunks) rate=25.37 ttft=0.360 sha=a6af0a675d63 early_divergence div@26 head='The water cycle is like a never-' tail='the trip all over again.'
2026-09-30T15:56:40.133+00:00   [4] d4 finish=stop completion=102 chunks=26 acc=4.040(chunks) rate=36.54 ttft=0.359 sha=cb9c046d4e9a ok div@None head='```python\ndef fibonacci(n: int) ' tail=', a + b\n    return b\n```'
2026-09-30T15:56:40.133+00:00   [5] d5 finish=stop completion=19 chunks=8 acc=2.571(chunks) rate=21.61 ttft=0.098 sha=fbd9a6af1079 early_divergence div@63 head='La bibliothèque ouvre à neuf heu' tail='res les jours ouvrables.'
2026-09-30T15:56:40.133+00:00   [6] d6 finish=stop completion=70 chunks=34 acc=2.091(chunks) rate=20.66 ttft=0.360 sha=6ed0508ab41c ok div@189 head='1. Reduce watering frequency sig' tail='ensate for shorter days.'
2026-09-30T15:56:40.133+00:00   [7] d7 finish=stop completion=85 chunks=24 acc=3.652(chunks) rate=32.73 ttft=0.360 sha=4abb06695ad8 ok div@61 head='{\n  "name": "Eiffel Tower",\n  "y' tail='re",\n    "tourism"\n  ]\n}'
2026-09-30T15:56:45.692+00:00 burst=staggered-identical-n2 kind=identical n=2 stagger=0.250 coprefill=False spread=0.328 gate=- report=['early_divergence']
2026-09-30T15:56:45.692+00:00   [0] d0 finish=stop completion=95 chunks=41 acc=2.350(chunks) rate=38.31 ttft=0.099 sha=26e6979e3e7e ok div@333 head='Sparse attention mitigates the q' tail='n large language models.'
2026-09-30T15:56:45.692+00:00   [1] d0 finish=stop completion=93 chunks=34 acc=2.788(chunks) rate=45.77 ttft=0.177 sha=774bf9418857 early_divergence div@1 head='Standard attention mechanisms sc' tail='tensive context windows.'
2026-09-30T15:56:51.866+00:00 burst=staggered-distinct-n3 kind=distinct n=3 stagger=0.250 coprefill=False spread=0.611 gate=- report=['early_divergence']
2026-09-30T15:56:51.866+00:00   [0] d0 finish=stop completion=99 chunks=47 acc=2.130(chunks) rate=31.93 ttft=0.098 sha=b4f847211dde early_divergence div@164 head='Sparse attention mitigates the q' tail='processing applications.'
2026-09-30T15:56:51.866+00:00   [1] d1 finish=stop completion=78 chunks=37 acc=2.139(chunks) rate=31.04 ttft=0.161 sha=7001d85664e3 ok div@201 head='A bicycle gear system uses mecha' tail='ess mechanical leverage.'
2026-09-30T15:56:51.866+00:00   [2] d2 finish=stop completion=43 chunks=12 acc=3.818(chunks) rate=49.65 ttft=0.209 sha=097672f98733 ok div@None head='2, 3, 5, 7, 11, 13, 17, 19, 23, ' tail=', 17, 19, 23, 29, 31, 37'
2026-09-30T15:56:58.904+00:00 burst=staggered-distinct-n5 kind=distinct n=5 stagger=0.250 coprefill=False spread=1.173 gate=- report=['early_divergence']
2026-09-30T15:56:58.904+00:00   [0] d0 finish=stop completion=92 chunks=40 acc=2.333(chunks) rate=28.26 ttft=0.099 sha=50f8a9658adf early_divergence div@132 head='Sparse attention mitigates the q' tail=' speeds and scalability.'
2026-09-30T15:56:58.904+00:00   [1] d1 finish=stop completion=65 chunks=28 acc=2.370(chunks) rate=26.94 ttft=0.217 sha=3d599a0312f2 early_divergence div@77 head='A bicycle gear system uses mecha' tail=' for varying conditions.'
2026-09-30T15:56:58.904+00:00   [2] d2 finish=stop completion=43 chunks=12 acc=3.818(chunks) rate=40.16 ttft=0.204 sha=097672f98733 ok div@None head='2, 3, 5, 7, 11, 13, 17, 19, 23, ' tail=', 17, 19, 23, 29, 31, 37'
2026-09-30T15:56:58.904+00:00   [3] d3 finish=stop completion=101 chunks=40 acc=2.564(chunks) rate=32.75 ttft=0.227 sha=a5cb9def895f early_divergence div@16 head='The water cycle starts when the ' tail=' journey all over again.'
2026-09-30T15:56:58.904+00:00   [4] d4 finish=stop completion=102 chunks=28 acc=3.741(chunks) rate=44.77 ttft=0.272 sha=cb9c046d4e9a ok div@None head='```python\ndef fibonacci(n: int) ' tail=', a + b\n    return b\n```'
2026-09-30T15:57:07.272+00:00 burst=staggered-identical-n8 kind=identical n=8 stagger=0.250 coprefill=False spread=1.890 gate=- report=['early_divergence']
2026-09-30T15:57:07.272+00:00   [0] d0 finish=stop completion=95 chunks=43 acc=2.238(chunks) rate=24.57 ttft=0.099 sha=09664fb87c04 early_divergence div@193 head='Sparse attention mitigates the q' tail='ng practically feasible.'
2026-09-30T15:57:07.272+00:00   [1] d0 finish=stop completion=94 chunks=39 acc=2.447(chunks) rate=26.52 ttft=0.169 sha=44e7a2180285 early_divergence div@1 head='Standard attention mechanisms sc' tail='ross extensive contexts.'
2026-09-30T15:57:07.272+00:00   [2] d0 finish=stop completion=94 chunks=40 acc=2.385(chunks) rate=24.80 ttft=0.216 sha=3f84144412ba early_divergence div@1 head='Standard attention mechanisms sc' tail='d practical application.'
2026-09-30T15:57:07.272+00:00   [3] d0 finish=stop completion=100 chunks=45 acc=2.250(chunks) rate=24.27 ttft=0.228 sha=9e72c277d4b8 early_divergence div@1 head='Standard attention mechanisms sc' tail='d resource requirements.'
2026-09-30T15:57:07.272+00:00   [4] d0 finish=stop completion=90 chunks=42 acc=2.171(chunks) rate=23.37 ttft=0.251 sha=a75c500e5ab9 early_divergence div@1 head='Standard attention mechanisms sc' tail='tended dialogue systems.'
2026-09-30T15:57:07.272+00:00   [5] d0 finish=stop completion=97 chunks=43 acc=2.286(chunks) rate=25.21 ttft=0.301 sha=2a673c83a7ec early_divergence div@193 head='Sparse attention mitigates the q' tail='n large language models.'
2026-09-30T15:57:07.272+00:00   [6] d0 finish=stop completion=88 chunks=40 acc=2.231(chunks) rate=24.74 ttft=0.266 sha=b7682e924320 early_divergence div@1 head='Standard attention mechanisms sc' tail=' practical applications.'
2026-09-30T15:57:07.272+00:00   [7] d0 finish=stop completion=95 chunks=39 acc=2.474(chunks) rate=27.88 ttft=0.239 sha=ae5bb4f5308e early_divergence div@1 head='Standard attention mechanisms sc' tail='ross extensive contexts.'
2026-09-30T15:57:18.416+00:00 burst=long-pair kind=long n=2 stagger=0.000 coprefill=False spread=2.606 gate=- report=['slow']
2026-09-30T15:57:18.416+00:00   [0] long0 finish=stop completion=6 chunks=2 acc=5.000(chunks) rate=33.28 ttft=7.987 sha=83dab7f91bc1 ok div@None head='74354' tail='74354'
2026-09-30T15:57:18.416+00:00   [1] long1 finish=stop completion=6 chunks=2 acc=5.000(chunks) rate=1.92 ttft=5.381 sha=0ec41e567fc2 slow div@None head='79083' tail='79083'
2026-09-30T15:57:21.953+00:00 burst=image-pair kind=image n=2 stagger=0.000 coprefill=False spread=0.200 gate=- report=-
2026-09-30T15:57:21.953+00:00   [0] img_red finish=stop completion=11 chunks=4 acc=3.333(chunks) rate=54.42 ttft=0.343 sha=0e1c14c4131c ok div@None head='The image is filled with a solid' tail=' with a solid red color.'
2026-09-30T15:57:21.953+00:00   [1] img_blue finish=stop completion=11 chunks=4 acc=3.333(chunks) rate=38.01 ttft=0.143 sha=7fa32368a223 ok div@None head='This image is filled with a soli' tail='with a solid blue color.'
2026-09-30T15:57:21.953+00:00 TOTALS bursts=30 streams=130 gate_bursts=0 zero_acc=0 runaway=0 first32_match=0.292 coprefill_bursts=0 per_request_spec_metrics=False
2026-09-30T15:57:21.953+00:00 NOTE: server did not return metrics.speculative_decoding on every stream; acceptance estimated from tokens per chunk (serve with --per-request-spec-decode-metrics summary)
2026-09-30T15:57:21.953+00:00 T0 PASS
