2026-09-30T09:09:08.005+00:00 bench_probe v1 url=http://127.0.0.1:8000/v1/chat/completions sizes=[2, 3, 5, 8] kinds=['identical', 'distinct'] bursts_per_shape=3 max_tokens=256
2026-09-30T09:09:10.394+00:00 ref d0 finish=stop completion=97 acc=2.341 ttft=0.221 sha=b0e372faa960 head='Sparse attention mitigates the quadratic'
2026-09-30T09:09:13.014+00:00 ref d1 finish=stop completion=75 acc=2.643 ttft=0.138 sha=4ad2d5654ca6 head='A bicycle gear system uses mechanical ad'
2026-09-30T09:09:14.719+00:00 ref d2 finish=stop completion=43 acc=3.818 ttft=0.118 sha=097672f98733 head='2, 3, 5, 7, 11, 13, 17, 19, 23, 29, 31, '
2026-09-30T09:09:17.835+00:00 ref d3 finish=stop completion=101 acc=2.632 ttft=0.109 sha=3746d913c433 head='The water cycle is like a giant, never-e'
2026-09-30T09:09:20.397+00:00 ref d4 finish=stop completion=102 acc=3.741 ttft=0.116 sha=cb9c046d4e9a head='```python\ndef fibonacci(n: int) -> int:\n'
2026-09-30T09:09:21.840+00:00 ref d5 finish=stop completion=17 acc=2.667 ttft=0.125 sha=5a881638e98d head='La bibliothèque ouvre à neuf heures et f'
2026-09-30T09:09:24.543+00:00 ref d6 finish=stop completion=72 acc=2.367 ttft=0.110 sha=86f7d76d2833 head='1. Reduce watering frequency significant'
2026-09-30T09:09:26.561+00:00 ref d7 finish=stop completion=67 acc=3.882 ttft=0.123 sha=c39be9b87ae0 head='{\n  "name": "Eiffel Tower",\n  "year": 18'
2026-09-30T09:09:32.509+00:00 ref long0 finish=stop completion=6 acc=5.000 ttft=4.905 sha=83dab7f91bc1 head='74354'
2026-09-30T09:09:37.603+00:00 ref long1 finish=stop completion=6 acc=5.000 ttft=3.985 sha=0ec41e567fc2 head='79083'
2026-09-30T09:09:38.983+00:00 ref img_red finish=stop completion=11 acc=3.333 ttft=0.215 sha=0e1c14c4131c head='The image is filled with a solid red col'
2026-09-30T09:09:40.489+00:00 ref img_blue finish=stop completion=11 acc=2.500 ttft=0.288 sha=7fa32368a223 head='This image is filled with a solid blue c'
2026-09-30T09:09:47.652+00:00 burst=identical-n2-b1 kind=identical n=2 stagger=0.000 coprefill=False spread=0.336 gate=- report=['early_divergence']
2026-09-30T09:09:47.652+00:00   [0] d0 finish=stop completion=98 chunks=47 acc=2.109(chunks) rate=31.99 ttft=0.121 sha=97cd1c69b235 early_divergence div@164 head='Sparse attention mitigates the q' tail='ng-context applications.'
2026-09-30T09:09:47.652+00:00   [1] d0 finish=stop completion=93 chunks=34 acc=2.788(chunks) rate=44.61 ttft=0.458 sha=774bf9418857 early_divergence div@1 head='Standard attention mechanisms sc' tail='tensive context windows.'
2026-09-30T09:09:53.568+00:00 burst=identical-n2-b2 kind=identical n=2 stagger=0.000 coprefill=False spread=0.163 gate=- report=['early_divergence']
2026-09-30T09:09:53.568+00:00   [0] d0 finish=stop completion=94 chunks=47 acc=2.022(chunks) rate=33.10 ttft=0.099 sha=2774341ec8f4 early_divergence div@164 head='Sparse attention mitigates the q' tail='g performance and speed.'
2026-09-30T09:09:53.568+00:00   [1] d0 finish=stop completion=93 chunks=34 acc=2.788(chunks) rate=44.96 ttft=0.262 sha=774bf9418857 early_divergence div@1 head='Standard attention mechanisms sc' tail='tensive context windows.'
2026-09-30T09:09:59.482+00:00 burst=identical-n2-b3 kind=identical n=2 stagger=0.000 coprefill=False spread=0.159 gate=- report=['early_divergence']
2026-09-30T09:09:59.483+00:00   [0] d0 finish=stop completion=93 chunks=34 acc=2.788(chunks) rate=44.86 ttft=0.259 sha=774bf9418857 early_divergence div@1 head='Standard attention mechanisms sc' tail='tensive context windows.'
2026-09-30T09:09:59.483+00:00   [1] d0 finish=stop completion=94 chunks=47 acc=2.022(chunks) rate=33.14 ttft=0.100 sha=2774341ec8f4 early_divergence div@164 head='Sparse attention mitigates the q' tail='g performance and speed.'
2026-09-30T09:10:05.618+00:00 burst=distinct-n2-b1 kind=distinct n=2 stagger=0.000 coprefill=False spread=0.208 gate=- report=['early_divergence']
2026-09-30T09:10:05.619+00:00   [0] d0 finish=stop completion=95 chunks=46 acc=2.089(chunks) rate=31.51 ttft=0.144 sha=fd42320bee1b early_divergence div@164 head='Sparse attention mitigates the q' tail='n large language models.'
2026-09-30T09:10:05.619+00:00   [1] d1 finish=stop completion=75 chunks=31 acc=2.467(chunks) rate=34.87 ttft=0.352 sha=eadf9933adfc early_divergence div@80 head='A bicycle gear system uses mecha' tail='wer for varying terrain.'
2026-09-30T09:10:11.560+00:00 burst=distinct-n2-b2 kind=distinct n=2 stagger=0.000 coprefill=False spread=0.201 gate=- report=['early_divergence']
2026-09-30T09:10:11.560+00:00   [0] d0 finish=stop completion=95 chunks=46 acc=2.089(chunks) rate=33.59 ttft=0.135 sha=fd42320bee1b early_divergence div@164 head='Sparse attention mitigates the q' tail='n large language models.'
2026-09-30T09:10:11.560+00:00   [1] d1 finish=stop completion=75 chunks=31 acc=2.467(chunks) rate=38.02 ttft=0.336 sha=eadf9933adfc early_divergence div@80 head='A bicycle gear system uses mecha' tail='wer for varying terrain.'
2026-09-30T09:10:17.111+00:00 burst=distinct-n2-b3 kind=distinct n=2 stagger=0.000 coprefill=False spread=0.162 gate=- report=['early_divergence']
2026-09-30T09:10:17.111+00:00   [0] d0 finish=stop completion=93 chunks=34 acc=2.788(chunks) rate=40.18 ttft=0.254 sha=774bf9418857 early_divergence div@1 head='Standard attention mechanisms sc' tail='tensive context windows.'
2026-09-30T09:10:17.111+00:00   [1] d1 finish=stop completion=70 chunks=35 acc=2.029(chunks) rate=28.85 ttft=0.092 sha=c61d8657cdea early_divergence div@80 head='A bicycle gear system uses mecha' tail='torque for higher speed.'
2026-09-30T09:10:23.753+00:00 burst=identical-n3-b1 kind=identical n=3 stagger=0.000 coprefill=False spread=0.178 gate=- report=['early_divergence']
2026-09-30T09:10:23.754+00:00   [0] d0 finish=stop completion=94 chunks=39 acc=2.447(chunks) rate=32.42 ttft=0.277 sha=3bf26d1e5286 early_divergence div@1 head='Standard attention mechanisms sc' tail='ing extensive documents.'
2026-09-30T09:10:23.754+00:00   [1] d0 finish=stop completion=95 chunks=47 acc=2.043(chunks) rate=28.00 ttft=0.277 sha=f231686bb8ae early_divergence div@17 head='Sparse attention significantly e' tail=' contextual information.'
2026-09-30T09:10:23.754+00:00   [2] d0 finish=stop completion=95 chunks=45 acc=2.136(chunks) rate=28.41 ttft=0.099 sha=62032dac1eb1 early_divergence div@164 head='Sparse attention mitigates the q' tail='n large language models.'
2026-09-30T09:10:30.187+00:00 burst=identical-n3-b2 kind=identical n=3 stagger=0.000 coprefill=False spread=0.177 gate=- report=['early_divergence']
2026-09-30T09:10:30.187+00:00   [0] d0 finish=stop completion=95 chunks=45 acc=2.136(chunks) rate=30.38 ttft=0.101 sha=62032dac1eb1 early_divergence div@164 head='Sparse attention mitigates the q' tail='n large language models.'
2026-09-30T09:10:30.187+00:00   [1] d0 finish=stop completion=94 chunks=39 acc=2.447(chunks) rate=35.02 ttft=0.277 sha=3bf26d1e5286 early_divergence div@1 head='Standard attention mechanisms sc' tail='ing extensive documents.'
2026-09-30T09:10:30.187+00:00   [2] d0 finish=stop completion=95 chunks=47 acc=2.043(chunks) rate=29.87 ttft=0.278 sha=f231686bb8ae early_divergence div@17 head='Sparse attention significantly e' tail=' contextual information.'
2026-09-30T09:10:36.383+00:00 burst=identical-n3-b3 kind=identical n=3 stagger=0.000 coprefill=False spread=0.216 gate=- report=['early_divergence']
2026-09-30T09:10:36.383+00:00   [0] d0 finish=stop completion=92 chunks=35 acc=2.676(chunks) rate=36.65 ttft=0.205 sha=d347660dc6fd early_divergence div@1 head='Standard attention mechanisms sc' tail='onstrained environments.'
2026-09-30T09:10:36.383+00:00   [1] d0 finish=stop completion=97 chunks=42 acc=2.341(chunks) rate=33.44 ttft=0.318 sha=8c72002c99a8 early_divergence div@1 head='Standard attention mechanisms sc' tail='ulti-turn conversations.'
2026-09-30T09:10:36.383+00:00   [2] d0 finish=stop completion=95 chunks=44 acc=2.186(chunks) rate=31.03 ttft=0.102 sha=6d649c036933 early_divergence div@164 head='Sparse attention mitigates the q' tail='n large language models.'
2026-09-30T09:10:42.645+00:00 burst=distinct-n3-b1 kind=distinct n=3 stagger=0.000 coprefill=False spread=0.183 gate=- report=['early_divergence']
2026-09-30T09:10:42.645+00:00   [0] d0 finish=stop completion=105 chunks=47 acc=2.261(chunks) rate=35.47 ttft=0.325 sha=4c77871f8919 early_divergence div@17 head='Sparse attention significantly e' tail='or real-world use cases.'
2026-09-30T09:10:42.645+00:00   [1] d1 finish=stop completion=74 chunks=33 acc=2.281(chunks) rate=33.69 ttft=0.325 sha=02dbae298851 ok div@165 head='A bicycle gear system uses mecha' tail='torque for higher speed.'
2026-09-30T09:10:42.645+00:00   [2] d2 finish=stop completion=43 chunks=12 acc=3.818(chunks) rate=48.04 ttft=0.142 sha=097672f98733 ok div@None head='2, 3, 5, 7, 11, 13, 17, 19, 23, ' tail=', 17, 19, 23, 29, 31, 37'
2026-09-30T09:10:48.786+00:00 burst=distinct-n3-b2 kind=distinct n=3 stagger=0.000 coprefill=False spread=0.174 gate=- report=['early_divergence']
2026-09-30T09:10:48.786+00:00   [0] d0 finish=stop completion=94 chunks=47 acc=2.022(chunks) rate=30.64 ttft=0.099 sha=2774341ec8f4 early_divergence div@164 head='Sparse attention mitigates the q' tail='g performance and speed.'
2026-09-30T09:10:48.786+00:00   [1] d1 finish=stop completion=76 chunks=35 acc=2.206(chunks) rate=32.35 ttft=0.273 sha=e8a944e43d20 early_divergence div@80 head='A bicycle gear system uses mecha' tail=' for varying conditions.'
2026-09-30T09:10:48.786+00:00   [2] d2 finish=stop completion=43 chunks=12 acc=3.818(chunks) rate=49.36 ttft=0.274 sha=097672f98733 ok div@None head='2, 3, 5, 7, 11, 13, 17, 19, 23, ' tail=', 17, 19, 23, 29, 31, 37'
2026-09-30T09:10:54.989+00:00 burst=distinct-n3-b3 kind=distinct n=3 stagger=0.000 coprefill=False spread=0.189 gate=- report=['early_divergence']
2026-09-30T09:10:54.989+00:00   [0] d0 finish=stop completion=105 chunks=47 acc=2.261(chunks) rate=35.69 ttft=0.281 sha=4c77871f8919 early_divergence div@17 head='Sparse attention significantly e' tail='or real-world use cases.'
2026-09-30T09:10:54.989+00:00   [1] d1 finish=stop completion=74 chunks=33 acc=2.281(chunks) rate=33.80 ttft=0.281 sha=02dbae298851 ok div@165 head='A bicycle gear system uses mecha' tail='torque for higher speed.'
2026-09-30T09:10:54.989+00:00   [2] d2 finish=stop completion=43 chunks=12 acc=3.818(chunks) rate=47.58 ttft=0.092 sha=097672f98733 ok div@None head='2, 3, 5, 7, 11, 13, 17, 19, 23, ' tail=', 17, 19, 23, 29, 31, 37'
2026-09-30T09:11:01.911+00:00 burst=identical-n5-b1 kind=identical n=5 stagger=0.000 coprefill=False spread=0.221 gate=- report=['early_divergence']
2026-09-30T09:11:01.911+00:00   [0] d0 finish=stop completion=94 chunks=42 acc=2.268(chunks) rate=28.28 ttft=0.325 sha=c6257057fc76 early_divergence div@1 head='Standard attention mechanisms sc' tail='ical application limits.'
2026-09-30T09:11:01.911+00:00   [1] d0 finish=stop completion=97 chunks=46 acc=2.133(chunks) rate=26.73 ttft=0.324 sha=6381d2b59382 early_divergence div@17 head='Sparse attention significantly e' tail='ong-context AI feasible.'
2026-09-30T09:11:01.911+00:00   [2] d0 finish=stop completion=94 chunks=45 acc=2.114(chunks) rate=26.37 ttft=0.325 sha=5ea913999162 ok div@241 head='Sparse attention mitigates the q' tail='ormance and scalability.'
2026-09-30T09:11:01.911+00:00   [3] d0 finish=stop completion=96 chunks=44 acc=2.209(chunks) rate=27.50 ttft=0.324 sha=7086bc8c0441 early_divergence div@1 head='Standard attention mechanisms sc' tail='ming hardware resources.'
2026-09-30T09:11:01.911+00:00   [4] d0 finish=stop completion=94 chunks=45 acc=2.114(chunks) rate=25.88 ttft=0.104 sha=9e1e92f41e6c early_divergence div@164 head='Sparse attention mitigates the q' tail='ormance and scalability.'
2026-09-30T09:11:09.134+00:00 burst=identical-n5-b2 kind=identical n=5 stagger=0.000 coprefill=False spread=0.246 gate=- report=['early_divergence']
2026-09-30T09:11:09.134+00:00   [0] d0 finish=stop completion=92 chunks=42 acc=2.220(chunks) rate=27.90 ttft=0.729 sha=8d7dcdd5d2cd early_divergence div@17 head='Sparse attention significantly e' tail='for massive text inputs.'
2026-09-30T09:11:09.134+00:00   [1] d0 finish=stop completion=93 chunks=47 acc=2.000(chunks) rate=26.40 ttft=0.729 sha=fd7f924f5702 early_divergence div@17 head='Sparse attention significantly e' tail=' practical applications.'
2026-09-30T09:11:09.134+00:00   [2] d0 finish=stop completion=93 chunks=40 acc=2.359(chunks) rate=28.99 ttft=0.483 sha=a332783dfd0d early_divergence div@17 head='Sparse attention significantly e' tail='long-term conversations.'
2026-09-30T09:11:09.134+00:00   [3] d0 finish=stop completion=93 chunks=40 acc=2.359(chunks) rate=29.00 ttft=0.483 sha=a332783dfd0d early_divergence div@17 head='Sparse attention significantly e' tail='long-term conversations.'
2026-09-30T09:11:09.134+00:00   [4] d0 finish=stop completion=96 chunks=38 acc=2.568(chunks) rate=32.45 ttft=0.729 sha=fa2f492cceeb early_divergence div@1 head='Standard attention mechanisms sc' tail='ming hardware resources.'
2026-09-30T09:11:16.051+00:00 burst=identical-n5-b3 kind=identical n=5 stagger=0.000 coprefill=False spread=0.204 gate=- report=['early_divergence']
2026-09-30T09:11:16.051+00:00   [0] d0 finish=stop completion=94 chunks=45 acc=2.114(chunks) rate=25.94 ttft=0.103 sha=9e1e92f41e6c early_divergence div@164 head='Sparse attention mitigates the q' tail='ormance and scalability.'
2026-09-30T09:11:16.051+00:00   [1] d0 finish=stop completion=94 chunks=45 acc=2.114(chunks) rate=26.30 ttft=0.308 sha=5ea913999162 ok div@241 head='Sparse attention mitigates the q' tail='ormance and scalability.'
2026-09-30T09:11:16.051+00:00   [2] d0 finish=stop completion=97 chunks=46 acc=2.133(chunks) rate=26.65 ttft=0.307 sha=6381d2b59382 early_divergence div@17 head='Sparse attention significantly e' tail='ong-context AI feasible.'
2026-09-30T09:11:16.051+00:00   [3] d0 finish=stop completion=96 chunks=44 acc=2.209(chunks) rate=27.42 ttft=0.306 sha=7086bc8c0441 early_divergence div@1 head='Standard attention mechanisms sc' tail='ming hardware resources.'
2026-09-30T09:11:16.051+00:00   [4] d0 finish=stop completion=94 chunks=42 acc=2.268(chunks) rate=28.22 ttft=0.308 sha=c6257057fc76 early_divergence div@1 head='Standard attention mechanisms sc' tail='ical application limits.'
2026-09-30T09:11:22.837+00:00 burst=distinct-n5-b1 kind=distinct n=5 stagger=0.000 coprefill=False spread=0.247 gate=- report=['early_divergence']
2026-09-30T09:11:22.837+00:00   [0] d0 finish=stop completion=98 chunks=47 acc=2.109(chunks) rate=26.55 ttft=0.122 sha=1ef690ff9f14 early_divergence div@66 head='Sparse attention mitigates the q' tail='ible and cost-effective.'
2026-09-30T09:11:22.837+00:00   [1] d1 finish=stop completion=71 chunks=31 acc=2.333(chunks) rate=27.13 ttft=0.369 sha=53845d361929 ok div@165 head='A bicycle gear system uses mecha' tail=' to overcome resistance.'
2026-09-30T09:11:22.837+00:00   [2] d2 finish=stop completion=43 chunks=12 acc=3.818(chunks) rate=38.91 ttft=0.245 sha=097672f98733 ok div@None head='2, 3, 5, 7, 11, 13, 17, 19, 23, ' tail=', 17, 19, 23, 29, 31, 37'
2026-09-30T09:11:22.837+00:00   [3] d3 finish=stop completion=93 chunks=37 acc=2.556(chunks) rate=30.34 ttft=0.245 sha=5cc7ca3d4cc6 early_divergence div@4 head='The sun warms up the water in oc' tail=' journey all over again.'
2026-09-30T09:11:22.837+00:00   [4] d4 finish=stop completion=102 chunks=27 acc=3.885(chunks) rate=42.53 ttft=0.122 sha=d3af644442cd early_divergence div@80 head='```python\ndef fibonacci(n: int) ' tail=', a + b\n    return b\n```'
2026-09-30T09:11:29.275+00:00 burst=distinct-n5-b2 kind=distinct n=5 stagger=0.000 coprefill=False spread=0.211 gate=- report=['early_divergence']
2026-09-30T09:11:29.275+00:00   [0] d0 finish=stop completion=97 chunks=42 acc=2.341(chunks) rate=28.86 ttft=0.103 sha=7ab80252b9ac early_divergence div@193 head='Sparse attention mitigates the q' tail='n large language models.'
2026-09-30T09:11:29.275+00:00   [1] d1 finish=stop completion=70 chunks=27 acc=2.654(chunks) rate=30.02 ttft=0.313 sha=545c3e841cac ok div@165 head='A bicycle gear system uses mecha' tail=' to overcome resistance.'
2026-09-30T09:11:29.275+00:00   [2] d2 finish=stop completion=43 chunks=12 acc=3.818(chunks) rate=40.20 ttft=0.313 sha=097672f98733 ok div@None head='2, 3, 5, 7, 11, 13, 17, 19, 23, ' tail=', 17, 19, 23, 29, 31, 37'
2026-09-30T09:11:29.275+00:00   [3] d3 finish=stop completion=89 chunks=35 acc=2.588(chunks) rate=31.01 ttft=0.313 sha=0596173be865 early_divergence div@4 head='The sun warms up the water in oc' tail=' journey all over again.'
2026-09-30T09:11:29.275+00:00   [4] d4 finish=stop completion=102 chunks=27 acc=3.885(chunks) rate=42.46 ttft=0.314 sha=cb9c046d4e9a ok div@None head='```python\ndef fibonacci(n: int) ' tail=', a + b\n    return b\n```'
2026-09-30T09:11:35.753+00:00 burst=distinct-n5-b3 kind=distinct n=5 stagger=0.000 coprefill=False spread=0.209 gate=- report=['early_divergence']
2026-09-30T09:11:35.753+00:00   [0] d0 finish=stop completion=97 chunks=42 acc=2.341(chunks) rate=28.81 ttft=0.138 sha=7ab80252b9ac early_divergence div@193 head='Sparse attention mitigates the q' tail='n large language models.'
2026-09-30T09:11:35.753+00:00   [1] d1 finish=stop completion=70 chunks=27 acc=2.654(chunks) rate=29.92 ttft=0.346 sha=545c3e841cac ok div@165 head='A bicycle gear system uses mecha' tail=' to overcome resistance.'
2026-09-30T09:11:35.754+00:00   [2] d2 finish=stop completion=43 chunks=12 acc=3.818(chunks) rate=40.30 ttft=0.345 sha=097672f98733 ok div@None head='2, 3, 5, 7, 11, 13, 17, 19, 23, ' tail=', 17, 19, 23, 29, 31, 37'
2026-09-30T09:11:35.754+00:00   [3] d3 finish=stop completion=89 chunks=35 acc=2.588(chunks) rate=30.89 ttft=0.345 sha=0596173be865 early_divergence div@4 head='The sun warms up the water in oc' tail=' journey all over again.'
2026-09-30T09:11:35.754+00:00   [4] d4 finish=stop completion=102 chunks=27 acc=3.885(chunks) rate=42.29 ttft=0.345 sha=cb9c046d4e9a ok div@None head='```python\ndef fibonacci(n: int) ' tail=', a + b\n    return b\n```'
2026-09-30T09:11:43.282+00:00 burst=identical-n8-b1 kind=identical n=8 stagger=0.000 coprefill=False spread=0.231 gate=- report=['early_divergence']
2026-09-30T09:11:43.282+00:00   [0] d0 finish=stop completion=101 chunks=47 acc=2.174(chunks) rate=24.80 ttft=0.104 sha=4bfa1bf64b96 early_divergence div@193 head='Sparse attention mitigates the q' tail='complex reasoning tasks.'
2026-09-30T09:11:43.282+00:00   [1] d0 finish=stop completion=91 chunks=42 acc=2.195(chunks) rate=24.98 ttft=0.334 sha=29dbd9358c10 early_divergence div@132 head='Sparse attention mitigates the q' tail='real-world applications.'
2026-09-30T09:11:43.282+00:00   [2] d0 finish=stop completion=93 chunks=37 acc=2.556(chunks) rate=28.87 ttft=0.333 sha=ca53988def6a early_divergence div@1 head='Standard attention mechanisms sc' tail='tensive context windows.'
2026-09-30T09:11:43.282+00:00   [3] d0 finish=stop completion=95 chunks=39 acc=2.474(chunks) rate=27.82 ttft=0.334 sha=30da1fd13f33 early_divergence div@1 head='Standard attention mechanisms sc' tail='pplication requirements.'
2026-09-30T09:11:43.282+00:00   [4] d0 finish=stop completion=90 chunks=39 acc=2.342(chunks) rate=26.34 ttft=0.334 sha=74645c0c0861 early_divergence div@1 head='Standard attention mechanisms sc' tail='ontextual understanding.'
2026-09-30T09:11:43.282+00:00   [5] d0 finish=stop completion=94 chunks=40 acc=2.385(chunks) rate=26.90 ttft=0.333 sha=ae36ad6fd27b early_divergence div@1 head='Standard attention mechanisms sc' tail='pplication requirements.'
2026-09-30T09:11:43.282+00:00   [6] d0 finish=stop completion=103 chunks=52 acc=2.000(chunks) rate=24.38 ttft=0.335 sha=e694b3323d24 early_divergence div@17 head='Sparse attention significantly e' tail='nt long-range reasoning.'
2026-09-30T09:11:43.282+00:00   [7] d0 finish=stop completion=93 chunks=35 acc=2.706(chunks) rate=29.75 ttft=0.333 sha=4894a43dbae9 early_divergence div@1 head='Standard attention mechanisms sc' tail='complex reasoning tasks.'
2026-09-30T09:11:50.802+00:00 burst=identical-n8-b2 kind=identical n=8 stagger=0.000 coprefill=False spread=0.235 gate=- report=['early_divergence']
2026-09-30T09:11:50.802+00:00   [0] d0 finish=stop completion=94 chunks=40 acc=2.385(chunks) rate=27.02 ttft=0.341 sha=ae36ad6fd27b early_divergence div@1 head='Standard attention mechanisms sc' tail='pplication requirements.'
2026-09-30T09:11:50.802+00:00   [1] d0 finish=stop completion=103 chunks=52 acc=2.000(chunks) rate=24.47 ttft=0.342 sha=e694b3323d24 early_divergence div@17 head='Sparse attention significantly e' tail='nt long-range reasoning.'
2026-09-30T09:11:50.802+00:00   [2] d0 finish=stop completion=93 chunks=37 acc=2.556(chunks) rate=28.97 ttft=0.343 sha=ca53988def6a early_divergence div@1 head='Standard attention mechanisms sc' tail='tensive context windows.'
2026-09-30T09:11:50.802+00:00   [3] d0 finish=stop completion=101 chunks=47 acc=2.174(chunks) rate=24.87 ttft=0.109 sha=4bfa1bf64b96 early_divergence div@193 head='Sparse attention mitigates the q' tail='complex reasoning tasks.'
2026-09-30T09:11:50.802+00:00   [4] d0 finish=stop completion=95 chunks=39 acc=2.474(chunks) rate=28.02 ttft=0.341 sha=30da1fd13f33 early_divergence div@1 head='Standard attention mechanisms sc' tail='pplication requirements.'
2026-09-30T09:11:50.802+00:00   [5] d0 finish=stop completion=91 chunks=42 acc=2.195(chunks) rate=25.08 ttft=0.342 sha=29dbd9358c10 early_divergence div@132 head='Sparse attention mitigates the q' tail='real-world applications.'
2026-09-30T09:11:50.802+00:00   [6] d0 finish=stop completion=90 chunks=39 acc=2.342(chunks) rate=26.54 ttft=0.343 sha=74645c0c0861 early_divergence div@1 head='Standard attention mechanisms sc' tail='ontextual understanding.'
2026-09-30T09:11:50.802+00:00   [7] d0 finish=stop completion=93 chunks=35 acc=2.706(chunks) rate=29.85 ttft=0.344 sha=4894a43dbae9 early_divergence div@1 head='Standard attention mechanisms sc' tail='complex reasoning tasks.'
2026-09-30T09:11:58.367+00:00 burst=identical-n8-b3 kind=identical n=8 stagger=0.000 coprefill=False spread=0.233 gate=- report=['early_divergence']
2026-09-30T09:11:58.367+00:00   [0] d0 finish=stop completion=93 chunks=35 acc=2.706(chunks) rate=29.82 ttft=0.373 sha=4894a43dbae9 early_divergence div@1 head='Standard attention mechanisms sc' tail='complex reasoning tasks.'
2026-09-30T09:11:58.367+00:00   [1] d0 finish=stop completion=95 chunks=39 acc=2.474(chunks) rate=27.97 ttft=0.372 sha=30da1fd13f33 early_divergence div@1 head='Standard attention mechanisms sc' tail='pplication requirements.'
2026-09-30T09:11:58.367+00:00   [2] d0 finish=stop completion=101 chunks=47 acc=2.174(chunks) rate=24.81 ttft=0.141 sha=4bfa1bf64b96 early_divergence div@193 head='Sparse attention mitigates the q' tail='complex reasoning tasks.'
2026-09-30T09:11:58.367+00:00   [3] d0 finish=stop completion=93 chunks=37 acc=2.556(chunks) rate=28.94 ttft=0.373 sha=ca53988def6a early_divergence div@1 head='Standard attention mechanisms sc' tail='tensive context windows.'
2026-09-30T09:11:58.367+00:00   [4] d0 finish=stop completion=91 chunks=42 acc=2.195(chunks) rate=25.00 ttft=0.371 sha=29dbd9358c10 early_divergence div@132 head='Sparse attention mitigates the q' tail='real-world applications.'
2026-09-30T09:11:58.367+00:00   [5] d0 finish=stop completion=94 chunks=40 acc=2.385(chunks) rate=26.96 ttft=0.374 sha=ae36ad6fd27b early_divergence div@1 head='Standard attention mechanisms sc' tail='pplication requirements.'
2026-09-30T09:11:58.367+00:00   [6] d0 finish=stop completion=103 chunks=52 acc=2.000(chunks) rate=24.39 ttft=0.373 sha=e694b3323d24 early_divergence div@17 head='Sparse attention significantly e' tail='nt long-range reasoning.'
2026-09-30T09:11:58.367+00:00   [7] d0 finish=stop completion=90 chunks=39 acc=2.342(chunks) rate=26.48 ttft=0.374 sha=74645c0c0861 early_divergence div@1 head='Standard attention mechanisms sc' tail='ontextual understanding.'
2026-09-30T09:12:05.547+00:00 burst=distinct-n8-b1 kind=distinct n=8 stagger=0.000 coprefill=False spread=0.266 gate=- report=['early_divergence']
2026-09-30T09:12:05.547+00:00   [0] d0 finish=stop completion=92 chunks=43 acc=2.167(chunks) rate=23.87 ttft=0.358 sha=1765bc5c05ca early_divergence div@1 head='Standard attention mechanisms sc' tail='attention architectures.'
2026-09-30T09:12:05.547+00:00   [1] d1 finish=stop completion=71 chunks=32 acc=2.258(chunks) rate=22.47 ttft=0.357 sha=45a99dd0288a ok div@165 head='A bicycle gear system uses mecha' tail=' for increased velocity.'
2026-09-30T09:12:05.547+00:00   [2] d2 finish=stop completion=43 chunks=12 acc=3.818(chunks) rate=32.15 ttft=0.092 sha=097672f98733 ok div@None head='2, 3, 5, 7, 11, 13, 17, 19, 23, ' tail=', 17, 19, 23, 29, 31, 37'
2026-09-30T09:12:05.547+00:00   [3] d3 finish=stop completion=103 chunks=40 acc=2.615(chunks) rate=28.02 ttft=0.357 sha=1ba9d079ebc1 early_divergence div@16 head='The water cycle starts when the ' tail=' journey all over again.'
2026-09-30T09:12:05.547+00:00   [4] d4 finish=stop completion=102 chunks=26 acc=4.040(chunks) rate=37.49 ttft=0.356 sha=cb9c046d4e9a ok div@None head='```python\ndef fibonacci(n: int) ' tail=', a + b\n    return b\n```'
2026-09-30T09:12:05.547+00:00   [5] d5 finish=stop completion=19 chunks=8 acc=2.571(chunks) rate=21.68 ttft=0.358 sha=fbd9a6af1079 early_divergence div@63 head='La bibliothèque ouvre à neuf heu' tail='res les jours ouvrables.'
2026-09-30T09:12:05.547+00:00   [6] d6 finish=stop completion=71 chunks=31 acc=2.333(chunks) rate=23.08 ttft=0.356 sha=a050651cfc6d early_divergence div@65 head='1. Reduce watering frequency sig' tail='ensate for shorter days.'
2026-09-30T09:12:05.547+00:00   [7] d7 finish=stop completion=67 chunks=18 acc=3.882(chunks) rate=35.59 ttft=0.357 sha=c39be9b87ae0 ok div@None head='{\n  "name": "Eiffel Tower",\n  "y' tail='re",\n    "Tourism"\n  ]\n}'
2026-09-30T09:12:12.595+00:00 burst=distinct-n8-b2 kind=distinct n=8 stagger=0.000 coprefill=False spread=0.267 gate=- report=['early_divergence']
2026-09-30T09:12:12.595+00:00   [0] d0 finish=stop completion=95 chunks=41 acc=2.350(chunks) rate=25.60 ttft=0.364 sha=30da1fd13f33 early_divergence div@1 head='Standard attention mechanisms sc' tail='pplication requirements.'
2026-09-30T09:12:12.595+00:00   [1] d1 finish=stop completion=71 chunks=32 acc=2.258(chunks) rate=22.53 ttft=0.365 sha=45a99dd0288a ok div@165 head='A bicycle gear system uses mecha' tail=' for increased velocity.'
2026-09-30T09:12:12.595+00:00   [2] d2 finish=stop completion=43 chunks=12 acc=3.818(chunks) rate=32.26 ttft=0.098 sha=097672f98733 ok div@None head='2, 3, 5, 7, 11, 13, 17, 19, 23, ' tail=', 17, 19, 23, 29, 31, 37'
2026-09-30T09:12:12.595+00:00   [3] d3 finish=stop completion=102 chunks=38 acc=2.730(chunks) rate=28.86 ttft=0.364 sha=13787128752e early_divergence div@16 head='The water cycle starts when the ' tail=' journey all over again.'
2026-09-30T09:12:12.595+00:00   [4] d4 finish=stop completion=102 chunks=26 acc=4.040(chunks) rate=37.58 ttft=0.365 sha=cb9c046d4e9a ok div@None head='```python\ndef fibonacci(n: int) ' tail=', a + b\n    return b\n```'
2026-09-30T09:12:12.595+00:00   [5] d5 finish=stop completion=19 chunks=8 acc=2.571(chunks) rate=22.08 ttft=0.364 sha=fbd9a6af1079 early_divergence div@63 head='La bibliothèque ouvre à neuf heu' tail='res les jours ouvrables.'
2026-09-30T09:12:12.595+00:00   [6] d6 finish=stop completion=71 chunks=31 acc=2.333(chunks) rate=23.14 ttft=0.363 sha=a050651cfc6d early_divergence div@65 head='1. Reduce watering frequency sig' tail='ensate for shorter days.'
2026-09-30T09:12:12.595+00:00   [7] d7 finish=stop completion=67 chunks=18 acc=3.882(chunks) rate=35.70 ttft=0.364 sha=c39be9b87ae0 ok div@None head='{\n  "name": "Eiffel Tower",\n  "y' tail='re",\n    "Tourism"\n  ]\n}'
2026-09-30T09:12:19.727+00:00 burst=distinct-n8-b3 kind=distinct n=8 stagger=0.000 coprefill=False spread=0.260 gate=- report=['early_divergence']
2026-09-30T09:12:19.727+00:00   [0] d0 finish=stop completion=96 chunks=43 acc=2.262(chunks) rate=23.64 ttft=0.106 sha=0905ae89d31b early_divergence div@57 head='Sparse attention mitigates the q' tail='e, attention mechanisms.'
2026-09-30T09:12:19.727+00:00   [1] d1 finish=stop completion=74 chunks=31 acc=2.433(chunks) rate=23.56 ttft=0.363 sha=e16e691f252a ok div@165 head='A bicycle gear system uses mecha' tail='wer for varying terrain.'
2026-09-30T09:12:19.727+00:00   [2] d2 finish=stop completion=43 chunks=12 acc=3.818(chunks) rate=34.03 ttft=0.364 sha=097672f98733 ok div@None head='2, 3, 5, 7, 11, 13, 17, 19, 23, ' tail=', 17, 19, 23, 29, 31, 37'
2026-09-30T09:12:19.727+00:00   [3] d3 finish=stop completion=102 chunks=40 acc=2.590(chunks) rate=27.72 ttft=0.363 sha=13787128752e early_divergence div@16 head='The water cycle starts when the ' tail=' journey all over again.'
2026-09-30T09:12:19.727+00:00   [4] d4 finish=stop completion=102 chunks=26 acc=4.040(chunks) rate=37.66 ttft=0.362 sha=cb9c046d4e9a ok div@None head='```python\ndef fibonacci(n: int) ' tail=', a + b\n    return b\n```'
2026-09-30T09:12:19.727+00:00   [5] d5 finish=stop completion=19 chunks=8 acc=2.571(chunks) rate=22.66 ttft=0.365 sha=fbd9a6af1079 early_divergence div@63 head='La bibliothèque ouvre à neuf heu' tail='res les jours ouvrables.'
2026-09-30T09:12:19.727+00:00   [6] d6 finish=stop completion=70 chunks=33 acc=2.156(chunks) rate=21.69 ttft=0.363 sha=6ed0508ab41c ok div@189 head='1. Reduce watering frequency sig' tail='ensate for shorter days.'
2026-09-30T09:12:19.727+00:00   [7] d7 finish=stop completion=67 chunks=18 acc=3.882(chunks) rate=35.80 ttft=0.363 sha=c39be9b87ae0 ok div@None head='{\n  "name": "Eiffel Tower",\n  "y' tail='re",\n    "Tourism"\n  ]\n}'
2026-09-30T09:12:25.303+00:00 burst=staggered-identical-n2 kind=identical n=2 stagger=0.250 coprefill=False spread=0.371 gate=- report=['early_divergence']
2026-09-30T09:12:25.303+00:00   [0] d0 finish=stop completion=95 chunks=41 acc=2.350(chunks) rate=38.12 ttft=0.101 sha=818602e63bfe ok div@333 head='Sparse attention mitigates the q' tail='n large language models.'
2026-09-30T09:12:25.303+00:00   [1] d0 finish=stop completion=93 chunks=34 acc=2.788(chunks) rate=45.35 ttft=0.222 sha=774bf9418857 early_divergence div@1 head='Standard attention mechanisms sc' tail='tensive context windows.'
2026-09-30T09:12:30.964+00:00 burst=staggered-distinct-n3 kind=distinct n=3 stagger=0.250 coprefill=False spread=0.603 gate=- report=['early_divergence']
2026-09-30T09:12:30.964+00:00   [0] d0 finish=stop completion=90 chunks=38 acc=2.405(chunks) rate=34.82 ttft=0.099 sha=e214644d0d7e early_divergence div@132 head='Sparse attention mitigates the q' tail='ageable inference costs.'
2026-09-30T09:12:30.964+00:00   [1] d1 finish=stop completion=67 chunks=28 acc=2.444(chunks) rate=34.45 ttft=0.215 sha=e99d6094a312 early_divergence div@77 head='A bicycle gear system uses mecha' tail=' for varying conditions.'
2026-09-30T09:12:30.964+00:00   [2] d2 finish=stop completion=43 chunks=12 acc=3.818(chunks) rate=49.76 ttft=0.201 sha=097672f98733 ok div@None head='2, 3, 5, 7, 11, 13, 17, 19, 23, ' tail=', 17, 19, 23, 29, 31, 37'
2026-09-30T09:12:37.972+00:00 burst=staggered-distinct-n5 kind=distinct n=5 stagger=0.250 coprefill=False spread=1.153 gate=- report=['early_divergence']
2026-09-30T09:12:37.972+00:00   [0] d0 finish=stop completion=92 chunks=40 acc=2.333(chunks) rate=28.43 ttft=0.101 sha=50f8a9658adf early_divergence div@132 head='Sparse attention mitigates the q' tail=' speeds and scalability.'
2026-09-30T09:12:37.972+00:00   [1] d1 finish=stop completion=65 chunks=28 acc=2.370(chunks) rate=27.06 ttft=0.212 sha=3d599a0312f2 early_divergence div@77 head='A bicycle gear system uses mecha' tail=' for varying conditions.'
2026-09-30T09:12:37.972+00:00   [2] d2 finish=stop completion=43 chunks=12 acc=3.818(chunks) rate=40.52 ttft=0.195 sha=097672f98733 ok div@None head='2, 3, 5, 7, 11, 13, 17, 19, 23, ' tail=', 17, 19, 23, 29, 31, 37'
2026-09-30T09:12:37.972+00:00   [3] d3 finish=stop completion=101 chunks=40 acc=2.564(chunks) rate=32.91 ttft=0.210 sha=a5cb9def895f early_divergence div@16 head='The water cycle starts when the ' tail=' journey all over again.'
2026-09-30T09:12:37.973+00:00   [4] d4 finish=stop completion=102 chunks=28 acc=3.741(chunks) rate=44.80 ttft=0.254 sha=cb9c046d4e9a ok div@None head='```python\ndef fibonacci(n: int) ' tail=', a + b\n    return b\n```'
2026-09-30T09:12:46.309+00:00 burst=staggered-identical-n8 kind=identical n=8 stagger=0.250 coprefill=False spread=1.969 gate=- report=['early_divergence']
2026-09-30T09:12:46.309+00:00   [0] d0 finish=stop completion=97 chunks=42 acc=2.341(chunks) rate=26.38 ttft=0.104 sha=5bccc33e6e83 early_divergence div@193 head='Sparse attention mitigates the q' tail='n large language models.'
2026-09-30T09:12:46.309+00:00   [1] d0 finish=stop completion=96 chunks=39 acc=2.500(chunks) rate=26.34 ttft=0.170 sha=1ce2e3b94727 early_divergence div@1 head='Standard attention mechanisms sc' tail='ucing inference latency.'
2026-09-30T09:12:46.309+00:00   [2] d0 finish=stop completion=95 chunks=39 acc=2.474(chunks) rate=26.18 ttft=0.213 sha=30da1fd13f33 early_divergence div@1 head='Standard attention mechanisms sc' tail='pplication requirements.'
2026-09-30T09:12:46.309+00:00   [3] d0 finish=stop completion=92 chunks=34 acc=2.758(chunks) rate=28.05 ttft=0.223 sha=d347660dc6fd early_divergence div@1 head='Standard attention mechanisms sc' tail='onstrained environments.'
2026-09-30T09:12:46.309+00:00   [4] d0 finish=stop completion=91 chunks=38 acc=2.432(chunks) rate=26.16 ttft=0.252 sha=28ad902a80be early_divergence div@1 head='Standard attention mechanisms sc' tail='al hardware constraints.'
2026-09-30T09:12:46.309+00:00   [5] d0 finish=stop completion=96 chunks=44 acc=2.209(chunks) rate=25.12 ttft=0.294 sha=489a49d1db88 early_divergence div@193 head='Sparse attention mitigates the q' tail=' contextual information.'
2026-09-30T09:12:46.309+00:00   [6] d0 finish=stop completion=96 chunks=42 acc=2.317(chunks) rate=26.61 ttft=0.257 sha=af05a4d40076 early_divergence div@1 head='Standard attention mechanisms sc' tail='ming hardware resources.'
2026-09-30T09:12:46.309+00:00   [7] d0 finish=stop completion=95 chunks=38 acc=2.541(chunks) rate=29.57 ttft=0.323 sha=6b5b1b878e02 early_divergence div@1 head='Standard attention mechanisms sc' tail='s vast textual contexts.'
2026-09-30T09:12:58.323+00:00 burst=long-pair kind=long n=2 stagger=0.000 coprefill=False spread=2.524 gate=- report=['slow']
2026-09-30T09:12:58.323+00:00   [0] long0 finish=stop completion=6 chunks=2 acc=5.000(chunks) rate=43.85 ttft=8.892 sha=83dab7f91bc1 ok div@None head='74354' tail='74354'
2026-09-30T09:12:58.323+00:00   [1] long1 finish=stop completion=6 chunks=2 acc=5.000(chunks) rate=1.98 ttft=6.368 sha=0ec41e567fc2 slow div@None head='79083' tail='79083'
2026-09-30T09:13:01.861+00:00 burst=image-pair kind=image n=2 stagger=0.000 coprefill=False spread=0.201 gate=- report=['early_divergence']
2026-09-30T09:13:01.861+00:00   [0] img_red finish=stop completion=11 chunks=4 acc=3.333(chunks) rate=37.90 ttft=0.148 sha=0e1c14c4131c ok div@None head='The image is filled with a solid' tail=' with a solid red color.'
2026-09-30T09:13:01.861+00:00   [1] img_blue finish=stop completion=11 chunks=4 acc=3.333(chunks) rate=55.50 ttft=0.349 sha=705b4320e3b4 early_divergence div@2 head='The image is filled with a solid' tail='with a solid blue color.'
2026-09-30T09:13:01.861+00:00 TOTALS bursts=30 streams=130 gate_bursts=0 zero_acc=0 runaway=0 first32_match=0.269 coprefill_bursts=0 per_request_spec_metrics=False
2026-09-30T09:13:01.861+00:00 NOTE: server did not return metrics.speculative_decoding on every stream; acceptance estimated from tokens per chunk (serve with --per-request-spec-decode-metrics summary)
2026-09-30T09:13:01.861+00:00 T0 PASS
