{
 "c1": {
  "stock": [
   39.25,
   38.99,
   39.08,
   39.0
  ],
  "lazy": [
   32.11,
   32.11,
   32.12,
   32.12
  ],
  "eager": [
   44.48,
   44.42,
   44.46,
   44.4
  ],
  "us_per_layer_median": {
   "stock": 39.08,
   "lazy": 32.12,
   "eager": 44.46
  },
  "delta_ms_per_step_36_layers": -0.251
 },
 "c8": {
  "stock": [
   298.95,
   298.84,
   299.92,
   298.78
  ],
  "lazy": [
   134.14,
   134.31,
   134.26,
   134.31
  ],
  "eager": [
   311.27,
   311.42,
   311.59,
   311.5
  ],
  "us_per_layer_median": {
   "stock": 298.95,
   "lazy": 134.31,
   "eager": 311.5
  },
  "delta_ms_per_step_36_layers": -5.927
 }
}
