2026-09-30T04:36:36.709+00:00 bench_probe v1 url=http://127.0.0.1:8000/v1/chat/completions sizes=[2, 3, 5, 8] kinds=['identical', 'distinct'] bursts_per_shape=3 max_tokens=256
2026-09-30T04:36:39.196+00:00 ref d0 finish=stop completion=95 acc=2.186 ttft=0.226 sha=1bc21cf272cf head='Sparse attention mitigates the quadratic'
2026-09-30T04:36:41.914+00:00 ref d1 finish=stop completion=78 acc=2.484 ttft=0.117 sha=5acea74ca90b head='A bicycle gear system uses mechanical ad'
2026-09-30T04:36:43.606+00:00 ref d2 finish=stop completion=43 acc=3.818 ttft=0.097 sha=097672f98733 head='2, 3, 5, 7, 11, 13, 17, 19, 23, 29, 31, '
2026-09-30T04:36:46.598+00:00 ref d3 finish=stop completion=100 acc=2.750 ttft=0.109 sha=d680da3fca93 head='The water cycle is like a giant, never-e'
2026-09-30T04:36:49.153+00:00 ref d4 finish=stop completion=102 acc=3.885 ttft=0.121 sha=cb9c046d4e9a head='```python\ndef fibonacci(n: int) -> int:\n'
2026-09-30T04:36:50.636+00:00 ref d5 finish=stop completion=19 acc=2.571 ttft=0.123 sha=fbd9a6af1079 head='La bibliothèque ouvre à neuf heures et f'
2026-09-30T04:36:53.489+00:00 ref d6 finish=stop completion=70 acc=2.091 ttft=0.117 sha=6ed0508ab41c head='1. Reduce watering frequency significant'
2026-09-30T04:36:55.556+00:00 ref d7 finish=stop completion=67 acc=3.882 ttft=0.123 sha=c39be9b87ae0 head='{\n  "name": "Eiffel Tower",\n  "year": 18'
2026-09-30T04:37:01.327+00:00 ref long0 finish=stop completion=6 acc=5.000 ttft=4.719 sha=83dab7f91bc1 head='74354'
2026-09-30T04:37:06.600+00:00 ref long1 finish=stop completion=6 acc=5.000 ttft=4.180 sha=0ec41e567fc2 head='79083'
2026-09-30T04:37:08.007+00:00 ref img_red finish=stop completion=11 acc=3.333 ttft=0.245 sha=0e1c14c4131c head='The image is filled with a solid red col'
2026-09-30T04:37:09.373+00:00 ref img_blue finish=stop completion=12 acc=3.667 ttft=0.199 sha=e09f064fdb3c head='This image is filled with a single solid'
2026-09-30T04:37:16.459+00:00 burst=identical-n2-b1 kind=identical n=2 stagger=0.000 coprefill=False spread=0.376 gate=- report=['early_divergence']
2026-09-30T04:37:16.459+00:00   [0] d0 finish=stop completion=97 chunks=39 acc=2.526(chunks) rate=41.05 ttft=0.475 sha=3468330c753f early_divergence div@1 head='Standard attention mechanisms sc' tail='ming hardware resources.'
2026-09-30T04:37:16.459+00:00   [1] d0 finish=stop completion=94 chunks=46 acc=2.067(chunks) rate=31.21 ttft=0.099 sha=f4b6bfacd005 ok div@326 head='Sparse attention mitigates the q' tail='ormance and scalability.'
2026-09-30T04:37:22.555+00:00 burst=identical-n2-b2 kind=identical n=2 stagger=0.000 coprefill=True spread=0.000 gate=- report=['early_divergence']
2026-09-30T04:37:22.555+00:00   [0] d0 finish=stop completion=94 chunks=43 acc=2.214(chunks) rate=36.22 ttft=0.521 sha=19211433be13 early_divergence div@17 head='Sparse attention significantly e' tail='even millions of tokens.'
2026-09-30T04:37:22.555+00:00   [1] d0 finish=stop completion=96 chunks=41 acc=2.375(chunks) rate=39.57 ttft=0.521 sha=90d89880fa44 early_divergence div@17 head='Sparse attention significantly e' tail='g-form generation tasks.'
2026-09-30T04:37:28.390+00:00 burst=identical-n2-b3 kind=identical n=2 stagger=0.000 coprefill=False spread=0.158 gate=- report=['early_divergence']
2026-09-30T04:37:28.390+00:00   [0] d0 finish=stop completion=97 chunks=39 acc=2.526(chunks) rate=41.84 ttft=0.258 sha=3468330c753f early_divergence div@1 head='Standard attention mechanisms sc' tail='ming hardware resources.'
2026-09-30T04:37:28.390+00:00   [1] d0 finish=stop completion=94 chunks=46 acc=2.067(chunks) rate=34.09 ttft=0.100 sha=f4b6bfacd005 ok div@326 head='Sparse attention mitigates the q' tail='ormance and scalability.'
2026-09-30T04:37:33.907+00:00 burst=distinct-n2-b1 kind=distinct n=2 stagger=0.000 coprefill=True spread=0.000 gate=- report=['early_divergence']
2026-09-30T04:37:33.907+00:00   [0] d0 finish=stop completion=98 chunks=41 acc=2.425(chunks) rate=40.59 ttft=0.120 sha=16fc73ccbb20 early_divergence div@1 head='Standard attention mechanisms sc' tail='attention architectures.'
2026-09-30T04:37:33.907+00:00   [1] d1 finish=stop completion=76 chunks=30 acc=2.586(chunks) rate=40.18 ttft=0.120 sha=83fe62fb8e12 ok div@165 head='A bicycle gear system uses mecha' tail='el with less resistance.'
2026-09-30T04:37:39.394+00:00 burst=distinct-n2-b2 kind=distinct n=2 stagger=0.000 coprefill=False spread=0.104 gate=- report=['early_divergence']
2026-09-30T04:37:39.394+00:00   [0] d0 finish=stop completion=97 chunks=39 acc=2.526(chunks) rate=42.08 ttft=0.200 sha=3468330c753f early_divergence div@1 head='Standard attention mechanisms sc' tail='ming hardware resources.'
2026-09-30T04:37:39.394+00:00   [1] d1 finish=stop completion=69 chunks=32 acc=2.194(chunks) rate=34.84 ttft=0.095 sha=45ab3432bf59 early_divergence div@80 head='A bicycle gear system uses mecha' tail=' for increased velocity.'
2026-09-30T04:37:44.903+00:00 burst=distinct-n2-b3 kind=distinct n=2 stagger=0.000 coprefill=True spread=0.000 gate=- report=['early_divergence']
2026-09-30T04:37:44.903+00:00   [0] d0 finish=stop completion=98 chunks=41 acc=2.425(chunks) rate=41.20 ttft=0.146 sha=16fc73ccbb20 early_divergence div@1 head='Standard attention mechanisms sc' tail='attention architectures.'
2026-09-30T04:37:44.903+00:00   [1] d1 finish=stop completion=76 chunks=30 acc=2.586(chunks) rate=41.03 ttft=0.147 sha=83fe62fb8e12 ok div@165 head='A bicycle gear system uses mecha' tail='el with less resistance.'
2026-09-30T04:37:51.035+00:00 burst=identical-n3-b1 kind=identical n=3 stagger=0.000 coprefill=False spread=0.215 gate=- report=['early_divergence']
2026-09-30T04:37:51.035+00:00   [0] d0 finish=stop completion=93 chunks=35 acc=2.706(chunks) rate=40.63 ttft=0.317 sha=4622cca1d630 early_divergence div@1 head='Standard attention mechanisms sc' tail=' coherence and accuracy.'
2026-09-30T04:37:51.035+00:00   [1] d0 finish=stop completion=94 chunks=41 acc=2.325(chunks) rate=33.76 ttft=0.207 sha=0efc46acff2b early_divergence div@1 head='Standard attention mechanisms sc' tail='d practical application.'
2026-09-30T04:37:51.035+00:00   [2] d0 finish=stop completion=96 chunks=46 acc=2.111(chunks) rate=31.43 ttft=0.102 sha=f5d2328abdc3 early_divergence div@189 head='Sparse attention mitigates the q' tail='r widespread deployment.'
2026-09-30T04:37:57.176+00:00 burst=identical-n3-b2 kind=identical n=3 stagger=0.000 coprefill=False spread=0.214 gate=- report=['early_divergence']
2026-09-30T04:37:57.176+00:00   [0] d0 finish=stop completion=94 chunks=41 acc=2.325(chunks) rate=33.78 ttft=0.209 sha=0efc46acff2b early_divergence div@1 head='Standard attention mechanisms sc' tail='d practical application.'
2026-09-30T04:37:57.176+00:00   [1] d0 finish=stop completion=93 chunks=35 acc=2.706(chunks) rate=40.57 ttft=0.317 sha=4622cca1d630 early_divergence div@1 head='Standard attention mechanisms sc' tail=' coherence and accuracy.'
2026-09-30T04:37:57.176+00:00   [2] d0 finish=stop completion=96 chunks=46 acc=2.111(chunks) rate=31.38 ttft=0.104 sha=f5d2328abdc3 early_divergence div@189 head='Sparse attention mitigates the q' tail='r widespread deployment.'
2026-09-30T04:38:03.361+00:00 burst=identical-n3-b3 kind=identical n=3 stagger=0.000 coprefill=False spread=0.171 gate=- report=['early_divergence']
2026-09-30T04:38:03.361+00:00   [0] d0 finish=stop completion=94 chunks=43 acc=2.214(chunks) rate=32.06 ttft=0.275 sha=19211433be13 early_divergence div@17 head='Sparse attention significantly e' tail='even millions of tokens.'
2026-09-30T04:38:03.361+00:00   [1] d0 finish=stop completion=96 chunks=41 acc=2.375(chunks) rate=34.86 ttft=0.275 sha=878df37e1314 early_divergence div@1 head='Standard attention mechanisms sc' tail='ross extensive contexts.'
2026-09-30T04:38:03.361+00:00   [2] d0 finish=stop completion=95 chunks=43 acc=2.238(chunks) rate=32.46 ttft=0.104 sha=6d649c036933 early_divergence div@189 head='Sparse attention mitigates the q' tail='n large language models.'
2026-09-30T04:38:09.186+00:00 burst=distinct-n3-b1 kind=distinct n=3 stagger=0.000 coprefill=False spread=0.183 gate=- report=['early_divergence']
2026-09-30T04:38:09.186+00:00   [0] d0 finish=stop completion=96 chunks=41 acc=2.375(chunks) rate=37.40 ttft=0.276 sha=90d89880fa44 early_divergence div@17 head='Sparse attention significantly e' tail='g-form generation tasks.'
2026-09-30T04:38:09.186+00:00   [1] d1 finish=stop completion=81 chunks=35 acc=2.353(chunks) rate=36.20 ttft=0.275 sha=2b05e7bd1f87 early_divergence div@80 head='A bicycle gear system uses mecha' tail='lat, high-speed terrain.'
2026-09-30T04:38:09.186+00:00   [2] d2 finish=stop completion=43 chunks=12 acc=3.818(chunks) rate=49.32 ttft=0.093 sha=097672f98733 ok div@None head='2, 3, 5, 7, 11, 13, 17, 19, 23, ' tail=', 17, 19, 23, 29, 31, 37'
2026-09-30T04:38:15.016+00:00 burst=distinct-n3-b2 kind=distinct n=3 stagger=0.000 coprefill=False spread=0.183 gate=- report=['early_divergence']
2026-09-30T04:38:15.016+00:00   [0] d0 finish=stop completion=96 chunks=41 acc=2.375(chunks) rate=37.34 ttft=0.277 sha=90d89880fa44 early_divergence div@17 head='Sparse attention significantly e' tail='g-form generation tasks.'
2026-09-30T04:38:15.016+00:00   [1] d1 finish=stop completion=81 chunks=35 acc=2.353(chunks) rate=36.13 ttft=0.277 sha=2b05e7bd1f87 early_divergence div@80 head='A bicycle gear system uses mecha' tail='lat, high-speed terrain.'
2026-09-30T04:38:15.016+00:00   [2] d2 finish=stop completion=43 chunks=12 acc=3.818(chunks) rate=49.04 ttft=0.094 sha=097672f98733 ok div@None head='2, 3, 5, 7, 11, 13, 17, 19, 23, ' tail=', 17, 19, 23, 29, 31, 37'
2026-09-30T04:38:20.859+00:00 burst=distinct-n3-b3 kind=distinct n=3 stagger=0.000 coprefill=False spread=0.185 gate=- report=['early_divergence']
2026-09-30T04:38:20.859+00:00   [0] d0 finish=stop completion=97 chunks=41 acc=2.400(chunks) rate=37.98 ttft=0.307 sha=ade7f0f71e47 early_divergence div@17 head='Sparse attention significantly e' tail='ing over large datasets.'
2026-09-30T04:38:20.859+00:00   [1] d1 finish=stop completion=74 chunks=31 acc=2.433(chunks) rate=35.15 ttft=0.123 sha=ed9cafab6c78 ok div@189 head='A bicycle gear system uses mecha' tail='que for increased speed.'
2026-09-30T04:38:20.859+00:00   [2] d2 finish=stop completion=43 chunks=12 acc=3.818(chunks) rate=50.92 ttft=0.307 sha=097672f98733 ok div@None head='2, 3, 5, 7, 11, 13, 17, 19, 23, ' tail=', 17, 19, 23, 29, 31, 37'
2026-09-30T04:38:27.406+00:00 burst=identical-n5-b1 kind=identical n=5 stagger=0.000 coprefill=False spread=0.218 gate=- report=['early_divergence']
2026-09-30T04:38:27.406+00:00   [0] d0 finish=stop completion=92 chunks=41 acc=2.275(chunks) rate=29.37 ttft=0.320 sha=7697be75c53c early_divergence div@17 head='Sparse attention significantly e' tail='long-term conversations.'
2026-09-30T04:38:27.406+00:00   [1] d0 finish=stop completion=94 chunks=41 acc=2.325(chunks) rate=30.01 ttft=0.320 sha=93d1425e8f30 early_divergence div@164 head='Sparse attention mitigates the q' tail='ng-context applications.'
2026-09-30T04:38:27.406+00:00   [2] d0 finish=stop completion=97 chunks=43 acc=2.286(chunks) rate=29.84 ttft=0.322 sha=3299f0803ee2 early_divergence div@1 head='Standard attention mechanisms sc' tail='-constrained deployment.'
2026-09-30T04:38:27.406+00:00   [3] d0 finish=stop completion=94 chunks=39 acc=2.447(chunks) rate=31.67 ttft=0.320 sha=ae36ad6fd27b early_divergence div@1 head='Standard attention mechanisms sc' tail='pplication requirements.'
2026-09-30T04:38:27.406+00:00   [4] d0 finish=stop completion=99 chunks=42 acc=2.390(chunks) rate=30.29 ttft=0.104 sha=1d89d6e15890 early_divergence div@164 head='Sparse attention mitigates the q' tail='s across vast distances.'
2026-09-30T04:38:33.920+00:00 burst=identical-n5-b2 kind=identical n=5 stagger=0.000 coprefill=False spread=0.207 gate=- report=['early_divergence']
2026-09-30T04:38:33.920+00:00   [0] d0 finish=stop completion=94 chunks=39 acc=2.447(chunks) rate=31.92 ttft=0.312 sha=ae36ad6fd27b early_divergence div@1 head='Standard attention mechanisms sc' tail='pplication requirements.'
2026-09-30T04:38:33.920+00:00   [1] d0 finish=stop completion=97 chunks=43 acc=2.286(chunks) rate=30.05 ttft=0.314 sha=3299f0803ee2 early_divergence div@1 head='Standard attention mechanisms sc' tail='-constrained deployment.'
2026-09-30T04:38:33.920+00:00   [2] d0 finish=stop completion=94 chunks=41 acc=2.325(chunks) rate=30.24 ttft=0.313 sha=93d1425e8f30 early_divergence div@164 head='Sparse attention mitigates the q' tail='ng-context applications.'
2026-09-30T04:38:33.920+00:00   [3] d0 finish=stop completion=92 chunks=41 acc=2.275(chunks) rate=29.60 ttft=0.313 sha=7697be75c53c early_divergence div@17 head='Sparse attention significantly e' tail='long-term conversations.'
2026-09-30T04:38:33.920+00:00   [4] d0 finish=stop completion=99 chunks=42 acc=2.390(chunks) rate=30.60 ttft=0.107 sha=1d89d6e15890 early_divergence div@164 head='Sparse attention mitigates the q' tail='s across vast distances.'
2026-09-30T04:38:40.436+00:00 burst=identical-n5-b3 kind=identical n=5 stagger=0.000 coprefill=False spread=0.206 gate=- report=['early_divergence']
2026-09-30T04:38:40.436+00:00   [0] d0 finish=stop completion=97 chunks=43 acc=2.286(chunks) rate=30.01 ttft=0.310 sha=3299f0803ee2 early_divergence div@1 head='Standard attention mechanisms sc' tail='-constrained deployment.'
2026-09-30T04:38:40.436+00:00   [1] d0 finish=stop completion=94 chunks=39 acc=2.447(chunks) rate=31.85 ttft=0.310 sha=ae36ad6fd27b early_divergence div@1 head='Standard attention mechanisms sc' tail='pplication requirements.'
2026-09-30T04:38:40.436+00:00   [2] d0 finish=stop completion=92 chunks=41 acc=2.275(chunks) rate=29.56 ttft=0.310 sha=7697be75c53c early_divergence div@17 head='Sparse attention significantly e' tail='long-term conversations.'
2026-09-30T04:38:40.436+00:00   [3] d0 finish=stop completion=94 chunks=41 acc=2.325(chunks) rate=30.20 ttft=0.310 sha=93d1425e8f30 early_divergence div@164 head='Sparse attention mitigates the q' tail='ng-context applications.'
2026-09-30T04:38:40.436+00:00   [4] d0 finish=stop completion=99 chunks=42 acc=2.390(chunks) rate=30.54 ttft=0.105 sha=1d89d6e15890 early_divergence div@164 head='Sparse attention mitigates the q' tail='s across vast distances.'
2026-09-30T04:38:46.816+00:00 burst=distinct-n5-b1 kind=distinct n=5 stagger=0.000 coprefill=False spread=0.214 gate=- report=['early_divergence']
2026-09-30T04:38:46.816+00:00   [0] d0 finish=stop completion=88 chunks=38 acc=2.351(chunks) rate=29.50 ttft=0.307 sha=b7682e924320 early_divergence div@1 head='Standard attention mechanisms sc' tail=' practical applications.'
2026-09-30T04:38:46.816+00:00   [1] d1 finish=stop completion=77 chunks=31 acc=2.533(chunks) rate=30.29 ttft=0.306 sha=f27315cc1397 ok div@165 head='A bicycle gear system uses mecha' tail='greater pedaling effort.'
2026-09-30T04:38:46.816+00:00   [2] d2 finish=stop completion=43 chunks=12 acc=3.818(chunks) rate=41.23 ttft=0.307 sha=097672f98733 ok div@None head='2, 3, 5, 7, 11, 13, 17, 19, 23, ' tail=', 17, 19, 23, 29, 31, 37'
2026-09-30T04:38:46.816+00:00   [3] d3 finish=stop completion=104 chunks=40 acc=2.641(chunks) rate=33.58 ttft=0.307 sha=d6c4e6423643 early_divergence div@16 head='The water cycle starts when the ' tail=' journey all over again.'
2026-09-30T04:38:46.816+00:00   [4] d4 finish=stop completion=102 chunks=28 acc=3.741(chunks) rate=42.93 ttft=0.093 sha=cb9c046d4e9a ok div@None head='```python\ndef fibonacci(n: int) ' tail=', a + b\n    return b\n```'
2026-09-30T04:38:53.308+00:00 burst=distinct-n5-b2 kind=distinct n=5 stagger=0.000 coprefill=False spread=0.215 gate=- report=['early_divergence']
2026-09-30T04:38:53.309+00:00   [0] d0 finish=stop completion=92 chunks=41 acc=2.275(chunks) rate=28.64 ttft=0.308 sha=8d7dcdd5d2cd early_divergence div@17 head='Sparse attention significantly e' tail='for massive text inputs.'
2026-09-30T04:38:53.309+00:00   [1] d1 finish=stop completion=72 chunks=28 acc=2.630(chunks) rate=29.94 ttft=0.094 sha=afaed4a4775d ok div@189 head='A bicycle gear system uses mecha' tail=' speed for flat terrain.'
2026-09-30T04:38:53.309+00:00   [2] d2 finish=stop completion=43 chunks=12 acc=3.818(chunks) rate=41.27 ttft=0.309 sha=097672f98733 ok div@None head='2, 3, 5, 7, 11, 13, 17, 19, 23, ' tail=', 17, 19, 23, 29, 31, 37'
2026-09-30T04:38:53.309+00:00   [3] d3 finish=stop completion=94 chunks=40 acc=2.385(chunks) rate=30.35 ttft=0.308 sha=75f7f55e7458 early_divergence div@46 head='The water cycle is like a giant,' tail='ing trip all over again.'
2026-09-30T04:38:53.309+00:00   [4] d4 finish=stop completion=102 chunks=28 acc=3.741(chunks) rate=43.78 ttft=0.309 sha=cb9c046d4e9a ok div@None head='```python\ndef fibonacci(n: int) ' tail=', a + b\n    return b\n```'
2026-09-30T04:38:59.667+00:00 burst=distinct-n5-b3 kind=distinct n=5 stagger=0.000 coprefill=False spread=0.216 gate=- report=['early_divergence']
2026-09-30T04:38:59.667+00:00   [0] d0 finish=stop completion=88 chunks=38 acc=2.351(chunks) rate=29.79 ttft=0.310 sha=b7682e924320 early_divergence div@1 head='Standard attention mechanisms sc' tail=' practical applications.'
2026-09-30T04:38:59.667+00:00   [1] d1 finish=stop completion=72 chunks=28 acc=2.630(chunks) rate=30.97 ttft=0.309 sha=16aa9d2e0223 early_divergence div@51 head='A bicycle gear system uses mecha' tail='th less physical effort.'
2026-09-30T04:38:59.667+00:00   [2] d2 finish=stop completion=43 chunks=12 acc=3.818(chunks) rate=40.97 ttft=0.308 sha=097672f98733 ok div@None head='2, 3, 5, 7, 11, 13, 17, 19, 23, ' tail=', 17, 19, 23, 29, 31, 37'
2026-09-30T04:38:59.667+00:00   [3] d3 finish=stop completion=94 chunks=40 acc=2.385(chunks) rate=30.58 ttft=0.309 sha=75f7f55e7458 early_divergence div@46 head='The water cycle is like a giant,' tail='ing trip all over again.'
2026-09-30T04:38:59.667+00:00   [4] d4 finish=stop completion=102 chunks=28 acc=3.741(chunks) rate=42.86 ttft=0.094 sha=cb9c046d4e9a ok div@None head='```python\ndef fibonacci(n: int) ' tail=', a + b\n    return b\n```'
2026-09-30T04:39:06.800+00:00 burst=identical-n8-b1 kind=identical n=8 stagger=0.000 coprefill=False spread=0.229 gate=- report=['early_divergence']
2026-09-30T04:39:06.800+00:00   [0] d0 finish=stop completion=96 chunks=38 acc=2.568(chunks) rate=30.28 ttft=0.338 sha=087d8d63b3ad early_divergence div@1 head='Standard attention mechanisms sc' tail='pplication requirements.'
2026-09-30T04:39:06.800+00:00   [1] d0 finish=stop completion=99 chunks=48 acc=2.085(chunks) rate=25.89 ttft=0.338 sha=3c6031161828 early_divergence div@164 head='Sparse attention mitigates the q' tail='s and energy efficiency.'
2026-09-30T04:39:06.800+00:00   [2] d0 finish=stop completion=97 chunks=37 acc=2.667(chunks) rate=31.44 ttft=0.341 sha=e00a56110ad8 early_divergence div@1 head='Standard attention mechanisms sc' tail='nential resource growth.'
2026-09-30T04:39:06.800+00:00   [3] d0 finish=stop completion=96 chunks=38 acc=2.568(chunks) rate=30.28 ttft=0.340 sha=1ce2e3b94727 early_divergence div@1 head='Standard attention mechanisms sc' tail='ucing inference latency.'
2026-09-30T04:39:06.800+00:00   [4] d0 finish=stop completion=88 chunks=37 acc=2.417(chunks) rate=28.49 ttft=0.339 sha=b7682e924320 early_divergence div@1 head='Standard attention mechanisms sc' tail=' practical applications.'
2026-09-30T04:39:06.800+00:00   [5] d0 finish=stop completion=93 chunks=39 acc=2.421(chunks) rate=28.03 ttft=0.112 sha=3aa4793e5037 early_divergence div@164 head='Sparse attention mitigates the q' tail='ng-context applications.'
2026-09-30T04:39:06.800+00:00   [6] d0 finish=stop completion=94 chunks=39 acc=2.447(chunks) rate=28.91 ttft=0.341 sha=ae36ad6fd27b early_divergence div@1 head='Standard attention mechanisms sc' tail='pplication requirements.'
2026-09-30T04:39:06.800+00:00   [7] d0 finish=stop completion=98 chunks=47 acc=2.109(chunks) rate=26.03 ttft=0.340 sha=3a1db97d70eb early_divergence div@17 head='Sparse attention significantly e' tail='hibitive resource costs.'
2026-09-30T04:39:13.943+00:00 burst=identical-n8-b2 kind=identical n=8 stagger=0.000 coprefill=False spread=0.233 gate=- report=['early_divergence']
2026-09-30T04:39:13.943+00:00   [0] d0 finish=stop completion=93 chunks=39 acc=2.421(chunks) rate=28.01 ttft=0.112 sha=3aa4793e5037 early_divergence div@164 head='Sparse attention mitigates the q' tail='ng-context applications.'
2026-09-30T04:39:13.943+00:00   [1] d0 finish=stop completion=94 chunks=39 acc=2.447(chunks) rate=28.85 ttft=0.345 sha=ae36ad6fd27b early_divergence div@1 head='Standard attention mechanisms sc' tail='pplication requirements.'
2026-09-30T04:39:13.943+00:00   [2] d0 finish=stop completion=96 chunks=38 acc=2.568(chunks) rate=30.23 ttft=0.342 sha=087d8d63b3ad early_divergence div@1 head='Standard attention mechanisms sc' tail='pplication requirements.'
2026-09-30T04:39:13.943+00:00   [3] d0 finish=stop completion=96 chunks=38 acc=2.568(chunks) rate=30.22 ttft=0.344 sha=1ce2e3b94727 early_divergence div@1 head='Standard attention mechanisms sc' tail='ucing inference latency.'
2026-09-30T04:39:13.943+00:00   [4] d0 finish=stop completion=99 chunks=48 acc=2.085(chunks) rate=25.85 ttft=0.343 sha=3c6031161828 early_divergence div@164 head='Sparse attention mitigates the q' tail='s and energy efficiency.'
2026-09-30T04:39:13.943+00:00   [5] d0 finish=stop completion=97 chunks=37 acc=2.667(chunks) rate=31.46 ttft=0.344 sha=e00a56110ad8 early_divergence div@1 head='Standard attention mechanisms sc' tail='nential resource growth.'
2026-09-30T04:39:13.943+00:00   [6] d0 finish=stop completion=88 chunks=37 acc=2.417(chunks) rate=28.51 ttft=0.342 sha=b7682e924320 early_divergence div@1 head='Standard attention mechanisms sc' tail=' practical applications.'
2026-09-30T04:39:13.943+00:00   [7] d0 finish=stop completion=98 chunks=47 acc=2.109(chunks) rate=26.01 ttft=0.345 sha=3a1db97d70eb early_divergence div@17 head='Sparse attention significantly e' tail='hibitive resource costs.'
2026-09-30T04:39:21.075+00:00 burst=identical-n8-b3 kind=identical n=8 stagger=0.000 coprefill=False spread=0.228 gate=- report=['early_divergence']
2026-09-30T04:39:21.075+00:00   [0] d0 finish=stop completion=98 chunks=47 acc=2.109(chunks) rate=25.99 ttft=0.329 sha=3a1db97d70eb early_divergence div@17 head='Sparse attention significantly e' tail='hibitive resource costs.'
2026-09-30T04:39:21.075+00:00   [1] d0 finish=stop completion=88 chunks=37 acc=2.417(chunks) rate=28.53 ttft=0.328 sha=b7682e924320 early_divergence div@1 head='Standard attention mechanisms sc' tail=' practical applications.'
2026-09-30T04:39:21.075+00:00   [2] d0 finish=stop completion=96 chunks=38 acc=2.568(chunks) rate=30.26 ttft=0.330 sha=1ce2e3b94727 early_divergence div@1 head='Standard attention mechanisms sc' tail='ucing inference latency.'
2026-09-30T04:39:21.075+00:00   [3] d0 finish=stop completion=96 chunks=38 acc=2.568(chunks) rate=30.26 ttft=0.329 sha=087d8d63b3ad early_divergence div@1 head='Standard attention mechanisms sc' tail='pplication requirements.'
2026-09-30T04:39:21.075+00:00   [4] d0 finish=stop completion=93 chunks=39 acc=2.421(chunks) rate=28.08 ttft=0.103 sha=3aa4793e5037 early_divergence div@164 head='Sparse attention mitigates the q' tail='ng-context applications.'
2026-09-30T04:39:21.075+00:00   [5] d0 finish=stop completion=99 chunks=48 acc=2.085(chunks) rate=25.82 ttft=0.330 sha=3c6031161828 early_divergence div@164 head='Sparse attention mitigates the q' tail='s and energy efficiency.'
2026-09-30T04:39:21.075+00:00   [6] d0 finish=stop completion=94 chunks=39 acc=2.447(chunks) rate=28.87 ttft=0.329 sha=ae36ad6fd27b early_divergence div@1 head='Standard attention mechanisms sc' tail='pplication requirements.'
2026-09-30T04:39:21.075+00:00   [7] d0 finish=stop completion=97 chunks=37 acc=2.667(chunks) rate=31.47 ttft=0.330 sha=e00a56110ad8 early_divergence div@1 head='Standard attention mechanisms sc' tail='nential resource growth.'
2026-09-30T04:39:28.144+00:00 burst=distinct-n8-b1 kind=distinct n=8 stagger=0.000 coprefill=False spread=0.275 gate=- report=['early_divergence']
2026-09-30T04:39:28.144+00:00   [0] d0 finish=stop completion=96 chunks=44 acc=2.209(chunks) rate=24.02 ttft=0.108 sha=28a49697d045 early_divergence div@164 head='Sparse attention mitigates the q' tail='n large language models.'
2026-09-30T04:39:28.144+00:00   [1] d1 finish=stop completion=68 chunks=30 acc=2.310(chunks) rate=22.59 ttft=0.382 sha=98165f3c22d4 early_divergence div@77 head='A bicycle gear system uses mecha' tail='adapt effort to terrain.'
2026-09-30T04:39:28.144+00:00   [2] d2 finish=stop completion=43 chunks=12 acc=3.818(chunks) rate=35.13 ttft=0.382 sha=097672f98733 ok div@None head='2, 3, 5, 7, 11, 13, 17, 19, 23, ' tail=', 17, 19, 23, 29, 31, 37'
2026-09-30T04:39:28.144+00:00   [3] d3 finish=stop completion=101 chunks=39 acc=2.632(chunks) rate=28.49 ttft=0.381 sha=667e6b7353d8 early_divergence div@16 head='The water cycle starts when the ' tail='hole process over again.'
2026-09-30T04:39:28.144+00:00   [4] d4 finish=stop completion=102 chunks=27 acc=3.885(chunks) rate=37.14 ttft=0.382 sha=cb9c046d4e9a ok div@None head='```python\ndef fibonacci(n: int) ' tail=', a + b\n    return b\n```'
2026-09-30T04:39:28.144+00:00   [5] d5 finish=stop completion=17 chunks=7 acc=2.667(chunks) rate=24.07 ttft=0.382 sha=5a881638e98d early_divergence div@63 head='La bibliothèque ouvre à neuf heu' tail='-huit heures en semaine.'
2026-09-30T04:39:28.144+00:00   [6] d6 finish=stop completion=70 chunks=34 acc=2.091(chunks) rate=21.63 ttft=0.380 sha=6ed0508ab41c ok div@None head='1. Reduce watering frequency sig' tail='ensate for shorter days.'
2026-09-30T04:39:28.144+00:00   [7] d7 finish=stop completion=85 chunks=23 acc=3.818(chunks) rate=35.58 ttft=0.382 sha=4abb06695ad8 ok div@61 head='{\n  "name": "Eiffel Tower",\n  "y' tail='re",\n    "tourism"\n  ]\n}'
2026-09-30T04:39:35.088+00:00 burst=distinct-n8-b2 kind=distinct n=8 stagger=0.000 coprefill=False spread=0.254 gate=- report=['early_divergence']
2026-09-30T04:39:35.088+00:00   [0] d0 finish=stop completion=94 chunks=38 acc=2.514(chunks) rate=27.62 ttft=0.396 sha=ae36ad6fd27b early_divergence div@1 head='Standard attention mechanisms sc' tail='pplication requirements.'
2026-09-30T04:39:35.088+00:00   [1] d1 finish=stop completion=73 chunks=32 acc=2.323(chunks) rate=24.20 ttft=0.397 sha=5e76e84f25b6 ok div@189 head='A bicycle gear system uses mecha' tail='torque for higher speed.'
2026-09-30T04:39:35.088+00:00   [2] d2 finish=stop completion=43 chunks=12 acc=3.818(chunks) rate=35.13 ttft=0.395 sha=097672f98733 ok div@None head='2, 3, 5, 7, 11, 13, 17, 19, 23, ' tail=', 17, 19, 23, 29, 31, 37'
2026-09-30T04:39:35.088+00:00   [3] d3 finish=stop completion=102 chunks=41 acc=2.525(chunks) rate=28.55 ttft=0.396 sha=13787128752e early_divergence div@16 head='The water cycle starts when the ' tail=' journey all over again.'
2026-09-30T04:39:35.088+00:00   [4] d4 finish=stop completion=102 chunks=26 acc=4.040(chunks) rate=39.00 ttft=0.396 sha=cb9c046d4e9a ok div@None head='```python\ndef fibonacci(n: int) ' tail=', a + b\n    return b\n```'
2026-09-30T04:39:35.088+00:00   [5] d5 finish=stop completion=19 chunks=8 acc=2.571(chunks) rate=23.56 ttft=0.394 sha=fbd9a6af1079 ok div@None head='La bibliothèque ouvre à neuf heu' tail='res les jours ouvrables.'
2026-09-30T04:39:35.088+00:00   [6] d6 finish=stop completion=70 chunks=27 acc=2.654(chunks) rate=25.76 ttft=0.396 sha=4c7f926b9f51 early_divergence div@65 head='1. Reduce watering frequency sig' tail=' shorter daylight hours.'
2026-09-30T04:39:35.088+00:00   [7] d7 finish=stop completion=67 chunks=18 acc=3.882(chunks) rate=35.66 ttft=0.143 sha=c39be9b87ae0 ok div@None head='{\n  "name": "Eiffel Tower",\n  "y' tail='re",\n    "Tourism"\n  ]\n}'
2026-09-30T04:39:41.953+00:00 burst=distinct-n8-b3 kind=distinct n=8 stagger=0.000 coprefill=False spread=0.266 gate=- report=['early_divergence']
2026-09-30T04:39:41.953+00:00   [0] d0 finish=stop completion=87 chunks=40 acc=2.205(chunks) rate=24.62 ttft=0.363 sha=29b6a71d8d98 early_divergence div@1 head='Standard attention mechanisms sc' tail=' practical applications.'
2026-09-30T04:39:41.953+00:00   [1] d1 finish=stop completion=77 chunks=30 acc=2.621(chunks) rate=25.96 ttft=0.365 sha=d710ef33242b ok div@189 head='A bicycle gear system uses mecha' tail='wer for varying terrain.'
2026-09-30T04:39:41.953+00:00   [2] d2 finish=stop completion=43 chunks=12 acc=3.818(chunks) rate=35.29 ttft=0.364 sha=097672f98733 ok div@None head='2, 3, 5, 7, 11, 13, 17, 19, 23, ' tail=', 17, 19, 23, 29, 31, 37'
2026-09-30T04:39:41.953+00:00   [3] d3 finish=stop completion=92 chunks=36 acc=2.600(chunks) rate=26.59 ttft=0.099 sha=bcf5fbd1e7c6 early_divergence div@26 head='The water cycle is like a never-' tail='dventure all over again.'
2026-09-30T04:39:41.953+00:00   [4] d4 finish=stop completion=102 chunks=26 acc=4.040(chunks) rate=38.71 ttft=0.362 sha=cb9c046d4e9a ok div@None head='```python\ndef fibonacci(n: int) ' tail=', a + b\n    return b\n```'
2026-09-30T04:39:41.953+00:00   [5] d5 finish=stop completion=17 chunks=7 acc=2.667(chunks) rate=24.39 ttft=0.364 sha=5a881638e98d early_divergence div@63 head='La bibliothèque ouvre à neuf heu' tail='-huit heures en semaine.'
2026-09-30T04:39:41.953+00:00   [6] d6 finish=stop completion=70 chunks=34 acc=2.091(chunks) rate=21.86 ttft=0.363 sha=6ed0508ab41c ok div@None head='1. Reduce watering frequency sig' tail='ensate for shorter days.'
2026-09-30T04:39:41.953+00:00   [7] d7 finish=stop completion=67 chunks=18 acc=3.882(chunks) rate=36.97 ttft=0.364 sha=c39be9b87ae0 ok div@None head='{\n  "name": "Eiffel Tower",\n  "y' tail='re",\n    "Tourism"\n  ]\n}'
2026-09-30T04:39:47.730+00:00 burst=staggered-identical-n2 kind=identical n=2 stagger=0.250 coprefill=False spread=0.369 gate=- report=['early_divergence']
2026-09-30T04:39:47.730+00:00   [0] d0 finish=stop completion=93 chunks=44 acc=2.140(chunks) rate=34.48 ttft=0.102 sha=db061138b070 early_divergence div@189 head='Sparse attention mitigates the q' tail='ng practically feasible.'
2026-09-30T04:39:47.730+00:00   [1] d0 finish=stop completion=97 chunks=39 acc=2.526(chunks) rate=41.76 ttft=0.220 sha=3468330c753f early_divergence div@1 head='Standard attention mechanisms sc' tail='ming hardware resources.'
2026-09-30T04:39:53.545+00:00 burst=staggered-distinct-n3 kind=distinct n=3 stagger=0.250 coprefill=False spread=0.608 gate=- report=['early_divergence']
2026-09-30T04:39:53.545+00:00   [0] d0 finish=stop completion=95 chunks=43 acc=2.238(chunks) rate=34.73 ttft=0.100 sha=ff9976918e7f early_divergence div@164 head='Sparse attention mitigates the q' tail='n large language models.'
2026-09-30T04:39:53.545+00:00   [1] d1 finish=stop completion=65 chunks=27 acc=2.462(chunks) rate=35.46 ttft=0.162 sha=3d599a0312f2 early_divergence div@77 head='A bicycle gear system uses mecha' tail=' for varying conditions.'
2026-09-30T04:39:53.545+00:00   [2] d2 finish=stop completion=43 chunks=12 acc=3.818(chunks) rate=50.98 ttft=0.209 sha=097672f98733 ok div@None head='2, 3, 5, 7, 11, 13, 17, 19, 23, ' tail=', 17, 19, 23, 29, 31, 37'
2026-09-30T04:40:00.378+00:00 burst=staggered-distinct-n5 kind=distinct n=5 stagger=0.250 coprefill=False spread=1.151 gate=- report=['early_divergence']
2026-09-30T04:40:00.378+00:00   [0] d0 finish=stop completion=97 chunks=42 acc=2.341(chunks) rate=28.75 ttft=0.101 sha=0eb2f531fdf5 early_divergence div@164 head='Sparse attention mitigates the q' tail='ffective context window.'
2026-09-30T04:40:00.378+00:00   [1] d1 finish=stop completion=70 chunks=28 acc=2.556(chunks) rate=30.23 ttft=0.160 sha=af395b6f61d0 early_divergence div@77 head='A bicycle gear system uses mecha' tail='in and desired velocity.'
2026-09-30T04:40:00.378+00:00   [2] d2 finish=stop completion=43 chunks=12 acc=3.818(chunks) rate=41.25 ttft=0.200 sha=097672f98733 ok div@None head='2, 3, 5, 7, 11, 13, 17, 19, 23, ' tail=', 17, 19, 23, 29, 31, 37'
2026-09-30T04:40:00.378+00:00   [3] d3 finish=stop completion=101 chunks=38 acc=2.703(chunks) rate=35.00 ttft=0.216 sha=cdead399de23 early_divergence div@16 head='The water cycle starts when the ' tail=' journey all over again.'
2026-09-30T04:40:00.378+00:00   [4] d4 finish=stop completion=102 chunks=27 acc=3.885(chunks) rate=46.15 ttft=0.252 sha=cb9c046d4e9a ok div@None head='```python\ndef fibonacci(n: int) ' tail=', a + b\n    return b\n```'
2026-09-30T04:40:08.597+00:00 burst=staggered-identical-n8 kind=identical n=8 stagger=0.250 coprefill=False spread=1.894 gate=- report=['early_divergence']
2026-09-30T04:40:08.597+00:00   [0] d0 finish=stop completion=95 chunks=43 acc=2.238(chunks) rate=26.45 ttft=0.099 sha=b021889d5bef early_divergence div@164 head='Sparse attention mitigates the q' tail='n large language models.'
2026-09-30T04:40:08.597+00:00   [1] d0 finish=stop completion=93 chunks=39 acc=2.421(chunks) rate=27.36 ttft=0.220 sha=b2180cc9de11 early_divergence div@1 head='Standard attention mechanisms sc' tail='pplication requirements.'
2026-09-30T04:40:08.597+00:00   [2] d0 finish=stop completion=97 chunks=44 acc=2.233(chunks) rate=25.25 ttft=0.201 sha=c26902c8ad01 early_divergence div@1 head='Standard attention mechanisms sc' tail='real-world applications.'
2026-09-30T04:40:08.597+00:00   [3] d0 finish=stop completion=91 chunks=38 acc=2.432(chunks) rate=27.31 ttft=0.203 sha=2f46fd863a7b early_divergence div@1 head='Standard attention mechanisms sc' tail='pplication requirements.'
2026-09-30T04:40:08.597+00:00   [4] d0 finish=stop completion=93 chunks=42 acc=2.244(chunks) rate=25.63 ttft=0.214 sha=1724f840b091 early_divergence div@1 head='Standard attention mechanisms sc' tail=' practical applications.'
2026-09-30T04:40:08.597+00:00   [5] d0 finish=stop completion=99 chunks=43 acc=2.333(chunks) rate=27.32 ttft=0.250 sha=1d89d6e15890 early_divergence div@164 head='Sparse attention mitigates the q' tail='s across vast distances.'
2026-09-30T04:40:08.597+00:00   [6] d0 finish=stop completion=94 chunks=40 acc=2.385(chunks) rate=28.13 ttft=0.280 sha=ae36ad6fd27b early_divergence div@1 head='Standard attention mechanisms sc' tail='pplication requirements.'
2026-09-30T04:40:08.597+00:00   [7] d0 finish=stop completion=101 chunks=40 acc=2.564(chunks) rate=31.08 ttft=0.243 sha=1b11848e8d50 early_divergence div@1 head='Standard attention mechanisms sc' tail='osts of dense attention.'
2026-09-30T04:40:20.054+00:00 burst=long-pair kind=long n=2 stagger=0.000 coprefill=False spread=1.402 gate=- report=['slow']
2026-09-30T04:40:20.054+00:00   [0] long0 finish=stop completion=6 chunks=2 acc=5.000(chunks) rate=3.57 ttft=6.942 sha=83dab7f91bc1 slow div@None head='74354' tail='74354'
2026-09-30T04:40:20.054+00:00   [1] long1 finish=stop completion=6 chunks=2 acc=5.000(chunks) rate=47.85 ttft=8.344 sha=0ec41e567fc2 ok div@None head='79083' tail='79083'
2026-09-30T04:40:23.588+00:00 burst=image-pair kind=image n=2 stagger=0.000 coprefill=False spread=0.198 gate=- report=['early_divergence']
2026-09-30T04:40:23.588+00:00   [0] img_red finish=stop completion=11 chunks=4 acc=3.333(chunks) rate=55.63 ttft=0.343 sha=0e1c14c4131c ok div@None head='The image is filled with a solid' tail=' with a solid red color.'
2026-09-30T04:40:23.588+00:00   [1] img_blue finish=stop completion=11 chunks=4 acc=3.333(chunks) rate=38.45 ttft=0.145 sha=7fa32368a223 early_divergence div@29 head='This image is filled with a soli' tail='with a solid blue color.'
2026-09-30T04:40:23.588+00:00 TOTALS bursts=30 streams=130 gate_bursts=0 zero_acc=0 runaway=0 first32_match=0.277 coprefill_bursts=3 per_request_spec_metrics=False
2026-09-30T04:40:23.588+00:00 NOTE: server did not return metrics.speculative_decoding on every stream; acceptance estimated from tokens per chunk (serve with --per-request-spec-decode-metrics summary)
2026-09-30T04:40:23.588+00:00 T0 PASS
