2026-09-29T22:01:39.472+00:00 bench_probe v1 url=http://127.0.0.1:8000/v1/chat/completions sizes=[2, 3, 5, 8] kinds=['identical', 'distinct'] bursts_per_shape=3 max_tokens=256
2026-09-29T22:01:42.104+00:00 ref d0 finish=stop completion=97 acc=2.341 ttft=0.216 sha=b0e372faa960 head='Sparse attention mitigates the quadratic'
2026-09-29T22:01:44.886+00:00 ref d1 finish=stop completion=75 acc=2.643 ttft=0.138 sha=4ad2d5654ca6 head='A bicycle gear system uses mechanical ad'
2026-09-29T22:01:46.664+00:00 ref d2 finish=stop completion=43 acc=3.818 ttft=0.112 sha=097672f98733 head='2, 3, 5, 7, 11, 13, 17, 19, 23, 29, 31, '
2026-09-29T22:01:50.011+00:00 ref d3 finish=stop completion=101 acc=2.632 ttft=0.114 sha=3746d913c433 head='The water cycle is like a giant, never-e'
2026-09-29T22:01:52.723+00:00 ref d4 finish=stop completion=102 acc=3.741 ttft=0.113 sha=cb9c046d4e9a head='```python\ndef fibonacci(n: int) -> int:\n'
2026-09-29T22:01:54.200+00:00 ref d5 finish=stop completion=17 acc=2.667 ttft=0.129 sha=5a881638e98d head='La bibliothèque ouvre à neuf heures et f'
2026-09-29T22:01:57.140+00:00 ref d6 finish=stop completion=72 acc=2.367 ttft=0.113 sha=86f7d76d2833 head='1. Reduce watering frequency significant'
2026-09-29T22:01:59.272+00:00 ref d7 finish=stop completion=67 acc=3.882 ttft=0.129 sha=c39be9b87ae0 head='{\n  "name": "Eiffel Tower",\n  "year": 18'
2026-09-29T22:02:04.838+00:00 ref long0 finish=stop completion=6 acc=5.000 ttft=4.485 sha=83dab7f91bc1 head='74354'
2026-09-29T22:02:09.959+00:00 ref long1 finish=stop completion=6 acc=5.000 ttft=3.993 sha=0ec41e567fc2 head='79083'
2026-09-29T22:02:11.331+00:00 ref img_red finish=stop completion=11 acc=3.333 ttft=0.202 sha=0e1c14c4131c head='The image is filled with a solid red col'
2026-09-29T22:02:12.702+00:00 ref img_blue finish=stop completion=11 acc=3.333 ttft=0.186 sha=7fa32368a223 head='This image is filled with a solid blue c'
2026-09-29T22:02:20.236+00:00 burst=identical-n2-b1 kind=identical n=2 stagger=0.000 coprefill=False spread=0.422 gate=- report=['early_divergence']
2026-09-29T22:02:20.236+00:00   [0] d0 finish=stop completion=93 chunks=36 acc=2.629(chunks) rate=39.51 ttft=0.551 sha=774bf9418857 early_divergence div@1 head='Standard attention mechanisms sc' tail='tensive context windows.'
2026-09-29T22:02:20.236+00:00   [1] d0 finish=stop completion=94 chunks=49 acc=1.938(chunks) rate=27.37 ttft=0.129 sha=2774341ec8f4 early_divergence div@164 head='Sparse attention mitigates the q' tail='g performance and speed.'
2026-09-29T22:02:26.493+00:00 burst=identical-n2-b2 kind=identical n=2 stagger=0.000 coprefill=False spread=0.175 gate=- report=['early_divergence']
2026-09-29T22:02:26.493+00:00   [0] d0 finish=stop completion=94 chunks=49 acc=1.938(chunks) rate=29.56 ttft=0.103 sha=2774341ec8f4 early_divergence div@164 head='Sparse attention mitigates the q' tail='g performance and speed.'
2026-09-29T22:02:26.493+00:00   [1] d0 finish=stop completion=93 chunks=36 acc=2.629(chunks) rate=39.92 ttft=0.278 sha=774bf9418857 early_divergence div@1 head='Standard attention mechanisms sc' tail='tensive context windows.'
2026-09-29T22:02:33.063+00:00 burst=identical-n2-b3 kind=identical n=2 stagger=0.000 coprefill=True spread=0.000 gate=- report=['early_divergence']
2026-09-29T22:02:33.063+00:00   [0] d0 finish=stop completion=105 chunks=48 acc=2.213(chunks) rate=33.42 ttft=0.449 sha=4c77871f8919 early_divergence div@17 head='Sparse attention significantly e' tail='or real-world use cases.'
2026-09-29T22:02:33.063+00:00   [1] d0 finish=stop completion=95 chunks=47 acc=2.043(chunks) rate=30.88 ttft=0.449 sha=f231686bb8ae early_divergence div@17 head='Sparse attention significantly e' tail=' contextual information.'
2026-09-29T22:02:38.652+00:00 burst=distinct-n2-b1 kind=distinct n=2 stagger=0.000 coprefill=False spread=0.116 gate=- report=['early_divergence']
2026-09-29T22:02:38.652+00:00   [0] d0 finish=stop completion=93 chunks=36 acc=2.629(chunks) rate=39.07 ttft=0.224 sha=774bf9418857 early_divergence div@1 head='Standard attention mechanisms sc' tail='tensive context windows.'
2026-09-29T22:02:38.652+00:00   [1] d1 finish=stop completion=74 chunks=32 acc=2.355(chunks) rate=32.77 ttft=0.108 sha=d01c4208390c ok div@165 head='A bicycle gear system uses mecha' tail='wer for varying terrain.'
2026-09-29T22:02:44.778+00:00 burst=distinct-n2-b2 kind=distinct n=2 stagger=0.000 coprefill=False spread=0.166 gate=- report=['early_divergence']
2026-09-29T22:02:44.779+00:00   [0] d0 finish=stop completion=95 chunks=46 acc=2.089(chunks) rate=31.17 ttft=0.103 sha=fd42320bee1b early_divergence div@164 head='Sparse attention mitigates the q' tail='n large language models.'
2026-09-29T22:02:44.779+00:00   [1] d1 finish=stop completion=75 chunks=34 acc=2.242(chunks) rate=32.10 ttft=0.268 sha=eadf9933adfc early_divergence div@80 head='A bicycle gear system uses mecha' tail='wer for varying terrain.'
2026-09-29T22:02:50.933+00:00 burst=distinct-n2-b3 kind=distinct n=2 stagger=0.000 coprefill=False spread=0.172 gate=- report=['early_divergence']
2026-09-29T22:02:50.933+00:00   [0] d0 finish=stop completion=95 chunks=46 acc=2.089(chunks) rate=31.01 ttft=0.113 sha=fd42320bee1b early_divergence div@164 head='Sparse attention mitigates the q' tail='n large language models.'
2026-09-29T22:02:50.933+00:00   [1] d1 finish=stop completion=75 chunks=34 acc=2.242(chunks) rate=32.04 ttft=0.285 sha=eadf9933adfc early_divergence div@80 head='A bicycle gear system uses mecha' tail='wer for varying terrain.'
2026-09-29T22:02:57.637+00:00 burst=identical-n3-b1 kind=identical n=3 stagger=0.000 coprefill=False spread=0.189 gate=- report=['early_divergence']
2026-09-29T22:02:57.637+00:00   [0] d0 finish=stop completion=94 chunks=39 acc=2.447(chunks) rate=32.58 ttft=0.322 sha=3bf26d1e5286 early_divergence div@1 head='Standard attention mechanisms sc' tail='ing extensive documents.'
2026-09-29T22:02:57.637+00:00   [1] d0 finish=stop completion=95 chunks=47 acc=2.043(chunks) rate=27.86 ttft=0.321 sha=f231686bb8ae early_divergence div@17 head='Sparse attention significantly e' tail=' contextual information.'
2026-09-29T22:02:57.637+00:00   [2] d0 finish=stop completion=95 chunks=44 acc=2.186(chunks) rate=28.89 ttft=0.133 sha=62032dac1eb1 early_divergence div@164 head='Sparse attention mitigates the q' tail='n large language models.'
2026-09-29T22:03:04.313+00:00 burst=identical-n3-b2 kind=identical n=3 stagger=0.000 coprefill=False spread=0.185 gate=- report=['early_divergence']
2026-09-29T22:03:04.313+00:00   [0] d0 finish=stop completion=94 chunks=39 acc=2.447(chunks) rate=32.60 ttft=0.285 sha=3bf26d1e5286 early_divergence div@1 head='Standard attention mechanisms sc' tail='ing extensive documents.'
2026-09-29T22:03:04.313+00:00   [1] d0 finish=stop completion=95 chunks=44 acc=2.186(chunks) rate=28.87 ttft=0.100 sha=62032dac1eb1 early_divergence div@164 head='Sparse attention mitigates the q' tail='n large language models.'
2026-09-29T22:03:04.313+00:00   [2] d0 finish=stop completion=95 chunks=47 acc=2.043(chunks) rate=27.78 ttft=0.285 sha=f231686bb8ae early_divergence div@17 head='Sparse attention significantly e' tail=' contextual information.'
2026-09-29T22:03:10.945+00:00 burst=identical-n3-b3 kind=identical n=3 stagger=0.000 coprefill=False spread=0.189 gate=- report=['early_divergence']
2026-09-29T22:03:10.945+00:00   [0] d0 finish=stop completion=94 chunks=39 acc=2.447(chunks) rate=33.04 ttft=0.289 sha=3bf26d1e5286 early_divergence div@1 head='Standard attention mechanisms sc' tail='ing extensive documents.'
2026-09-29T22:03:10.945+00:00   [1] d0 finish=stop completion=95 chunks=44 acc=2.186(chunks) rate=29.21 ttft=0.100 sha=62032dac1eb1 early_divergence div@164 head='Sparse attention mitigates the q' tail='n large language models.'
2026-09-29T22:03:10.945+00:00   [2] d0 finish=stop completion=95 chunks=47 acc=2.043(chunks) rate=28.18 ttft=0.289 sha=f231686bb8ae early_divergence div@17 head='Sparse attention significantly e' tail=' contextual information.'
2026-09-29T22:03:17.413+00:00 burst=distinct-n3-b1 kind=distinct n=3 stagger=0.000 coprefill=False spread=0.187 gate=- report=['early_divergence']
2026-09-29T22:03:17.413+00:00   [0] d0 finish=stop completion=94 chunks=49 acc=1.938(chunks) rate=27.67 ttft=0.100 sha=2774341ec8f4 early_divergence div@164 head='Sparse attention mitigates the q' tail='g performance and speed.'
2026-09-29T22:03:17.413+00:00   [1] d1 finish=stop completion=76 chunks=36 acc=2.143(chunks) rate=29.86 ttft=0.287 sha=e8a944e43d20 early_divergence div@80 head='A bicycle gear system uses mecha' tail=' for varying conditions.'
2026-09-29T22:03:17.413+00:00   [2] d2 finish=stop completion=43 chunks=12 acc=3.818(chunks) rate=47.08 ttft=0.287 sha=097672f98733 ok div@None head='2, 3, 5, 7, 11, 13, 17, 19, 23, ' tail=', 17, 19, 23, 29, 31, 37'
2026-09-29T22:03:23.925+00:00 burst=distinct-n3-b2 kind=distinct n=3 stagger=0.000 coprefill=False spread=0.198 gate=- report=['early_divergence']
2026-09-29T22:03:23.925+00:00   [0] d0 finish=stop completion=105 chunks=48 acc=2.213(chunks) rate=32.32 ttft=0.286 sha=4c77871f8919 early_divergence div@17 head='Sparse attention significantly e' tail='or real-world use cases.'
2026-09-29T22:03:23.925+00:00   [1] d1 finish=stop completion=74 chunks=33 acc=2.281(chunks) rate=31.65 ttft=0.286 sha=02dbae298851 ok div@165 head='A bicycle gear system uses mecha' tail='torque for higher speed.'
2026-09-29T22:03:23.925+00:00   [2] d2 finish=stop completion=43 chunks=12 acc=3.818(chunks) rate=45.01 ttft=0.089 sha=097672f98733 ok div@None head='2, 3, 5, 7, 11, 13, 17, 19, 23, ' tail=', 17, 19, 23, 29, 31, 37'
2026-09-29T22:03:30.428+00:00 burst=distinct-n3-b3 kind=distinct n=3 stagger=0.000 coprefill=False spread=0.188 gate=- report=['early_divergence']
2026-09-29T22:03:30.428+00:00   [0] d0 finish=stop completion=94 chunks=49 acc=1.938(chunks) rate=27.43 ttft=0.104 sha=2774341ec8f4 early_divergence div@164 head='Sparse attention mitigates the q' tail='g performance and speed.'
2026-09-29T22:03:30.428+00:00   [1] d1 finish=stop completion=76 chunks=36 acc=2.143(chunks) rate=29.46 ttft=0.292 sha=e8a944e43d20 early_divergence div@80 head='A bicycle gear system uses mecha' tail=' for varying conditions.'
2026-09-29T22:03:30.428+00:00   [2] d2 finish=stop completion=43 chunks=12 acc=3.818(chunks) rate=46.86 ttft=0.293 sha=097672f98733 ok div@None head='2, 3, 5, 7, 11, 13, 17, 19, 23, ' tail=', 17, 19, 23, 29, 31, 37'
2026-09-29T22:03:37.537+00:00 burst=identical-n5-b1 kind=identical n=5 stagger=0.000 coprefill=False spread=0.233 gate=- report=['early_divergence']
2026-09-29T22:03:37.537+00:00   [0] d0 finish=stop completion=94 chunks=41 acc=2.325(chunks) rate=27.61 ttft=0.336 sha=c6257057fc76 early_divergence div@1 head='Standard attention mechanisms sc' tail='ical application limits.'
2026-09-29T22:03:37.537+00:00   [1] d0 finish=stop completion=97 chunks=46 acc=2.133(chunks) rate=25.48 ttft=0.335 sha=6381d2b59382 early_divergence div@17 head='Sparse attention significantly e' tail='ong-context AI feasible.'
2026-09-29T22:03:37.537+00:00   [2] d0 finish=stop completion=94 chunks=45 acc=2.114(chunks) rate=24.68 ttft=0.103 sha=9e1e92f41e6c early_divergence div@164 head='Sparse attention mitigates the q' tail='ormance and scalability.'
2026-09-29T22:03:37.537+00:00   [3] d0 finish=stop completion=96 chunks=44 acc=2.209(chunks) rate=26.24 ttft=0.335 sha=7086bc8c0441 early_divergence div@1 head='Standard attention mechanisms sc' tail='ming hardware resources.'
2026-09-29T22:03:37.537+00:00   [4] d0 finish=stop completion=94 chunks=45 acc=2.114(chunks) rate=25.15 ttft=0.335 sha=5ea913999162 ok div@241 head='Sparse attention mitigates the q' tail='ormance and scalability.'
2026-09-29T22:03:44.634+00:00 burst=identical-n5-b2 kind=identical n=5 stagger=0.000 coprefill=False spread=0.220 gate=- report=['early_divergence']
2026-09-29T22:03:44.634+00:00   [0] d0 finish=stop completion=94 chunks=45 acc=2.114(chunks) rate=24.74 ttft=0.104 sha=9e1e92f41e6c early_divergence div@164 head='Sparse attention mitigates the q' tail='ormance and scalability.'
2026-09-29T22:03:44.634+00:00   [1] d0 finish=stop completion=94 chunks=41 acc=2.325(chunks) rate=27.63 ttft=0.324 sha=c6257057fc76 early_divergence div@1 head='Standard attention mechanisms sc' tail='ical application limits.'
2026-09-29T22:03:44.634+00:00   [2] d0 finish=stop completion=97 chunks=46 acc=2.133(chunks) rate=25.49 ttft=0.324 sha=6381d2b59382 early_divergence div@17 head='Sparse attention significantly e' tail='ong-context AI feasible.'
2026-09-29T22:03:44.634+00:00   [3] d0 finish=stop completion=96 chunks=44 acc=2.209(chunks) rate=26.23 ttft=0.324 sha=7086bc8c0441 early_divergence div@1 head='Standard attention mechanisms sc' tail='ming hardware resources.'
2026-09-29T22:03:44.634+00:00   [4] d0 finish=stop completion=94 chunks=45 acc=2.114(chunks) rate=25.14 ttft=0.325 sha=5ea913999162 ok div@241 head='Sparse attention mitigates the q' tail='ormance and scalability.'
2026-09-29T22:03:51.758+00:00 burst=identical-n5-b3 kind=identical n=5 stagger=0.000 coprefill=False spread=0.217 gate=- report=['early_divergence']
2026-09-29T22:03:51.758+00:00   [0] d0 finish=stop completion=94 chunks=45 acc=2.114(chunks) rate=24.62 ttft=0.107 sha=9e1e92f41e6c early_divergence div@164 head='Sparse attention mitigates the q' tail='ormance and scalability.'
2026-09-29T22:03:51.758+00:00   [1] d0 finish=stop completion=94 chunks=41 acc=2.325(chunks) rate=27.48 ttft=0.324 sha=c6257057fc76 early_divergence div@1 head='Standard attention mechanisms sc' tail='ical application limits.'
2026-09-29T22:03:51.758+00:00   [2] d0 finish=stop completion=97 chunks=46 acc=2.133(chunks) rate=25.32 ttft=0.323 sha=6381d2b59382 early_divergence div@17 head='Sparse attention significantly e' tail='ong-context AI feasible.'
2026-09-29T22:03:51.758+00:00   [3] d0 finish=stop completion=96 chunks=44 acc=2.209(chunks) rate=26.06 ttft=0.324 sha=7086bc8c0441 early_divergence div@1 head='Standard attention mechanisms sc' tail='ming hardware resources.'
2026-09-29T22:03:51.758+00:00   [4] d0 finish=stop completion=94 chunks=45 acc=2.114(chunks) rate=24.99 ttft=0.324 sha=5ea913999162 ok div@241 head='Sparse attention mitigates the q' tail='ormance and scalability.'
2026-09-29T22:03:58.669+00:00 burst=distinct-n5-b1 kind=distinct n=5 stagger=0.000 coprefill=False spread=0.265 gate=- report=['early_divergence']
2026-09-29T22:03:58.669+00:00   [0] d0 finish=stop completion=97 chunks=43 acc=2.286(chunks) rate=27.11 ttft=0.361 sha=d915005fdf94 early_divergence div@193 head='Sparse attention mitigates the q' tail='n large language models.'
2026-09-29T22:03:58.669+00:00   [1] d1 finish=stop completion=70 chunks=33 acc=2.156(chunks) rate=23.36 ttft=0.201 sha=183341e873e7 early_divergence div@77 head='A bicycle gear system uses mecha' tail=' terrain and conditions.'
2026-09-29T22:03:58.669+00:00   [2] d2 finish=stop completion=43 chunks=12 acc=3.818(chunks) rate=37.93 ttft=0.360 sha=097672f98733 ok div@None head='2, 3, 5, 7, 11, 13, 17, 19, 23, ' tail=', 17, 19, 23, 29, 31, 37'
2026-09-29T22:03:58.669+00:00   [3] d3 finish=stop completion=102 chunks=41 acc=2.525(chunks) rate=29.55 ttft=0.360 sha=f14c9794a5de early_divergence div@16 head='The water cycle starts when the ' tail='hole process over again.'
2026-09-29T22:03:58.669+00:00   [4] d4 finish=stop completion=102 chunks=27 acc=3.885(chunks) rate=40.33 ttft=0.096 sha=cb9c046d4e9a ok div@None head='```python\ndef fibonacci(n: int) ' tail=', a + b\n    return b\n```'
2026-09-29T22:04:05.121+00:00 burst=distinct-n5-b2 kind=distinct n=5 stagger=0.000 coprefill=False spread=0.242 gate=- report=['early_divergence']
2026-09-29T22:04:05.121+00:00   [0] d0 finish=stop completion=92 chunks=36 acc=2.600(chunks) rate=29.48 ttft=0.356 sha=ba409499c5af early_divergence div@1 head='Standard attention mechanisms sc' tail='tensive context windows.'
2026-09-29T22:04:05.121+00:00   [1] d1 finish=stop completion=74 chunks=31 acc=2.433(chunks) rate=26.08 ttft=0.355 sha=da316c473bae ok div@165 head='A bicycle gear system uses mecha' tail='wer for varying terrain.'
2026-09-29T22:04:05.121+00:00   [2] d2 finish=stop completion=43 chunks=12 acc=3.818(chunks) rate=38.04 ttft=0.355 sha=097672f98733 ok div@None head='2, 3, 5, 7, 11, 13, 17, 19, 23, ' tail=', 17, 19, 23, 29, 31, 37'
2026-09-29T22:04:05.121+00:00   [3] d3 finish=stop completion=86 chunks=34 acc=2.576(chunks) rate=28.83 ttft=0.356 sha=9fbf937d0835 early_divergence div@4 head='The sun heats up water in oceans' tail=' journey all over again.'
2026-09-29T22:04:05.121+00:00   [4] d4 finish=stop completion=102 chunks=27 acc=3.885(chunks) rate=40.60 ttft=0.114 sha=d3af644442cd early_divergence div@80 head='```python\ndef fibonacci(n: int) ' tail=', a + b\n    return b\n```'
2026-09-29T22:04:11.695+00:00 burst=distinct-n5-b3 kind=distinct n=5 stagger=0.000 coprefill=False spread=0.231 gate=- report=['early_divergence']
2026-09-29T22:04:11.695+00:00   [0] d0 finish=stop completion=91 chunks=38 acc=2.432(chunks) rate=27.79 ttft=0.325 sha=28ad902a80be early_divergence div@1 head='Standard attention mechanisms sc' tail='al hardware constraints.'
2026-09-29T22:04:11.695+00:00   [1] d1 finish=stop completion=65 chunks=28 acc=2.370(chunks) rate=24.81 ttft=0.325 sha=3d599a0312f2 early_divergence div@77 head='A bicycle gear system uses mecha' tail=' for varying conditions.'
2026-09-29T22:04:11.695+00:00   [2] d2 finish=stop completion=43 chunks=12 acc=3.818(chunks) rate=36.42 ttft=0.094 sha=097672f98733 ok div@None head='2, 3, 5, 7, 11, 13, 17, 19, 23, ' tail=', 17, 19, 23, 29, 31, 37'
2026-09-29T22:04:11.695+00:00   [3] d3 finish=stop completion=85 chunks=31 acc=2.800(chunks) rate=29.82 ttft=0.324 sha=5121f754e7d8 early_divergence div@4 head='The sun heats up water in oceans' tail=' journey all over again.'
2026-09-29T22:04:11.695+00:00   [4] d4 finish=stop completion=102 chunks=28 acc=3.741(chunks) rate=39.16 ttft=0.326 sha=cb9c046d4e9a ok div@None head='```python\ndef fibonacci(n: int) ' tail=', a + b\n    return b\n```'
2026-09-29T22:04:19.487+00:00 burst=identical-n8-b1 kind=identical n=8 stagger=0.000 coprefill=False spread=0.261 gate=- report=['early_divergence']
2026-09-29T22:04:19.487+00:00   [0] d0 finish=stop completion=91 chunks=42 acc=2.195(chunks) rate=23.97 ttft=0.397 sha=29dbd9358c10 early_divergence div@132 head='Sparse attention mitigates the q' tail='real-world applications.'
2026-09-29T22:04:19.487+00:00   [1] d0 finish=stop completion=93 chunks=36 acc=2.629(chunks) rate=27.66 ttft=0.400 sha=4894a43dbae9 early_divergence div@1 head='Standard attention mechanisms sc' tail='complex reasoning tasks.'
2026-09-29T22:04:19.487+00:00   [2] d0 finish=stop completion=95 chunks=39 acc=2.474(chunks) rate=26.77 ttft=0.397 sha=30da1fd13f33 early_divergence div@1 head='Standard attention mechanisms sc' tail='pplication requirements.'
2026-09-29T22:04:19.487+00:00   [3] d0 finish=stop completion=90 chunks=40 acc=2.282(chunks) rate=24.74 ttft=0.399 sha=74645c0c0861 early_divergence div@1 head='Standard attention mechanisms sc' tail='ontextual understanding.'
2026-09-29T22:04:19.487+00:00   [4] d0 finish=stop completion=94 chunks=39 acc=2.447(chunks) rate=26.49 ttft=0.398 sha=ae36ad6fd27b early_divergence div@1 head='Standard attention mechanisms sc' tail='pplication requirements.'
2026-09-29T22:04:19.487+00:00   [5] d0 finish=stop completion=101 chunks=47 acc=2.174(chunks) rate=23.67 ttft=0.138 sha=4bfa1bf64b96 early_divergence div@193 head='Sparse attention mitigates the q' tail='complex reasoning tasks.'
2026-09-29T22:04:19.487+00:00   [6] d0 finish=stop completion=103 chunks=52 acc=2.000(chunks) rate=23.27 ttft=0.398 sha=9998eee34e6d early_divergence div@17 head='Sparse attention significantly e' tail='nt long-range reasoning.'
2026-09-29T22:04:19.487+00:00   [7] d0 finish=stop completion=93 chunks=37 acc=2.556(chunks) rate=27.65 ttft=0.399 sha=ca53988def6a early_divergence div@1 head='Standard attention mechanisms sc' tail='tensive context windows.'
2026-09-29T22:04:27.154+00:00 burst=identical-n8-b2 kind=identical n=8 stagger=0.000 coprefill=False spread=0.337 gate=- report=['early_divergence']
2026-09-29T22:04:27.154+00:00   [0] d0 finish=stop completion=96 chunks=39 acc=2.500(chunks) rate=26.15 ttft=0.444 sha=1ce2e3b94727 early_divergence div@1 head='Standard attention mechanisms sc' tail='ucing inference latency.'
2026-09-29T22:04:27.154+00:00   [1] d0 finish=stop completion=96 chunks=45 acc=2.159(chunks) rate=23.24 ttft=0.443 sha=5e8302c51958 early_divergence div@1 head='Standard attention mechanisms sc' tail='onential resource costs.'
2026-09-29T22:04:27.154+00:00   [2] d0 finish=stop completion=94 chunks=36 acc=2.657(chunks) rate=27.13 ttft=0.233 sha=3d79dd5f42b6 early_divergence div@1 head='Standard attention mechanisms sc' tail='tensive context windows.'
2026-09-29T22:04:27.154+00:00   [3] d0 finish=stop completion=89 chunks=40 acc=2.256(chunks) rate=22.76 ttft=0.108 sha=c8f2f8b2adf1 early_divergence div@132 head='Sparse attention mitigates the q' tail=' speeds and scalability.'
2026-09-29T22:04:27.154+00:00   [4] d0 finish=stop completion=101 chunks=47 acc=2.174(chunks) rate=23.74 ttft=0.443 sha=6e94af5c1a81 early_divergence div@1 head='Standard attention mechanisms sc' tail='complex reasoning tasks.'
2026-09-29T22:04:27.154+00:00   [5] d0 finish=stop completion=94 chunks=39 acc=2.447(chunks) rate=25.59 ttft=0.442 sha=ae36ad6fd27b early_divergence div@1 head='Standard attention mechanisms sc' tail='pplication requirements.'
2026-09-29T22:04:27.154+00:00   [6] d0 finish=stop completion=97 chunks=40 acc=2.462(chunks) rate=25.20 ttft=0.443 sha=3665c1a6ee1b early_divergence div@1 head='Standard attention mechanisms sc' tail='d practical application.'
2026-09-29T22:04:27.154+00:00   [7] d0 finish=stop completion=92 chunks=41 acc=2.275(chunks) rate=23.09 ttft=0.234 sha=7697be75c53c early_divergence div@17 head='Sparse attention significantly e' tail='long-term conversations.'
2026-09-29T22:04:34.948+00:00 burst=identical-n8-b3 kind=identical n=8 stagger=0.000 coprefill=False spread=0.247 gate=- report=['early_divergence']
2026-09-29T22:04:34.948+00:00   [0] d0 finish=stop completion=101 chunks=47 acc=2.174(chunks) rate=23.64 ttft=0.133 sha=4bfa1bf64b96 early_divergence div@193 head='Sparse attention mitigates the q' tail='complex reasoning tasks.'
2026-09-29T22:04:34.948+00:00   [1] d0 finish=stop completion=93 chunks=37 acc=2.556(chunks) rate=27.55 ttft=0.379 sha=ca53988def6a early_divergence div@1 head='Standard attention mechanisms sc' tail='tensive context windows.'
2026-09-29T22:04:34.948+00:00   [2] d0 finish=stop completion=103 chunks=52 acc=2.000(chunks) rate=23.16 ttft=0.379 sha=9998eee34e6d early_divergence div@17 head='Sparse attention significantly e' tail='nt long-range reasoning.'
2026-09-29T22:04:34.948+00:00   [3] d0 finish=stop completion=95 chunks=39 acc=2.474(chunks) rate=26.66 ttft=0.378 sha=30da1fd13f33 early_divergence div@1 head='Standard attention mechanisms sc' tail='pplication requirements.'
2026-09-29T22:04:34.948+00:00   [4] d0 finish=stop completion=91 chunks=42 acc=2.195(chunks) rate=23.85 ttft=0.378 sha=29dbd9358c10 early_divergence div@132 head='Sparse attention mitigates the q' tail='real-world applications.'
2026-09-29T22:04:34.948+00:00   [5] d0 finish=stop completion=93 chunks=36 acc=2.629(chunks) rate=27.55 ttft=0.378 sha=4894a43dbae9 early_divergence div@1 head='Standard attention mechanisms sc' tail='complex reasoning tasks.'
2026-09-29T22:04:34.948+00:00   [6] d0 finish=stop completion=94 chunks=39 acc=2.447(chunks) rate=26.36 ttft=0.377 sha=ae36ad6fd27b early_divergence div@1 head='Standard attention mechanisms sc' tail='pplication requirements.'
2026-09-29T22:04:34.948+00:00   [7] d0 finish=stop completion=90 chunks=40 acc=2.282(chunks) rate=24.60 ttft=0.380 sha=74645c0c0861 early_divergence div@1 head='Standard attention mechanisms sc' tail='ontextual understanding.'
2026-09-29T22:04:42.178+00:00 burst=distinct-n8-b1 kind=distinct n=8 stagger=0.000 coprefill=False spread=0.282 gate=- report=['early_divergence']
2026-09-29T22:04:42.178+00:00   [0] d0 finish=stop completion=94 chunks=41 acc=2.325(chunks) rate=24.40 ttft=0.405 sha=c6257057fc76 early_divergence div@1 head='Standard attention mechanisms sc' tail='ical application limits.'
2026-09-29T22:04:42.178+00:00   [1] d1 finish=stop completion=65 chunks=29 acc=2.286(chunks) rate=21.80 ttft=0.406 sha=3d599a0312f2 early_divergence div@77 head='A bicycle gear system uses mecha' tail=' for varying conditions.'
2026-09-29T22:04:42.178+00:00   [2] d2 finish=stop completion=43 chunks=12 acc=3.818(chunks) rate=31.82 ttft=0.405 sha=097672f98733 ok div@None head='2, 3, 5, 7, 11, 13, 17, 19, 23, ' tail=', 17, 19, 23, 29, 31, 37'
2026-09-29T22:04:42.178+00:00   [3] d3 finish=stop completion=92 chunks=37 acc=2.528(chunks) rate=25.66 ttft=0.406 sha=ec7927030dd0 early_divergence div@26 head='The water cycle is like a never-' tail='the trip all over again.'
2026-09-29T22:04:42.178+00:00   [4] d4 finish=stop completion=81 chunks=21 acc=4.000(chunks) rate=35.78 ttft=0.407 sha=d6e4529d7c26 early_divergence div@50 head='```python\ndef fibonacci(n: int) ' tail=', a + b\n    return b\n```'
2026-09-29T22:04:42.178+00:00   [5] d5 finish=stop completion=19 chunks=8 acc=2.571(chunks) rate=21.11 ttft=0.408 sha=fbd9a6af1079 early_divergence div@63 head='La bibliothèque ouvre à neuf heu' tail='res les jours ouvrables.'
2026-09-29T22:04:42.178+00:00   [6] d6 finish=stop completion=70 chunks=33 acc=2.156(chunks) rate=21.18 ttft=0.406 sha=6ed0508ab41c ok div@189 head='1. Reduce watering frequency sig' tail='ensate for shorter days.'
2026-09-29T22:04:42.178+00:00   [7] d7 finish=stop completion=67 chunks=18 acc=3.882(chunks) rate=32.46 ttft=0.126 sha=c39be9b87ae0 ok div@None head='{\n  "name": "Eiffel Tower",\n  "y' tail='re",\n    "Tourism"\n  ]\n}'
2026-09-29T22:04:49.341+00:00 burst=distinct-n8-b2 kind=distinct n=8 stagger=0.000 coprefill=False spread=0.297 gate=- report=['early_divergence']
2026-09-29T22:04:49.341+00:00   [0] d0 finish=stop completion=93 chunks=40 acc=2.359(chunks) rate=24.48 ttft=0.395 sha=b2180cc9de11 early_divergence div@1 head='Standard attention mechanisms sc' tail='pplication requirements.'
2026-09-29T22:04:49.341+00:00   [1] d1 finish=stop completion=77 chunks=31 acc=2.533(chunks) rate=24.24 ttft=0.395 sha=e28f076d1ced ok div@245 head='A bicycle gear system uses mecha' tail='g speed on flat terrain.'
2026-09-29T22:04:49.341+00:00   [2] d2 finish=stop completion=43 chunks=12 acc=3.818(chunks) rate=30.67 ttft=0.098 sha=097672f98733 ok div@None head='2, 3, 5, 7, 11, 13, 17, 19, 23, ' tail=', 17, 19, 23, 29, 31, 37'
2026-09-29T22:04:49.341+00:00   [3] d3 finish=stop completion=85 chunks=35 acc=2.471(chunks) rate=24.32 ttft=0.392 sha=283d8fab5fe1 early_divergence div@26 head='The water cycle is like a never-' tail='dventure all over again.'
2026-09-29T22:04:49.341+00:00   [4] d4 finish=stop completion=102 chunks=27 acc=3.885(chunks) rate=36.19 ttft=0.394 sha=cb9c046d4e9a ok div@None head='```python\ndef fibonacci(n: int) ' tail=', a + b\n    return b\n```'
2026-09-29T22:04:49.341+00:00   [5] d5 finish=stop completion=19 chunks=8 acc=2.571(chunks) rate=21.46 ttft=0.394 sha=fbd9a6af1079 early_divergence div@63 head='La bibliothèque ouvre à neuf heu' tail='res les jours ouvrables.'
2026-09-29T22:04:49.341+00:00   [6] d6 finish=stop completion=70 chunks=34 acc=2.091(chunks) rate=20.44 ttft=0.392 sha=6ed0508ab41c ok div@189 head='1. Reduce watering frequency sig' tail='ensate for shorter days.'
2026-09-29T22:04:49.341+00:00   [7] d7 finish=stop completion=67 chunks=19 acc=3.667(chunks) rate=32.77 ttft=0.395 sha=c39be9b87ae0 ok div@None head='{\n  "name": "Eiffel Tower",\n  "y' tail='re",\n    "Tourism"\n  ]\n}'
2026-09-29T22:04:56.522+00:00 burst=distinct-n8-b3 kind=distinct n=8 stagger=0.000 coprefill=False spread=0.274 gate=- report=['early_divergence']
2026-09-29T22:04:56.522+00:00   [0] d0 finish=stop completion=94 chunks=37 acc=2.583(chunks) rate=25.61 ttft=0.408 sha=abe1f1ee0af2 early_divergence div@1 head='Standard attention mechanisms sc' tail='tensive context windows.'
2026-09-29T22:04:56.522+00:00   [1] d1 finish=stop completion=65 chunks=28 acc=2.370(chunks) rate=21.91 ttft=0.409 sha=3d599a0312f2 early_divergence div@77 head='A bicycle gear system uses mecha' tail=' for varying conditions.'
2026-09-29T22:04:56.522+00:00   [2] d2 finish=stop completion=43 chunks=12 acc=3.818(chunks) rate=31.82 ttft=0.409 sha=097672f98733 ok div@None head='2, 3, 5, 7, 11, 13, 17, 19, 23, ' tail=', 17, 19, 23, 29, 31, 37'
2026-09-29T22:04:56.522+00:00   [3] d3 finish=stop completion=102 chunks=39 acc=2.658(chunks) rate=26.86 ttft=0.408 sha=13787128752e early_divergence div@16 head='The water cycle starts when the ' tail=' journey all over again.'
2026-09-29T22:04:56.522+00:00   [4] d4 finish=stop completion=102 chunks=27 acc=3.885(chunks) rate=35.80 ttft=0.409 sha=cb9c046d4e9a ok div@None head='```python\ndef fibonacci(n: int) ' tail=', a + b\n    return b\n```'
2026-09-29T22:04:56.522+00:00   [5] d5 finish=stop completion=17 chunks=7 acc=2.667(chunks) rate=22.08 ttft=0.410 sha=5a881638e98d ok div@None head='La bibliothèque ouvre à neuf heu' tail='-huit heures en semaine.'
2026-09-29T22:04:56.522+00:00   [6] d6 finish=stop completion=70 chunks=34 acc=2.091(chunks) rate=20.31 ttft=0.409 sha=6ed0508ab41c ok div@189 head='1. Reduce watering frequency sig' tail='ensate for shorter days.'
2026-09-29T22:04:56.522+00:00   [7] d7 finish=stop completion=67 chunks=18 acc=3.882(chunks) rate=32.62 ttft=0.136 sha=c39be9b87ae0 ok div@None head='{\n  "name": "Eiffel Tower",\n  "y' tail='re",\n    "Tourism"\n  ]\n}'
2026-09-29T22:05:02.313+00:00 burst=staggered-identical-n2 kind=identical n=2 stagger=0.250 coprefill=False spread=0.352 gate=- report=['early_divergence']
2026-09-29T22:05:02.313+00:00   [0] d0 finish=stop completion=95 chunks=41 acc=2.350(chunks) rate=35.47 ttft=0.133 sha=26e6979e3e7e ok div@333 head='Sparse attention mitigates the q' tail='n large language models.'
2026-09-29T22:05:02.313+00:00   [1] d0 finish=stop completion=93 chunks=36 acc=2.629(chunks) rate=40.03 ttft=0.235 sha=774bf9418857 early_divergence div@1 head='Standard attention mechanisms sc' tail='tensive context windows.'
2026-09-29T22:05:08.262+00:00 burst=staggered-distinct-n3 kind=distinct n=3 stagger=0.250 coprefill=False spread=0.592 gate=- report=['early_divergence']
2026-09-29T22:05:08.262+00:00   [0] d0 finish=stop completion=95 chunks=41 acc=2.350(chunks) rate=33.05 ttft=0.099 sha=b021889d5bef ok div@241 head='Sparse attention mitigates the q' tail='n large language models.'
2026-09-29T22:05:08.262+00:00   [1] d1 finish=stop completion=67 chunks=28 acc=2.444(chunks) rate=32.80 ttft=0.194 sha=e99d6094a312 early_divergence div@77 head='A bicycle gear system uses mecha' tail=' for varying conditions.'
2026-09-29T22:05:08.262+00:00   [2] d2 finish=stop completion=43 chunks=12 acc=3.818(chunks) rate=47.06 ttft=0.191 sha=097672f98733 ok div@None head='2, 3, 5, 7, 11, 13, 17, 19, 23, ' tail=', 17, 19, 23, 29, 31, 37'
2026-09-29T22:05:15.377+00:00 burst=staggered-distinct-n5 kind=distinct n=5 stagger=0.250 coprefill=False spread=1.172 gate=- report=['early_divergence']
2026-09-29T22:05:15.377+00:00   [0] d0 finish=stop completion=94 chunks=44 acc=2.163(chunks) rate=25.12 ttft=0.101 sha=5ea913999162 ok div@241 head='Sparse attention mitigates the q' tail='ormance and scalability.'
2026-09-29T22:05:15.377+00:00   [1] d1 finish=stop completion=65 chunks=28 acc=2.370(chunks) rate=25.84 ttft=0.196 sha=3d599a0312f2 early_divergence div@77 head='A bicycle gear system uses mecha' tail=' for varying conditions.'
2026-09-29T22:05:15.377+00:00   [2] d2 finish=stop completion=43 chunks=12 acc=3.818(chunks) rate=38.63 ttft=0.187 sha=097672f98733 ok div@None head='2, 3, 5, 7, 11, 13, 17, 19, 23, ' tail=', 17, 19, 23, 29, 31, 37'
2026-09-29T22:05:15.377+00:00   [3] d3 finish=stop completion=101 chunks=38 acc=2.703(chunks) rate=31.87 ttft=0.219 sha=a5cb9def895f early_divergence div@16 head='The water cycle starts when the ' tail=' journey all over again.'
2026-09-29T22:05:15.377+00:00   [4] d4 finish=stop completion=102 chunks=28 acc=3.741(chunks) rate=42.55 ttft=0.273 sha=cb9c046d4e9a ok div@None head='```python\ndef fibonacci(n: int) ' tail=', a + b\n    return b\n```'
2026-09-29T22:05:23.937+00:00 burst=staggered-identical-n8 kind=identical n=8 stagger=0.250 coprefill=False spread=1.927 gate=- report=['early_divergence']
2026-09-29T22:05:23.937+00:00   [0] d0 finish=stop completion=98 chunks=43 acc=2.310(chunks) rate=24.46 ttft=0.101 sha=bcfbc38670ea early_divergence div@193 head='Sparse attention mitigates the q' tail='n large language models.'
2026-09-29T22:05:23.937+00:00   [1] d0 finish=stop completion=91 chunks=41 acc=2.250(chunks) rate=22.98 ttft=0.197 sha=9a48cb339300 early_divergence div@1 head='Standard attention mechanisms sc' tail='tical application needs.'
2026-09-29T22:05:23.937+00:00   [2] d0 finish=stop completion=95 chunks=41 acc=2.350(chunks) rate=23.78 ttft=0.195 sha=30da1fd13f33 early_divergence div@1 head='Standard attention mechanisms sc' tail='pplication requirements.'
2026-09-29T22:05:23.937+00:00   [3] d0 finish=stop completion=100 chunks=42 acc=2.415(chunks) rate=24.50 ttft=0.214 sha=9e72c277d4b8 early_divergence div@1 head='Standard attention mechanisms sc' tail='d resource requirements.'
2026-09-29T22:05:23.937+00:00   [4] d0 finish=stop completion=92 chunks=40 acc=2.333(chunks) rate=23.66 ttft=0.249 sha=565cd1ada15c early_divergence div@1 head='Standard attention mechanisms sc' tail='real-world applications.'
2026-09-29T22:05:23.937+00:00   [5] d0 finish=stop completion=97 chunks=43 acc=2.286(chunks) rate=24.11 ttft=0.318 sha=2a673c83a7ec early_divergence div@193 head='Sparse attention mitigates the q' tail='n large language models.'
2026-09-29T22:05:23.937+00:00   [6] d0 finish=stop completion=88 chunks=39 acc=2.289(chunks) rate=24.07 ttft=0.291 sha=b7682e924320 early_divergence div@1 head='Standard attention mechanisms sc' tail=' practical applications.'
2026-09-29T22:05:23.938+00:00   [7] d0 finish=stop completion=95 chunks=39 acc=2.474(chunks) rate=26.68 ttft=0.277 sha=ae5bb4f5308e early_divergence div@1 head='Standard attention mechanisms sc' tail='ross extensive contexts.'
2026-09-29T22:05:35.353+00:00 burst=long-pair kind=long n=2 stagger=0.000 coprefill=False spread=2.837 gate=- report=['slow']
2026-09-29T22:05:35.353+00:00   [0] long0 finish=stop completion=6 chunks=2 acc=5.000(chunks) rate=1.76 ttft=5.435 sha=83dab7f91bc1 slow div@None head='74354' tail='74354'
2026-09-29T22:05:35.353+00:00   [1] long1 finish=stop completion=6 chunks=2 acc=5.000(chunks) rate=37.20 ttft=8.272 sha=0ec41e567fc2 ok div@None head='79083' tail='79083'
2026-09-29T22:05:38.916+00:00 burst=image-pair kind=image n=2 stagger=0.000 coprefill=False spread=0.210 gate=- report=-
2026-09-29T22:05:38.916+00:00   [0] img_red finish=stop completion=11 chunks=4 acc=3.333(chunks) rate=51.18 ttft=0.357 sha=0e1c14c4131c ok div@None head='The image is filled with a solid' tail=' with a solid red color.'
2026-09-29T22:05:38.916+00:00   [1] img_blue finish=stop completion=11 chunks=4 acc=3.333(chunks) rate=35.70 ttft=0.146 sha=7fa32368a223 ok div@None head='This image is filled with a soli' tail='with a solid blue color.'
2026-09-29T22:05:38.916+00:00 TOTALS bursts=30 streams=130 gate_bursts=0 zero_acc=0 runaway=0 first32_match=0.285 coprefill_bursts=1 per_request_spec_metrics=False
2026-09-29T22:05:38.916+00:00 NOTE: server did not return metrics.speculative_decoding on every stream; acceptance estimated from tokens per chunk (serve with --per-request-spec-decode-metrics summary)
2026-09-29T22:05:38.916+00:00 T0 PASS
