2026-09-29T14:40:35.599+00:00 bench_probe v1 url=http://127.0.0.1:8000/v1/chat/completions sizes=[2, 3, 5, 8] kinds=['identical', 'distinct'] bursts_per_shape=3 max_tokens=256
2026-09-29T14:40:38.124+00:00 ref d0 finish=stop completion=94 acc=2.436 ttft=0.188 sha=c6257057fc76 head='Standard attention mechanisms scale quad'
2026-09-29T14:40:41.083+00:00 ref d1 finish=stop completion=66 acc=2.161 ttft=0.112 sha=907a1d74cbfd head='A bicycle gear system uses mechanical ad'
2026-09-29T14:40:42.863+00:00 ref d2 finish=stop completion=43 acc=4.000 ttft=0.096 sha=097672f98733 head='2, 3, 5, 7, 11, 13, 17, 19, 23, 29, 31, '
2026-09-29T14:40:46.288+00:00 ref d3 finish=stop completion=103 acc=2.615 ttft=0.105 sha=ce1349b7dfe1 head='The water cycle is like a giant, never-e'
2026-09-29T14:40:49.050+00:00 ref d4 finish=stop completion=102 acc=3.852 ttft=0.121 sha=cb9c046d4e9a head='```python\ndef fibonacci(n: int) -> int:\n'
2026-09-29T14:40:50.594+00:00 ref d5 finish=stop completion=19 acc=2.857 ttft=0.130 sha=fbd9a6af1079 head='La bibliothèque ouvre à neuf heures et f'
2026-09-29T14:40:53.658+00:00 ref d6 finish=stop completion=70 acc=2.152 ttft=0.116 sha=6ed0508ab41c head='1. Reduce watering frequency significant'
2026-09-29T14:40:55.788+00:00 ref d7 finish=stop completion=67 acc=4.000 ttft=0.130 sha=c39be9b87ae0 head='{\n  "name": "Eiffel Tower",\n  "year": 18'
2026-09-29T14:41:01.221+00:00 ref long0 finish=stop completion=6 acc=4.000 ttft=4.296 sha=83dab7f91bc1 head='74354'
2026-09-29T14:41:06.033+00:00 ref long1 finish=stop completion=6 acc=4.000 ttft=3.666 sha=0ec41e567fc2 head='79083'
2026-09-29T14:41:07.415+00:00 ref img_red finish=stop completion=11 acc=3.333 ttft=0.199 sha=0e1c14c4131c head='The image is filled with a solid red col'
2026-09-29T14:41:08.837+00:00 ref img_blue finish=stop completion=11 acc=2.750 ttft=0.177 sha=705b4320e3b4 head='The image is filled with a solid blue co'
2026-09-29T14:41:16.231+00:00 burst=identical-n2-b1 kind=identical n=2 stagger=0.000 coprefill=False spread=0.393 gate=- report=['early_divergence']
2026-09-29T14:41:16.231+00:00   [0] d0 finish=stop completion=95 chunks=43 acc=2.238(server) rate=31.51 ttft=0.102 sha=290c076678fe early_divergence div@1 head='Sparse attention mitigates the q' tail='n large language models.'
2026-09-29T14:41:16.231+00:00   [1] d0 finish=stop completion=98 chunks=46 acc=2.200(server) rate=33.55 ttft=0.495 sha=e7df309edc7e early_divergence div@1 head='Sparse attention significantly e' tail='manageable and scalable.'
2026-09-29T14:41:22.648+00:00 burst=identical-n2-b2 kind=identical n=2 stagger=0.000 coprefill=False spread=0.176 gate=- report=['early_divergence']
2026-09-29T14:41:22.648+00:00   [0] d0 finish=stop completion=95 chunks=41 acc=2.366(server) rate=35.43 ttft=0.274 sha=60a094cd041b ok div@560 head='Standard attention mechanisms sc' tail='d practical application.'
2026-09-29T14:41:22.648+00:00   [1] d0 finish=stop completion=100 chunks=52 acc=1.980(server) rate=29.89 ttft=0.099 sha=c36c3f7763f7 early_divergence div@1 head='Sparse attention significantly e' tail='hibitive resource costs.'
2026-09-29T14:41:28.388+00:00 burst=identical-n2-b3 kind=identical n=2 stagger=0.000 coprefill=False spread=0.174 gate=- report=['early_divergence']
2026-09-29T14:41:28.388+00:00   [0] d0 finish=stop completion=92 chunks=39 acc=2.395(server) rate=37.07 ttft=0.275 sha=7697be75c53c early_divergence div@1 head='Sparse attention significantly e' tail='long-term conversations.'
2026-09-29T14:41:28.388+00:00   [1] d0 finish=stop completion=89 chunks=38 acc=2.395(server) rate=35.03 ttft=0.102 sha=6191ccb30825 early_divergence div@1 head='Sparse attention mitigates the q' tail='gths grow substantially.'
2026-09-29T14:41:34.105+00:00 burst=distinct-n2-b1 kind=distinct n=2 stagger=0.000 coprefill=False spread=0.172 gate=- report=['early_divergence']
2026-09-29T14:41:34.105+00:00   [0] d0 finish=stop completion=90 chunks=38 acc=2.432(server) rate=36.55 ttft=0.276 sha=c57348793cfc early_divergence div@220 head='Standard attention mechanisms sc' tail='ze and processing speed.'
2026-09-29T14:41:34.105+00:00   [1] d1 finish=stop completion=79 chunks=35 acc=2.353(server) rate=33.79 ttft=0.104 sha=691641068406 early_divergence div@77 head='A bicycle gear system uses mecha' tail='ess mechanical leverage.'
2026-09-29T14:41:40.059+00:00 burst=distinct-n2-b2 kind=distinct n=2 stagger=0.000 coprefill=False spread=0.117 gate=- report=['early_divergence']
2026-09-29T14:41:40.059+00:00   [0] d0 finish=stop completion=97 chunks=43 acc=2.286(server) rate=35.05 ttft=0.208 sha=c26902c8ad01 early_divergence div@72 head='Standard attention mechanisms sc' tail='real-world applications.'
2026-09-29T14:41:40.059+00:00   [1] d1 finish=stop completion=79 chunks=30 acc=2.700(server) rate=37.74 ttft=0.091 sha=0eba180abe75 early_divergence div@77 head='A bicycle gear system uses mecha' tail='ort for varying terrain.'
2026-09-29T14:41:45.908+00:00 burst=distinct-n2-b3 kind=distinct n=2 stagger=0.000 coprefill=False spread=0.112 gate=- report=['early_divergence']
2026-09-29T14:41:45.908+00:00   [0] d0 finish=stop completion=96 chunks=41 acc=2.400(server) rate=36.01 ttft=0.205 sha=84bb229da23c early_divergence div@206 head='Standard attention mechanisms sc' tail=' practical applications.'
2026-09-29T14:41:45.908+00:00   [1] d1 finish=stop completion=79 chunks=35 acc=2.314(server) rate=32.68 ttft=0.093 sha=a162caa87cfd early_divergence div@77 head='A bicycle gear system uses mecha' tail='or torque or vice versa.'
2026-09-29T14:41:52.493+00:00 burst=identical-n3-b1 kind=identical n=3 stagger=0.000 coprefill=False spread=0.189 gate=- report=['early_divergence']
2026-09-29T14:41:52.493+00:00   [0] d0 finish=stop completion=91 chunks=41 acc=2.268(server) rate=29.57 ttft=0.290 sha=bf3bf79e0804 early_divergence div@1 head='Sparse attention significantly e' tail='h feasible and scalable.'
2026-09-29T14:41:52.493+00:00   [1] d0 finish=stop completion=96 chunks=46 acc=2.111(server) rate=28.88 ttft=0.289 sha=e4ff0f3b87dc early_divergence div@1 head='Sparse attention significantly e' tail='al hardware constraints.'
2026-09-29T14:41:52.493+00:00   [2] d0 finish=stop completion=95 chunks=42 acc=2.341(server) rate=30.43 ttft=0.101 sha=94bb76056986 ok div@503 head='Standard attention mechanisms sc' tail=' inference environments.'
2026-09-29T14:41:58.872+00:00 burst=identical-n3-b2 kind=identical n=3 stagger=0.000 coprefill=False spread=0.183 gate=- report=['early_divergence']
2026-09-29T14:41:58.872+00:00   [0] d0 finish=stop completion=97 chunks=41 acc=2.425(server) rate=32.39 ttft=0.284 sha=3468330c753f early_divergence div@190 head='Standard attention mechanisms sc' tail='ming hardware resources.'
2026-09-29T14:41:58.872+00:00   [1] d0 finish=stop completion=97 chunks=42 acc=2.357(server) rate=31.08 ttft=0.284 sha=928ada853a60 early_divergence div@1 head='Sparse attention significantly e' tail='ext processing feasible.'
2026-09-29T14:41:58.872+00:00   [2] d0 finish=stop completion=95 chunks=37 acc=2.667(server) rate=34.29 ttft=0.101 sha=ae5bb4f5308e early_divergence div@206 head='Standard attention mechanisms sc' tail='ross extensive contexts.'
2026-09-29T14:42:04.952+00:00 burst=identical-n3-b3 kind=identical n=3 stagger=0.000 coprefill=False spread=0.184 gate=- report=-
2026-09-29T14:42:04.952+00:00   [0] d0 finish=stop completion=94 chunks=38 acc=2.541(server) rate=34.17 ttft=0.285 sha=ae36ad6fd27b ok div@619 head='Standard attention mechanisms sc' tail='pplication requirements.'
2026-09-29T14:42:04.952+00:00   [1] d0 finish=stop completion=94 chunks=39 acc=2.500(server) rate=33.36 ttft=0.285 sha=c6257057fc76 ok div@None head='Standard attention mechanisms sc' tail='ical application limits.'
2026-09-29T14:42:04.952+00:00   [2] d0 finish=stop completion=95 chunks=38 acc=2.553(server) rate=33.20 ttft=0.102 sha=60a094cd041b ok div@560 head='Standard attention mechanisms sc' tail='d practical application.'
2026-09-29T14:42:11.462+00:00 burst=distinct-n3-b1 kind=distinct n=3 stagger=0.000 coprefill=False spread=0.535 gate=- report=['early_divergence']
2026-09-29T14:42:11.462+00:00   [0] d0 finish=stop completion=98 chunks=45 acc=2.250(server) rate=28.52 ttft=0.102 sha=5453a8cce6f3 early_divergence div@1 head='Sparse attention mitigates the q' tail='ng-context applications.'
2026-09-29T14:42:11.462+00:00   [1] d1 finish=stop completion=65 chunks=27 acc=2.500(server) rate=33.69 ttft=0.637 sha=3d599a0312f2 ok div@329 head='A bicycle gear system uses mecha' tail=' for varying conditions.'
2026-09-29T14:42:11.462+00:00   [2] d2 finish=stop completion=43 chunks=12 acc=4.000(server) rate=46.67 ttft=0.638 sha=097672f98733 ok div@None head='2, 3, 5, 7, 11, 13, 17, 19, 23, ' tail=', 17, 19, 23, 29, 31, 37'
2026-09-29T14:42:17.239+00:00 burst=distinct-n3-b2 kind=distinct n=3 stagger=0.000 coprefill=False spread=0.200 gate=- report=['early_divergence']
2026-09-29T14:42:17.239+00:00   [0] d0 finish=stop completion=97 chunks=37 acc=2.667(server) rate=38.71 ttft=0.289 sha=1316be2ec442 early_divergence div@206 head='Standard attention mechanisms sc' tail='complex reasoning tasks.'
2026-09-29T14:42:17.239+00:00   [1] d1 finish=stop completion=65 chunks=26 acc=2.600(server) rate=35.41 ttft=0.289 sha=3d599a0312f2 ok div@329 head='A bicycle gear system uses mecha' tail=' for varying conditions.'
2026-09-29T14:42:17.239+00:00   [2] d2 finish=stop completion=43 chunks=12 acc=4.000(server) rate=44.67 ttft=0.089 sha=097672f98733 ok div@None head='2, 3, 5, 7, 11, 13, 17, 19, 23, ' tail=', 17, 19, 23, 29, 31, 37'
2026-09-29T14:42:23.997+00:00 burst=distinct-n3-b3 kind=distinct n=3 stagger=0.000 coprefill=False spread=0.197 gate=- report=['early_divergence']
2026-09-29T14:42:23.997+00:00   [0] d0 finish=stop completion=95 chunks=53 acc=1.827(server) rate=27.16 ttft=0.291 sha=b70219683847 early_divergence div@1 head='Sparse attention mitigates the q' tail='le hardware constraints.'
2026-09-29T14:42:23.997+00:00   [1] d1 finish=stop completion=79 chunks=29 acc=2.821(server) rate=37.15 ttft=0.094 sha=e5fc981269cc early_divergence div@77 head='A bicycle gear system uses mecha' tail='h less rotational force.'
2026-09-29T14:42:23.997+00:00   [2] d2 finish=stop completion=43 chunks=12 acc=4.000(server) rate=47.14 ttft=0.291 sha=097672f98733 ok div@None head='2, 3, 5, 7, 11, 13, 17, 19, 23, ' tail=', 17, 19, 23, 29, 31, 37'
2026-09-29T14:42:31.033+00:00 burst=identical-n5-b1 kind=identical n=5 stagger=0.000 coprefill=False spread=0.239 gate=- report=['early_divergence']
2026-09-29T14:42:31.033+00:00   [0] d0 finish=stop completion=95 chunks=41 acc=2.350(server) rate=27.73 ttft=0.340 sha=1ee0c841269d early_divergence div@1 head='Sparse attention significantly e' tail='ss vast amounts of text.'
2026-09-29T14:42:31.033+00:00   [1] d0 finish=stop completion=91 chunks=44 acc=2.140(server) rate=24.87 ttft=0.339 sha=e75dc9560a07 early_divergence div@83 head='Standard attention mechanisms sc' tail=' dense attention layers.'
2026-09-29T14:42:31.033+00:00   [2] d0 finish=stop completion=94 chunks=37 acc=2.611(server) rate=30.56 ttft=0.340 sha=ae36ad6fd27b ok div@619 head='Standard attention mechanisms sc' tail='pplication requirements.'
2026-09-29T14:42:31.033+00:00   [3] d0 finish=stop completion=97 chunks=45 acc=2.227(server) rate=26.04 ttft=0.341 sha=4d38c217260b early_divergence div@1 head='Sparse attention significantly e' tail='attention architectures.'
2026-09-29T14:42:31.033+00:00   [4] d0 finish=stop completion=95 chunks=44 acc=2.186(server) rate=25.34 ttft=0.102 sha=62032dac1eb1 early_divergence div@1 head='Sparse attention mitigates the q' tail='n large language models.'
2026-09-29T14:42:38.486+00:00 burst=identical-n5-b2 kind=identical n=5 stagger=0.000 coprefill=False spread=0.217 gate=- report=['early_divergence']
2026-09-29T14:42:38.486+00:00   [0] d0 finish=stop completion=98 chunks=46 acc=2.200(server) rate=25.40 ttft=0.320 sha=e7df309edc7e early_divergence div@1 head='Sparse attention significantly e' tail='manageable and scalable.'
2026-09-29T14:42:38.486+00:00   [1] d0 finish=stop completion=94 chunks=42 acc=2.293(server) rate=26.61 ttft=0.320 sha=ae36ad6fd27b ok div@619 head='Standard attention mechanisms sc' tail='pplication requirements.'
2026-09-29T14:42:38.486+00:00   [2] d0 finish=stop completion=97 chunks=50 acc=1.980(server) rate=23.26 ttft=0.319 sha=c0edae735800 early_divergence div@1 head='Sparse attention significantly e' tail='ve context is essential.'
2026-09-29T14:42:38.486+00:00   [3] d0 finish=stop completion=95 chunks=42 acc=2.293(server) rate=26.90 ttft=0.319 sha=b021889d5bef early_divergence div@1 head='Sparse attention mitigates the q' tail='n large language models.'
2026-09-29T14:42:38.486+00:00   [4] d0 finish=stop completion=100 chunks=47 acc=2.174(server) rate=25.03 ttft=0.104 sha=ea6ac0360fbe early_divergence div@1 head='Sparse attention mitigates the q' tail=' information processing.'
2026-09-29T14:42:45.506+00:00 burst=identical-n5-b3 kind=identical n=5 stagger=0.000 coprefill=False spread=0.218 gate=- report=['early_divergence']
2026-09-29T14:42:45.506+00:00   [0] d0 finish=stop completion=90 chunks=40 acc=2.308(server) rate=27.58 ttft=0.322 sha=054f56731e9f early_divergence div@190 head='Standard attention mechanisms sc' tail=' practical applications.'
2026-09-29T14:42:45.506+00:00   [1] d0 finish=stop completion=88 chunks=45 acc=2.000(server) rate=23.79 ttft=0.104 sha=30f673f71a90 early_divergence div@190 head='Standard attention mechanisms sc' tail='ver extensive documents.'
2026-09-29T14:42:45.506+00:00   [2] d0 finish=stop completion=99 chunks=47 acc=2.174(server) rate=26.58 ttft=0.322 sha=0c0f2e6a2fe4 early_divergence div@190 head='Standard attention mechanisms sc' tail='actical resource limits.'
2026-09-29T14:42:45.506+00:00   [3] d0 finish=stop completion=97 chunks=38 acc=2.605(server) rate=30.57 ttft=0.321 sha=e0fbd14c8aa2 early_divergence div@206 head='Standard attention mechanisms sc' tail='d practical application.'
2026-09-29T14:42:45.506+00:00   [4] d0 finish=stop completion=94 chunks=40 acc=2.410(server) rate=28.82 ttft=0.322 sha=ae36ad6fd27b ok div@619 head='Standard attention mechanisms sc' tail='pplication requirements.'
2026-09-29T14:42:52.343+00:00 burst=distinct-n5-b1 kind=distinct n=5 stagger=0.000 coprefill=False spread=0.230 gate=- report=['early_divergence']
2026-09-29T14:42:52.343+00:00   [0] d0 finish=stop completion=88 chunks=42 acc=2.146(server) rate=25.11 ttft=0.363 sha=93950664bd88 early_divergence div@72 head='Standard attention mechanisms sc' tail='ming hardware resources.'
2026-09-29T14:42:52.343+00:00   [1] d1 finish=stop completion=79 chunks=35 acc=2.353(server) rate=25.80 ttft=0.363 sha=2bc4b85b7866 early_divergence div@77 head='A bicycle gear system uses mecha' tail='h less rotational force.'
2026-09-29T14:42:52.343+00:00   [2] d2 finish=stop completion=43 chunks=12 acc=4.000(server) rate=37.46 ttft=0.133 sha=097672f98733 ok div@None head='2, 3, 5, 7, 11, 13, 17, 19, 23, ' tail=', 17, 19, 23, 29, 31, 37'
2026-09-29T14:42:52.343+00:00   [3] d3 finish=stop completion=96 chunks=36 acc=2.714(server) rate=30.61 ttft=0.362 sha=9e5b1ae7a961 early_divergence div@16 head='The water cycle starts when the ' tail=' journey all over again.'
2026-09-29T14:42:52.343+00:00   [4] d4 finish=stop completion=102 chunks=27 acc=3.852(server) rate=40.90 ttft=0.362 sha=cb9c046d4e9a ok div@None head='```python\ndef fibonacci(n: int) ' tail=', a + b\n    return b\n```'
2026-09-29T14:42:59.449+00:00 burst=distinct-n5-b2 kind=distinct n=5 stagger=0.000 coprefill=False spread=0.225 gate=- report=['early_divergence']
2026-09-29T14:42:59.449+00:00   [0] d0 finish=stop completion=98 chunks=46 acc=2.200(server) rate=26.04 ttft=0.372 sha=e7df309edc7e early_divergence div@1 head='Sparse attention significantly e' tail='manageable and scalable.'
2026-09-29T14:42:59.449+00:00   [1] d1 finish=stop completion=76 chunks=30 acc=2.655(server) rate=27.37 ttft=0.148 sha=637463800caa early_divergence div@77 head='A bicycle gear system uses mecha' tail=' for flat, fast terrain.'
2026-09-29T14:42:59.449+00:00   [2] d2 finish=stop completion=43 chunks=12 acc=4.000(server) rate=38.25 ttft=0.371 sha=097672f98733 ok div@None head='2, 3, 5, 7, 11, 13, 17, 19, 23, ' tail=', 17, 19, 23, 29, 31, 37'
2026-09-29T14:42:59.449+00:00   [3] d3 finish=stop completion=102 chunks=41 acc=2.525(server) rate=29.55 ttft=0.372 sha=87fd3f54ab12 early_divergence div@16 head='The water cycle starts when the ' tail=' journey all over again.'
2026-09-29T14:42:59.449+00:00   [4] d4 finish=stop completion=102 chunks=28 acc=3.778(server) rate=39.28 ttft=0.147 sha=cb9c046d4e9a ok div@None head='```python\ndef fibonacci(n: int) ' tail=', a + b\n    return b\n```'
2026-09-29T14:43:06.300+00:00 burst=distinct-n5-b3 kind=distinct n=5 stagger=0.000 coprefill=False spread=0.226 gate=- report=['early_divergence']
2026-09-29T14:43:06.300+00:00   [0] d0 finish=stop completion=94 chunks=42 acc=2.293(server) rate=26.41 ttft=0.321 sha=ba711b7f3503 early_divergence div@1 head='Sparse attention significantly e' tail='complex reasoning tasks.'
2026-09-29T14:43:06.300+00:00   [1] d1 finish=stop completion=76 chunks=35 acc=2.265(server) rate=24.57 ttft=0.320 sha=86f0b2f25e74 early_divergence div@77 head='A bicycle gear system uses mecha' tail=' speeds on flat terrain.'
2026-09-29T14:43:06.300+00:00   [2] d2 finish=stop completion=43 chunks=12 acc=4.000(server) rate=38.24 ttft=0.321 sha=097672f98733 ok div@None head='2, 3, 5, 7, 11, 13, 17, 19, 23, ' tail=', 17, 19, 23, 29, 31, 37'
2026-09-29T14:43:06.300+00:00   [3] d3 finish=stop completion=101 chunks=39 acc=2.658(server) rate=29.97 ttft=0.321 sha=01e9fb4bdfcb early_divergence div@16 head='The water cycle starts when the ' tail='the whole journey again.'
2026-09-29T14:43:06.300+00:00   [4] d4 finish=stop completion=102 chunks=27 acc=3.852(server) rate=39.30 ttft=0.096 sha=cb9c046d4e9a ok div@None head='```python\ndef fibonacci(n: int) ' tail=', a + b\n    return b\n```'
2026-09-29T14:43:13.945+00:00 burst=identical-n8-b1 kind=identical n=8 stagger=0.000 coprefill=False spread=0.293 gate=- report=['early_divergence']
2026-09-29T14:43:13.945+00:00   [0] d0 finish=stop completion=91 chunks=42 acc=2.220(server) rate=23.21 ttft=0.410 sha=91e452de2fb1 early_divergence div@220 head='Standard attention mechanisms sc' tail='ze and processing speed.'
2026-09-29T14:43:13.945+00:00   [1] d0 finish=stop completion=94 chunks=43 acc=2.238(server) rate=22.90 ttft=0.229 sha=6d83124191d6 early_divergence div@72 head='Standard attention mechanisms sc' tail=' practical applications.'
2026-09-29T14:43:13.945+00:00   [2] d0 finish=stop completion=89 chunks=41 acc=2.250(server) rate=23.27 ttft=0.411 sha=c8f2f8b2adf1 early_divergence div@1 head='Sparse attention mitigates the q' tail=' speeds and scalability.'
2026-09-29T14:43:13.945+00:00   [3] d0 finish=stop completion=91 chunks=43 acc=2.190(server) rate=22.70 ttft=0.409 sha=a9bd0d50ca0c ok div@239 head='Standard attention mechanisms sc' tail='al resource constraints.'
2026-09-29T14:43:13.945+00:00   [4] d0 finish=stop completion=95 chunks=40 acc=2.462(server) rate=24.89 ttft=0.118 sha=ce473b0df303 ok div@560 head='Standard attention mechanisms sc' tail=' deployment constraints.'
2026-09-29T14:43:13.945+00:00   [5] d0 finish=stop completion=91 chunks=42 acc=2.195(server) rate=23.20 ttft=0.410 sha=72de2399fa10 early_divergence div@72 head='Standard attention mechanisms sc' tail='onsiveness and accuracy.'
2026-09-29T14:43:13.945+00:00   [6] d0 finish=stop completion=99 chunks=47 acc=2.152(server) rate=23.21 ttft=0.409 sha=c2507e77ee8e early_divergence div@72 head='Standard attention mechanisms sc' tail='ming hardware resources.'
2026-09-29T14:43:13.945+00:00   [7] d0 finish=stop completion=98 chunks=44 acc=2.273(server) rate=22.78 ttft=0.118 sha=2bd4fa96f809 early_divergence div@1 head='Sparse attention mitigates the q' tail='real-world applications.'
2026-09-29T14:43:21.817+00:00 burst=identical-n8-b2 kind=identical n=8 stagger=0.000 coprefill=False spread=0.245 gate=- report=['early_divergence']
2026-09-29T14:43:21.817+00:00   [0] d0 finish=stop completion=101 chunks=46 acc=2.244(server) rate=23.68 ttft=0.354 sha=c8c5a0675476 early_divergence div@1 head='Sparse attention mitigates the q' tail=' practical applications.'
2026-09-29T14:43:21.817+00:00   [1] d0 finish=stop completion=100 chunks=42 acc=2.439(server) rate=25.53 ttft=0.353 sha=86f9a732429d early_divergence div@190 head='Standard attention mechanisms sc' tail='osts of dense attention.'
2026-09-29T14:43:21.817+00:00   [2] d0 finish=stop completion=93 chunks=37 acc=2.611(server) rate=27.12 ttft=0.353 sha=0c2f0ce1d4d1 early_divergence div@206 head='Standard attention mechanisms sc' tail='ross vast textual spans.'
2026-09-29T14:43:21.817+00:00   [3] d0 finish=stop completion=100 chunks=42 acc=2.415(server) rate=25.53 ttft=0.352 sha=f59a4c1fac43 early_divergence div@1 head='Sparse attention mitigates the q' tail='n large language models.'
2026-09-29T14:43:21.817+00:00   [4] d0 finish=stop completion=98 chunks=50 acc=2.020(server) rate=21.51 ttft=0.352 sha=96bdf03a0a07 early_divergence div@1 head='Sparse attention significantly e' tail='hibitive resource costs.'
2026-09-29T14:43:21.817+00:00   [5] d0 finish=stop completion=95 chunks=47 acc=2.065(server) rate=21.43 ttft=0.109 sha=71eaca6870f6 early_divergence div@72 head='Standard attention mechanisms sc' tail='ming hardware resources.'
2026-09-29T14:43:21.817+00:00   [6] d0 finish=stop completion=105 chunks=50 acc=2.143(server) rate=23.06 ttft=0.352 sha=7d3a27869781 early_divergence div@1 head='Sparse attention significantly e' tail='ex, data-rich scenarios.'
2026-09-29T14:43:21.817+00:00   [7] d0 finish=stop completion=98 chunks=41 acc=2.450(server) rate=25.65 ttft=0.353 sha=be5b2217bbfc early_divergence div@206 head='Standard attention mechanisms sc' tail='ng competitive accuracy.'
2026-09-29T14:43:29.205+00:00 burst=identical-n8-b3 kind=identical n=8 stagger=0.000 coprefill=False spread=0.243 gate=- report=['early_divergence']
2026-09-29T14:43:29.205+00:00   [0] d0 finish=stop completion=97 chunks=43 acc=2.286(server) rate=24.73 ttft=0.351 sha=e79357fe3650 early_divergence div@1 head='Sparse attention mitigates the q' tail='n large language models.'
2026-09-29T14:43:29.205+00:00   [1] d0 finish=stop completion=94 chunks=40 acc=2.410(server) rate=25.66 ttft=0.350 sha=ae36ad6fd27b ok div@619 head='Standard attention mechanisms sc' tail='pplication requirements.'
2026-09-29T14:43:29.205+00:00   [2] d0 finish=stop completion=94 chunks=37 acc=2.611(server) rate=27.89 ttft=0.350 sha=ae36ad6fd27b ok div@619 head='Standard attention mechanisms sc' tail='pplication requirements.'
2026-09-29T14:43:29.205+00:00   [3] d0 finish=stop completion=89 chunks=45 acc=2.023(server) rate=21.85 ttft=0.351 sha=e210492ccb7f early_divergence div@72 head='Standard attention mechanisms sc' tail='real-world applications.'
2026-09-29T14:43:29.205+00:00   [4] d0 finish=stop completion=88 chunks=37 acc=2.444(server) rate=26.08 ttft=0.351 sha=b7682e924320 early_divergence div@72 head='Standard attention mechanisms sc' tail=' practical applications.'
2026-09-29T14:43:29.205+00:00   [5] d0 finish=stop completion=88 chunks=44 acc=2.070(server) rate=21.99 ttft=0.350 sha=a7d3209cb989 early_divergence div@83 head='Standard attention mechanisms sc' tail='nded dialogue scenarios.'
2026-09-29T14:43:29.205+00:00   [6] d0 finish=stop completion=95 chunks=42 acc=2.293(server) rate=24.68 ttft=0.352 sha=3fedfe97b6f7 ok div@428 head='Standard attention mechanisms sc' tail='real-world applications.'
2026-09-29T14:43:29.205+00:00   [7] d0 finish=stop completion=93 chunks=40 acc=2.375(server) rate=24.39 ttft=0.109 sha=e40d77dfa916 early_divergence div@1 head='Sparse attention mitigates the q' tail='ormance and scalability.'
2026-09-29T14:43:36.293+00:00 burst=distinct-n8-b1 kind=distinct n=8 stagger=0.000 coprefill=False spread=0.271 gate=- report=['early_divergence']
2026-09-29T14:43:36.293+00:00   [0] d0 finish=stop completion=95 chunks=40 acc=2.436(server) rate=25.33 ttft=0.368 sha=30da1fd13f33 ok div@235 head='Standard attention mechanisms sc' tail='pplication requirements.'
2026-09-29T14:43:36.293+00:00   [1] d1 finish=stop completion=71 chunks=29 acc=2.571(server) rate=23.84 ttft=0.367 sha=39e12310adc8 early_divergence div@77 head='A bicycle gear system uses mecha' tail=' to overcome resistance.'
2026-09-29T14:43:36.293+00:00   [2] d2 finish=stop completion=43 chunks=12 acc=4.000(server) rate=32.31 ttft=0.367 sha=097672f98733 ok div@None head='2, 3, 5, 7, 11, 13, 17, 19, 23, ' tail=', 17, 19, 23, 29, 31, 37'
2026-09-29T14:43:36.293+00:00   [3] d3 finish=stop completion=90 chunks=35 acc=2.618(server) rate=26.14 ttft=0.367 sha=ce9c96acb7d7 early_divergence div@26 head='The water cycle is like a never-' tail='the trip all over again.'
2026-09-29T14:43:36.293+00:00   [4] d4 finish=stop completion=81 chunks=22 acc=3.810(server) rate=33.14 ttft=0.097 sha=d6e4529d7c26 early_divergence div@50 head='```python\ndef fibonacci(n: int) ' tail=', a + b\n    return b\n```'
2026-09-29T14:43:36.293+00:00   [5] d5 finish=stop completion=19 chunks=8 acc=2.857(server) rate=21.48 ttft=0.366 sha=fbd9a6af1079 ok div@None head='La bibliothèque ouvre à neuf heu' tail='res les jours ouvrables.'
2026-09-29T14:43:36.293+00:00   [6] d6 finish=stop completion=70 chunks=32 acc=2.290(server) rate=21.68 ttft=0.366 sha=9500e78cd61b early_divergence div@65 head='1. Reduce watering frequency sig' tail='ensate for shorter days.'
2026-09-29T14:43:36.293+00:00   [7] d7 finish=stop completion=69 chunks=21 acc=3.400(server) rate=30.29 ttft=0.368 sha=daff8ce1ae8e ok div@61 head='{\n  "name": "Eiffel Tower",\n  "y' tail='re",\n    "tourism"\n  ]\n}'
2026-09-29T14:43:43.513+00:00 burst=distinct-n8-b2 kind=distinct n=8 stagger=0.000 coprefill=False spread=0.264 gate=- report=['early_divergence']
2026-09-29T14:43:43.513+00:00   [0] d0 finish=stop completion=94 chunks=40 acc=2.410(server) rate=24.20 ttft=0.368 sha=ae36ad6fd27b ok div@619 head='Standard attention mechanisms sc' tail='pplication requirements.'
2026-09-29T14:43:43.513+00:00   [1] d1 finish=stop completion=69 chunks=32 acc=2.258(server) rate=20.88 ttft=0.369 sha=44dfb9012b69 early_divergence div@77 head='A bicycle gear system uses mecha' tail=' to overcome resistance.'
2026-09-29T14:43:43.513+00:00   [2] d2 finish=stop completion=43 chunks=12 acc=4.000(server) rate=32.60 ttft=0.367 sha=097672f98733 ok div@None head='2, 3, 5, 7, 11, 13, 17, 19, 23, ' tail=', 17, 19, 23, 29, 31, 37'
2026-09-29T14:43:43.513+00:00   [3] d3 finish=stop completion=97 chunks=38 acc=2.595(server) rate=25.85 ttft=0.368 sha=848a1dbf27d3 early_divergence div@16 head='The water cycle starts when the ' tail=' journey all over again.'
2026-09-29T14:43:43.513+00:00   [4] d4 finish=stop completion=102 chunks=28 acc=3.778(server) rate=34.83 ttft=0.368 sha=cb9c046d4e9a ok div@None head='```python\ndef fibonacci(n: int) ' tail=', a + b\n    return b\n```'
2026-09-29T14:43:43.513+00:00   [5] d5 finish=stop completion=17 chunks=7 acc=2.833(server) rate=22.42 ttft=0.367 sha=5a881638e98d early_divergence div@63 head='La bibliothèque ouvre à neuf heu' tail='-huit heures en semaine.'
2026-09-29T14:43:43.513+00:00   [6] d6 finish=stop completion=70 chunks=34 acc=2.152(server) rate=20.13 ttft=0.366 sha=6ed0508ab41c ok div@None head='1. Reduce watering frequency sig' tail='ensate for shorter days.'
2026-09-29T14:43:43.513+00:00   [7] d7 finish=stop completion=69 chunks=21 acc=3.500(server) rate=29.70 ttft=0.105 sha=daff8ce1ae8e ok div@61 head='{\n  "name": "Eiffel Tower",\n  "y' tail='re",\n    "tourism"\n  ]\n}'
2026-09-29T14:43:50.957+00:00 burst=distinct-n8-b3 kind=distinct n=8 stagger=0.000 coprefill=False spread=0.319 gate=- report=['early_divergence']
2026-09-29T14:43:50.957+00:00   [0] d0 finish=stop completion=97 chunks=42 acc=2.341(server) rate=23.91 ttft=0.420 sha=e79357fe3650 early_divergence div@1 head='Sparse attention mitigates the q' tail='n large language models.'
2026-09-29T14:43:50.957+00:00   [1] d1 finish=stop completion=74 chunks=35 acc=2.206(server) rate=19.85 ttft=0.102 sha=af9ca518e0bc early_divergence div@78 head='A bicycle gear system uses mecha' tail='djusting the gear ratio.'
2026-09-29T14:43:50.957+00:00   [2] d2 finish=stop completion=43 chunks=12 acc=4.000(server) rate=30.15 ttft=0.206 sha=097672f98733 ok div@None head='2, 3, 5, 7, 11, 13, 17, 19, 23, ' tail=', 17, 19, 23, 29, 31, 37'
2026-09-29T14:43:50.957+00:00   [3] d3 finish=stop completion=102 chunks=41 acc=2.525(server) rate=25.59 ttft=0.419 sha=13787128752e early_divergence div@16 head='The water cycle starts when the ' tail=' journey all over again.'
2026-09-29T14:43:50.957+00:00   [4] d4 finish=stop completion=102 chunks=28 acc=3.778(server) rate=34.53 ttft=0.418 sha=cb9c046d4e9a ok div@None head='```python\ndef fibonacci(n: int) ' tail=', a + b\n    return b\n```'
2026-09-29T14:43:50.957+00:00   [5] d5 finish=stop completion=19 chunks=8 acc=2.857(server) rate=21.64 ttft=0.419 sha=fbd9a6af1079 ok div@None head='La bibliothèque ouvre à neuf heu' tail='res les jours ouvrables.'
2026-09-29T14:43:50.957+00:00   [6] d6 finish=stop completion=70 chunks=34 acc=2.152(server) rate=19.99 ttft=0.420 sha=6ed0508ab41c ok div@None head='1. Reduce watering frequency sig' tail='ensate for shorter days.'
2026-09-29T14:43:50.957+00:00   [7] d7 finish=stop completion=78 chunks=22 acc=3.762(server) rate=32.85 ttft=0.420 sha=a34cc3d3701c ok div@61 head='{\n  "name": "Eiffel Tower",\n  "y' tail='re",\n    "tourism"\n  ]\n}'
2026-09-29T14:43:56.904+00:00 burst=staggered-identical-n2 kind=identical n=2 stagger=0.250 coprefill=False spread=0.353 gate=- report=['early_divergence']
2026-09-29T14:43:56.904+00:00   [0] d0 finish=stop completion=93 chunks=44 acc=2.186(server) rate=32.39 ttft=0.098 sha=a7e9192a4fe3 ok div@235 head='Standard attention mechanisms sc' tail='attention architectures.'
2026-09-29T14:43:56.904+00:00   [1] d0 finish=stop completion=88 chunks=39 acc=2.316(server) rate=34.99 ttft=0.201 sha=65de790a78c7 early_divergence div@190 head='Standard attention mechanisms sc' tail='real-world applications.'
2026-09-29T14:44:03.239+00:00 burst=staggered-distinct-n3 kind=distinct n=3 stagger=0.250 coprefill=False spread=0.597 gate=- report=['early_divergence']
2026-09-29T14:44:03.239+00:00   [0] d0 finish=stop completion=94 chunks=47 acc=2.065(server) rate=28.83 ttft=0.099 sha=02e47bee4ce0 early_divergence div@1 head='Sparse attention mitigates the q' tail='g performance and speed.'
2026-09-29T14:44:03.239+00:00   [1] d1 finish=stop completion=71 chunks=30 acc=2.483(server) rate=32.54 ttft=0.199 sha=45a99dd0288a early_divergence div@77 head='A bicycle gear system uses mecha' tail=' for increased velocity.'
2026-09-29T14:44:03.239+00:00   [2] d2 finish=stop completion=43 chunks=12 acc=4.000(server) rate=47.28 ttft=0.196 sha=097672f98733 ok div@None head='2, 3, 5, 7, 11, 13, 17, 19, 23, ' tail=', 17, 19, 23, 29, 31, 37'
2026-09-29T14:44:10.559+00:00 burst=staggered-distinct-n5 kind=distinct n=5 stagger=0.250 coprefill=False spread=1.187 gate=- report=['early_divergence']
2026-09-29T14:44:10.559+00:00   [0] d0 finish=stop completion=95 chunks=47 acc=2.087(server) rate=23.72 ttft=0.100 sha=792b2e9665c0 early_divergence div@1 head='Sparse attention significantly e' tail='ross vast textual spans.'
2026-09-29T14:44:10.559+00:00   [1] d1 finish=stop completion=74 chunks=33 acc=2.312(server) rate=24.95 ttft=0.198 sha=02dbae298851 early_divergence div@77 head='A bicycle gear system uses mecha' tail='torque for higher speed.'
2026-09-29T14:44:10.559+00:00   [2] d2 finish=stop completion=43 chunks=12 acc=4.000(server) rate=38.54 ttft=0.193 sha=097672f98733 ok div@None head='2, 3, 5, 7, 11, 13, 17, 19, 23, ' tail=', 17, 19, 23, 29, 31, 37'
2026-09-29T14:44:10.559+00:00   [3] d3 finish=stop completion=103 chunks=40 acc=2.615(server) rate=30.59 ttft=0.226 sha=a280dbb96d5f early_divergence div@16 head='The water cycle starts when the ' tail=' journey all over again.'
2026-09-29T14:44:10.559+00:00   [4] d4 finish=stop completion=102 chunks=27 acc=3.852(server) rate=41.65 ttft=0.287 sha=cb9c046d4e9a ok div@None head='```python\ndef fibonacci(n: int) ' tail=', a + b\n    return b\n```'
2026-09-29T14:44:19.177+00:00 burst=staggered-identical-n8 kind=identical n=8 stagger=0.250 coprefill=False spread=1.917 gate=- report=['early_divergence']
2026-09-29T14:44:19.177+00:00   [0] d0 finish=stop completion=96 chunks=45 acc=2.178(server) rate=22.34 ttft=0.099 sha=02a23d80c5e6 early_divergence div@1 head='Sparse attention mitigates the q' tail='ffective context window.'
2026-09-29T14:44:19.177+00:00   [1] d0 finish=stop completion=88 chunks=38 acc=2.378(server) rate=24.13 ttft=0.203 sha=b7682e924320 early_divergence div@72 head='Standard attention mechanisms sc' tail=' practical applications.'
2026-09-29T14:44:19.177+00:00   [2] d0 finish=stop completion=91 chunks=40 acc=2.308(server) rate=23.41 ttft=0.196 sha=9f7bcadaccbc early_divergence div@1 head='Sparse attention mitigates the q' tail='real-world applications.'
2026-09-29T14:44:19.177+00:00   [3] d0 finish=stop completion=98 chunks=41 acc=2.439(server) rate=24.09 ttft=0.216 sha=71b858977a85 early_divergence div@1 head='Sparse attention significantly e' tail='er vast amounts of text.'
2026-09-29T14:44:19.177+00:00   [4] d0 finish=stop completion=96 chunks=37 acc=2.694(server) rate=26.68 ttft=0.253 sha=536a70197744 early_divergence div@206 head='Standard attention mechanisms sc' tail='uments or conversations.'
2026-09-29T14:44:19.177+00:00   [5] d0 finish=stop completion=96 chunks=44 acc=2.256(server) rate=23.47 ttft=0.309 sha=447b97d7bfff early_divergence div@1 head='Sparse attention significantly e' tail='uments or conversations.'
2026-09-29T14:44:19.177+00:00   [6] d0 finish=stop completion=94 chunks=40 acc=2.436(server) rate=25.29 ttft=0.283 sha=c6257057fc76 ok div@None head='Standard attention mechanisms sc' tail='ical application limits.'
2026-09-29T14:44:19.177+00:00   [7] d0 finish=stop completion=97 chunks=40 acc=2.487(server) rate=26.73 ttft=0.266 sha=3468330c753f early_divergence div@190 head='Standard attention mechanisms sc' tail='ming hardware resources.'
2026-09-29T14:44:29.581+00:00 burst=long-pair kind=long n=2 stagger=0.000 coprefill=False spread=2.335 gate=- report=['slow']
2026-09-29T14:44:29.581+00:00   [0] long0 finish=stop completion=6 chunks=2 acc=4.000(server) rate=33.32 ttft=7.246 sha=83dab7f91bc1 ok div@None head='74354' tail='74354'
2026-09-29T14:44:29.581+00:00   [1] long1 finish=stop completion=6 chunks=2 acc=4.000(server) rate=2.14 ttft=4.911 sha=0ec41e567fc2 slow div@None head='79083' tail='79083'
2026-09-29T14:44:33.155+00:00 burst=image-pair kind=image n=2 stagger=0.000 coprefill=False spread=0.213 gate=- report=['early_divergence']
2026-09-29T14:44:33.155+00:00   [0] img_red finish=stop completion=12 chunks=4 acc=3.667(server) rate=56.43 ttft=0.367 sha=463a31cda566 early_divergence div@28 head='The image is filled with a singl' tail='h a single shade of red.'
2026-09-29T14:44:33.155+00:00   [1] img_blue finish=stop completion=11 chunks=4 acc=3.333(server) rate=35.42 ttft=0.155 sha=705b4320e3b4 ok div@None head='The image is filled with a solid' tail='with a solid blue color.'
2026-09-29T14:44:33.156+00:00 TOTALS bursts=30 streams=130 gate_bursts=0 zero_acc=0 runaway=0 first32_match=0.354 coprefill_bursts=0 per_request_spec_metrics=True
2026-09-29T14:44:33.156+00:00 T0 PASS
