2026-09-30T01:09:31.131+00:00 bench_probe v1 url=http://127.0.0.1:8000/v1/chat/completions sizes=[2, 3, 5, 8] kinds=['identical', 'distinct'] bursts_per_shape=3 max_tokens=256
2026-09-30T01:09:33.512+00:00 ref d0 finish=stop completion=97 acc=2.341 ttft=0.225 sha=b0e372faa960 head='Sparse attention mitigates the quadratic'
2026-09-30T01:09:36.103+00:00 ref d1 finish=stop completion=75 acc=2.643 ttft=0.121 sha=4ad2d5654ca6 head='A bicycle gear system uses mechanical ad'
2026-09-30T01:09:37.818+00:00 ref d2 finish=stop completion=43 acc=3.818 ttft=0.118 sha=097672f98733 head='2, 3, 5, 7, 11, 13, 17, 19, 23, 29, 31, '
2026-09-30T01:09:40.957+00:00 ref d3 finish=stop completion=101 acc=2.632 ttft=0.109 sha=3746d913c433 head='The water cycle is like a giant, never-e'
2026-09-30T01:09:43.540+00:00 ref d4 finish=stop completion=102 acc=3.741 ttft=0.107 sha=cb9c046d4e9a head='```python\ndef fibonacci(n: int) -> int:\n'
2026-09-30T01:09:44.969+00:00 ref d5 finish=stop completion=17 acc=2.667 ttft=0.116 sha=5a881638e98d head='La bibliothèque ouvre à neuf heures et f'
2026-09-30T01:09:47.675+00:00 ref d6 finish=stop completion=72 acc=2.367 ttft=0.110 sha=86f7d76d2833 head='1. Reduce watering frequency significant'
2026-09-30T01:09:49.687+00:00 ref d7 finish=stop completion=67 acc=3.882 ttft=0.117 sha=c39be9b87ae0 head='{\n  "name": "Eiffel Tower",\n  "year": 18'
2026-09-30T01:09:55.569+00:00 ref long0 finish=stop completion=6 acc=5.000 ttft=4.816 sha=83dab7f91bc1 head='74354'
2026-09-30T01:10:00.663+00:00 ref long1 finish=stop completion=6 acc=5.000 ttft=4.012 sha=0ec41e567fc2 head='79083'
2026-09-30T01:10:02.015+00:00 ref img_red finish=stop completion=11 acc=3.333 ttft=0.191 sha=0e1c14c4131c head='The image is filled with a solid red col'
2026-09-30T01:10:03.414+00:00 ref img_blue finish=stop completion=11 acc=2.500 ttft=0.186 sha=7fa32368a223 head='This image is filled with a solid blue c'
2026-09-30T01:10:10.555+00:00 burst=identical-n2-b1 kind=identical n=2 stagger=0.000 coprefill=False spread=0.373 gate=- report=['early_divergence']
2026-09-30T01:10:10.555+00:00   [0] d0 finish=stop completion=93 chunks=34 acc=2.788(chunks) rate=44.62 ttft=0.493 sha=774bf9418857 early_divergence div@1 head='Standard attention mechanisms sc' tail='tensive context windows.'
2026-09-30T01:10:10.555+00:00   [1] d0 finish=stop completion=94 chunks=47 acc=2.022(chunks) rate=30.86 ttft=0.120 sha=2774341ec8f4 early_divergence div@164 head='Sparse attention mitigates the q' tail='g performance and speed.'
2026-09-30T01:10:16.464+00:00 burst=identical-n2-b2 kind=identical n=2 stagger=0.000 coprefill=False spread=0.160 gate=- report=['early_divergence']
2026-09-30T01:10:16.464+00:00   [0] d0 finish=stop completion=94 chunks=47 acc=2.022(chunks) rate=33.24 ttft=0.104 sha=2774341ec8f4 early_divergence div@164 head='Sparse attention mitigates the q' tail='g performance and speed.'
2026-09-30T01:10:16.464+00:00   [1] d0 finish=stop completion=93 chunks=34 acc=2.788(chunks) rate=45.03 ttft=0.265 sha=774bf9418857 early_divergence div@1 head='Standard attention mechanisms sc' tail='tensive context windows.'
2026-09-30T01:10:22.868+00:00 burst=identical-n2-b3 kind=identical n=2 stagger=0.000 coprefill=True spread=0.000 gate=- report=['early_divergence']
2026-09-30T01:10:22.868+00:00   [0] d0 finish=stop completion=105 chunks=48 acc=2.213(chunks) rate=35.97 ttft=0.507 sha=4c77871f8919 early_divergence div@17 head='Sparse attention significantly e' tail='or real-world use cases.'
2026-09-30T01:10:22.868+00:00   [1] d0 finish=stop completion=95 chunks=47 acc=2.043(chunks) rate=33.29 ttft=0.507 sha=f231686bb8ae early_divergence div@17 head='Sparse attention significantly e' tail=' contextual information.'
2026-09-30T01:10:28.155+00:00 burst=distinct-n2-b1 kind=distinct n=2 stagger=0.000 coprefill=True spread=0.000 gate=- report=['early_divergence']
2026-09-30T01:10:28.155+00:00   [0] d0 finish=stop completion=100 chunks=35 acc=2.912(chunks) rate=45.74 ttft=0.117 sha=321e5cca37dd early_divergence div@1 head='Standard attention mechanisms sc' tail='onstraints are critical.'
2026-09-30T01:10:28.155+00:00   [1] d1 finish=stop completion=72 chunks=30 acc=2.448(chunks) rate=38.80 ttft=0.117 sha=f212b9f7bdee early_divergence div@141 head='A bicycle gear system uses mecha' tail='ing torque for velocity.'
2026-09-30T01:10:34.022+00:00 burst=distinct-n2-b2 kind=distinct n=2 stagger=0.000 coprefill=False spread=0.155 gate=- report=['early_divergence']
2026-09-30T01:10:34.022+00:00   [0] d0 finish=stop completion=95 chunks=46 acc=2.089(chunks) rate=34.05 ttft=0.101 sha=fd42320bee1b early_divergence div@164 head='Sparse attention mitigates the q' tail='n large language models.'
2026-09-30T01:10:34.022+00:00   [1] d1 finish=stop completion=75 chunks=31 acc=2.467(chunks) rate=37.80 ttft=0.256 sha=eadf9933adfc early_divergence div@80 head='A bicycle gear system uses mecha' tail='wer for varying terrain.'
2026-09-30T01:10:39.374+00:00 burst=distinct-n2-b3 kind=distinct n=2 stagger=0.000 coprefill=False spread=0.161 gate=- report=['early_divergence']
2026-09-30T01:10:39.374+00:00   [0] d0 finish=stop completion=93 chunks=34 acc=2.788(chunks) rate=44.08 ttft=0.258 sha=774bf9418857 early_divergence div@1 head='Standard attention mechanisms sc' tail='tensive context windows.'
2026-09-30T01:10:39.374+00:00   [1] d1 finish=stop completion=70 chunks=35 acc=2.029(chunks) rate=31.62 ttft=0.097 sha=c61d8657cdea early_divergence div@80 head='A bicycle gear system uses mecha' tail='torque for higher speed.'
2026-09-30T01:10:45.799+00:00 burst=identical-n3-b1 kind=identical n=3 stagger=0.000 coprefill=False spread=0.173 gate=- report=['early_divergence']
2026-09-30T01:10:45.799+00:00   [0] d0 finish=stop completion=94 chunks=39 acc=2.447(chunks) rate=35.10 ttft=0.276 sha=3bf26d1e5286 early_divergence div@1 head='Standard attention mechanisms sc' tail='ing extensive documents.'
2026-09-30T01:10:45.799+00:00   [1] d0 finish=stop completion=95 chunks=45 acc=2.136(chunks) rate=30.47 ttft=0.103 sha=62032dac1eb1 early_divergence div@164 head='Sparse attention mitigates the q' tail='n large language models.'
2026-09-30T01:10:45.799+00:00   [2] d0 finish=stop completion=95 chunks=47 acc=2.043(chunks) rate=29.91 ttft=0.276 sha=f231686bb8ae early_divergence div@17 head='Sparse attention significantly e' tail=' contextual information.'
2026-09-30T01:10:52.228+00:00 burst=identical-n3-b2 kind=identical n=3 stagger=0.000 coprefill=False spread=0.171 gate=- report=['early_divergence']
2026-09-30T01:10:52.228+00:00   [0] d0 finish=stop completion=95 chunks=47 acc=2.043(chunks) rate=29.85 ttft=0.274 sha=f231686bb8ae early_divergence div@17 head='Sparse attention significantly e' tail=' contextual information.'
2026-09-30T01:10:52.228+00:00   [1] d0 finish=stop completion=94 chunks=39 acc=2.447(chunks) rate=35.01 ttft=0.274 sha=3bf26d1e5286 early_divergence div@1 head='Standard attention mechanisms sc' tail='ing extensive documents.'
2026-09-30T01:10:52.228+00:00   [2] d0 finish=stop completion=95 chunks=45 acc=2.136(chunks) rate=30.38 ttft=0.103 sha=62032dac1eb1 early_divergence div@164 head='Sparse attention mitigates the q' tail='n large language models.'
2026-09-30T01:10:58.671+00:00 burst=identical-n3-b3 kind=identical n=3 stagger=0.000 coprefill=False spread=0.173 gate=- report=['early_divergence']
2026-09-30T01:10:58.671+00:00   [0] d0 finish=stop completion=95 chunks=47 acc=2.043(chunks) rate=29.78 ttft=0.278 sha=f231686bb8ae early_divergence div@17 head='Sparse attention significantly e' tail=' contextual information.'
2026-09-30T01:10:58.671+00:00   [1] d0 finish=stop completion=95 chunks=45 acc=2.136(chunks) rate=30.32 ttft=0.105 sha=62032dac1eb1 early_divergence div@164 head='Sparse attention mitigates the q' tail='n large language models.'
2026-09-30T01:10:58.671+00:00   [2] d0 finish=stop completion=94 chunks=39 acc=2.447(chunks) rate=34.93 ttft=0.278 sha=3bf26d1e5286 early_divergence div@1 head='Standard attention mechanisms sc' tail='ing extensive documents.'
2026-09-30T01:11:04.924+00:00 burst=distinct-n3-b1 kind=distinct n=3 stagger=0.000 coprefill=False spread=0.182 gate=- report=['early_divergence']
2026-09-30T01:11:04.924+00:00   [0] d0 finish=stop completion=105 chunks=47 acc=2.261(chunks) rate=35.22 ttft=0.291 sha=4c77871f8919 early_divergence div@17 head='Sparse attention significantly e' tail='or real-world use cases.'
2026-09-30T01:11:04.924+00:00   [1] d1 finish=stop completion=74 chunks=33 acc=2.281(chunks) rate=33.48 ttft=0.290 sha=02dbae298851 ok div@165 head='A bicycle gear system uses mecha' tail='torque for higher speed.'
2026-09-30T01:11:04.924+00:00   [2] d2 finish=stop completion=43 chunks=12 acc=3.818(chunks) rate=47.70 ttft=0.109 sha=097672f98733 ok div@None head='2, 3, 5, 7, 11, 13, 17, 19, 23, ' tail=', 17, 19, 23, 29, 31, 37'
2026-09-30T01:11:11.118+00:00 burst=distinct-n3-b2 kind=distinct n=3 stagger=0.000 coprefill=False spread=0.184 gate=- report=['early_divergence']
2026-09-30T01:11:11.118+00:00   [0] d0 finish=stop completion=105 chunks=47 acc=2.261(chunks) rate=35.75 ttft=0.276 sha=4c77871f8919 early_divergence div@17 head='Sparse attention significantly e' tail='or real-world use cases.'
2026-09-30T01:11:11.118+00:00   [1] d1 finish=stop completion=74 chunks=33 acc=2.281(chunks) rate=33.91 ttft=0.276 sha=02dbae298851 ok div@165 head='A bicycle gear system uses mecha' tail='torque for higher speed.'
2026-09-30T01:11:11.118+00:00   [2] d2 finish=stop completion=43 chunks=12 acc=3.818(chunks) rate=47.90 ttft=0.092 sha=097672f98733 ok div@None head='2, 3, 5, 7, 11, 13, 17, 19, 23, ' tail=', 17, 19, 23, 29, 31, 37'
2026-09-30T01:11:17.303+00:00 burst=distinct-n3-b3 kind=distinct n=3 stagger=0.000 coprefill=False spread=0.182 gate=- report=['early_divergence']
2026-09-30T01:11:17.303+00:00   [0] d0 finish=stop completion=105 chunks=47 acc=2.261(chunks) rate=35.80 ttft=0.273 sha=4c77871f8919 early_divergence div@17 head='Sparse attention significantly e' tail='or real-world use cases.'
2026-09-30T01:11:17.303+00:00   [1] d1 finish=stop completion=74 chunks=33 acc=2.281(chunks) rate=34.03 ttft=0.273 sha=02dbae298851 ok div@165 head='A bicycle gear system uses mecha' tail='torque for higher speed.'
2026-09-30T01:11:17.303+00:00   [2] d2 finish=stop completion=43 chunks=12 acc=3.818(chunks) rate=47.91 ttft=0.092 sha=097672f98733 ok div@None head='2, 3, 5, 7, 11, 13, 17, 19, 23, ' tail=', 17, 19, 23, 29, 31, 37'
2026-09-30T01:11:24.243+00:00 burst=identical-n5-b1 kind=identical n=5 stagger=0.000 coprefill=False spread=0.212 gate=- report=['early_divergence']
2026-09-30T01:11:24.243+00:00   [0] d0 finish=stop completion=96 chunks=44 acc=2.209(chunks) rate=27.30 ttft=0.314 sha=7086bc8c0441 early_divergence div@1 head='Standard attention mechanisms sc' tail='ming hardware resources.'
2026-09-30T01:11:24.243+00:00   [1] d0 finish=stop completion=97 chunks=46 acc=2.133(chunks) rate=26.53 ttft=0.313 sha=6381d2b59382 early_divergence div@17 head='Sparse attention significantly e' tail='ong-context AI feasible.'
2026-09-30T01:11:24.243+00:00   [2] d0 finish=stop completion=94 chunks=45 acc=2.114(chunks) rate=25.77 ttft=0.103 sha=9e1e92f41e6c early_divergence div@164 head='Sparse attention mitigates the q' tail='ormance and scalability.'
2026-09-30T01:11:24.243+00:00   [3] d0 finish=stop completion=94 chunks=45 acc=2.114(chunks) rate=26.17 ttft=0.314 sha=5ea913999162 ok div@241 head='Sparse attention mitigates the q' tail='ormance and scalability.'
2026-09-30T01:11:24.243+00:00   [4] d0 finish=stop completion=94 chunks=42 acc=2.268(chunks) rate=28.06 ttft=0.315 sha=c6257057fc76 early_divergence div@1 head='Standard attention mechanisms sc' tail='ical application limits.'
2026-09-30T01:11:31.173+00:00 burst=identical-n5-b2 kind=identical n=5 stagger=0.000 coprefill=False spread=0.206 gate=- report=['early_divergence']
2026-09-30T01:11:31.173+00:00   [0] d0 finish=stop completion=94 chunks=42 acc=2.268(chunks) rate=28.21 ttft=0.314 sha=c6257057fc76 early_divergence div@1 head='Standard attention mechanisms sc' tail='ical application limits.'
2026-09-30T01:11:31.173+00:00   [1] d0 finish=stop completion=94 chunks=45 acc=2.114(chunks) rate=26.25 ttft=0.314 sha=5ea913999162 ok div@241 head='Sparse attention mitigates the q' tail='ormance and scalability.'
2026-09-30T01:11:31.173+00:00   [2] d0 finish=stop completion=96 chunks=44 acc=2.209(chunks) rate=27.42 ttft=0.313 sha=7086bc8c0441 early_divergence div@1 head='Standard attention mechanisms sc' tail='ming hardware resources.'
2026-09-30T01:11:31.173+00:00   [3] d0 finish=stop completion=97 chunks=46 acc=2.133(chunks) rate=26.62 ttft=0.313 sha=6381d2b59382 early_divergence div@17 head='Sparse attention significantly e' tail='ong-context AI feasible.'
2026-09-30T01:11:31.173+00:00   [4] d0 finish=stop completion=94 chunks=45 acc=2.114(chunks) rate=25.90 ttft=0.109 sha=9e1e92f41e6c early_divergence div@164 head='Sparse attention mitigates the q' tail='ormance and scalability.'
2026-09-30T01:11:38.002+00:00 burst=identical-n5-b3 kind=identical n=5 stagger=0.000 coprefill=False spread=0.198 gate=- report=['early_divergence']
2026-09-30T01:11:38.003+00:00   [0] d0 finish=stop completion=96 chunks=38 acc=2.568(chunks) rate=32.18 ttft=0.312 sha=fa2f492cceeb early_divergence div@1 head='Standard attention mechanisms sc' tail='ming hardware resources.'
2026-09-30T01:11:38.003+00:00   [1] d0 finish=stop completion=92 chunks=42 acc=2.220(chunks) rate=27.73 ttft=0.311 sha=8d7dcdd5d2cd early_divergence div@17 head='Sparse attention significantly e' tail='for massive text inputs.'
2026-09-30T01:11:38.003+00:00   [2] d0 finish=stop completion=93 chunks=47 acc=2.000(chunks) rate=26.23 ttft=0.312 sha=fd7f924f5702 early_divergence div@17 head='Sparse attention significantly e' tail=' practical applications.'
2026-09-30T01:11:38.003+00:00   [3] d0 finish=stop completion=93 chunks=40 acc=2.359(chunks) rate=29.22 ttft=0.115 sha=a332783dfd0d early_divergence div@17 head='Sparse attention significantly e' tail='long-term conversations.'
2026-09-30T01:11:38.003+00:00   [4] d0 finish=stop completion=93 chunks=40 acc=2.359(chunks) rate=29.22 ttft=0.115 sha=a332783dfd0d early_divergence div@17 head='Sparse attention significantly e' tail='long-term conversations.'
2026-09-30T01:11:44.429+00:00 burst=distinct-n5-b1 kind=distinct n=5 stagger=0.000 coprefill=False spread=0.220 gate=- report=['early_divergence']
2026-09-30T01:11:44.429+00:00   [0] d0 finish=stop completion=94 chunks=39 acc=2.447(chunks) rate=29.93 ttft=0.308 sha=ae36ad6fd27b early_divergence div@1 head='Standard attention mechanisms sc' tail='pplication requirements.'
2026-09-30T01:11:44.429+00:00   [1] d1 finish=stop completion=65 chunks=24 acc=2.783(chunks) rate=29.80 ttft=0.309 sha=eee9b92b6749 early_divergence div@77 head='A bicycle gear system uses mecha' tail=' faster on flat terrain.'
2026-09-30T01:11:44.429+00:00   [2] d2 finish=stop completion=43 chunks=12 acc=3.818(chunks) rate=39.88 ttft=0.308 sha=097672f98733 ok div@None head='2, 3, 5, 7, 11, 13, 17, 19, 23, ' tail=', 17, 19, 23, 29, 31, 37'
2026-09-30T01:11:44.429+00:00   [3] d3 finish=stop completion=104 chunks=40 acc=2.641(chunks) rate=31.56 ttft=0.089 sha=d6c4e6423643 early_divergence div@16 head='The water cycle starts when the ' tail=' journey all over again.'
2026-09-30T01:11:44.429+00:00   [4] d4 finish=stop completion=102 chunks=28 acc=3.741(chunks) rate=42.26 ttft=0.309 sha=cb9c046d4e9a ok div@None head='```python\ndef fibonacci(n: int) ' tail=', a + b\n    return b\n```'
2026-09-30T01:11:50.916+00:00 burst=distinct-n5-b2 kind=distinct n=5 stagger=0.000 coprefill=False spread=0.221 gate=- report=['early_divergence']
2026-09-30T01:11:50.916+00:00   [0] d0 finish=stop completion=96 chunks=40 acc=2.436(chunks) rate=30.17 ttft=0.328 sha=087d8d63b3ad early_divergence div@1 head='Standard attention mechanisms sc' tail='pplication requirements.'
2026-09-30T01:11:50.916+00:00   [1] d1 finish=stop completion=77 chunks=31 acc=2.533(chunks) rate=28.43 ttft=0.328 sha=60e22ef7c97d ok div@165 head='A bicycle gear system uses mecha' tail='d on terrain conditions.'
2026-09-30T01:11:50.916+00:00   [2] d2 finish=stop completion=43 chunks=12 acc=3.818(chunks) rate=39.84 ttft=0.328 sha=097672f98733 ok div@None head='2, 3, 5, 7, 11, 13, 17, 19, 23, ' tail=', 17, 19, 23, 29, 31, 37'
2026-09-30T01:11:50.916+00:00   [3] d3 finish=stop completion=86 chunks=34 acc=2.576(chunks) rate=30.18 ttft=0.328 sha=9fbf937d0835 early_divergence div@4 head='The sun heats up water in oceans' tail=' journey all over again.'
2026-09-30T01:11:50.916+00:00   [4] d4 finish=stop completion=102 chunks=27 acc=3.885(chunks) rate=42.55 ttft=0.108 sha=d3af644442cd early_divergence div@80 head='```python\ndef fibonacci(n: int) ' tail=', a + b\n    return b\n```'
2026-09-30T01:11:57.213+00:00 burst=distinct-n5-b3 kind=distinct n=5 stagger=0.000 coprefill=False spread=0.220 gate=- report=['early_divergence']
2026-09-30T01:11:57.213+00:00   [0] d0 finish=stop completion=91 chunks=38 acc=2.432(chunks) rate=30.26 ttft=0.314 sha=28ad902a80be early_divergence div@1 head='Standard attention mechanisms sc' tail='al hardware constraints.'
2026-09-30T01:11:57.213+00:00   [1] d1 finish=stop completion=65 chunks=27 acc=2.462(chunks) rate=27.95 ttft=0.313 sha=3d599a0312f2 early_divergence div@77 head='A bicycle gear system uses mecha' tail=' for varying conditions.'
2026-09-30T01:11:57.213+00:00   [2] d2 finish=stop completion=43 chunks=12 acc=3.818(chunks) rate=38.75 ttft=0.095 sha=097672f98733 ok div@None head='2, 3, 5, 7, 11, 13, 17, 19, 23, ' tail=', 17, 19, 23, 29, 31, 37'
2026-09-30T01:11:57.213+00:00   [3] d3 finish=stop completion=85 chunks=32 acc=2.710(chunks) rate=31.76 ttft=0.314 sha=5121f754e7d8 early_divergence div@4 head='The sun heats up water in oceans' tail=' journey all over again.'
2026-09-30T01:11:57.213+00:00   [4] d4 finish=stop completion=102 chunks=28 acc=3.741(chunks) rate=42.61 ttft=0.314 sha=cb9c046d4e9a ok div@None head='```python\ndef fibonacci(n: int) ' tail=', a + b\n    return b\n```'
2026-09-30T01:12:04.785+00:00 burst=identical-n8-b1 kind=identical n=8 stagger=0.000 coprefill=False spread=0.241 gate=- report=['early_divergence']
2026-09-30T01:12:04.785+00:00   [0] d0 finish=stop completion=95 chunks=39 acc=2.474(chunks) rate=27.77 ttft=0.343 sha=30da1fd13f33 early_divergence div@1 head='Standard attention mechanisms sc' tail='pplication requirements.'
2026-09-30T01:12:04.785+00:00   [1] d0 finish=stop completion=93 chunks=37 acc=2.556(chunks) rate=28.72 ttft=0.344 sha=ca53988def6a early_divergence div@1 head='Standard attention mechanisms sc' tail='tensive context windows.'
2026-09-30T01:12:04.785+00:00   [2] d0 finish=stop completion=94 chunks=40 acc=2.385(chunks) rate=26.77 ttft=0.344 sha=ae36ad6fd27b early_divergence div@1 head='Standard attention mechanisms sc' tail='pplication requirements.'
2026-09-30T01:12:04.785+00:00   [3] d0 finish=stop completion=103 chunks=52 acc=2.000(chunks) rate=24.18 ttft=0.344 sha=e694b3323d24 early_divergence div@17 head='Sparse attention significantly e' tail='nt long-range reasoning.'
2026-09-30T01:12:04.785+00:00   [4] d0 finish=stop completion=91 chunks=42 acc=2.195(chunks) rate=24.82 ttft=0.344 sha=29dbd9358c10 early_divergence div@132 head='Sparse attention mitigates the q' tail='real-world applications.'
2026-09-30T01:12:04.785+00:00   [5] d0 finish=stop completion=90 chunks=39 acc=2.342(chunks) rate=26.29 ttft=0.345 sha=74645c0c0861 early_divergence div@1 head='Standard attention mechanisms sc' tail='ontextual understanding.'
2026-09-30T01:12:04.785+00:00   [6] d0 finish=stop completion=93 chunks=35 acc=2.706(chunks) rate=29.60 ttft=0.345 sha=4894a43dbae9 early_divergence div@1 head='Standard attention mechanisms sc' tail='complex reasoning tasks.'
2026-09-30T01:12:04.785+00:00   [7] d0 finish=stop completion=101 chunks=47 acc=2.174(chunks) rate=24.59 ttft=0.104 sha=4bfa1bf64b96 early_divergence div@193 head='Sparse attention mitigates the q' tail='complex reasoning tasks.'
2026-09-30T01:12:12.338+00:00 burst=identical-n8-b2 kind=identical n=8 stagger=0.000 coprefill=False spread=0.234 gate=- report=['early_divergence']
2026-09-30T01:12:12.338+00:00   [0] d0 finish=stop completion=93 chunks=35 acc=2.706(chunks) rate=29.67 ttft=0.342 sha=4894a43dbae9 early_divergence div@1 head='Standard attention mechanisms sc' tail='complex reasoning tasks.'
2026-09-30T01:12:12.338+00:00   [1] d0 finish=stop completion=103 chunks=52 acc=2.000(chunks) rate=24.28 ttft=0.342 sha=e694b3323d24 early_divergence div@17 head='Sparse attention significantly e' tail='nt long-range reasoning.'
2026-09-30T01:12:12.338+00:00   [2] d0 finish=stop completion=91 chunks=42 acc=2.195(chunks) rate=24.89 ttft=0.342 sha=29dbd9358c10 early_divergence div@132 head='Sparse attention mitigates the q' tail='real-world applications.'
2026-09-30T01:12:12.338+00:00   [3] d0 finish=stop completion=94 chunks=40 acc=2.385(chunks) rate=26.85 ttft=0.342 sha=ae36ad6fd27b early_divergence div@1 head='Standard attention mechanisms sc' tail='pplication requirements.'
2026-09-30T01:12:12.338+00:00   [4] d0 finish=stop completion=90 chunks=39 acc=2.342(chunks) rate=26.35 ttft=0.342 sha=74645c0c0861 early_divergence div@1 head='Standard attention mechanisms sc' tail='ontextual understanding.'
2026-09-30T01:12:12.338+00:00   [5] d0 finish=stop completion=93 chunks=37 acc=2.556(chunks) rate=28.78 ttft=0.343 sha=ca53988def6a early_divergence div@1 head='Standard attention mechanisms sc' tail='tensive context windows.'
2026-09-30T01:12:12.338+00:00   [6] d0 finish=stop completion=95 chunks=39 acc=2.474(chunks) rate=27.83 ttft=0.342 sha=30da1fd13f33 early_divergence div@1 head='Standard attention mechanisms sc' tail='pplication requirements.'
2026-09-30T01:12:12.338+00:00   [7] d0 finish=stop completion=101 chunks=47 acc=2.174(chunks) rate=24.69 ttft=0.109 sha=4bfa1bf64b96 early_divergence div@193 head='Sparse attention mitigates the q' tail='complex reasoning tasks.'
2026-09-30T01:12:19.938+00:00 burst=identical-n8-b3 kind=identical n=8 stagger=0.000 coprefill=False spread=0.230 gate=- report=['early_divergence']
2026-09-30T01:12:19.938+00:00   [0] d0 finish=stop completion=101 chunks=47 acc=2.174(chunks) rate=24.73 ttft=0.166 sha=4bfa1bf64b96 early_divergence div@193 head='Sparse attention mitigates the q' tail='complex reasoning tasks.'
2026-09-30T01:12:19.938+00:00   [1] d0 finish=stop completion=90 chunks=39 acc=2.342(chunks) rate=26.36 ttft=0.395 sha=74645c0c0861 early_divergence div@1 head='Standard attention mechanisms sc' tail='ontextual understanding.'
2026-09-30T01:12:19.938+00:00   [2] d0 finish=stop completion=93 chunks=35 acc=2.706(chunks) rate=29.72 ttft=0.395 sha=4894a43dbae9 early_divergence div@1 head='Standard attention mechanisms sc' tail='complex reasoning tasks.'
2026-09-30T01:12:19.938+00:00   [3] d0 finish=stop completion=94 chunks=40 acc=2.385(chunks) rate=26.86 ttft=0.395 sha=ae36ad6fd27b early_divergence div@1 head='Standard attention mechanisms sc' tail='pplication requirements.'
2026-09-30T01:12:19.938+00:00   [4] d0 finish=stop completion=91 chunks=42 acc=2.195(chunks) rate=24.92 ttft=0.395 sha=29dbd9358c10 early_divergence div@132 head='Sparse attention mitigates the q' tail='real-world applications.'
2026-09-30T01:12:19.938+00:00   [5] d0 finish=stop completion=95 chunks=39 acc=2.474(chunks) rate=27.84 ttft=0.395 sha=30da1fd13f33 early_divergence div@1 head='Standard attention mechanisms sc' tail='pplication requirements.'
2026-09-30T01:12:19.938+00:00   [6] d0 finish=stop completion=103 chunks=52 acc=2.000(chunks) rate=24.31 ttft=0.395 sha=e694b3323d24 early_divergence div@17 head='Sparse attention significantly e' tail='nt long-range reasoning.'
2026-09-30T01:12:19.938+00:00   [7] d0 finish=stop completion=93 chunks=37 acc=2.556(chunks) rate=28.82 ttft=0.395 sha=ca53988def6a early_divergence div@1 head='Standard attention mechanisms sc' tail='tensive context windows.'
2026-09-30T01:12:27.079+00:00 burst=distinct-n8-b1 kind=distinct n=8 stagger=0.000 coprefill=False spread=0.259 gate=- report=['early_divergence']
2026-09-30T01:12:27.079+00:00   [0] d0 finish=stop completion=96 chunks=43 acc=2.262(chunks) rate=23.58 ttft=0.102 sha=0905ae89d31b early_divergence div@57 head='Sparse attention mitigates the q' tail='e, attention mechanisms.'
2026-09-30T01:12:27.079+00:00   [1] d1 finish=stop completion=77 chunks=32 acc=2.452(chunks) rate=24.28 ttft=0.361 sha=a33c2cb0eb82 ok div@165 head='A bicycle gear system uses mecha' tail='torque for higher speed.'
2026-09-30T01:12:27.079+00:00   [2] d2 finish=stop completion=43 chunks=12 acc=3.818(chunks) rate=33.77 ttft=0.361 sha=097672f98733 ok div@None head='2, 3, 5, 7, 11, 13, 17, 19, 23, ' tail=', 17, 19, 23, 29, 31, 37'
2026-09-30T01:12:27.079+00:00   [3] d3 finish=stop completion=102 chunks=39 acc=2.658(chunks) rate=28.07 ttft=0.359 sha=13787128752e early_divergence div@16 head='The water cycle starts when the ' tail=' journey all over again.'
2026-09-30T01:12:27.079+00:00   [4] d4 finish=stop completion=102 chunks=26 acc=4.040(chunks) rate=37.23 ttft=0.360 sha=cb9c046d4e9a ok div@None head='```python\ndef fibonacci(n: int) ' tail=', a + b\n    return b\n```'
2026-09-30T01:12:27.079+00:00   [5] d5 finish=stop completion=17 chunks=7 acc=2.667(chunks) rate=23.15 ttft=0.360 sha=5a881638e98d ok div@None head='La bibliothèque ouvre à neuf heu' tail='-huit heures en semaine.'
2026-09-30T01:12:27.079+00:00   [6] d6 finish=stop completion=71 chunks=32 acc=2.258(chunks) rate=22.36 ttft=0.360 sha=4576771ac681 ok div@205 head='1. Reduce watering frequency sig' tail='ensate for shorter days.'
2026-09-30T01:12:27.079+00:00   [7] d7 finish=stop completion=67 chunks=19 acc=3.667(chunks) rate=33.70 ttft=0.361 sha=c39be9b87ae0 ok div@None head='{\n  "name": "Eiffel Tower",\n  "y' tail='re",\n    "Tourism"\n  ]\n}'
2026-09-30T01:12:34.343+00:00 burst=distinct-n8-b2 kind=distinct n=8 stagger=0.000 coprefill=False spread=0.262 gate=- report=['early_divergence']
2026-09-30T01:12:34.343+00:00   [0] d0 finish=stop completion=92 chunks=44 acc=2.116(chunks) rate=23.38 ttft=0.361 sha=1765bc5c05ca early_divergence div@1 head='Standard attention mechanisms sc' tail='attention architectures.'
2026-09-30T01:12:34.343+00:00   [1] d1 finish=stop completion=77 chunks=32 acc=2.452(chunks) rate=24.27 ttft=0.361 sha=a33c2cb0eb82 ok div@165 head='A bicycle gear system uses mecha' tail='torque for higher speed.'
2026-09-30T01:12:34.343+00:00   [2] d2 finish=stop completion=43 chunks=12 acc=3.818(chunks) rate=33.55 ttft=0.360 sha=097672f98733 ok div@None head='2, 3, 5, 7, 11, 13, 17, 19, 23, ' tail=', 17, 19, 23, 29, 31, 37'
2026-09-30T01:12:34.343+00:00   [3] d3 finish=stop completion=103 chunks=40 acc=2.615(chunks) rate=27.86 ttft=0.363 sha=a280dbb96d5f early_divergence div@16 head='The water cycle starts when the ' tail=' journey all over again.'
2026-09-30T01:12:34.343+00:00   [4] d4 finish=stop completion=102 chunks=27 acc=3.885(chunks) rate=37.29 ttft=0.363 sha=cb9c046d4e9a ok div@None head='```python\ndef fibonacci(n: int) ' tail=', a + b\n    return b\n```'
2026-09-30T01:12:34.343+00:00   [5] d5 finish=stop completion=19 chunks=8 acc=2.571(chunks) rate=22.24 ttft=0.361 sha=fbd9a6af1079 early_divergence div@63 head='La bibliothèque ouvre à neuf heu' tail='res les jours ouvrables.'
2026-09-30T01:12:34.343+00:00   [6] d6 finish=stop completion=70 chunks=33 acc=2.156(chunks) rate=20.84 ttft=0.101 sha=6ed0508ab41c ok div@189 head='1. Reduce watering frequency sig' tail='ensate for shorter days.'
2026-09-30T01:12:34.343+00:00   [7] d7 finish=stop completion=67 chunks=19 acc=3.667(chunks) rate=33.51 ttft=0.362 sha=c39be9b87ae0 ok div@None head='{\n  "name": "Eiffel Tower",\n  "y' tail='re",\n    "Tourism"\n  ]\n}'
2026-09-30T01:12:41.380+00:00 burst=distinct-n8-b3 kind=distinct n=8 stagger=0.000 coprefill=False spread=0.269 gate=- report=['early_divergence']
2026-09-30T01:12:41.380+00:00   [0] d0 finish=stop completion=93 chunks=39 acc=2.421(chunks) rate=25.18 ttft=0.374 sha=f530235f9496 early_divergence div@1 head='Standard attention mechanisms sc' tail='d practical application.'
2026-09-30T01:12:41.380+00:00   [1] d1 finish=stop completion=75 chunks=34 acc=2.242(chunks) rate=22.64 ttft=0.373 sha=173ffade051b early_divergence div@80 head='A bicycle gear system uses mecha' tail=' terrain and conditions.'
2026-09-30T01:12:41.380+00:00   [2] d2 finish=stop completion=43 chunks=12 acc=3.818(chunks) rate=33.71 ttft=0.373 sha=097672f98733 ok div@None head='2, 3, 5, 7, 11, 13, 17, 19, 23, ' tail=', 17, 19, 23, 29, 31, 37'
2026-09-30T01:12:41.380+00:00   [3] d3 finish=stop completion=91 chunks=37 acc=2.500(chunks) rate=25.86 ttft=0.373 sha=a6af0a675d63 early_divergence div@26 head='The water cycle is like a never-' tail='the trip all over again.'
2026-09-30T01:12:41.380+00:00   [4] d4 finish=stop completion=102 chunks=26 acc=4.040(chunks) rate=37.52 ttft=0.373 sha=cb9c046d4e9a ok div@None head='```python\ndef fibonacci(n: int) ' tail=', a + b\n    return b\n```'
2026-09-30T01:12:41.380+00:00   [5] d5 finish=stop completion=19 chunks=8 acc=2.571(chunks) rate=22.41 ttft=0.372 sha=fbd9a6af1079 early_divergence div@63 head='La bibliothèque ouvre à neuf heu' tail='res les jours ouvrables.'
2026-09-30T01:12:41.380+00:00   [6] d6 finish=stop completion=70 chunks=34 acc=2.091(chunks) rate=21.11 ttft=0.373 sha=6ed0508ab41c ok div@189 head='1. Reduce watering frequency sig' tail='ensate for shorter days.'
2026-09-30T01:12:41.380+00:00   [7] d7 finish=stop completion=67 chunks=18 acc=3.882(chunks) rate=34.26 ttft=0.105 sha=c39be9b87ae0 ok div@None head='{\n  "name": "Eiffel Tower",\n  "y' tail='re",\n    "Tourism"\n  ]\n}'
2026-09-30T01:12:46.938+00:00 burst=staggered-identical-n2 kind=identical n=2 stagger=0.250 coprefill=False spread=0.318 gate=- report=['early_divergence']
2026-09-30T01:12:46.938+00:00   [0] d0 finish=stop completion=95 chunks=41 acc=2.350(chunks) rate=38.37 ttft=0.100 sha=26e6979e3e7e ok div@333 head='Sparse attention mitigates the q' tail='n large language models.'
2026-09-30T01:12:46.938+00:00   [1] d0 finish=stop completion=93 chunks=34 acc=2.788(chunks) rate=45.70 ttft=0.168 sha=774bf9418857 early_divergence div@1 head='Standard attention mechanisms sc' tail='tensive context windows.'
2026-09-30T01:12:53.110+00:00 burst=staggered-distinct-n3 kind=distinct n=3 stagger=0.250 coprefill=False spread=0.612 gate=- report=['early_divergence']
2026-09-30T01:12:53.110+00:00   [0] d0 finish=stop completion=99 chunks=47 acc=2.130(chunks) rate=31.98 ttft=0.101 sha=b4f847211dde early_divergence div@164 head='Sparse attention mitigates the q' tail='processing applications.'
2026-09-30T01:12:53.110+00:00   [1] d1 finish=stop completion=78 chunks=37 acc=2.139(chunks) rate=31.04 ttft=0.161 sha=7001d85664e3 ok div@201 head='A bicycle gear system uses mecha' tail='ess mechanical leverage.'
2026-09-30T01:12:53.110+00:00   [2] d2 finish=stop completion=43 chunks=12 acc=3.818(chunks) rate=50.51 ttft=0.213 sha=097672f98733 ok div@None head='2, 3, 5, 7, 11, 13, 17, 19, 23, ' tail=', 17, 19, 23, 29, 31, 37'
2026-09-30T01:13:00.105+00:00 burst=staggered-distinct-n5 kind=distinct n=5 stagger=0.250 coprefill=False spread=1.163 gate=- report=['early_divergence']
2026-09-30T01:13:00.105+00:00   [0] d0 finish=stop completion=92 chunks=40 acc=2.333(chunks) rate=28.50 ttft=0.099 sha=50f8a9658adf early_divergence div@132 head='Sparse attention mitigates the q' tail=' speeds and scalability.'
2026-09-30T01:13:00.105+00:00   [1] d1 finish=stop completion=65 chunks=28 acc=2.370(chunks) rate=27.14 ttft=0.214 sha=3d599a0312f2 early_divergence div@77 head='A bicycle gear system uses mecha' tail=' for varying conditions.'
2026-09-30T01:13:00.105+00:00   [2] d2 finish=stop completion=43 chunks=12 acc=3.818(chunks) rate=40.51 ttft=0.202 sha=097672f98733 ok div@None head='2, 3, 5, 7, 11, 13, 17, 19, 23, ' tail=', 17, 19, 23, 29, 31, 37'
2026-09-30T01:13:00.105+00:00   [3] d3 finish=stop completion=101 chunks=40 acc=2.564(chunks) rate=33.14 ttft=0.218 sha=a5cb9def895f early_divergence div@16 head='The water cycle starts when the ' tail=' journey all over again.'
2026-09-30T01:13:00.105+00:00   [4] d4 finish=stop completion=102 chunks=28 acc=3.741(chunks) rate=45.14 ttft=0.262 sha=cb9c046d4e9a ok div@None head='```python\ndef fibonacci(n: int) ' tail=', a + b\n    return b\n```'
2026-09-30T01:13:08.428+00:00 burst=staggered-identical-n8 kind=identical n=8 stagger=0.250 coprefill=False spread=1.974 gate=- report=['early_divergence']
2026-09-30T01:13:08.428+00:00   [0] d0 finish=stop completion=97 chunks=42 acc=2.341(chunks) rate=26.35 ttft=0.103 sha=5bccc33e6e83 early_divergence div@193 head='Sparse attention mitigates the q' tail='n large language models.'
2026-09-30T01:13:08.428+00:00   [1] d0 finish=stop completion=96 chunks=39 acc=2.500(chunks) rate=26.38 ttft=0.172 sha=1ce2e3b94727 early_divergence div@1 head='Standard attention mechanisms sc' tail='ucing inference latency.'
2026-09-30T01:13:08.428+00:00   [2] d0 finish=stop completion=95 chunks=39 acc=2.474(chunks) rate=26.24 ttft=0.216 sha=30da1fd13f33 early_divergence div@1 head='Standard attention mechanisms sc' tail='pplication requirements.'
2026-09-30T01:13:08.428+00:00   [3] d0 finish=stop completion=92 chunks=34 acc=2.758(chunks) rate=28.16 ttft=0.227 sha=d347660dc6fd early_divergence div@1 head='Standard attention mechanisms sc' tail='onstrained environments.'
2026-09-30T01:13:08.428+00:00   [4] d0 finish=stop completion=91 chunks=38 acc=2.432(chunks) rate=26.20 ttft=0.251 sha=28ad902a80be early_divergence div@1 head='Standard attention mechanisms sc' tail='al hardware constraints.'
2026-09-30T01:13:08.428+00:00   [5] d0 finish=stop completion=96 chunks=44 acc=2.209(chunks) rate=25.20 ttft=0.295 sha=489a49d1db88 early_divergence div@193 head='Sparse attention mitigates the q' tail=' contextual information.'
2026-09-30T01:13:08.428+00:00   [6] d0 finish=stop completion=96 chunks=42 acc=2.317(chunks) rate=26.71 ttft=0.259 sha=af05a4d40076 early_divergence div@1 head='Standard attention mechanisms sc' tail='ming hardware resources.'
2026-09-30T01:13:08.428+00:00   [7] d0 finish=stop completion=95 chunks=38 acc=2.541(chunks) rate=29.70 ttft=0.326 sha=6b5b1b878e02 early_divergence div@1 head='Standard attention mechanisms sc' tail='s vast textual contexts.'
2026-09-30T01:13:20.041+00:00 burst=long-pair kind=long n=2 stagger=0.000 coprefill=False spread=2.521 gate=- report=['slow']
2026-09-30T01:13:20.041+00:00   [0] long0 finish=stop completion=6 chunks=2 acc=5.000(chunks) rate=37.76 ttft=8.473 sha=83dab7f91bc1 ok div@None head='74354' tail='74354'
2026-09-30T01:13:20.041+00:00   [1] long1 finish=stop completion=6 chunks=2 acc=5.000(chunks) rate=1.98 ttft=5.953 sha=0ec41e567fc2 slow div@None head='79083' tail='79083'
2026-09-30T01:13:23.587+00:00 burst=image-pair kind=image n=2 stagger=0.000 coprefill=False spread=0.200 gate=- report=-
2026-09-30T01:13:23.587+00:00   [0] img_red finish=stop completion=11 chunks=4 acc=3.333(chunks) rate=53.11 ttft=0.350 sha=0e1c14c4131c ok div@None head='The image is filled with a solid' tail=' with a solid red color.'
2026-09-30T01:13:23.587+00:00   [1] img_blue finish=stop completion=11 chunks=4 acc=3.333(chunks) rate=37.66 ttft=0.150 sha=7fa32368a223 ok div@None head='This image is filled with a soli' tail='with a solid blue color.'
2026-09-30T01:13:23.588+00:00 TOTALS bursts=30 streams=130 gate_bursts=0 zero_acc=0 runaway=0 first32_match=0.292 coprefill_bursts=2 per_request_spec_metrics=False
2026-09-30T01:13:23.588+00:00 NOTE: server did not return metrics.speculative_decoding on every stream; acceptance estimated from tokens per chunk (serve with --per-request-spec-decode-metrics summary)
2026-09-30T01:13:23.588+00:00 T0 PASS
