{
 "c1": {
  "stock": [
   38.34,
   38.26,
   38.34,
   38.31
  ],
  "lazy": [
   40.33,
   40.3,
   40.33,
   40.28
  ],
  "eager": [
   45.48,
   45.28,
   45.31,
   45.25
  ],
  "us_per_layer_median": {
   "stock": 38.34,
   "lazy": 40.33,
   "eager": 45.31
  },
  "delta_ms_per_step_36_layers": 0.072
 },
 "c8": {
  "stock": [
   299.03,
   299.48,
   299.0,
   299.18
  ],
  "lazy": [
   130.51,
   130.55,
   130.52,
   130.53
  ],
  "eager": [
   305.86,
   305.17,
   305.66,
   305.51
  ],
  "us_per_layer_median": {
   "stock": 299.18,
   "lazy": 130.53,
   "eager": 305.66
  },
  "delta_ms_per_step_36_layers": -6.071
 }
}
