2026-09-29T19:56:32.145+00:00 bench_probe v1 url=http://127.0.0.1:8000/v1/chat/completions sizes=[2, 3, 5, 8] kinds=['identical', 'distinct'] bursts_per_shape=3 max_tokens=256
2026-09-29T19:56:34.787+00:00 ref d0 finish=stop completion=97 acc=2.341 ttft=0.183 sha=b0e372faa960 head='Sparse attention mitigates the quadratic'
2026-09-29T19:56:37.588+00:00 ref d1 finish=stop completion=75 acc=2.643 ttft=0.129 sha=4ad2d5654ca6 head='A bicycle gear system uses mechanical ad'
2026-09-29T19:56:39.398+00:00 ref d2 finish=stop completion=43 acc=3.818 ttft=0.121 sha=097672f98733 head='2, 3, 5, 7, 11, 13, 17, 19, 23, 29, 31, '
2026-09-29T19:56:42.784+00:00 ref d3 finish=stop completion=101 acc=2.632 ttft=0.115 sha=3746d913c433 head='The water cycle is like a giant, never-e'
2026-09-29T19:56:45.544+00:00 ref d4 finish=stop completion=102 acc=3.741 ttft=0.119 sha=cb9c046d4e9a head='```python\ndef fibonacci(n: int) -> int:\n'
2026-09-29T19:56:47.023+00:00 ref d5 finish=stop completion=17 acc=2.667 ttft=0.116 sha=5a881638e98d head='La bibliothèque ouvre à neuf heures et f'
2026-09-29T19:56:50.082+00:00 ref d6 finish=stop completion=72 acc=2.367 ttft=0.113 sha=86f7d76d2833 head='1. Reduce watering frequency significant'
2026-09-29T19:56:52.219+00:00 ref d7 finish=stop completion=67 acc=3.882 ttft=0.124 sha=c39be9b87ae0 head='{\n  "name": "Eiffel Tower",\n  "year": 18'
2026-09-29T19:56:57.412+00:00 ref long0 finish=stop completion=6 acc=5.000 ttft=4.085 sha=83dab7f91bc1 head='74354'
2026-09-29T19:57:02.513+00:00 ref long1 finish=stop completion=6 acc=5.000 ttft=3.986 sha=0ec41e567fc2 head='79083'
2026-09-29T19:57:03.898+00:00 ref img_red finish=stop completion=11 acc=3.333 ttft=0.199 sha=0e1c14c4131c head='The image is filled with a solid red col'
2026-09-29T19:57:05.278+00:00 ref img_blue finish=stop completion=11 acc=3.333 ttft=0.190 sha=7fa32368a223 head='This image is filled with a solid blue c'
2026-09-29T19:57:12.750+00:00 burst=identical-n2-b1 kind=identical n=2 stagger=0.000 coprefill=False spread=0.385 gate=- report=['early_divergence']
2026-09-29T19:57:12.750+00:00   [0] d0 finish=stop completion=94 chunks=49 acc=1.938(chunks) rate=27.84 ttft=0.123 sha=2774341ec8f4 early_divergence div@164 head='Sparse attention mitigates the q' tail='g performance and speed.'
2026-09-29T19:57:12.750+00:00   [1] d0 finish=stop completion=93 chunks=36 acc=2.629(chunks) rate=39.79 ttft=0.508 sha=774bf9418857 early_divergence div@1 head='Standard attention mechanisms sc' tail='tensive context windows.'
2026-09-29T19:57:18.993+00:00 burst=identical-n2-b2 kind=identical n=2 stagger=0.000 coprefill=False spread=0.176 gate=- report=['early_divergence']
2026-09-29T19:57:18.993+00:00   [0] d0 finish=stop completion=94 chunks=49 acc=1.938(chunks) rate=29.65 ttft=0.099 sha=2774341ec8f4 early_divergence div@164 head='Sparse attention mitigates the q' tail='g performance and speed.'
2026-09-29T19:57:18.993+00:00   [1] d0 finish=stop completion=93 chunks=36 acc=2.629(chunks) rate=40.13 ttft=0.275 sha=774bf9418857 early_divergence div@1 head='Standard attention mechanisms sc' tail='tensive context windows.'
2026-09-29T19:57:25.230+00:00 burst=identical-n2-b3 kind=identical n=2 stagger=0.000 coprefill=False spread=0.174 gate=- report=['early_divergence']
2026-09-29T19:57:25.230+00:00   [0] d0 finish=stop completion=93 chunks=36 acc=2.629(chunks) rate=40.13 ttft=0.274 sha=774bf9418857 early_divergence div@1 head='Standard attention mechanisms sc' tail='tensive context windows.'
2026-09-29T19:57:25.230+00:00   [1] d0 finish=stop completion=94 chunks=49 acc=1.938(chunks) rate=29.71 ttft=0.100 sha=2774341ec8f4 early_divergence div@164 head='Sparse attention mitigates the q' tail='g performance and speed.'
2026-09-29T19:57:31.335+00:00 burst=distinct-n2-b1 kind=distinct n=2 stagger=0.000 coprefill=False spread=0.165 gate=- report=['early_divergence']
2026-09-29T19:57:31.335+00:00   [0] d0 finish=stop completion=95 chunks=46 acc=2.089(chunks) rate=31.35 ttft=0.099 sha=fd42320bee1b early_divergence div@164 head='Sparse attention mitigates the q' tail='n large language models.'
2026-09-29T19:57:31.335+00:00   [1] d1 finish=stop completion=75 chunks=34 acc=2.242(chunks) rate=32.27 ttft=0.265 sha=eadf9933adfc early_divergence div@80 head='A bicycle gear system uses mecha' tail='wer for varying terrain.'
2026-09-29T19:57:37.440+00:00 burst=distinct-n2-b2 kind=distinct n=2 stagger=0.000 coprefill=False spread=0.167 gate=- report=['early_divergence']
2026-09-29T19:57:37.440+00:00   [0] d0 finish=stop completion=95 chunks=46 acc=2.089(chunks) rate=31.38 ttft=0.101 sha=fd42320bee1b early_divergence div@164 head='Sparse attention mitigates the q' tail='n large language models.'
2026-09-29T19:57:37.440+00:00   [1] d1 finish=stop completion=75 chunks=34 acc=2.242(chunks) rate=32.43 ttft=0.268 sha=eadf9933adfc early_divergence div@80 head='A bicycle gear system uses mecha' tail='wer for varying terrain.'
2026-09-29T19:57:43.050+00:00 burst=distinct-n2-b3 kind=distinct n=2 stagger=0.000 coprefill=False spread=0.177 gate=- report=['early_divergence']
2026-09-29T19:57:43.050+00:00   [0] d0 finish=stop completion=93 chunks=36 acc=2.629(chunks) rate=39.38 ttft=0.267 sha=774bf9418857 early_divergence div@1 head='Standard attention mechanisms sc' tail='tensive context windows.'
2026-09-29T19:57:43.050+00:00   [1] d1 finish=stop completion=70 chunks=35 acc=2.029(chunks) rate=29.62 ttft=0.090 sha=c61d8657cdea early_divergence div@80 head='A bicycle gear system uses mecha' tail='torque for higher speed.'
2026-09-29T19:57:49.742+00:00 burst=identical-n3-b1 kind=identical n=3 stagger=0.000 coprefill=False spread=0.191 gate=- report=['early_divergence']
2026-09-29T19:57:49.742+00:00   [0] d0 finish=stop completion=95 chunks=47 acc=2.043(chunks) rate=27.70 ttft=0.292 sha=f231686bb8ae early_divergence div@17 head='Sparse attention significantly e' tail=' contextual information.'
2026-09-29T19:57:49.742+00:00   [1] d0 finish=stop completion=94 chunks=39 acc=2.447(chunks) rate=32.46 ttft=0.292 sha=3bf26d1e5286 early_divergence div@1 head='Standard attention mechanisms sc' tail='ing extensive documents.'
2026-09-29T19:57:49.742+00:00   [2] d0 finish=stop completion=95 chunks=44 acc=2.186(chunks) rate=28.76 ttft=0.102 sha=62032dac1eb1 early_divergence div@164 head='Sparse attention mitigates the q' tail='n large language models.'
2026-09-29T19:57:56.591+00:00 burst=identical-n3-b2 kind=identical n=3 stagger=0.000 coprefill=False spread=0.185 gate=- report=['early_divergence']
2026-09-29T19:57:56.591+00:00   [0] d0 finish=stop completion=95 chunks=44 acc=2.186(chunks) rate=27.43 ttft=0.102 sha=62032dac1eb1 early_divergence div@164 head='Sparse attention mitigates the q' tail='n large language models.'
2026-09-29T19:57:56.591+00:00   [1] d0 finish=stop completion=94 chunks=39 acc=2.447(chunks) rate=30.78 ttft=0.287 sha=3bf26d1e5286 early_divergence div@1 head='Standard attention mechanisms sc' tail='ing extensive documents.'
2026-09-29T19:57:56.591+00:00   [2] d0 finish=stop completion=95 chunks=47 acc=2.043(chunks) rate=26.46 ttft=0.288 sha=f231686bb8ae early_divergence div@17 head='Sparse attention significantly e' tail=' contextual information.'
2026-09-29T19:58:03.290+00:00 burst=identical-n3-b3 kind=identical n=3 stagger=0.000 coprefill=False spread=0.187 gate=- report=['early_divergence']
2026-09-29T19:58:03.290+00:00   [0] d0 finish=stop completion=95 chunks=44 acc=2.186(chunks) rate=28.74 ttft=0.102 sha=62032dac1eb1 early_divergence div@164 head='Sparse attention mitigates the q' tail='n large language models.'
2026-09-29T19:58:03.290+00:00   [1] d0 finish=stop completion=94 chunks=39 acc=2.447(chunks) rate=32.43 ttft=0.288 sha=3bf26d1e5286 early_divergence div@1 head='Standard attention mechanisms sc' tail='ing extensive documents.'
2026-09-29T19:58:03.290+00:00   [2] d0 finish=stop completion=95 chunks=47 acc=2.043(chunks) rate=27.62 ttft=0.288 sha=f231686bb8ae early_divergence div@17 head='Sparse attention significantly e' tail=' contextual information.'
2026-09-29T19:58:09.837+00:00 burst=distinct-n3-b1 kind=distinct n=3 stagger=0.000 coprefill=False spread=0.201 gate=- report=['early_divergence']
2026-09-29T19:58:09.837+00:00   [0] d0 finish=stop completion=105 chunks=48 acc=2.213(chunks) rate=32.01 ttft=0.291 sha=4c77871f8919 early_divergence div@17 head='Sparse attention significantly e' tail='or real-world use cases.'
2026-09-29T19:58:09.837+00:00   [1] d1 finish=stop completion=74 chunks=33 acc=2.281(chunks) rate=31.43 ttft=0.291 sha=02dbae298851 ok div@165 head='A bicycle gear system uses mecha' tail='torque for higher speed.'
2026-09-29T19:58:09.837+00:00   [2] d2 finish=stop completion=43 chunks=12 acc=3.818(chunks) rate=44.29 ttft=0.090 sha=097672f98733 ok div@None head='2, 3, 5, 7, 11, 13, 17, 19, 23, ' tail=', 17, 19, 23, 29, 31, 37'
2026-09-29T19:58:16.365+00:00 burst=distinct-n3-b2 kind=distinct n=3 stagger=0.000 coprefill=False spread=0.201 gate=- report=['early_divergence']
2026-09-29T19:58:16.365+00:00   [0] d0 finish=stop completion=105 chunks=48 acc=2.213(chunks) rate=32.19 ttft=0.291 sha=4c77871f8919 early_divergence div@17 head='Sparse attention significantly e' tail='or real-world use cases.'
2026-09-29T19:58:16.365+00:00   [1] d1 finish=stop completion=74 chunks=33 acc=2.281(chunks) rate=31.66 ttft=0.291 sha=02dbae298851 ok div@165 head='A bicycle gear system uses mecha' tail='torque for higher speed.'
2026-09-29T19:58:16.365+00:00   [2] d2 finish=stop completion=43 chunks=12 acc=3.818(chunks) rate=44.66 ttft=0.091 sha=097672f98733 ok div@None head='2, 3, 5, 7, 11, 13, 17, 19, 23, ' tail=', 17, 19, 23, 29, 31, 37'
2026-09-29T19:58:23.157+00:00 burst=distinct-n3-b3 kind=distinct n=3 stagger=0.000 coprefill=False spread=0.469 gate=- report=['early_divergence']
2026-09-29T19:58:23.157+00:00   [0] d0 finish=stop completion=94 chunks=49 acc=1.938(chunks) rate=25.25 ttft=0.102 sha=2774341ec8f4 early_divergence div@164 head='Sparse attention mitigates the q' tail='g performance and speed.'
2026-09-29T19:58:23.157+00:00   [1] d1 finish=stop completion=76 chunks=36 acc=2.143(chunks) rate=29.48 ttft=0.571 sha=e8a944e43d20 early_divergence div@80 head='A bicycle gear system uses mecha' tail=' for varying conditions.'
2026-09-29T19:58:23.157+00:00   [2] d2 finish=stop completion=43 chunks=12 acc=3.818(chunks) rate=46.89 ttft=0.571 sha=097672f98733 ok div@None head='2, 3, 5, 7, 11, 13, 17, 19, 23, ' tail=', 17, 19, 23, 29, 31, 37'
2026-09-29T19:58:30.484+00:00 burst=identical-n5-b1 kind=identical n=5 stagger=0.000 coprefill=False spread=0.304 gate=- report=['early_divergence']
2026-09-29T19:58:30.484+00:00   [0] d0 finish=stop completion=97 chunks=46 acc=2.133(chunks) rate=24.73 ttft=0.433 sha=6381d2b59382 early_divergence div@17 head='Sparse attention significantly e' tail='ong-context AI feasible.'
2026-09-29T19:58:30.484+00:00   [1] d0 finish=stop completion=96 chunks=44 acc=2.209(chunks) rate=25.38 ttft=0.434 sha=7086bc8c0441 early_divergence div@1 head='Standard attention mechanisms sc' tail='ming hardware resources.'
2026-09-29T19:58:30.484+00:00   [2] d0 finish=stop completion=94 chunks=41 acc=2.325(chunks) rate=26.74 ttft=0.434 sha=c6257057fc76 early_divergence div@1 head='Standard attention mechanisms sc' tail='ical application limits.'
2026-09-29T19:58:30.484+00:00   [3] d0 finish=stop completion=94 chunks=45 acc=2.114(chunks) rate=24.39 ttft=0.433 sha=5ea913999162 ok div@241 head='Sparse attention mitigates the q' tail='ormance and scalability.'
2026-09-29T19:58:30.484+00:00   [4] d0 finish=stop completion=94 chunks=45 acc=2.114(chunks) rate=23.53 ttft=0.131 sha=9e1e92f41e6c early_divergence div@164 head='Sparse attention mitigates the q' tail='ormance and scalability.'
2026-09-29T19:58:37.644+00:00 burst=identical-n5-b2 kind=identical n=5 stagger=0.000 coprefill=False spread=0.221 gate=- report=['early_divergence']
2026-09-29T19:58:37.644+00:00   [0] d0 finish=stop completion=94 chunks=45 acc=2.114(chunks) rate=24.75 ttft=0.325 sha=5ea913999162 ok div@241 head='Sparse attention mitigates the q' tail='ormance and scalability.'
2026-09-29T19:58:37.644+00:00   [1] d0 finish=stop completion=97 chunks=46 acc=2.133(chunks) rate=25.09 ttft=0.324 sha=6381d2b59382 early_divergence div@17 head='Sparse attention significantly e' tail='ong-context AI feasible.'
2026-09-29T19:58:37.644+00:00   [2] d0 finish=stop completion=94 chunks=45 acc=2.114(chunks) rate=24.39 ttft=0.104 sha=9e1e92f41e6c early_divergence div@164 head='Sparse attention mitigates the q' tail='ormance and scalability.'
2026-09-29T19:58:37.644+00:00   [3] d0 finish=stop completion=96 chunks=44 acc=2.209(chunks) rate=25.83 ttft=0.324 sha=7086bc8c0441 early_divergence div@1 head='Standard attention mechanisms sc' tail='ming hardware resources.'
2026-09-29T19:58:37.644+00:00   [4] d0 finish=stop completion=94 chunks=41 acc=2.325(chunks) rate=27.21 ttft=0.325 sha=c6257057fc76 early_divergence div@1 head='Standard attention mechanisms sc' tail='ical application limits.'
2026-09-29T19:58:44.842+00:00 burst=identical-n5-b3 kind=identical n=5 stagger=0.000 coprefill=False spread=0.220 gate=- report=['early_divergence']
2026-09-29T19:58:44.842+00:00   [0] d0 finish=stop completion=94 chunks=45 acc=2.114(chunks) rate=24.31 ttft=0.136 sha=9e1e92f41e6c early_divergence div@164 head='Sparse attention mitigates the q' tail='ormance and scalability.'
2026-09-29T19:58:44.842+00:00   [1] d0 finish=stop completion=97 chunks=46 acc=2.133(chunks) rate=25.05 ttft=0.355 sha=6381d2b59382 early_divergence div@17 head='Sparse attention significantly e' tail='ong-context AI feasible.'
2026-09-29T19:58:44.842+00:00   [2] d0 finish=stop completion=96 chunks=44 acc=2.209(chunks) rate=25.75 ttft=0.355 sha=7086bc8c0441 early_divergence div@1 head='Standard attention mechanisms sc' tail='ming hardware resources.'
2026-09-29T19:58:44.842+00:00   [3] d0 finish=stop completion=94 chunks=45 acc=2.114(chunks) rate=24.71 ttft=0.357 sha=5ea913999162 ok div@241 head='Sparse attention mitigates the q' tail='ormance and scalability.'
2026-09-29T19:58:44.842+00:00   [4] d0 finish=stop completion=94 chunks=41 acc=2.325(chunks) rate=27.12 ttft=0.356 sha=c6257057fc76 early_divergence div@1 head='Standard attention mechanisms sc' tail='ical application limits.'
2026-09-29T19:58:51.293+00:00 burst=distinct-n5-b1 kind=distinct n=5 stagger=0.000 coprefill=False spread=0.239 gate=- report=['early_divergence']
2026-09-29T19:58:51.293+00:00   [0] d0 finish=stop completion=92 chunks=36 acc=2.600(chunks) rate=29.47 ttft=0.354 sha=ba409499c5af early_divergence div@1 head='Standard attention mechanisms sc' tail='tensive context windows.'
2026-09-29T19:58:51.293+00:00   [1] d1 finish=stop completion=77 chunks=33 acc=2.375(chunks) rate=25.67 ttft=0.353 sha=28ea54342cff ok div@200 head='A bicycle gear system uses mecha' tail='el with less resistance.'
2026-09-29T19:58:51.293+00:00   [2] d2 finish=stop completion=43 chunks=12 acc=3.818(chunks) rate=38.02 ttft=0.354 sha=097672f98733 ok div@None head='2, 3, 5, 7, 11, 13, 17, 19, 23, ' tail=', 17, 19, 23, 29, 31, 37'
2026-09-29T19:58:51.293+00:00   [3] d3 finish=stop completion=85 chunks=32 acc=2.710(chunks) rate=29.91 ttft=0.353 sha=5121f754e7d8 early_divergence div@4 head='The sun heats up water in oceans' tail=' journey all over again.'
2026-09-29T19:58:51.293+00:00   [4] d4 finish=stop completion=102 chunks=27 acc=3.885(chunks) rate=40.48 ttft=0.115 sha=d3af644442cd early_divergence div@80 head='```python\ndef fibonacci(n: int) ' tail=', a + b\n    return b\n```'
2026-09-29T19:58:57.954+00:00 burst=distinct-n5-b2 kind=distinct n=5 stagger=0.000 coprefill=False spread=0.237 gate=- report=['early_divergence']
2026-09-29T19:58:57.954+00:00   [0] d0 finish=stop completion=94 chunks=39 acc=2.447(chunks) rate=28.03 ttft=0.336 sha=ae36ad6fd27b early_divergence div@1 head='Standard attention mechanisms sc' tail='pplication requirements.'
2026-09-29T19:58:57.954+00:00   [1] d1 finish=stop completion=71 chunks=31 acc=2.333(chunks) rate=25.42 ttft=0.335 sha=53845d361929 ok div@165 head='A bicycle gear system uses mecha' tail=' to overcome resistance.'
2026-09-29T19:58:57.954+00:00   [2] d2 finish=stop completion=43 chunks=12 acc=3.818(chunks) rate=38.18 ttft=0.335 sha=097672f98733 ok div@None head='2, 3, 5, 7, 11, 13, 17, 19, 23, ' tail=', 17, 19, 23, 29, 31, 37'
2026-09-29T19:58:57.954+00:00   [3] d3 finish=stop completion=104 chunks=40 acc=2.641(chunks) rate=29.57 ttft=0.100 sha=d6c4e6423643 early_divergence div@16 head='The water cycle starts when the ' tail=' journey all over again.'
2026-09-29T19:58:57.954+00:00   [4] d4 finish=stop completion=102 chunks=28 acc=3.741(chunks) rate=40.27 ttft=0.336 sha=cb9c046d4e9a ok div@None head='```python\ndef fibonacci(n: int) ' tail=', a + b\n    return b\n```'
2026-09-29T19:59:04.829+00:00 burst=distinct-n5-b3 kind=distinct n=5 stagger=0.000 coprefill=False spread=0.232 gate=- report=['early_divergence']
2026-09-29T19:59:04.829+00:00   [0] d0 finish=stop completion=99 chunks=44 acc=2.279(chunks) rate=27.64 ttft=0.321 sha=fac6f42a9bc1 early_divergence div@1 head='Standard attention mechanisms sc' tail='se attention mechanisms.'
2026-09-29T19:59:04.829+00:00   [1] d1 finish=stop completion=65 chunks=24 acc=2.783(chunks) rate=28.56 ttft=0.320 sha=eee9b92b6749 early_divergence div@77 head='A bicycle gear system uses mecha' tail=' faster on flat terrain.'
2026-09-29T19:59:04.829+00:00   [2] d2 finish=stop completion=43 chunks=12 acc=3.818(chunks) rate=38.32 ttft=0.319 sha=097672f98733 ok div@None head='2, 3, 5, 7, 11, 13, 17, 19, 23, ' tail=', 17, 19, 23, 29, 31, 37'
2026-09-29T19:59:04.829+00:00   [3] d3 finish=stop completion=104 chunks=40 acc=2.641(chunks) rate=30.21 ttft=0.089 sha=d6c4e6423643 early_divergence div@16 head='The water cycle starts when the ' tail=' journey all over again.'
2026-09-29T19:59:04.829+00:00   [4] d4 finish=stop completion=102 chunks=27 acc=3.885(chunks) rate=41.90 ttft=0.320 sha=d3af644442cd early_divergence div@80 head='```python\ndef fibonacci(n: int) ' tail=', a + b\n    return b\n```'
2026-09-29T19:59:12.646+00:00 burst=identical-n8-b1 kind=identical n=8 stagger=0.000 coprefill=False spread=0.246 gate=- report=['early_divergence']
2026-09-29T19:59:12.646+00:00   [0] d0 finish=stop completion=93 chunks=36 acc=2.629(chunks) rate=27.26 ttft=0.354 sha=4894a43dbae9 early_divergence div@1 head='Standard attention mechanisms sc' tail='complex reasoning tasks.'
2026-09-29T19:59:12.646+00:00   [1] d0 finish=stop completion=94 chunks=39 acc=2.447(chunks) rate=26.20 ttft=0.353 sha=ae36ad6fd27b early_divergence div@1 head='Standard attention mechanisms sc' tail='pplication requirements.'
2026-09-29T19:59:12.646+00:00   [2] d0 finish=stop completion=101 chunks=47 acc=2.174(chunks) rate=23.43 ttft=0.109 sha=4bfa1bf64b96 early_divergence div@193 head='Sparse attention mitigates the q' tail='complex reasoning tasks.'
2026-09-29T19:59:12.646+00:00   [3] d0 finish=stop completion=95 chunks=39 acc=2.474(chunks) rate=26.49 ttft=0.353 sha=30da1fd13f33 early_divergence div@1 head='Standard attention mechanisms sc' tail='pplication requirements.'
2026-09-29T19:59:12.646+00:00   [4] d0 finish=stop completion=103 chunks=52 acc=2.000(chunks) rate=22.90 ttft=0.353 sha=9998eee34e6d early_divergence div@17 head='Sparse attention significantly e' tail='nt long-range reasoning.'
2026-09-29T19:59:12.646+00:00   [5] d0 finish=stop completion=91 chunks=42 acc=2.195(chunks) rate=23.63 ttft=0.353 sha=29dbd9358c10 early_divergence div@132 head='Sparse attention mitigates the q' tail='real-world applications.'
2026-09-29T19:59:12.646+00:00   [6] d0 finish=stop completion=93 chunks=37 acc=2.556(chunks) rate=27.27 ttft=0.354 sha=ca53988def6a early_divergence div@1 head='Standard attention mechanisms sc' tail='tensive context windows.'
2026-09-29T19:59:12.646+00:00   [7] d0 finish=stop completion=90 chunks=40 acc=2.282(chunks) rate=24.43 ttft=0.355 sha=74645c0c0861 early_divergence div@1 head='Standard attention mechanisms sc' tail='ontextual understanding.'
2026-09-29T19:59:20.489+00:00 burst=identical-n8-b2 kind=identical n=8 stagger=0.000 coprefill=False spread=0.248 gate=- report=['early_divergence']
2026-09-29T19:59:20.489+00:00   [0] d0 finish=stop completion=93 chunks=37 acc=2.556(chunks) rate=27.12 ttft=0.350 sha=ca53988def6a early_divergence div@1 head='Standard attention mechanisms sc' tail='tensive context windows.'
2026-09-29T19:59:20.489+00:00   [1] d0 finish=stop completion=93 chunks=36 acc=2.629(chunks) rate=27.12 ttft=0.351 sha=4894a43dbae9 early_divergence div@1 head='Standard attention mechanisms sc' tail='complex reasoning tasks.'
2026-09-29T19:59:20.489+00:00   [2] d0 finish=stop completion=95 chunks=39 acc=2.474(chunks) rate=26.26 ttft=0.351 sha=30da1fd13f33 early_divergence div@1 head='Standard attention mechanisms sc' tail='pplication requirements.'
2026-09-29T19:59:20.489+00:00   [3] d0 finish=stop completion=103 chunks=52 acc=2.000(chunks) rate=22.76 ttft=0.350 sha=9998eee34e6d early_divergence div@17 head='Sparse attention significantly e' tail='nt long-range reasoning.'
2026-09-29T19:59:20.489+00:00   [4] d0 finish=stop completion=94 chunks=39 acc=2.447(chunks) rate=25.98 ttft=0.350 sha=ae36ad6fd27b early_divergence div@1 head='Standard attention mechanisms sc' tail='pplication requirements.'
2026-09-29T19:59:20.489+00:00   [5] d0 finish=stop completion=91 chunks=42 acc=2.195(chunks) rate=23.47 ttft=0.350 sha=29dbd9358c10 early_divergence div@132 head='Sparse attention mitigates the q' tail='real-world applications.'
2026-09-29T19:59:20.489+00:00   [6] d0 finish=stop completion=90 chunks=40 acc=2.282(chunks) rate=24.22 ttft=0.350 sha=74645c0c0861 early_divergence div@1 head='Standard attention mechanisms sc' tail='ontextual understanding.'
2026-09-29T19:59:20.489+00:00   [7] d0 finish=stop completion=101 chunks=47 acc=2.174(chunks) rate=23.26 ttft=0.104 sha=4bfa1bf64b96 early_divergence div@193 head='Sparse attention mitigates the q' tail='complex reasoning tasks.'
2026-09-29T19:59:27.598+00:00 burst=identical-n8-b3 kind=identical n=8 stagger=0.000 coprefill=False spread=0.291 gate=- report=['early_divergence']
2026-09-29T19:59:27.598+00:00   [0] d0 finish=stop completion=93 chunks=39 acc=2.421(chunks) rate=26.97 ttft=0.402 sha=f530235f9496 early_divergence div@1 head='Standard attention mechanisms sc' tail='d practical application.'
2026-09-29T19:59:27.598+00:00   [1] d0 finish=stop completion=94 chunks=40 acc=2.385(chunks) rate=27.25 ttft=0.400 sha=ae36ad6fd27b early_divergence div@1 head='Standard attention mechanisms sc' tail='pplication requirements.'
2026-09-29T19:59:27.598+00:00   [2] d0 finish=stop completion=94 chunks=38 acc=2.514(chunks) rate=28.86 ttft=0.401 sha=ae36ad6fd27b early_divergence div@1 head='Standard attention mechanisms sc' tail='pplication requirements.'
2026-09-29T19:59:27.598+00:00   [3] d0 finish=stop completion=94 chunks=38 acc=2.514(chunks) rate=28.86 ttft=0.402 sha=ae36ad6fd27b early_divergence div@1 head='Standard attention mechanisms sc' tail='pplication requirements.'
2026-09-29T19:59:27.598+00:00   [4] d0 finish=stop completion=96 chunks=46 acc=2.111(chunks) rate=23.82 ttft=0.112 sha=d9367235723f early_divergence div@164 head='Sparse attention mitigates the q' tail='r widespread deployment.'
2026-09-29T19:59:27.598+00:00   [5] d0 finish=stop completion=94 chunks=40 acc=2.385(chunks) rate=27.24 ttft=0.399 sha=ae36ad6fd27b early_divergence div@1 head='Standard attention mechanisms sc' tail='pplication requirements.'
2026-09-29T19:59:27.598+00:00   [6] d0 finish=stop completion=98 chunks=43 acc=2.310(chunks) rate=25.88 ttft=0.223 sha=982ce52e3cae early_divergence div@1 head='Standard attention mechanisms sc' tail='ve context is essential.'
2026-09-29T19:59:27.598+00:00   [7] d0 finish=stop completion=93 chunks=39 acc=2.421(chunks) rate=26.96 ttft=0.403 sha=f530235f9496 early_divergence div@1 head='Standard attention mechanisms sc' tail='d practical application.'
2026-09-29T19:59:35.007+00:00 burst=distinct-n8-b1 kind=distinct n=8 stagger=0.000 coprefill=False spread=0.273 gate=- report=['early_divergence']
2026-09-29T19:59:35.007+00:00   [0] d0 finish=stop completion=94 chunks=40 acc=2.385(chunks) rate=23.15 ttft=0.382 sha=9306f2a8c24a early_divergence div@1 head='Standard attention mechanisms sc' tail='pplication requirements.'
2026-09-29T19:59:35.007+00:00   [1] d1 finish=stop completion=65 chunks=29 acc=2.286(chunks) rate=20.00 ttft=0.380 sha=3d599a0312f2 early_divergence div@77 head='A bicycle gear system uses mecha' tail=' for varying conditions.'
2026-09-29T19:59:35.007+00:00   [2] d2 finish=stop completion=43 chunks=12 acc=3.818(chunks) rate=27.85 ttft=0.380 sha=097672f98733 ok div@None head='2, 3, 5, 7, 11, 13, 17, 19, 23, ' tail=', 17, 19, 23, 29, 31, 37'
2026-09-29T19:59:35.007+00:00   [3] d3 finish=stop completion=103 chunks=40 acc=2.615(chunks) rate=25.39 ttft=0.380 sha=392e3920d4e9 early_divergence div@16 head='The water cycle starts when the ' tail=' journey all over again.'
2026-09-29T19:59:35.007+00:00   [4] d4 finish=stop completion=102 chunks=26 acc=4.040(chunks) rate=33.53 ttft=0.379 sha=cb9c046d4e9a ok div@None head='```python\ndef fibonacci(n: int) ' tail=', a + b\n    return b\n```'
2026-09-29T19:59:35.007+00:00   [5] d5 finish=stop completion=19 chunks=8 acc=2.571(chunks) rate=17.33 ttft=0.380 sha=fbd9a6af1079 early_divergence div@63 head='La bibliothèque ouvre à neuf heu' tail='res les jours ouvrables.'
2026-09-29T19:59:35.007+00:00   [6] d6 finish=stop completion=70 chunks=34 acc=2.091(chunks) rate=19.17 ttft=0.381 sha=6ed0508ab41c ok div@189 head='1. Reduce watering frequency sig' tail='ensate for shorter days.'
2026-09-29T19:59:35.007+00:00   [7] d7 finish=stop completion=67 chunks=18 acc=3.882(chunks) rate=29.86 ttft=0.109 sha=c39be9b87ae0 ok div@None head='{\n  "name": "Eiffel Tower",\n  "y' tail='re",\n    "Tourism"\n  ]\n}'
2026-09-29T19:59:42.262+00:00 burst=distinct-n8-b2 kind=distinct n=8 stagger=0.000 coprefill=False spread=0.270 gate=- report=['early_divergence']
2026-09-29T19:59:42.262+00:00   [0] d0 finish=stop completion=93 chunks=39 acc=2.421(chunks) rate=23.93 ttft=0.400 sha=f530235f9496 early_divergence div@1 head='Standard attention mechanisms sc' tail='d practical application.'
2026-09-29T19:59:42.262+00:00   [1] d1 finish=stop completion=78 chunks=35 acc=2.265(chunks) rate=22.06 ttft=0.400 sha=6878b301e550 ok div@340 head='A bicycle gear system uses mecha' tail='greater pedaling effort.'
2026-09-29T19:59:42.262+00:00   [2] d2 finish=stop completion=43 chunks=12 acc=3.818(chunks) rate=32.40 ttft=0.399 sha=097672f98733 ok div@None head='2, 3, 5, 7, 11, 13, 17, 19, 23, ' tail=', 17, 19, 23, 29, 31, 37'
2026-09-29T19:59:42.262+00:00   [3] d3 finish=stop completion=94 chunks=39 acc=2.447(chunks) rate=24.59 ttft=0.398 sha=187a7cc3dd29 early_divergence div@26 head='The water cycle is like a never-' tail='ing trip all over again.'
2026-09-29T19:59:42.262+00:00   [4] d4 finish=stop completion=102 chunks=27 acc=3.885(chunks) rate=36.01 ttft=0.398 sha=cb9c046d4e9a ok div@None head='```python\ndef fibonacci(n: int) ' tail=', a + b\n    return b\n```'
2026-09-29T19:59:42.262+00:00   [5] d5 finish=stop completion=17 chunks=7 acc=2.667(chunks) rate=22.31 ttft=0.400 sha=5a881638e98d ok div@None head='La bibliothèque ouvre à neuf heu' tail='-huit heures en semaine.'
2026-09-29T19:59:42.262+00:00   [6] d6 finish=stop completion=70 chunks=34 acc=2.091(chunks) rate=20.28 ttft=0.398 sha=6ed0508ab41c ok div@189 head='1. Reduce watering frequency sig' tail='ensate for shorter days.'
2026-09-29T19:59:42.262+00:00   [7] d7 finish=stop completion=67 chunks=18 acc=3.882(chunks) rate=33.03 ttft=0.130 sha=c39be9b87ae0 ok div@None head='{\n  "name": "Eiffel Tower",\n  "y' tail='re",\n    "Tourism"\n  ]\n}'
2026-09-29T19:59:49.517+00:00 burst=distinct-n8-b3 kind=distinct n=8 stagger=0.000 coprefill=False spread=0.275 gate=- report=['early_divergence']
2026-09-29T19:59:49.517+00:00   [0] d0 finish=stop completion=94 chunks=40 acc=2.385(chunks) rate=23.98 ttft=0.369 sha=9306f2a8c24a early_divergence div@1 head='Standard attention mechanisms sc' tail='pplication requirements.'
2026-09-29T19:59:49.518+00:00   [1] d1 finish=stop completion=70 chunks=30 acc=2.379(chunks) rate=20.69 ttft=0.095 sha=c989adf4b4cc ok div@201 head='A bicycle gear system uses mecha' tail=' speed for flat terrain.'
2026-09-29T19:59:49.518+00:00   [2] d2 finish=stop completion=43 chunks=12 acc=3.818(chunks) rate=32.15 ttft=0.370 sha=097672f98733 ok div@None head='2, 3, 5, 7, 11, 13, 17, 19, 23, ' tail=', 17, 19, 23, 29, 31, 37'
2026-09-29T19:59:49.518+00:00   [3] d3 finish=stop completion=101 chunks=38 acc=2.703(chunks) rate=26.68 ttft=0.370 sha=b3ee4cd183ed early_divergence div@16 head='The water cycle starts when the ' tail='the whole process again.'
2026-09-29T19:59:49.518+00:00   [4] d4 finish=stop completion=102 chunks=26 acc=4.040(chunks) rate=35.12 ttft=0.369 sha=cb9c046d4e9a ok div@None head='```python\ndef fibonacci(n: int) ' tail=', a + b\n    return b\n```'
2026-09-29T19:59:49.518+00:00   [5] d5 finish=stop completion=19 chunks=8 acc=2.571(chunks) rate=21.48 ttft=0.369 sha=fbd9a6af1079 early_divergence div@63 head='La bibliothèque ouvre à neuf heu' tail='res les jours ouvrables.'
2026-09-29T19:59:49.518+00:00   [6] d6 finish=stop completion=70 chunks=34 acc=2.091(chunks) rate=19.91 ttft=0.368 sha=6ed0508ab41c ok div@189 head='1. Reduce watering frequency sig' tail='ensate for shorter days.'
2026-09-29T19:59:49.518+00:00   [7] d7 finish=stop completion=85 chunks=24 acc=3.652(chunks) rate=31.24 ttft=0.369 sha=4abb06695ad8 ok div@61 head='{\n  "name": "Eiffel Tower",\n  "y' tail='re",\n    "tourism"\n  ]\n}'
2026-09-29T19:59:55.268+00:00 burst=staggered-identical-n2 kind=identical n=2 stagger=0.250 coprefill=False spread=0.354 gate=- report=['early_divergence']
2026-09-29T19:59:55.268+00:00   [0] d0 finish=stop completion=95 chunks=41 acc=2.350(chunks) rate=35.57 ttft=0.102 sha=26e6979e3e7e ok div@333 head='Sparse attention mitigates the q' tail='n large language models.'
2026-09-29T19:59:55.268+00:00   [1] d0 finish=stop completion=93 chunks=36 acc=2.629(chunks) rate=40.20 ttft=0.207 sha=774bf9418857 early_divergence div@1 head='Standard attention mechanisms sc' tail='tensive context windows.'
2026-09-29T20:00:01.231+00:00 burst=staggered-distinct-n3 kind=distinct n=3 stagger=0.250 coprefill=False spread=0.599 gate=- report=['early_divergence']
2026-09-29T20:00:01.231+00:00   [0] d0 finish=stop completion=95 chunks=41 acc=2.350(chunks) rate=32.91 ttft=0.099 sha=b021889d5bef ok div@241 head='Sparse attention mitigates the q' tail='n large language models.'
2026-09-29T20:00:01.231+00:00   [1] d1 finish=stop completion=67 chunks=28 acc=2.444(chunks) rate=32.71 ttft=0.201 sha=e99d6094a312 early_divergence div@77 head='A bicycle gear system uses mecha' tail=' for varying conditions.'
2026-09-29T20:00:01.231+00:00   [2] d2 finish=stop completion=43 chunks=12 acc=3.818(chunks) rate=47.34 ttft=0.198 sha=097672f98733 ok div@None head='2, 3, 5, 7, 11, 13, 17, 19, 23, ' tail=', 17, 19, 23, 29, 31, 37'
2026-09-29T20:00:08.386+00:00 burst=staggered-distinct-n5 kind=distinct n=5 stagger=0.250 coprefill=False spread=1.198 gate=- report=['early_divergence']
2026-09-29T20:00:08.386+00:00   [0] d0 finish=stop completion=94 chunks=44 acc=2.163(chunks) rate=24.88 ttft=0.100 sha=5ea913999162 ok div@241 head='Sparse attention mitigates the q' tail='ormance and scalability.'
2026-09-29T20:00:08.386+00:00   [1] d1 finish=stop completion=65 chunks=28 acc=2.370(chunks) rate=25.42 ttft=0.202 sha=3d599a0312f2 early_divergence div@77 head='A bicycle gear system uses mecha' tail=' for varying conditions.'
2026-09-29T20:00:08.386+00:00   [2] d2 finish=stop completion=43 chunks=12 acc=3.818(chunks) rate=38.13 ttft=0.203 sha=097672f98733 ok div@None head='2, 3, 5, 7, 11, 13, 17, 19, 23, ' tail=', 17, 19, 23, 29, 31, 37'
2026-09-29T20:00:08.386+00:00   [3] d3 finish=stop completion=101 chunks=38 acc=2.703(chunks) rate=31.66 ttft=0.237 sha=a5cb9def895f early_divergence div@16 head='The water cycle starts when the ' tail=' journey all over again.'
2026-09-29T20:00:08.386+00:00   [4] d4 finish=stop completion=102 chunks=28 acc=3.741(chunks) rate=42.30 ttft=0.298 sha=cb9c046d4e9a ok div@None head='```python\ndef fibonacci(n: int) ' tail=', a + b\n    return b\n```'
2026-09-29T20:00:17.132+00:00 burst=staggered-identical-n8 kind=identical n=8 stagger=0.250 coprefill=False spread=1.945 gate=- report=['early_divergence']
2026-09-29T20:00:17.132+00:00   [0] d0 finish=stop completion=98 chunks=43 acc=2.310(chunks) rate=24.16 ttft=0.131 sha=e0a5015c6bc5 early_divergence div@193 head='Sparse attention mitigates the q' tail='r widespread deployment.'
2026-09-29T20:00:17.132+00:00   [1] d0 finish=stop completion=96 chunks=39 acc=2.500(chunks) rate=25.25 ttft=0.234 sha=087d8d63b3ad early_divergence div@1 head='Standard attention mechanisms sc' tail='pplication requirements.'
2026-09-29T20:00:17.132+00:00   [2] d0 finish=stop completion=101 chunks=39 acc=2.632(chunks) rate=26.31 ttft=0.235 sha=1b11848e8d50 early_divergence div@1 head='Standard attention mechanisms sc' tail='osts of dense attention.'
2026-09-29T20:00:17.132+00:00   [3] d0 finish=stop completion=94 chunks=41 acc=2.325(chunks) rate=23.36 ttft=0.255 sha=97598304afbc early_divergence div@1 head='Standard attention mechanisms sc' tail=' inference requirements.'
2026-09-29T20:00:17.132+00:00   [4] d0 finish=stop completion=89 chunks=39 acc=2.316(chunks) rate=23.25 ttft=0.293 sha=85d5af064795 early_divergence div@1 head='Standard attention mechanisms sc' tail=' practical applications.'
2026-09-29T20:00:17.132+00:00   [5] d0 finish=stop completion=96 chunks=42 acc=2.317(chunks) rate=23.60 ttft=0.266 sha=0b6ba1fdc44f early_divergence div@193 head='Sparse attention mitigates the q' tail='real-world applications.'
2026-09-29T20:00:17.132+00:00   [6] d0 finish=stop completion=96 chunks=41 acc=2.375(chunks) rate=25.04 ttft=0.248 sha=fa2f492cceeb early_divergence div@1 head='Standard attention mechanisms sc' tail='ming hardware resources.'
2026-09-29T20:00:17.132+00:00   [7] d0 finish=stop completion=103 chunks=41 acc=2.550(chunks) rate=27.85 ttft=0.326 sha=2a0127e4e51d early_divergence div@1 head='Standard attention mechanisms sc' tail='gh performance accuracy.'
2026-09-29T20:00:29.038+00:00 burst=long-pair kind=long n=2 stagger=0.000 coprefill=False spread=2.921 gate=- report=['slow']
2026-09-29T20:00:29.038+00:00   [0] long0 finish=stop completion=6 chunks=2 acc=5.000(chunks) rate=37.45 ttft=8.763 sha=83dab7f91bc1 ok div@None head='74354' tail='74354'
2026-09-29T20:00:29.038+00:00   [1] long1 finish=stop completion=6 chunks=2 acc=5.000(chunks) rate=1.71 ttft=5.842 sha=0ec41e567fc2 slow div@None head='79083' tail='79083'
2026-09-29T20:00:32.605+00:00 burst=image-pair kind=image n=2 stagger=0.000 coprefill=False spread=0.218 gate=- report=-
2026-09-29T20:00:32.605+00:00   [0] img_red finish=stop completion=11 chunks=4 acc=3.333(chunks) rate=50.78 ttft=0.361 sha=0e1c14c4131c ok div@None head='The image is filled with a solid' tail=' with a solid red color.'
2026-09-29T20:00:32.605+00:00   [1] img_blue finish=stop completion=11 chunks=4 acc=3.333(chunks) rate=35.15 ttft=0.143 sha=7fa32368a223 ok div@None head='This image is filled with a soli' tail='with a solid blue color.'
2026-09-29T20:00:32.605+00:00 TOTALS bursts=30 streams=130 gate_bursts=0 zero_acc=0 runaway=0 first32_match=0.300 coprefill_bursts=0 per_request_spec_metrics=False
2026-09-29T20:00:32.605+00:00 NOTE: server did not return metrics.speculative_decoding on every stream; acceptance estimated from tokens per chunk (serve with --per-request-spec-decode-metrics summary)
2026-09-29T20:00:32.605+00:00 T0 PASS
