2026-09-29T17:51:43.644+00:00 bench_probe v1 url=http://127.0.0.1:8000/v1/chat/completions sizes=[2, 3, 5, 8] kinds=['identical', 'distinct'] bursts_per_shape=3 max_tokens=256
2026-09-29T17:51:46.311+00:00 ref d0 finish=stop completion=97 acc=2.341 ttft=0.185 sha=b0e372faa960 head='Sparse attention mitigates the quadratic'
2026-09-29T17:51:49.123+00:00 ref d1 finish=stop completion=75 acc=2.643 ttft=0.108 sha=4ad2d5654ca6 head='A bicycle gear system uses mechanical ad'
2026-09-29T17:51:50.970+00:00 ref d2 finish=stop completion=43 acc=3.818 ttft=0.155 sha=097672f98733 head='2, 3, 5, 7, 11, 13, 17, 19, 23, 29, 31, '
2026-09-29T17:51:54.368+00:00 ref d3 finish=stop completion=101 acc=2.632 ttft=0.109 sha=3746d913c433 head='The water cycle is like a giant, never-e'
2026-09-29T17:51:57.149+00:00 ref d4 finish=stop completion=102 acc=3.741 ttft=0.107 sha=cb9c046d4e9a head='```python\ndef fibonacci(n: int) -> int:\n'
2026-09-29T17:51:58.621+00:00 ref d5 finish=stop completion=17 acc=2.667 ttft=0.106 sha=5a881638e98d head='La bibliothèque ouvre à neuf heures et f'
2026-09-29T17:52:01.577+00:00 ref d6 finish=stop completion=72 acc=2.367 ttft=0.106 sha=86f7d76d2833 head='1. Reduce watering frequency significant'
2026-09-29T17:52:03.714+00:00 ref d7 finish=stop completion=67 acc=3.882 ttft=0.117 sha=c39be9b87ae0 head='{\n  "name": "Eiffel Tower",\n  "year": 18'
2026-09-29T17:52:09.099+00:00 ref long0 finish=stop completion=6 acc=5.000 ttft=4.265 sha=83dab7f91bc1 head='74354'
2026-09-29T17:52:14.179+00:00 ref long1 finish=stop completion=6 acc=5.000 ttft=3.950 sha=0ec41e567fc2 head='79083'
2026-09-29T17:52:15.573+00:00 ref img_red finish=stop completion=11 acc=3.333 ttft=0.203 sha=0e1c14c4131c head='The image is filled with a solid red col'
2026-09-29T17:52:16.928+00:00 ref img_blue finish=stop completion=11 acc=3.333 ttft=0.170 sha=7fa32368a223 head='This image is filled with a solid blue c'
2026-09-29T17:52:24.231+00:00 burst=identical-n2-b1 kind=identical n=2 stagger=0.000 coprefill=False spread=0.175 gate=- report=['early_divergence']
2026-09-29T17:52:24.231+00:00   [0] d0 finish=stop completion=93 chunks=36 acc=2.629(chunks) rate=39.18 ttft=0.282 sha=774bf9418857 early_divergence div@1 head='Standard attention mechanisms sc' tail='tensive context windows.'
2026-09-29T17:52:24.231+00:00   [1] d0 finish=stop completion=94 chunks=49 acc=1.938(chunks) rate=29.17 ttft=0.107 sha=2774341ec8f4 early_divergence div@164 head='Sparse attention mitigates the q' tail='g performance and speed.'
2026-09-29T17:52:30.278+00:00 burst=identical-n2-b2 kind=identical n=2 stagger=0.000 coprefill=False spread=0.113 gate=- report=['early_divergence']
2026-09-29T17:52:30.278+00:00   [0] d0 finish=stop completion=98 chunks=45 acc=2.205(chunks) rate=32.96 ttft=0.099 sha=97cd1c69b235 early_divergence div@164 head='Sparse attention mitigates the q' tail='ng-context applications.'
2026-09-29T17:52:30.278+00:00   [1] d0 finish=stop completion=93 chunks=36 acc=2.629(chunks) rate=39.54 ttft=0.212 sha=774bf9418857 early_divergence div@1 head='Standard attention mechanisms sc' tail='tensive context windows.'
2026-09-29T17:52:36.575+00:00 burst=identical-n2-b3 kind=identical n=2 stagger=0.000 coprefill=False spread=0.176 gate=- report=['early_divergence']
2026-09-29T17:52:36.575+00:00   [0] d0 finish=stop completion=94 chunks=49 acc=1.938(chunks) rate=29.16 ttft=0.101 sha=2774341ec8f4 early_divergence div@164 head='Sparse attention mitigates the q' tail='g performance and speed.'
2026-09-29T17:52:36.575+00:00   [1] d0 finish=stop completion=93 chunks=36 acc=2.629(chunks) rate=39.37 ttft=0.277 sha=774bf9418857 early_divergence div@1 head='Standard attention mechanisms sc' tail='tensive context windows.'
2026-09-29T17:52:42.224+00:00 burst=distinct-n2-b1 kind=distinct n=2 stagger=0.000 coprefill=False spread=0.178 gate=- report=['early_divergence']
2026-09-29T17:52:42.224+00:00   [0] d0 finish=stop completion=93 chunks=36 acc=2.629(chunks) rate=38.81 ttft=0.271 sha=774bf9418857 early_divergence div@1 head='Standard attention mechanisms sc' tail='tensive context windows.'
2026-09-29T17:52:42.224+00:00   [1] d1 finish=stop completion=70 chunks=35 acc=2.029(chunks) rate=29.23 ttft=0.093 sha=c61d8657cdea early_divergence div@80 head='A bicycle gear system uses mecha' tail='torque for higher speed.'
2026-09-29T17:52:47.803+00:00 burst=distinct-n2-b2 kind=distinct n=2 stagger=0.000 coprefill=False spread=0.116 gate=- report=['early_divergence']
2026-09-29T17:52:47.803+00:00   [0] d0 finish=stop completion=93 chunks=36 acc=2.629(chunks) rate=38.98 ttft=0.212 sha=774bf9418857 early_divergence div@1 head='Standard attention mechanisms sc' tail='tensive context windows.'
2026-09-29T17:52:47.803+00:00   [1] d1 finish=stop completion=74 chunks=32 acc=2.355(chunks) rate=32.77 ttft=0.097 sha=d01c4208390c ok div@165 head='A bicycle gear system uses mecha' tail='wer for varying terrain.'
2026-09-29T17:52:53.955+00:00 burst=distinct-n2-b3 kind=distinct n=2 stagger=0.000 coprefill=False spread=0.168 gate=- report=['early_divergence']
2026-09-29T17:52:53.955+00:00   [0] d0 finish=stop completion=95 chunks=46 acc=2.089(chunks) rate=30.87 ttft=0.101 sha=fd42320bee1b early_divergence div@164 head='Sparse attention mitigates the q' tail='n large language models.'
2026-09-29T17:52:53.955+00:00   [1] d1 finish=stop completion=75 chunks=34 acc=2.242(chunks) rate=31.93 ttft=0.269 sha=eadf9933adfc early_divergence div@80 head='A bicycle gear system uses mecha' tail='wer for varying terrain.'
2026-09-29T17:53:00.661+00:00 burst=identical-n3-b1 kind=identical n=3 stagger=0.000 coprefill=False spread=0.191 gate=- report=['early_divergence']
2026-09-29T17:53:00.661+00:00   [0] d0 finish=stop completion=94 chunks=39 acc=2.447(chunks) rate=32.24 ttft=0.289 sha=3bf26d1e5286 early_divergence div@1 head='Standard attention mechanisms sc' tail='ing extensive documents.'
2026-09-29T17:53:00.661+00:00   [1] d0 finish=stop completion=95 chunks=47 acc=2.043(chunks) rate=27.57 ttft=0.289 sha=f231686bb8ae early_divergence div@17 head='Sparse attention significantly e' tail=' contextual information.'
2026-09-29T17:53:00.661+00:00   [2] d0 finish=stop completion=95 chunks=44 acc=2.186(chunks) rate=28.59 ttft=0.099 sha=62032dac1eb1 early_divergence div@164 head='Sparse attention mitigates the q' tail='n large language models.'
2026-09-29T17:53:07.353+00:00 burst=identical-n3-b2 kind=identical n=3 stagger=0.000 coprefill=False spread=0.187 gate=- report=['early_divergence']
2026-09-29T17:53:07.353+00:00   [0] d0 finish=stop completion=95 chunks=44 acc=2.186(chunks) rate=28.70 ttft=0.100 sha=62032dac1eb1 early_divergence div@164 head='Sparse attention mitigates the q' tail='n large language models.'
2026-09-29T17:53:07.353+00:00   [1] d0 finish=stop completion=95 chunks=47 acc=2.043(chunks) rate=27.66 ttft=0.287 sha=f231686bb8ae early_divergence div@17 head='Sparse attention significantly e' tail=' contextual information.'
2026-09-29T17:53:07.353+00:00   [2] d0 finish=stop completion=94 chunks=39 acc=2.447(chunks) rate=32.41 ttft=0.287 sha=3bf26d1e5286 early_divergence div@1 head='Standard attention mechanisms sc' tail='ing extensive documents.'
2026-09-29T17:53:14.101+00:00 burst=identical-n3-b3 kind=identical n=3 stagger=0.000 coprefill=False spread=0.206 gate=- report=['early_divergence']
2026-09-29T17:53:14.101+00:00   [0] d0 finish=stop completion=94 chunks=39 acc=2.447(chunks) rate=32.08 ttft=0.306 sha=3bf26d1e5286 early_divergence div@1 head='Standard attention mechanisms sc' tail='ing extensive documents.'
2026-09-29T17:53:14.101+00:00   [1] d0 finish=stop completion=95 chunks=47 acc=2.043(chunks) rate=27.35 ttft=0.306 sha=f231686bb8ae early_divergence div@17 head='Sparse attention significantly e' tail=' contextual information.'
2026-09-29T17:53:14.101+00:00   [2] d0 finish=stop completion=95 chunks=44 acc=2.186(chunks) rate=28.26 ttft=0.101 sha=62032dac1eb1 early_divergence div@164 head='Sparse attention mitigates the q' tail='n large language models.'
2026-09-29T17:53:20.182+00:00 burst=distinct-n3-b1 kind=distinct n=3 stagger=0.000 coprefill=False spread=0.203 gate=- report=['early_divergence']
2026-09-29T17:53:20.182+00:00   [0] d0 finish=stop completion=93 chunks=40 acc=2.359(chunks) rate=33.18 ttft=0.299 sha=1349c3863181 early_divergence div@17 head='Sparse attention significantly e' tail='real-world applications.'
2026-09-29T17:53:20.182+00:00   [1] d1 finish=stop completion=76 chunks=32 acc=2.419(chunks) rate=30.98 ttft=0.096 sha=a9b0a55b081f ok div@165 head='A bicycle gear system uses mecha' tail='nce for varying terrain.'
2026-09-29T17:53:20.182+00:00   [2] d2 finish=stop completion=43 chunks=12 acc=3.818(chunks) rate=46.22 ttft=0.299 sha=097672f98733 ok div@None head='2, 3, 5, 7, 11, 13, 17, 19, 23, ' tail=', 17, 19, 23, 29, 31, 37'
2026-09-29T17:53:26.745+00:00 burst=distinct-n3-b2 kind=distinct n=3 stagger=0.000 coprefill=False spread=0.202 gate=- report=['early_divergence']
2026-09-29T17:53:26.745+00:00   [0] d0 finish=stop completion=105 chunks=48 acc=2.213(chunks) rate=31.87 ttft=0.293 sha=4c77871f8919 early_divergence div@17 head='Sparse attention significantly e' tail='or real-world use cases.'
2026-09-29T17:53:26.745+00:00   [1] d1 finish=stop completion=74 chunks=33 acc=2.281(chunks) rate=31.26 ttft=0.293 sha=02dbae298851 ok div@165 head='A bicycle gear system uses mecha' tail='torque for higher speed.'
2026-09-29T17:53:26.745+00:00   [2] d2 finish=stop completion=43 chunks=12 acc=3.818(chunks) rate=44.14 ttft=0.092 sha=097672f98733 ok div@None head='2, 3, 5, 7, 11, 13, 17, 19, 23, ' tail=', 17, 19, 23, 29, 31, 37'
2026-09-29T17:53:33.269+00:00 burst=distinct-n3-b3 kind=distinct n=3 stagger=0.000 coprefill=False spread=0.190 gate=- report=['early_divergence']
2026-09-29T17:53:33.269+00:00   [0] d0 finish=stop completion=94 chunks=49 acc=1.938(chunks) rate=27.25 ttft=0.104 sha=2774341ec8f4 early_divergence div@164 head='Sparse attention mitigates the q' tail='g performance and speed.'
2026-09-29T17:53:33.269+00:00   [1] d1 finish=stop completion=76 chunks=36 acc=2.143(chunks) rate=29.32 ttft=0.293 sha=e8a944e43d20 early_divergence div@80 head='A bicycle gear system uses mecha' tail=' for varying conditions.'
2026-09-29T17:53:33.269+00:00   [2] d2 finish=stop completion=43 chunks=12 acc=3.818(chunks) rate=46.07 ttft=0.294 sha=097672f98733 ok div@None head='2, 3, 5, 7, 11, 13, 17, 19, 23, ' tail=', 17, 19, 23, 29, 31, 37'
2026-09-29T17:53:40.448+00:00 burst=identical-n5-b1 kind=identical n=5 stagger=0.000 coprefill=False spread=0.233 gate=- report=['early_divergence']
2026-09-29T17:53:40.448+00:00   [0] d0 finish=stop completion=96 chunks=44 acc=2.209(chunks) rate=25.77 ttft=0.335 sha=7086bc8c0441 early_divergence div@1 head='Standard attention mechanisms sc' tail='ming hardware resources.'
2026-09-29T17:53:40.448+00:00   [1] d0 finish=stop completion=94 chunks=41 acc=2.325(chunks) rate=27.14 ttft=0.337 sha=c6257057fc76 early_divergence div@1 head='Standard attention mechanisms sc' tail='ical application limits.'
2026-09-29T17:53:40.448+00:00   [2] d0 finish=stop completion=94 chunks=45 acc=2.114(chunks) rate=24.26 ttft=0.104 sha=9e1e92f41e6c early_divergence div@164 head='Sparse attention mitigates the q' tail='ormance and scalability.'
2026-09-29T17:53:40.448+00:00   [3] d0 finish=stop completion=97 chunks=46 acc=2.133(chunks) rate=25.04 ttft=0.337 sha=6381d2b59382 early_divergence div@17 head='Sparse attention significantly e' tail='ong-context AI feasible.'
2026-09-29T17:53:40.448+00:00   [4] d0 finish=stop completion=94 chunks=45 acc=2.114(chunks) rate=24.71 ttft=0.337 sha=5ea913999162 ok div@241 head='Sparse attention mitigates the q' tail='ormance and scalability.'
2026-09-29T17:53:47.599+00:00 burst=identical-n5-b2 kind=identical n=5 stagger=0.000 coprefill=False spread=0.221 gate=- report=['early_divergence']
2026-09-29T17:53:47.599+00:00   [0] d0 finish=stop completion=96 chunks=44 acc=2.209(chunks) rate=25.86 ttft=0.324 sha=7086bc8c0441 early_divergence div@1 head='Standard attention mechanisms sc' tail='ming hardware resources.'
2026-09-29T17:53:47.599+00:00   [1] d0 finish=stop completion=94 chunks=41 acc=2.325(chunks) rate=27.21 ttft=0.325 sha=c6257057fc76 early_divergence div@1 head='Standard attention mechanisms sc' tail='ical application limits.'
2026-09-29T17:53:47.599+00:00   [2] d0 finish=stop completion=97 chunks=46 acc=2.133(chunks) rate=25.14 ttft=0.325 sha=6381d2b59382 early_divergence div@17 head='Sparse attention significantly e' tail='ong-context AI feasible.'
2026-09-29T17:53:47.599+00:00   [3] d0 finish=stop completion=94 chunks=45 acc=2.114(chunks) rate=24.79 ttft=0.325 sha=5ea913999162 ok div@241 head='Sparse attention mitigates the q' tail='ormance and scalability.'
2026-09-29T17:53:47.599+00:00   [4] d0 finish=stop completion=94 chunks=45 acc=2.114(chunks) rate=24.41 ttft=0.105 sha=9e1e92f41e6c early_divergence div@164 head='Sparse attention mitigates the q' tail='ormance and scalability.'
2026-09-29T17:53:54.789+00:00 burst=identical-n5-b3 kind=identical n=5 stagger=0.000 coprefill=False spread=0.220 gate=- report=['early_divergence']
2026-09-29T17:53:54.789+00:00   [0] d0 finish=stop completion=97 chunks=46 acc=2.133(chunks) rate=25.08 ttft=0.356 sha=6381d2b59382 early_divergence div@17 head='Sparse attention significantly e' tail='ong-context AI feasible.'
2026-09-29T17:53:54.789+00:00   [1] d0 finish=stop completion=94 chunks=41 acc=2.325(chunks) rate=27.20 ttft=0.354 sha=c6257057fc76 early_divergence div@1 head='Standard attention mechanisms sc' tail='ical application limits.'
2026-09-29T17:53:54.789+00:00   [2] d0 finish=stop completion=96 chunks=44 acc=2.209(chunks) rate=25.81 ttft=0.354 sha=7086bc8c0441 early_divergence div@1 head='Standard attention mechanisms sc' tail='ming hardware resources.'
2026-09-29T17:53:54.789+00:00   [3] d0 finish=stop completion=94 chunks=45 acc=2.114(chunks) rate=24.75 ttft=0.355 sha=5ea913999162 ok div@241 head='Sparse attention mitigates the q' tail='ormance and scalability.'
2026-09-29T17:53:54.789+00:00   [4] d0 finish=stop completion=94 chunks=45 acc=2.114(chunks) rate=24.38 ttft=0.136 sha=9e1e92f41e6c early_divergence div@164 head='Sparse attention mitigates the q' tail='ormance and scalability.'
2026-09-29T17:54:01.395+00:00 burst=distinct-n5-b1 kind=distinct n=5 stagger=0.000 coprefill=False spread=0.229 gate=- report=['early_divergence']
2026-09-29T17:54:01.395+00:00   [0] d0 finish=stop completion=82 chunks=40 acc=2.077(chunks) rate=23.19 ttft=0.105 sha=b6d47edf46ab early_divergence div@193 head='Sparse attention mitigates the q' tail='ormance and scalability.'
2026-09-29T17:54:01.395+00:00   [1] d1 finish=stop completion=74 chunks=32 acc=2.355(chunks) rate=25.58 ttft=0.334 sha=f9ca15f51216 ok div@165 head='A bicycle gear system uses mecha' tail='torque for higher speed.'
2026-09-29T17:54:01.395+00:00   [2] d2 finish=stop completion=43 chunks=12 acc=3.818(chunks) rate=37.95 ttft=0.333 sha=097672f98733 ok div@None head='2, 3, 5, 7, 11, 13, 17, 19, 23, ' tail=', 17, 19, 23, 29, 31, 37'
2026-09-29T17:54:01.395+00:00   [3] d3 finish=stop completion=89 chunks=35 acc=2.588(chunks) rate=28.61 ttft=0.333 sha=0596173be865 early_divergence div@4 head='The sun warms up the water in oc' tail=' journey all over again.'
2026-09-29T17:54:01.395+00:00   [4] d4 finish=stop completion=102 chunks=27 acc=3.885(chunks) rate=39.94 ttft=0.334 sha=cb9c046d4e9a ok div@None head='```python\ndef fibonacci(n: int) ' tail=', a + b\n    return b\n```'
2026-09-29T17:54:08.346+00:00 burst=distinct-n5-b2 kind=distinct n=5 stagger=0.000 coprefill=False spread=0.231 gate=- report=['early_divergence']
2026-09-29T17:54:08.346+00:00   [0] d0 finish=stop completion=98 chunks=45 acc=2.205(chunks) rate=27.11 ttft=0.365 sha=bece64890ec4 early_divergence div@17 head='Sparse attention significantly e' tail='or real-world use cases.'
2026-09-29T17:54:08.346+00:00   [1] d1 finish=stop completion=71 chunks=30 acc=2.414(chunks) rate=25.83 ttft=0.134 sha=4231ee78ca0d ok div@165 head='A bicycle gear system uses mecha' tail='ing torque for velocity.'
2026-09-29T17:54:08.346+00:00   [2] d2 finish=stop completion=43 chunks=12 acc=3.818(chunks) rate=38.14 ttft=0.365 sha=097672f98733 ok div@None head='2, 3, 5, 7, 11, 13, 17, 19, 23, ' tail=', 17, 19, 23, 29, 31, 37'
2026-09-29T17:54:08.346+00:00   [3] d3 finish=stop completion=85 chunks=32 acc=2.710(chunks) rate=30.31 ttft=0.365 sha=5121f754e7d8 early_divergence div@4 head='The sun heats up water in oceans' tail=' journey all over again.'
2026-09-29T17:54:08.346+00:00   [4] d4 finish=stop completion=81 chunks=21 acc=4.000(chunks) rate=41.84 ttft=0.366 sha=d6e4529d7c26 early_divergence div@50 head='```python\ndef fibonacci(n: int) ' tail=', a + b\n    return b\n```'
2026-09-29T17:54:14.946+00:00 burst=distinct-n5-b3 kind=distinct n=5 stagger=0.000 coprefill=False spread=0.227 gate=- report=['early_divergence']
2026-09-29T17:54:14.946+00:00   [0] d0 finish=stop completion=82 chunks=40 acc=2.077(chunks) rate=23.23 ttft=0.106 sha=b6d47edf46ab early_divergence div@193 head='Sparse attention mitigates the q' tail='ormance and scalability.'
2026-09-29T17:54:14.946+00:00   [1] d1 finish=stop completion=74 chunks=32 acc=2.355(chunks) rate=25.41 ttft=0.332 sha=f9ca15f51216 ok div@165 head='A bicycle gear system uses mecha' tail='torque for higher speed.'
2026-09-29T17:54:14.947+00:00   [2] d2 finish=stop completion=43 chunks=12 acc=3.818(chunks) rate=37.90 ttft=0.333 sha=097672f98733 ok div@None head='2, 3, 5, 7, 11, 13, 17, 19, 23, ' tail=', 17, 19, 23, 29, 31, 37'
2026-09-29T17:54:14.947+00:00   [3] d3 finish=stop completion=85 chunks=32 acc=2.710(chunks) rate=29.25 ttft=0.332 sha=5121f754e7d8 early_divergence div@4 head='The sun heats up water in oceans' tail=' journey all over again.'
2026-09-29T17:54:14.947+00:00   [4] d4 finish=stop completion=102 chunks=27 acc=3.885(chunks) rate=39.68 ttft=0.333 sha=cb9c046d4e9a ok div@None head='```python\ndef fibonacci(n: int) ' tail=', a + b\n    return b\n```'
2026-09-29T17:54:21.734+00:00 burst=identical-n8-b1 kind=identical n=8 stagger=0.000 coprefill=False spread=0.243 gate=- report=['early_divergence']
2026-09-29T17:54:21.734+00:00   [0] d0 finish=stop completion=94 chunks=38 acc=2.514(chunks) rate=29.48 ttft=0.363 sha=ae36ad6fd27b early_divergence div@1 head='Standard attention mechanisms sc' tail='pplication requirements.'
2026-09-29T17:54:21.734+00:00   [1] d0 finish=stop completion=99 chunks=42 acc=2.390(chunks) rate=27.38 ttft=0.121 sha=d64e055881b5 early_divergence div@17 head='Sparse attention significantly e' tail='g feasible and scalable.'
2026-09-29T17:54:21.734+00:00   [2] d0 finish=stop completion=93 chunks=39 acc=2.421(chunks) rate=27.57 ttft=0.363 sha=f530235f9496 early_divergence div@1 head='Standard attention mechanisms sc' tail='d practical application.'
2026-09-29T17:54:21.734+00:00   [3] d0 finish=stop completion=94 chunks=40 acc=2.385(chunks) rate=27.86 ttft=0.363 sha=ae36ad6fd27b early_divergence div@1 head='Standard attention mechanisms sc' tail='pplication requirements.'
2026-09-29T17:54:21.734+00:00   [4] d0 finish=stop completion=93 chunks=39 acc=2.421(chunks) rate=27.55 ttft=0.362 sha=f530235f9496 early_divergence div@1 head='Standard attention mechanisms sc' tail='d practical application.'
2026-09-29T17:54:21.734+00:00   [5] d0 finish=stop completion=98 chunks=43 acc=2.310(chunks) rate=26.53 ttft=0.120 sha=14e190068326 early_divergence div@17 head='Sparse attention significantly e' tail='ong-context AI feasible.'
2026-09-29T17:54:21.734+00:00   [6] d0 finish=stop completion=94 chunks=40 acc=2.385(chunks) rate=27.86 ttft=0.361 sha=ae36ad6fd27b early_divergence div@1 head='Standard attention mechanisms sc' tail='pplication requirements.'
2026-09-29T17:54:21.734+00:00   [7] d0 finish=stop completion=94 chunks=38 acc=2.514(chunks) rate=29.49 ttft=0.363 sha=ae36ad6fd27b early_divergence div@1 head='Standard attention mechanisms sc' tail='pplication requirements.'
2026-09-29T17:54:29.589+00:00 burst=identical-n8-b2 kind=identical n=8 stagger=0.000 coprefill=False spread=0.247 gate=- report=['early_divergence']
2026-09-29T17:54:29.589+00:00   [0] d0 finish=stop completion=94 chunks=39 acc=2.447(chunks) rate=25.93 ttft=0.352 sha=ae36ad6fd27b early_divergence div@1 head='Standard attention mechanisms sc' tail='pplication requirements.'
2026-09-29T17:54:29.589+00:00   [1] d0 finish=stop completion=95 chunks=39 acc=2.474(chunks) rate=26.21 ttft=0.353 sha=30da1fd13f33 early_divergence div@1 head='Standard attention mechanisms sc' tail='pplication requirements.'
2026-09-29T17:54:29.589+00:00   [2] d0 finish=stop completion=90 chunks=40 acc=2.282(chunks) rate=24.20 ttft=0.354 sha=74645c0c0861 early_divergence div@1 head='Standard attention mechanisms sc' tail='ontextual understanding.'
2026-09-29T17:54:29.589+00:00   [3] d0 finish=stop completion=93 chunks=37 acc=2.556(chunks) rate=27.08 ttft=0.353 sha=ca53988def6a early_divergence div@1 head='Standard attention mechanisms sc' tail='tensive context windows.'
2026-09-29T17:54:29.589+00:00   [4] d0 finish=stop completion=103 chunks=52 acc=2.000(chunks) rate=22.71 ttft=0.354 sha=9998eee34e6d early_divergence div@17 head='Sparse attention significantly e' tail='nt long-range reasoning.'
2026-09-29T17:54:29.589+00:00   [5] d0 finish=stop completion=93 chunks=36 acc=2.629(chunks) rate=27.08 ttft=0.354 sha=4894a43dbae9 early_divergence div@1 head='Standard attention mechanisms sc' tail='complex reasoning tasks.'
2026-09-29T17:54:29.589+00:00   [6] d0 finish=stop completion=91 chunks=42 acc=2.195(chunks) rate=23.42 ttft=0.352 sha=29dbd9358c10 early_divergence div@132 head='Sparse attention mitigates the q' tail='real-world applications.'
2026-09-29T17:54:29.589+00:00   [7] d0 finish=stop completion=101 chunks=47 acc=2.174(chunks) rate=23.23 ttft=0.108 sha=4bfa1bf64b96 early_divergence div@193 head='Sparse attention mitigates the q' tail='complex reasoning tasks.'
2026-09-29T17:54:37.454+00:00 burst=identical-n8-b3 kind=identical n=8 stagger=0.000 coprefill=False spread=0.247 gate=- report=['early_divergence']
2026-09-29T17:54:37.454+00:00   [0] d0 finish=stop completion=90 chunks=40 acc=2.282(chunks) rate=24.13 ttft=0.356 sha=74645c0c0861 early_divergence div@1 head='Standard attention mechanisms sc' tail='ontextual understanding.'
2026-09-29T17:54:37.454+00:00   [1] d0 finish=stop completion=93 chunks=36 acc=2.629(chunks) rate=27.03 ttft=0.356 sha=4894a43dbae9 early_divergence div@1 head='Standard attention mechanisms sc' tail='complex reasoning tasks.'
2026-09-29T17:54:37.454+00:00   [2] d0 finish=stop completion=91 chunks=42 acc=2.195(chunks) rate=23.39 ttft=0.355 sha=29dbd9358c10 early_divergence div@132 head='Sparse attention mitigates the q' tail='real-world applications.'
2026-09-29T17:54:37.454+00:00   [3] d0 finish=stop completion=94 chunks=39 acc=2.447(chunks) rate=25.87 ttft=0.355 sha=ae36ad6fd27b early_divergence div@1 head='Standard attention mechanisms sc' tail='pplication requirements.'
2026-09-29T17:54:37.454+00:00   [4] d0 finish=stop completion=93 chunks=37 acc=2.556(chunks) rate=27.03 ttft=0.355 sha=ca53988def6a early_divergence div@1 head='Standard attention mechanisms sc' tail='tensive context windows.'
2026-09-29T17:54:37.454+00:00   [5] d0 finish=stop completion=103 chunks=52 acc=2.000(chunks) rate=22.66 ttft=0.354 sha=9998eee34e6d early_divergence div@17 head='Sparse attention significantly e' tail='nt long-range reasoning.'
2026-09-29T17:54:37.454+00:00   [6] d0 finish=stop completion=95 chunks=39 acc=2.474(chunks) rate=26.15 ttft=0.355 sha=30da1fd13f33 early_divergence div@1 head='Standard attention mechanisms sc' tail='pplication requirements.'
2026-09-29T17:54:37.454+00:00   [7] d0 finish=stop completion=101 chunks=47 acc=2.174(chunks) rate=23.18 ttft=0.110 sha=4bfa1bf64b96 early_divergence div@193 head='Sparse attention mitigates the q' tail='complex reasoning tasks.'
2026-09-29T17:54:44.689+00:00 burst=distinct-n8-b1 kind=distinct n=8 stagger=0.000 coprefill=False spread=0.272 gate=- report=['early_divergence']
2026-09-29T17:54:44.689+00:00   [0] d0 finish=stop completion=93 chunks=39 acc=2.421(chunks) rate=24.03 ttft=0.396 sha=f530235f9496 early_divergence div@1 head='Standard attention mechanisms sc' tail='d practical application.'
2026-09-29T17:54:44.689+00:00   [1] d1 finish=stop completion=74 chunks=31 acc=2.433(chunks) rate=22.33 ttft=0.396 sha=e16e691f252a ok div@165 head='A bicycle gear system uses mecha' tail='wer for varying terrain.'
2026-09-29T17:54:44.689+00:00   [2] d2 finish=stop completion=43 chunks=12 acc=3.818(chunks) rate=32.19 ttft=0.395 sha=097672f98733 ok div@None head='2, 3, 5, 7, 11, 13, 17, 19, 23, ' tail=', 17, 19, 23, 29, 31, 37'
2026-09-29T17:54:44.689+00:00   [3] d3 finish=stop completion=101 chunks=38 acc=2.703(chunks) rate=27.04 ttft=0.396 sha=b3ee4cd183ed early_divergence div@16 head='The water cycle starts when the ' tail='the whole process again.'
2026-09-29T17:54:44.689+00:00   [4] d4 finish=stop completion=102 chunks=27 acc=3.885(chunks) rate=35.74 ttft=0.394 sha=cb9c046d4e9a ok div@None head='```python\ndef fibonacci(n: int) ' tail=', a + b\n    return b\n```'
2026-09-29T17:54:44.689+00:00   [5] d5 finish=stop completion=17 chunks=7 acc=2.667(chunks) rate=22.19 ttft=0.395 sha=5a881638e98d ok div@None head='La bibliothèque ouvre à neuf heu' tail='-huit heures en semaine.'
2026-09-29T17:54:44.689+00:00   [6] d6 finish=stop completion=70 chunks=29 acc=2.464(chunks) rate=22.25 ttft=0.395 sha=bb8b3c4d6aad ok div@205 head='1. Reduce watering frequency sig' tail=' shorter daylight hours.'
2026-09-29T17:54:44.689+00:00   [7] d7 finish=stop completion=67 chunks=18 acc=3.882(chunks) rate=32.79 ttft=0.125 sha=c39be9b87ae0 ok div@None head='{\n  "name": "Eiffel Tower",\n  "y' tail='re",\n    "Tourism"\n  ]\n}'
2026-09-29T17:54:52.101+00:00 burst=distinct-n8-b2 kind=distinct n=8 stagger=0.000 coprefill=False spread=0.278 gate=- report=['early_divergence']
2026-09-29T17:54:52.101+00:00   [0] d0 finish=stop completion=94 chunks=45 acc=2.114(chunks) rate=21.66 ttft=0.108 sha=1fd5c08be6a9 early_divergence div@57 head='Sparse attention mitigates the q' tail='ep contextual awareness.'
2026-09-29T17:54:52.101+00:00   [1] d1 finish=stop completion=65 chunks=28 acc=2.370(chunks) rate=21.77 ttft=0.384 sha=3d599a0312f2 early_divergence div@77 head='A bicycle gear system uses mecha' tail=' for varying conditions.'
2026-09-29T17:54:52.101+00:00   [2] d2 finish=stop completion=43 chunks=12 acc=3.818(chunks) rate=32.16 ttft=0.386 sha=097672f98733 ok div@None head='2, 3, 5, 7, 11, 13, 17, 19, 23, ' tail=', 17, 19, 23, 29, 31, 37'
2026-09-29T17:54:52.101+00:00   [3] d3 finish=stop completion=95 chunks=37 acc=2.611(chunks) rate=25.82 ttft=0.384 sha=e2c5aef1b22a early_divergence div@16 head='The water cycle starts when the ' tail=' journey all over again.'
2026-09-29T17:54:52.101+00:00   [4] d4 finish=stop completion=102 chunks=26 acc=4.040(chunks) rate=35.51 ttft=0.383 sha=cb9c046d4e9a ok div@None head='```python\ndef fibonacci(n: int) ' tail=', a + b\n    return b\n```'
2026-09-29T17:54:52.101+00:00   [5] d5 finish=stop completion=17 chunks=7 acc=2.667(chunks) rate=22.19 ttft=0.385 sha=5a881638e98d ok div@None head='La bibliothèque ouvre à neuf heu' tail='-huit heures en semaine.'
2026-09-29T17:54:52.101+00:00   [6] d6 finish=stop completion=70 chunks=33 acc=2.156(chunks) rate=20.59 ttft=0.386 sha=6ed0508ab41c ok div@189 head='1. Reduce watering frequency sig' tail='ensate for shorter days.'
2026-09-29T17:54:52.101+00:00   [7] d7 finish=stop completion=67 chunks=19 acc=3.667(chunks) rate=32.24 ttft=0.385 sha=c39be9b87ae0 ok div@None head='{\n  "name": "Eiffel Tower",\n  "y' tail='re",\n    "Tourism"\n  ]\n}'
2026-09-29T17:54:59.668+00:00 burst=distinct-n8-b3 kind=distinct n=8 stagger=0.000 coprefill=False spread=0.319 gate=- report=['early_divergence']
2026-09-29T17:54:59.668+00:00   [0] d0 finish=stop completion=96 chunks=44 acc=2.209(chunks) rate=23.01 ttft=0.429 sha=bd0d71e50b00 ok div@333 head='Sparse attention mitigates the q' tail='panding context windows.'
2026-09-29T17:54:59.668+00:00   [1] d1 finish=stop completion=72 chunks=38 acc=1.919(chunks) rate=18.92 ttft=0.428 sha=c64023ee667b early_divergence div@80 head='A bicycle gear system uses mecha' tail='elocity on flat terrain.'
2026-09-29T17:54:59.668+00:00   [2] d2 finish=stop completion=43 chunks=12 acc=3.818(chunks) rate=32.18 ttft=0.429 sha=097672f98733 ok div@None head='2, 3, 5, 7, 11, 13, 17, 19, 23, ' tail=', 17, 19, 23, 29, 31, 37'
2026-09-29T17:54:59.668+00:00   [3] d3 finish=stop completion=95 chunks=36 acc=2.686(chunks) rate=26.10 ttft=0.428 sha=88790da75e9f early_divergence div@16 head='The water cycle starts when the ' tail=' journey all over again.'
2026-09-29T17:54:59.668+00:00   [4] d4 finish=stop completion=102 chunks=27 acc=3.885(chunks) rate=35.89 ttft=0.429 sha=cb9c046d4e9a ok div@None head='```python\ndef fibonacci(n: int) ' tail=', a + b\n    return b\n```'
2026-09-29T17:54:59.668+00:00   [5] d5 finish=stop completion=17 chunks=7 acc=2.667(chunks) rate=19.67 ttft=0.217 sha=5a881638e98d ok div@None head='La bibliothèque ouvre à neuf heu' tail='-huit heures en semaine.'
2026-09-29T17:54:59.668+00:00   [6] d6 finish=stop completion=70 chunks=34 acc=2.091(chunks) rate=20.12 ttft=0.428 sha=6ed0508ab41c ok div@189 head='1. Reduce watering frequency sig' tail='ensate for shorter days.'
2026-09-29T17:54:59.668+00:00   [7] d7 finish=stop completion=67 chunks=18 acc=3.882(chunks) rate=32.19 ttft=0.110 sha=c39be9b87ae0 ok div@None head='{\n  "name": "Eiffel Tower",\n  "y' tail='re",\n    "Tourism"\n  ]\n}'
2026-09-29T17:55:05.477+00:00 burst=staggered-identical-n2 kind=identical n=2 stagger=0.250 coprefill=False spread=0.359 gate=- report=['early_divergence']
2026-09-29T17:55:05.477+00:00   [0] d0 finish=stop completion=95 chunks=41 acc=2.350(chunks) rate=34.79 ttft=0.100 sha=26e6979e3e7e ok div@333 head='Sparse attention mitigates the q' tail='n large language models.'
2026-09-29T17:55:05.477+00:00   [1] d0 finish=stop completion=93 chunks=36 acc=2.629(chunks) rate=39.26 ttft=0.209 sha=774bf9418857 early_divergence div@1 head='Standard attention mechanisms sc' tail='tensive context windows.'
2026-09-29T17:55:11.499+00:00 burst=staggered-distinct-n3 kind=distinct n=3 stagger=0.250 coprefill=False spread=0.600 gate=- report=['early_divergence']
2026-09-29T17:55:11.499+00:00   [0] d0 finish=stop completion=95 chunks=41 acc=2.350(chunks) rate=32.25 ttft=0.101 sha=b021889d5bef ok div@241 head='Sparse attention mitigates the q' tail='n large language models.'
2026-09-29T17:55:11.499+00:00   [1] d1 finish=stop completion=67 chunks=28 acc=2.444(chunks) rate=32.17 ttft=0.201 sha=e99d6094a312 early_divergence div@77 head='A bicycle gear system uses mecha' tail=' for varying conditions.'
2026-09-29T17:55:11.499+00:00   [2] d2 finish=stop completion=43 chunks=12 acc=3.818(chunks) rate=46.55 ttft=0.201 sha=097672f98733 ok div@None head='2, 3, 5, 7, 11, 13, 17, 19, 23, ' tail=', 17, 19, 23, 29, 31, 37'
2026-09-29T17:55:18.682+00:00 burst=staggered-distinct-n5 kind=distinct n=5 stagger=0.250 coprefill=False spread=1.194 gate=- report=['early_divergence']
2026-09-29T17:55:18.682+00:00   [0] d0 finish=stop completion=94 chunks=44 acc=2.163(chunks) rate=24.74 ttft=0.101 sha=5ea913999162 ok div@241 head='Sparse attention mitigates the q' tail='ormance and scalability.'
2026-09-29T17:55:18.682+00:00   [1] d1 finish=stop completion=65 chunks=28 acc=2.370(chunks) rate=25.42 ttft=0.199 sha=3d599a0312f2 early_divergence div@77 head='A bicycle gear system uses mecha' tail=' for varying conditions.'
2026-09-29T17:55:18.682+00:00   [2] d2 finish=stop completion=43 chunks=12 acc=3.818(chunks) rate=38.24 ttft=0.198 sha=097672f98733 ok div@None head='2, 3, 5, 7, 11, 13, 17, 19, 23, ' tail=', 17, 19, 23, 29, 31, 37'
2026-09-29T17:55:18.682+00:00   [3] d3 finish=stop completion=101 chunks=38 acc=2.703(chunks) rate=31.38 ttft=0.237 sha=a5cb9def895f early_divergence div@16 head='The water cycle starts when the ' tail=' journey all over again.'
2026-09-29T17:55:18.682+00:00   [4] d4 finish=stop completion=102 chunks=28 acc=3.741(chunks) rate=41.87 ttft=0.295 sha=cb9c046d4e9a ok div@None head='```python\ndef fibonacci(n: int) ' tail=', a + b\n    return b\n```'
2026-09-29T17:55:27.407+00:00 burst=staggered-identical-n8 kind=identical n=8 stagger=0.250 coprefill=False spread=1.948 gate=- report=['early_divergence']
2026-09-29T17:55:27.407+00:00   [0] d0 finish=stop completion=97 chunks=40 acc=2.462(chunks) rate=25.81 ttft=0.102 sha=d915005fdf94 early_divergence div@193 head='Sparse attention mitigates the q' tail='n large language models.'
2026-09-29T17:55:27.407+00:00   [1] d0 finish=stop completion=96 chunks=39 acc=2.500(chunks) rate=25.25 ttft=0.207 sha=087d8d63b3ad early_divergence div@1 head='Standard attention mechanisms sc' tail='pplication requirements.'
2026-09-29T17:55:27.407+00:00   [2] d0 finish=stop completion=91 chunks=35 acc=2.647(chunks) rate=25.67 ttft=0.213 sha=f132bf0dbce4 early_divergence div@1 head='Standard attention mechanisms sc' tail='onstrained environments.'
2026-09-29T17:55:27.407+00:00   [3] d0 finish=stop completion=92 chunks=40 acc=2.333(chunks) rate=23.58 ttft=0.242 sha=f3643daa86a6 early_divergence div@1 head='Standard attention mechanisms sc' tail='s vast textual contexts.'
2026-09-29T17:55:27.407+00:00   [4] d0 finish=stop completion=95 chunks=42 acc=2.293(chunks) rate=23.53 ttft=0.279 sha=429a4530ee1f early_divergence div@1 head='Standard attention mechanisms sc' tail='ical application limits.'
2026-09-29T17:55:27.407+00:00   [5] d0 finish=stop completion=96 chunks=44 acc=2.209(chunks) rate=22.88 ttft=0.249 sha=cb12fe4b54b7 ok div@341 head='Sparse attention mitigates the q' tail='ffective context window.'
2026-09-29T17:55:27.407+00:00   [6] d0 finish=stop completion=88 chunks=39 acc=2.289(chunks) rate=24.05 ttft=0.317 sha=b7682e924320 early_divergence div@1 head='Standard attention mechanisms sc' tail=' practical applications.'
2026-09-29T17:55:27.407+00:00   [7] d0 finish=stop completion=102 chunks=40 acc=2.590(chunks) rate=27.55 ttft=0.300 sha=bd843ef6a91c early_divergence div@1 head='Standard attention mechanisms sc' tail='aining high performance.'
2026-09-29T17:55:38.465+00:00 burst=long-pair kind=long n=2 stagger=0.000 coprefill=False spread=2.576 gate=- report=['slow']
2026-09-29T17:55:38.465+00:00   [0] long0 finish=stop completion=6 chunks=2 acc=5.000(chunks) rate=37.20 ttft=7.915 sha=83dab7f91bc1 ok div@None head='74354' tail='74354'
2026-09-29T17:55:38.465+00:00   [1] long1 finish=stop completion=6 chunks=2 acc=5.000(chunks) rate=1.94 ttft=5.339 sha=0ec41e567fc2 slow div@None head='79083' tail='79083'
2026-09-29T17:55:42.039+00:00 burst=image-pair kind=image n=2 stagger=0.000 coprefill=False spread=0.219 gate=- report=-
2026-09-29T17:55:42.039+00:00   [0] img_red finish=stop completion=11 chunks=4 acc=3.333(chunks) rate=50.88 ttft=0.366 sha=0e1c14c4131c ok div@None head='The image is filled with a solid' tail=' with a solid red color.'
2026-09-29T17:55:42.039+00:00   [1] img_blue finish=stop completion=11 chunks=4 acc=3.333(chunks) rate=35.25 ttft=0.147 sha=7fa32368a223 ok div@None head='This image is filled with a soli' tail='with a solid blue color.'
2026-09-29T17:55:42.039+00:00 TOTALS bursts=30 streams=130 gate_bursts=0 zero_acc=0 runaway=0 first32_match=0.346 coprefill_bursts=0 per_request_spec_metrics=False
2026-09-29T17:55:42.039+00:00 NOTE: server did not return metrics.speculative_decoding on every stream; acceptance estimated from tokens per chunk (serve with --per-request-spec-decode-metrics summary)
2026-09-29T17:55:42.039+00:00 T0 PASS
