2026-09-30T16:55:29.876+00:00 bench_probe v1 url=http://127.0.0.1:8000/v1/chat/completions sizes=[2, 3, 5, 8] kinds=['identical', 'distinct'] bursts_per_shape=3 max_tokens=256
2026-09-30T16:55:32.174+00:00 ref d0 finish=stop completion=97 acc=2.341 ttft=0.145 sha=b0e372faa960 head='Sparse attention mitigates the quadratic'
2026-09-30T16:55:34.733+00:00 ref d1 finish=stop completion=75 acc=2.643 ttft=0.094 sha=4ad2d5654ca6 head='A bicycle gear system uses mechanical ad'
2026-09-30T16:55:36.419+00:00 ref d2 finish=stop completion=43 acc=3.818 ttft=0.092 sha=097672f98733 head='2, 3, 5, 7, 11, 13, 17, 19, 23, 29, 31, '
2026-09-30T16:55:39.493+00:00 ref d3 finish=stop completion=101 acc=2.632 ttft=0.090 sha=3746d913c433 head='The water cycle is like a giant, never-e'
2026-09-30T16:55:42.026+00:00 ref d4 finish=stop completion=102 acc=3.741 ttft=0.092 sha=cb9c046d4e9a head='```python\ndef fibonacci(n: int) -> int:\n'
2026-09-30T16:55:43.450+00:00 ref d5 finish=stop completion=17 acc=2.667 ttft=0.106 sha=5a881638e98d head='La bibliothèque ouvre à neuf heures et f'
2026-09-30T16:55:46.126+00:00 ref d6 finish=stop completion=72 acc=2.367 ttft=0.094 sha=86f7d76d2833 head='1. Reduce watering frequency significant'
2026-09-30T16:55:48.132+00:00 ref d7 finish=stop completion=67 acc=3.882 ttft=0.104 sha=c39be9b87ae0 head='{\n  "name": "Eiffel Tower",\n  "year": 18'
2026-09-30T16:55:53.209+00:00 ref long0 finish=stop completion=6 acc=5.000 ttft=3.939 sha=83dab7f91bc1 head='74354'
2026-09-30T16:55:58.304+00:00 ref long1 finish=stop completion=6 acc=5.000 ttft=3.950 sha=0ec41e567fc2 head='79083'
2026-09-30T16:55:59.648+00:00 ref img_red finish=stop completion=11 acc=3.333 ttft=0.182 sha=0e1c14c4131c head='The image is filled with a solid red col'
2026-09-30T16:56:01.034+00:00 ref img_blue finish=stop completion=11 acc=2.500 ttft=0.167 sha=7fa32368a223 head='This image is filled with a solid blue c'
2026-09-30T16:56:08.114+00:00 burst=identical-n2-b1 kind=identical n=2 stagger=0.000 coprefill=False spread=0.396 gate=- report=['early_divergence']
2026-09-30T16:56:08.114+00:00   [0] d0 finish=stop completion=93 chunks=34 acc=2.788(chunks) rate=46.27 ttft=0.496 sha=774bf9418857 early_divergence div@1 head='Standard attention mechanisms sc' tail='tensive context windows.'
2026-09-30T16:56:08.114+00:00   [1] d0 finish=stop completion=94 chunks=47 acc=2.022(chunks) rate=31.27 ttft=0.100 sha=2774341ec8f4 early_divergence div@164 head='Sparse attention mitigates the q' tail='g performance and speed.'
2026-09-30T16:56:13.977+00:00 burst=identical-n2-b2 kind=identical n=2 stagger=0.000 coprefill=False spread=0.106 gate=- report=['early_divergence']
2026-09-30T16:56:13.977+00:00   [0] d0 finish=stop completion=98 chunks=47 acc=2.109(chunks) rate=35.18 ttft=0.099 sha=97cd1c69b235 early_divergence div@164 head='Sparse attention mitigates the q' tail='ng-context applications.'
2026-09-30T16:56:13.977+00:00   [1] d0 finish=stop completion=93 chunks=34 acc=2.788(chunks) rate=45.99 ttft=0.205 sha=774bf9418857 early_divergence div@1 head='Standard attention mechanisms sc' tail='tensive context windows.'
2026-09-30T16:56:19.815+00:00 burst=identical-n2-b3 kind=identical n=2 stagger=0.000 coprefill=False spread=0.161 gate=- report=['early_divergence']
2026-09-30T16:56:19.815+00:00   [0] d0 finish=stop completion=94 chunks=47 acc=2.022(chunks) rate=34.08 ttft=0.103 sha=2774341ec8f4 early_divergence div@164 head='Sparse attention mitigates the q' tail='g performance and speed.'
2026-09-30T16:56:19.815+00:00   [1] d0 finish=stop completion=93 chunks=34 acc=2.788(chunks) rate=46.48 ttft=0.264 sha=774bf9418857 early_divergence div@1 head='Standard attention mechanisms sc' tail='tensive context windows.'
2026-09-30T16:56:25.128+00:00 burst=distinct-n2-b1 kind=distinct n=2 stagger=0.000 coprefill=False spread=0.165 gate=- report=['early_divergence']
2026-09-30T16:56:25.128+00:00   [0] d0 finish=stop completion=93 chunks=34 acc=2.788(chunks) rate=45.08 ttft=0.264 sha=774bf9418857 early_divergence div@1 head='Standard attention mechanisms sc' tail='tensive context windows.'
2026-09-30T16:56:25.128+00:00   [1] d1 finish=stop completion=70 chunks=35 acc=2.029(chunks) rate=32.20 ttft=0.099 sha=c61d8657cdea early_divergence div@80 head='A bicycle gear system uses mecha' tail='torque for higher speed.'
2026-09-30T16:56:30.407+00:00 burst=distinct-n2-b2 kind=distinct n=2 stagger=0.000 coprefill=False spread=0.162 gate=- report=['early_divergence']
2026-09-30T16:56:30.407+00:00   [0] d0 finish=stop completion=93 chunks=34 acc=2.788(chunks) rate=45.63 ttft=0.255 sha=774bf9418857 early_divergence div@1 head='Standard attention mechanisms sc' tail='tensive context windows.'
2026-09-30T16:56:30.407+00:00   [1] d1 finish=stop completion=70 chunks=35 acc=2.029(chunks) rate=32.64 ttft=0.094 sha=c61d8657cdea early_divergence div@80 head='A bicycle gear system uses mecha' tail='torque for higher speed.'
2026-09-30T16:56:36.198+00:00 burst=distinct-n2-b3 kind=distinct n=2 stagger=0.000 coprefill=False spread=0.153 gate=- report=['early_divergence']
2026-09-30T16:56:36.198+00:00   [0] d0 finish=stop completion=95 chunks=46 acc=2.089(chunks) rate=35.05 ttft=0.101 sha=fd42320bee1b early_divergence div@164 head='Sparse attention mitigates the q' tail='n large language models.'
2026-09-30T16:56:36.198+00:00   [1] d1 finish=stop completion=75 chunks=31 acc=2.467(chunks) rate=39.07 ttft=0.254 sha=eadf9933adfc early_divergence div@80 head='A bicycle gear system uses mecha' tail='wer for varying terrain.'
2026-09-30T16:56:42.526+00:00 burst=identical-n3-b1 kind=identical n=3 stagger=0.000 coprefill=False spread=0.177 gate=- report=['early_divergence']
2026-09-30T16:56:42.526+00:00   [0] d0 finish=stop completion=95 chunks=47 acc=2.043(chunks) rate=30.91 ttft=0.280 sha=f231686bb8ae early_divergence div@17 head='Sparse attention significantly e' tail=' contextual information.'
2026-09-30T16:56:42.526+00:00   [1] d0 finish=stop completion=94 chunks=39 acc=2.447(chunks) rate=36.23 ttft=0.279 sha=3bf26d1e5286 early_divergence div@1 head='Standard attention mechanisms sc' tail='ing extensive documents.'
2026-09-30T16:56:42.526+00:00   [2] d0 finish=stop completion=95 chunks=45 acc=2.136(chunks) rate=31.36 ttft=0.102 sha=62032dac1eb1 early_divergence div@164 head='Sparse attention mitigates the q' tail='n large language models.'
2026-09-30T16:56:48.853+00:00 burst=identical-n3-b2 kind=identical n=3 stagger=0.000 coprefill=False spread=0.176 gate=- report=['early_divergence']
2026-09-30T16:56:48.853+00:00   [0] d0 finish=stop completion=94 chunks=39 acc=2.447(chunks) rate=36.27 ttft=0.280 sha=3bf26d1e5286 early_divergence div@1 head='Standard attention mechanisms sc' tail='ing extensive documents.'
2026-09-30T16:56:48.853+00:00   [1] d0 finish=stop completion=95 chunks=47 acc=2.043(chunks) rate=30.93 ttft=0.280 sha=f231686bb8ae early_divergence div@17 head='Sparse attention significantly e' tail=' contextual information.'
2026-09-30T16:56:48.853+00:00   [2] d0 finish=stop completion=95 chunks=45 acc=2.136(chunks) rate=31.40 ttft=0.104 sha=62032dac1eb1 early_divergence div@164 head='Sparse attention mitigates the q' tail='n large language models.'
2026-09-30T16:56:55.179+00:00 burst=identical-n3-b3 kind=identical n=3 stagger=0.000 coprefill=False spread=0.172 gate=- report=['early_divergence']
2026-09-30T16:56:55.179+00:00   [0] d0 finish=stop completion=94 chunks=39 acc=2.447(chunks) rate=36.22 ttft=0.276 sha=3bf26d1e5286 early_divergence div@1 head='Standard attention mechanisms sc' tail='ing extensive documents.'
2026-09-30T16:56:55.179+00:00   [1] d0 finish=stop completion=95 chunks=47 acc=2.043(chunks) rate=30.90 ttft=0.276 sha=f231686bb8ae early_divergence div@17 head='Sparse attention significantly e' tail=' contextual information.'
2026-09-30T16:56:55.179+00:00   [2] d0 finish=stop completion=95 chunks=45 acc=2.136(chunks) rate=31.39 ttft=0.104 sha=62032dac1eb1 early_divergence div@164 head='Sparse attention mitigates the q' tail='n large language models.'
2026-09-30T16:57:01.247+00:00 burst=distinct-n3-b1 kind=distinct n=3 stagger=0.000 coprefill=False spread=0.173 gate=- report=['early_divergence']
2026-09-30T16:57:01.247+00:00   [0] d0 finish=stop completion=94 chunks=47 acc=2.022(chunks) rate=31.46 ttft=0.103 sha=2774341ec8f4 early_divergence div@164 head='Sparse attention mitigates the q' tail='g performance and speed.'
2026-09-30T16:57:01.247+00:00   [1] d1 finish=stop completion=76 chunks=35 acc=2.206(chunks) rate=33.39 ttft=0.275 sha=e8a944e43d20 early_divergence div@80 head='A bicycle gear system uses mecha' tail=' for varying conditions.'
2026-09-30T16:57:01.247+00:00   [2] d2 finish=stop completion=43 chunks=12 acc=3.818(chunks) rate=51.21 ttft=0.276 sha=097672f98733 ok div@None head='2, 3, 5, 7, 11, 13, 17, 19, 23, ' tail=', 17, 19, 23, 29, 31, 37'
2026-09-30T16:57:07.362+00:00 burst=distinct-n3-b2 kind=distinct n=3 stagger=0.000 coprefill=False spread=0.185 gate=- report=['early_divergence']
2026-09-30T16:57:07.363+00:00   [0] d0 finish=stop completion=105 chunks=47 acc=2.261(chunks) rate=36.71 ttft=0.275 sha=4c77871f8919 early_divergence div@17 head='Sparse attention significantly e' tail='or real-world use cases.'
2026-09-30T16:57:07.363+00:00   [1] d1 finish=stop completion=74 chunks=33 acc=2.281(chunks) rate=35.00 ttft=0.275 sha=02dbae298851 ok div@165 head='A bicycle gear system uses mecha' tail='torque for higher speed.'
2026-09-30T16:57:07.363+00:00   [2] d2 finish=stop completion=43 chunks=12 acc=3.818(chunks) rate=49.11 ttft=0.090 sha=097672f98733 ok div@None head='2, 3, 5, 7, 11, 13, 17, 19, 23, ' tail=', 17, 19, 23, 29, 31, 37'
2026-09-30T16:57:13.499+00:00 burst=distinct-n3-b3 kind=distinct n=3 stagger=0.000 coprefill=False spread=0.186 gate=- report=['early_divergence']
2026-09-30T16:57:13.499+00:00   [0] d0 finish=stop completion=105 chunks=47 acc=2.261(chunks) rate=36.55 ttft=0.282 sha=4c77871f8919 early_divergence div@17 head='Sparse attention significantly e' tail='or real-world use cases.'
2026-09-30T16:57:13.499+00:00   [1] d1 finish=stop completion=74 chunks=33 acc=2.281(chunks) rate=34.82 ttft=0.283 sha=02dbae298851 ok div@165 head='A bicycle gear system uses mecha' tail='torque for higher speed.'
2026-09-30T16:57:13.499+00:00   [2] d2 finish=stop completion=43 chunks=12 acc=3.818(chunks) rate=48.80 ttft=0.097 sha=097672f98733 ok div@None head='2, 3, 5, 7, 11, 13, 17, 19, 23, ' tail=', 17, 19, 23, 29, 31, 37'
2026-09-30T16:57:20.291+00:00 burst=identical-n5-b1 kind=identical n=5 stagger=0.000 coprefill=False spread=0.222 gate=- report=['early_divergence']
2026-09-30T16:57:20.291+00:00   [0] d0 finish=stop completion=94 chunks=45 acc=2.114(chunks) rate=26.83 ttft=0.104 sha=9e1e92f41e6c early_divergence div@164 head='Sparse attention mitigates the q' tail='ormance and scalability.'
2026-09-30T16:57:20.291+00:00   [1] d0 finish=stop completion=94 chunks=45 acc=2.114(chunks) rate=27.40 ttft=0.326 sha=5ea913999162 ok div@241 head='Sparse attention mitigates the q' tail='ormance and scalability.'
2026-09-30T16:57:20.291+00:00   [2] d0 finish=stop completion=97 chunks=46 acc=2.133(chunks) rate=27.77 ttft=0.326 sha=6381d2b59382 early_divergence div@17 head='Sparse attention significantly e' tail='ong-context AI feasible.'
2026-09-30T16:57:20.291+00:00   [3] d0 finish=stop completion=96 chunks=44 acc=2.209(chunks) rate=28.59 ttft=0.325 sha=7086bc8c0441 early_divergence div@1 head='Standard attention mechanisms sc' tail='ming hardware resources.'
2026-09-30T16:57:20.291+00:00   [4] d0 finish=stop completion=94 chunks=42 acc=2.268(chunks) rate=29.42 ttft=0.326 sha=c6257057fc76 early_divergence div@1 head='Standard attention mechanisms sc' tail='ical application limits.'
2026-09-30T16:57:27.052+00:00 burst=identical-n5-b2 kind=identical n=5 stagger=0.000 coprefill=False spread=0.206 gate=- report=['early_divergence']
2026-09-30T16:57:27.053+00:00   [0] d0 finish=stop completion=94 chunks=42 acc=2.268(chunks) rate=29.55 ttft=0.307 sha=c6257057fc76 early_divergence div@1 head='Standard attention mechanisms sc' tail='ical application limits.'
2026-09-30T16:57:27.053+00:00   [1] d0 finish=stop completion=96 chunks=44 acc=2.209(chunks) rate=28.69 ttft=0.307 sha=7086bc8c0441 early_divergence div@1 head='Standard attention mechanisms sc' tail='ming hardware resources.'
2026-09-30T16:57:27.053+00:00   [2] d0 finish=stop completion=94 chunks=45 acc=2.114(chunks) rate=27.48 ttft=0.307 sha=5ea913999162 ok div@241 head='Sparse attention mitigates the q' tail='ormance and scalability.'
2026-09-30T16:57:27.053+00:00   [3] d0 finish=stop completion=97 chunks=46 acc=2.133(chunks) rate=27.85 ttft=0.307 sha=6381d2b59382 early_divergence div@17 head='Sparse attention significantly e' tail='ong-context AI feasible.'
2026-09-30T16:57:27.053+00:00   [4] d0 finish=stop completion=94 chunks=45 acc=2.114(chunks) rate=27.07 ttft=0.102 sha=9e1e92f41e6c early_divergence div@164 head='Sparse attention mitigates the q' tail='ormance and scalability.'
2026-09-30T16:57:33.816+00:00 burst=identical-n5-b3 kind=identical n=5 stagger=0.000 coprefill=False spread=0.205 gate=- report=['early_divergence']
2026-09-30T16:57:33.816+00:00   [0] d0 finish=stop completion=94 chunks=45 acc=2.114(chunks) rate=27.04 ttft=0.104 sha=9e1e92f41e6c early_divergence div@164 head='Sparse attention mitigates the q' tail='ormance and scalability.'
2026-09-30T16:57:33.816+00:00   [1] d0 finish=stop completion=96 chunks=44 acc=2.209(chunks) rate=28.67 ttft=0.309 sha=7086bc8c0441 early_divergence div@1 head='Standard attention mechanisms sc' tail='ming hardware resources.'
2026-09-30T16:57:33.816+00:00   [2] d0 finish=stop completion=97 chunks=46 acc=2.133(chunks) rate=27.84 ttft=0.308 sha=6381d2b59382 early_divergence div@17 head='Sparse attention significantly e' tail='ong-context AI feasible.'
2026-09-30T16:57:33.816+00:00   [3] d0 finish=stop completion=94 chunks=42 acc=2.268(chunks) rate=29.52 ttft=0.308 sha=c6257057fc76 early_divergence div@1 head='Standard attention mechanisms sc' tail='ical application limits.'
2026-09-30T16:57:33.816+00:00   [4] d0 finish=stop completion=94 chunks=45 acc=2.114(chunks) rate=27.48 ttft=0.309 sha=5ea913999162 ok div@241 head='Sparse attention mitigates the q' tail='ormance and scalability.'
2026-09-30T16:57:40.204+00:00 burst=distinct-n5-b1 kind=distinct n=5 stagger=0.000 coprefill=False spread=0.219 gate=- report=['early_divergence']
2026-09-30T16:57:40.204+00:00   [0] d0 finish=stop completion=96 chunks=40 acc=2.436(chunks) rate=30.96 ttft=0.311 sha=087d8d63b3ad early_divergence div@1 head='Standard attention mechanisms sc' tail='pplication requirements.'
2026-09-30T16:57:40.204+00:00   [1] d1 finish=stop completion=77 chunks=33 acc=2.375(chunks) rate=27.99 ttft=0.312 sha=28ea54342cff ok div@200 head='A bicycle gear system uses mecha' tail='el with less resistance.'
2026-09-30T16:57:40.204+00:00   [2] d2 finish=stop completion=43 chunks=12 acc=3.818(chunks) rate=41.42 ttft=0.311 sha=097672f98733 ok div@None head='2, 3, 5, 7, 11, 13, 17, 19, 23, ' tail=', 17, 19, 23, 29, 31, 37'
2026-09-30T16:57:40.204+00:00   [3] d3 finish=stop completion=89 chunks=35 acc=2.588(chunks) rate=31.51 ttft=0.313 sha=0596173be865 early_divergence div@4 head='The sun warms up the water in oc' tail=' journey all over again.'
2026-09-30T16:57:40.204+00:00   [4] d4 finish=stop completion=102 chunks=27 acc=3.885(chunks) rate=44.35 ttft=0.094 sha=d3af644442cd early_divergence div@80 head='```python\ndef fibonacci(n: int) ' tail=', a + b\n    return b\n```'
2026-09-30T16:57:46.763+00:00 burst=distinct-n5-b2 kind=distinct n=5 stagger=0.000 coprefill=False spread=0.261 gate=- report=['early_divergence']
2026-09-30T16:57:46.763+00:00   [0] d0 finish=stop completion=94 chunks=44 acc=2.163(chunks) rate=27.81 ttft=0.207 sha=542341f4e1df early_divergence div@1 head='Standard attention mechanisms sc' tail='sive hardware resources.'
2026-09-30T16:57:46.763+00:00   [1] d1 finish=stop completion=65 chunks=27 acc=2.462(chunks) rate=28.86 ttft=0.360 sha=3d599a0312f2 early_divergence div@77 head='A bicycle gear system uses mecha' tail=' for varying conditions.'
2026-09-30T16:57:46.763+00:00   [2] d2 finish=stop completion=43 chunks=12 acc=3.818(chunks) rate=41.57 ttft=0.359 sha=097672f98733 ok div@None head='2, 3, 5, 7, 11, 13, 17, 19, 23, ' tail=', 17, 19, 23, 29, 31, 37'
2026-09-30T16:57:46.763+00:00   [3] d3 finish=stop completion=102 chunks=39 acc=2.658(chunks) rate=33.97 ttft=0.359 sha=4e256a5ef456 early_divergence div@16 head='The water cycle starts when the ' tail=' journey all over again.'
2026-09-30T16:57:46.763+00:00   [4] d4 finish=stop completion=102 chunks=28 acc=3.741(chunks) rate=42.08 ttft=0.099 sha=cb9c046d4e9a ok div@None head='```python\ndef fibonacci(n: int) ' tail=', a + b\n    return b\n```'
2026-09-30T16:57:53.102+00:00 burst=distinct-n5-b3 kind=distinct n=5 stagger=0.000 coprefill=False spread=0.212 gate=- report=['early_divergence']
2026-09-30T16:57:53.102+00:00   [0] d0 finish=stop completion=97 chunks=42 acc=2.341(chunks) rate=29.73 ttft=0.103 sha=7ab80252b9ac early_divergence div@193 head='Sparse attention mitigates the q' tail='n large language models.'
2026-09-30T16:57:53.102+00:00   [1] d1 finish=stop completion=70 chunks=27 acc=2.654(chunks) rate=31.13 ttft=0.315 sha=545c3e841cac ok div@165 head='A bicycle gear system uses mecha' tail=' to overcome resistance.'
2026-09-30T16:57:53.102+00:00   [2] d2 finish=stop completion=43 chunks=12 acc=3.818(chunks) rate=42.24 ttft=0.314 sha=097672f98733 ok div@None head='2, 3, 5, 7, 11, 13, 17, 19, 23, ' tail=', 17, 19, 23, 29, 31, 37'
2026-09-30T16:57:53.102+00:00   [3] d3 finish=stop completion=89 chunks=35 acc=2.588(chunks) rate=32.11 ttft=0.314 sha=0596173be865 early_divergence div@4 head='The sun warms up the water in oc' tail=' journey all over again.'
2026-09-30T16:57:53.102+00:00   [4] d4 finish=stop completion=102 chunks=27 acc=3.885(chunks) rate=43.96 ttft=0.315 sha=cb9c046d4e9a ok div@None head='```python\ndef fibonacci(n: int) ' tail=', a + b\n    return b\n```'
2026-09-30T16:58:00.415+00:00 burst=identical-n8-b1 kind=identical n=8 stagger=0.000 coprefill=False spread=0.243 gate=- report=['early_divergence']
2026-09-30T16:58:00.415+00:00   [0] d0 finish=stop completion=90 chunks=39 acc=2.342(chunks) rate=28.32 ttft=0.350 sha=74645c0c0861 early_divergence div@1 head='Standard attention mechanisms sc' tail='ontextual understanding.'
2026-09-30T16:58:00.415+00:00   [1] d0 finish=stop completion=103 chunks=52 acc=2.000(chunks) rate=25.78 ttft=0.349 sha=e694b3323d24 early_divergence div@17 head='Sparse attention significantly e' tail='nt long-range reasoning.'
2026-09-30T16:58:00.415+00:00   [2] d0 finish=stop completion=101 chunks=47 acc=2.174(chunks) rate=26.21 ttft=0.106 sha=4bfa1bf64b96 early_divergence div@193 head='Sparse attention mitigates the q' tail='complex reasoning tasks.'
2026-09-30T16:58:00.415+00:00   [3] d0 finish=stop completion=94 chunks=40 acc=2.385(chunks) rate=28.82 ttft=0.349 sha=ae36ad6fd27b early_divergence div@1 head='Standard attention mechanisms sc' tail='pplication requirements.'
2026-09-30T16:58:00.415+00:00   [4] d0 finish=stop completion=91 chunks=42 acc=2.195(chunks) rate=26.68 ttft=0.350 sha=29dbd9358c10 early_divergence div@132 head='Sparse attention mitigates the q' tail='real-world applications.'
2026-09-30T16:58:00.415+00:00   [5] d0 finish=stop completion=95 chunks=39 acc=2.474(chunks) rate=29.91 ttft=0.348 sha=30da1fd13f33 early_divergence div@1 head='Standard attention mechanisms sc' tail='pplication requirements.'
2026-09-30T16:58:00.415+00:00   [6] d0 finish=stop completion=93 chunks=35 acc=2.706(chunks) rate=31.95 ttft=0.350 sha=4894a43dbae9 early_divergence div@1 head='Standard attention mechanisms sc' tail='complex reasoning tasks.'
2026-09-30T16:58:00.415+00:00   [7] d0 finish=stop completion=93 chunks=37 acc=2.556(chunks) rate=30.95 ttft=0.349 sha=ca53988def6a early_divergence div@1 head='Standard attention mechanisms sc' tail='tensive context windows.'
2026-09-30T16:58:07.728+00:00 burst=identical-n8-b2 kind=identical n=8 stagger=0.000 coprefill=False spread=0.231 gate=- report=['early_divergence']
2026-09-30T16:58:07.728+00:00   [0] d0 finish=stop completion=91 chunks=42 acc=2.195(chunks) rate=26.55 ttft=0.340 sha=29dbd9358c10 early_divergence div@132 head='Sparse attention mitigates the q' tail='real-world applications.'
2026-09-30T16:58:07.728+00:00   [1] d0 finish=stop completion=95 chunks=39 acc=2.474(chunks) rate=29.78 ttft=0.340 sha=30da1fd13f33 early_divergence div@1 head='Standard attention mechanisms sc' tail='pplication requirements.'
2026-09-30T16:58:07.728+00:00   [2] d0 finish=stop completion=103 chunks=52 acc=2.000(chunks) rate=25.72 ttft=0.341 sha=e694b3323d24 early_divergence div@17 head='Sparse attention significantly e' tail='nt long-range reasoning.'
2026-09-30T16:58:07.728+00:00   [3] d0 finish=stop completion=90 chunks=39 acc=2.342(chunks) rate=28.20 ttft=0.340 sha=74645c0c0861 early_divergence div@1 head='Standard attention mechanisms sc' tail='ontextual understanding.'
2026-09-30T16:58:07.728+00:00   [4] d0 finish=stop completion=94 chunks=40 acc=2.385(chunks) rate=28.70 ttft=0.339 sha=ae36ad6fd27b early_divergence div@1 head='Standard attention mechanisms sc' tail='pplication requirements.'
2026-09-30T16:58:07.728+00:00   [5] d0 finish=stop completion=93 chunks=35 acc=2.706(chunks) rate=31.79 ttft=0.341 sha=4894a43dbae9 early_divergence div@1 head='Standard attention mechanisms sc' tail='complex reasoning tasks.'
2026-09-30T16:58:07.728+00:00   [6] d0 finish=stop completion=93 chunks=37 acc=2.556(chunks) rate=30.85 ttft=0.340 sha=ca53988def6a early_divergence div@1 head='Standard attention mechanisms sc' tail='tensive context windows.'
2026-09-30T16:58:07.728+00:00   [7] d0 finish=stop completion=101 chunks=47 acc=2.174(chunks) rate=26.19 ttft=0.110 sha=4bfa1bf64b96 early_divergence div@193 head='Sparse attention mitigates the q' tail='complex reasoning tasks.'
2026-09-30T16:58:15.059+00:00 burst=identical-n8-b3 kind=identical n=8 stagger=0.000 coprefill=False spread=0.234 gate=- report=['early_divergence']
2026-09-30T16:58:15.059+00:00   [0] d0 finish=stop completion=93 chunks=35 acc=2.706(chunks) rate=31.94 ttft=0.372 sha=4894a43dbae9 early_divergence div@1 head='Standard attention mechanisms sc' tail='complex reasoning tasks.'
2026-09-30T16:58:15.059+00:00   [1] d0 finish=stop completion=90 chunks=39 acc=2.342(chunks) rate=28.36 ttft=0.372 sha=74645c0c0861 early_divergence div@1 head='Standard attention mechanisms sc' tail='ontextual understanding.'
2026-09-30T16:58:15.059+00:00   [2] d0 finish=stop completion=93 chunks=37 acc=2.556(chunks) rate=30.98 ttft=0.372 sha=ca53988def6a early_divergence div@1 head='Standard attention mechanisms sc' tail='tensive context windows.'
2026-09-30T16:58:15.059+00:00   [3] d0 finish=stop completion=103 chunks=52 acc=2.000(chunks) rate=25.82 ttft=0.372 sha=e694b3323d24 early_divergence div@17 head='Sparse attention significantly e' tail='nt long-range reasoning.'
2026-09-30T16:58:15.059+00:00   [4] d0 finish=stop completion=94 chunks=40 acc=2.385(chunks) rate=28.87 ttft=0.371 sha=ae36ad6fd27b early_divergence div@1 head='Standard attention mechanisms sc' tail='pplication requirements.'
2026-09-30T16:58:15.059+00:00   [5] d0 finish=stop completion=91 chunks=42 acc=2.195(chunks) rate=26.69 ttft=0.373 sha=29dbd9358c10 early_divergence div@132 head='Sparse attention mitigates the q' tail='real-world applications.'
2026-09-30T16:58:15.059+00:00   [6] d0 finish=stop completion=95 chunks=39 acc=2.474(chunks) rate=29.95 ttft=0.372 sha=30da1fd13f33 early_divergence div@1 head='Standard attention mechanisms sc' tail='pplication requirements.'
2026-09-30T16:58:15.059+00:00   [7] d0 finish=stop completion=101 chunks=47 acc=2.174(chunks) rate=26.28 ttft=0.140 sha=4bfa1bf64b96 early_divergence div@193 head='Sparse attention mitigates the q' tail='complex reasoning tasks.'
2026-09-30T16:58:22.069+00:00 burst=distinct-n8-b1 kind=distinct n=8 stagger=0.000 coprefill=False spread=0.259 gate=- report=['early_divergence']
2026-09-30T16:58:22.069+00:00   [0] d0 finish=stop completion=96 chunks=43 acc=2.262(chunks) rate=24.42 ttft=0.109 sha=0905ae89d31b early_divergence div@57 head='Sparse attention mitigates the q' tail='e, attention mechanisms.'
2026-09-30T16:58:22.069+00:00   [1] d1 finish=stop completion=77 chunks=32 acc=2.452(chunks) rate=25.46 ttft=0.367 sha=a33c2cb0eb82 ok div@165 head='A bicycle gear system uses mecha' tail='torque for higher speed.'
2026-09-30T16:58:22.069+00:00   [2] d2 finish=stop completion=43 chunks=12 acc=3.818(chunks) rate=35.70 ttft=0.366 sha=097672f98733 ok div@None head='2, 3, 5, 7, 11, 13, 17, 19, 23, ' tail=', 17, 19, 23, 29, 31, 37'
2026-09-30T16:58:22.069+00:00   [3] d3 finish=stop completion=92 chunks=37 acc=2.528(chunks) rate=27.15 ttft=0.367 sha=ec7927030dd0 early_divergence div@26 head='The water cycle is like a never-' tail='the trip all over again.'
2026-09-30T16:58:22.069+00:00   [4] d4 finish=stop completion=102 chunks=26 acc=4.040(chunks) rate=39.10 ttft=0.367 sha=cb9c046d4e9a ok div@None head='```python\ndef fibonacci(n: int) ' tail=', a + b\n    return b\n```'
2026-09-30T16:58:22.069+00:00   [5] d5 finish=stop completion=17 chunks=7 acc=2.667(chunks) rate=24.67 ttft=0.365 sha=5a881638e98d ok div@None head='La bibliothèque ouvre à neuf heu' tail='-huit heures en semaine.'
2026-09-30T16:58:22.069+00:00   [6] d6 finish=stop completion=70 chunks=34 acc=2.091(chunks) rate=21.97 ttft=0.367 sha=6ed0508ab41c ok div@189 head='1. Reduce watering frequency sig' tail='ensate for shorter days.'
2026-09-30T16:58:22.069+00:00   [7] d7 finish=stop completion=67 chunks=19 acc=3.667(chunks) rate=35.47 ttft=0.368 sha=c39be9b87ae0 ok div@None head='{\n  "name": "Eiffel Tower",\n  "y' tail='re",\n    "Tourism"\n  ]\n}'
2026-09-30T16:58:28.851+00:00 burst=distinct-n8-b2 kind=distinct n=8 stagger=0.000 coprefill=False spread=0.276 gate=- report=['early_divergence']
2026-09-30T16:58:28.851+00:00   [0] d0 finish=stop completion=94 chunks=38 acc=2.514(chunks) rate=27.37 ttft=0.373 sha=ae36ad6fd27b early_divergence div@1 head='Standard attention mechanisms sc' tail='pplication requirements.'
2026-09-30T16:58:28.851+00:00   [1] d1 finish=stop completion=70 chunks=30 acc=2.379(chunks) rate=22.70 ttft=0.097 sha=c989adf4b4cc ok div@201 head='A bicycle gear system uses mecha' tail=' speed for flat terrain.'
2026-09-30T16:58:28.851+00:00   [2] d2 finish=stop completion=43 chunks=12 acc=3.818(chunks) rate=35.50 ttft=0.372 sha=097672f98733 ok div@None head='2, 3, 5, 7, 11, 13, 17, 19, 23, ' tail=', 17, 19, 23, 29, 31, 37'
2026-09-30T16:58:28.851+00:00   [3] d3 finish=stop completion=92 chunks=37 acc=2.528(chunks) rate=27.25 ttft=0.371 sha=ec7927030dd0 early_divergence div@26 head='The water cycle is like a never-' tail='the trip all over again.'
2026-09-30T16:58:28.851+00:00   [4] d4 finish=stop completion=102 chunks=26 acc=4.040(chunks) rate=38.95 ttft=0.372 sha=cb9c046d4e9a ok div@None head='```python\ndef fibonacci(n: int) ' tail=', a + b\n    return b\n```'
2026-09-30T16:58:28.851+00:00   [5] d5 finish=stop completion=17 chunks=7 acc=2.667(chunks) rate=24.61 ttft=0.371 sha=5a881638e98d ok div@None head='La bibliothèque ouvre à neuf heu' tail='-huit heures en semaine.'
2026-09-30T16:58:28.851+00:00   [6] d6 finish=stop completion=70 chunks=34 acc=2.091(chunks) rate=22.01 ttft=0.372 sha=6ed0508ab41c ok div@189 head='1. Reduce watering frequency sig' tail='ensate for shorter days.'
2026-09-30T16:58:28.851+00:00   [7] d7 finish=stop completion=67 chunks=19 acc=3.667(chunks) rate=35.23 ttft=0.372 sha=c39be9b87ae0 ok div@None head='{\n  "name": "Eiffel Tower",\n  "y' tail='re",\n    "Tourism"\n  ]\n}'
2026-09-30T16:58:35.697+00:00 burst=distinct-n8-b3 kind=distinct n=8 stagger=0.000 coprefill=False spread=0.262 gate=- report=['early_divergence']
2026-09-30T16:58:35.697+00:00   [0] d0 finish=stop completion=94 chunks=41 acc=2.325(chunks) rate=26.77 ttft=0.360 sha=ae36ad6fd27b early_divergence div@1 head='Standard attention mechanisms sc' tail='pplication requirements.'
2026-09-30T16:58:35.697+00:00   [1] d1 finish=stop completion=65 chunks=29 acc=2.286(chunks) rate=24.14 ttft=0.361 sha=3d599a0312f2 early_divergence div@77 head='A bicycle gear system uses mecha' tail=' for varying conditions.'
2026-09-30T16:58:35.697+00:00   [2] d2 finish=stop completion=43 chunks=12 acc=3.818(chunks) rate=35.59 ttft=0.362 sha=097672f98733 ok div@None head='2, 3, 5, 7, 11, 13, 17, 19, 23, ' tail=', 17, 19, 23, 29, 31, 37'
2026-09-30T16:58:35.697+00:00   [3] d3 finish=stop completion=103 chunks=40 acc=2.615(chunks) rate=29.91 ttft=0.360 sha=392e3920d4e9 early_divergence div@16 head='The water cycle starts when the ' tail=' journey all over again.'
2026-09-30T16:58:35.697+00:00   [4] d4 finish=stop completion=81 chunks=22 acc=3.810(chunks) rate=36.33 ttft=0.100 sha=d6e4529d7c26 early_divergence div@50 head='```python\ndef fibonacci(n: int) ' tail=', a + b\n    return b\n```'
2026-09-30T16:58:35.697+00:00   [5] d5 finish=stop completion=17 chunks=7 acc=2.667(chunks) rate=24.72 ttft=0.362 sha=5a881638e98d ok div@None head='La bibliothèque ouvre à neuf heu' tail='-huit heures en semaine.'
2026-09-30T16:58:35.697+00:00   [6] d6 finish=stop completion=70 chunks=33 acc=2.156(chunks) rate=23.37 ttft=0.362 sha=6ed0508ab41c ok div@189 head='1. Reduce watering frequency sig' tail='ensate for shorter days.'
2026-09-30T16:58:35.697+00:00   [7] d7 finish=stop completion=67 chunks=18 acc=3.882(chunks) rate=37.48 ttft=0.362 sha=c39be9b87ae0 ok div@None head='{\n  "name": "Eiffel Tower",\n  "y' tail='re",\n    "Tourism"\n  ]\n}'
2026-09-30T16:58:41.217+00:00 burst=staggered-identical-n2 kind=identical n=2 stagger=0.250 coprefill=False spread=0.318 gate=- report=['early_divergence']
2026-09-30T16:58:41.217+00:00   [0] d0 finish=stop completion=95 chunks=41 acc=2.350(chunks) rate=39.02 ttft=0.102 sha=26e6979e3e7e ok div@333 head='Sparse attention mitigates the q' tail='n large language models.'
2026-09-30T16:58:41.217+00:00   [1] d0 finish=stop completion=93 chunks=34 acc=2.788(chunks) rate=46.59 ttft=0.170 sha=774bf9418857 early_divergence div@1 head='Standard attention mechanisms sc' tail='tensive context windows.'
2026-09-30T16:58:46.990+00:00 burst=staggered-distinct-n3 kind=distinct n=3 stagger=0.250 coprefill=False spread=0.550 gate=- report=['early_divergence']
2026-09-30T16:58:46.991+00:00   [0] d0 finish=stop completion=95 chunks=41 acc=2.350(chunks) rate=35.69 ttft=0.131 sha=b021889d5bef ok div@241 head='Sparse attention mitigates the q' tail='n large language models.'
2026-09-30T16:58:46.991+00:00   [1] d1 finish=stop completion=67 chunks=28 acc=2.444(chunks) rate=35.13 ttft=0.197 sha=e99d6094a312 early_divergence div@77 head='A bicycle gear system uses mecha' tail=' for varying conditions.'
2026-09-30T16:58:46.991+00:00   [2] d2 finish=stop completion=43 chunks=12 acc=3.818(chunks) rate=50.55 ttft=0.181 sha=097672f98733 ok div@None head='2, 3, 5, 7, 11, 13, 17, 19, 23, ' tail=', 17, 19, 23, 29, 31, 37'
2026-09-30T16:58:53.999+00:00 burst=staggered-distinct-n5 kind=distinct n=5 stagger=0.250 coprefill=False spread=1.175 gate=- report=['early_divergence']
2026-09-30T16:58:53.999+00:00   [0] d0 finish=stop completion=100 chunks=45 acc=2.250(chunks) rate=28.18 ttft=0.100 sha=ce4119481111 early_divergence div@164 head='Sparse attention mitigates the q' tail='n large language models.'
2026-09-30T16:58:53.999+00:00   [1] d1 finish=stop completion=75 chunks=31 acc=2.467(chunks) rate=29.19 ttft=0.166 sha=c83f84f02cda ok div@373 head='A bicycle gear system uses mecha' tail='l for flat, fast riding.'
2026-09-30T16:58:53.999+00:00   [2] d2 finish=stop completion=43 chunks=12 acc=3.818(chunks) rate=40.98 ttft=0.213 sha=097672f98733 ok div@None head='2, 3, 5, 7, 11, 13, 17, 19, 23, ' tail=', 17, 19, 23, 29, 31, 37'
2026-09-30T16:58:53.999+00:00   [3] d3 finish=stop completion=101 chunks=40 acc=2.564(chunks) rate=33.12 ttft=0.230 sha=a5cb9def895f early_divergence div@16 head='The water cycle starts when the ' tail=' journey all over again.'
2026-09-30T16:58:53.999+00:00   [4] d4 finish=stop completion=102 chunks=28 acc=3.741(chunks) rate=45.93 ttft=0.275 sha=cb9c046d4e9a ok div@None head='```python\ndef fibonacci(n: int) ' tail=', a + b\n    return b\n```'
2026-09-30T16:59:02.402+00:00 burst=staggered-identical-n8 kind=identical n=8 stagger=0.250 coprefill=False spread=1.903 gate=- report=['early_divergence']
2026-09-30T16:59:02.403+00:00   [0] d0 finish=stop completion=96 chunks=44 acc=2.209(chunks) rate=25.52 ttft=0.101 sha=2c64c491d746 early_divergence div@164 head='Sparse attention mitigates the q' tail='or broader applications.'
2026-09-30T16:59:02.403+00:00   [1] d0 finish=stop completion=101 chunks=39 acc=2.632(chunks) rate=29.01 ttft=0.220 sha=213c1286094f early_divergence div@1 head='Standard attention mechanisms sc' tail='standing and generation.'
2026-09-30T16:59:02.403+00:00   [2] d0 finish=stop completion=95 chunks=42 acc=2.293(chunks) rate=25.31 ttft=0.207 sha=429a4530ee1f early_divergence div@1 head='Standard attention mechanisms sc' tail='ical application limits.'
2026-09-30T16:59:02.403+00:00   [3] d0 finish=stop completion=100 chunks=45 acc=2.250(chunks) rate=25.10 ttft=0.219 sha=9e72c277d4b8 early_divergence div@1 head='Standard attention mechanisms sc' tail='d resource requirements.'
2026-09-30T16:59:02.403+00:00   [4] d0 finish=stop completion=90 chunks=41 acc=2.225(chunks) rate=24.88 ttft=0.250 sha=513610111a72 early_divergence div@1 head='Standard attention mechanisms sc' tail='nded dialogue scenarios.'
2026-09-30T16:59:02.403+00:00   [5] d0 finish=stop completion=97 chunks=43 acc=2.286(chunks) rate=26.47 ttft=0.295 sha=7ab80252b9ac early_divergence div@193 head='Sparse attention mitigates the q' tail='n large language models.'
2026-09-30T16:59:02.403+00:00   [6] d0 finish=stop completion=88 chunks=37 acc=2.417(chunks) rate=27.65 ttft=0.266 sha=b7682e924320 early_divergence div@1 head='Standard attention mechanisms sc' tail=' practical applications.'
2026-09-30T16:59:02.403+00:00   [7] d0 finish=stop completion=103 chunks=42 acc=2.488(chunks) rate=30.06 ttft=0.253 sha=c6a4d2d4da95 early_divergence div@1 head='Standard attention mechanisms sc' tail='aining high performance.'
2026-09-30T16:59:13.846+00:00 burst=long-pair kind=long n=2 stagger=0.000 coprefill=False spread=2.528 gate=- report=['slow']
2026-09-30T16:59:13.846+00:00   [0] long0 finish=stop completion=6 chunks=2 acc=5.000(chunks) rate=34.22 ttft=8.291 sha=83dab7f91bc1 ok div@None head='74354' tail='74354'
2026-09-30T16:59:13.846+00:00   [1] long1 finish=stop completion=6 chunks=2 acc=5.000(chunks) rate=1.98 ttft=5.763 sha=0ec41e567fc2 slow div@None head='79083' tail='79083'
2026-09-30T16:59:17.332+00:00 burst=image-pair kind=image n=2 stagger=0.000 coprefill=False spread=0.144 gate=- report=['early_divergence']
2026-09-30T16:59:17.332+00:00   [0] img_red finish=stop completion=11 chunks=4 acc=3.333(chunks) rate=53.97 ttft=0.293 sha=0e1c14c4131c ok div@None head='The image is filled with a solid' tail=' with a solid red color.'
2026-09-30T16:59:17.332+00:00   [1] img_blue finish=stop completion=12 chunks=4 acc=3.667(chunks) rate=41.48 ttft=0.149 sha=346cf75f8f72 early_divergence div@29 head='This image is filled with a sing' tail=' a single shade of blue.'
2026-09-30T16:59:17.332+00:00 TOTALS bursts=30 streams=130 gate_bursts=0 zero_acc=0 runaway=0 first32_match=0.308 coprefill_bursts=0 per_request_spec_metrics=False
2026-09-30T16:59:17.332+00:00 NOTE: server did not return metrics.speculative_decoding on every stream; acceptance estimated from tokens per chunk (serve with --per-request-spec-decode-metrics summary)
2026-09-30T16:59:17.332+00:00 T0 PASS
