2026-09-29T19:06:10.491+00:00 bench_probe v1 url=http://127.0.0.1:8000/v1/chat/completions sizes=[2, 3, 5, 8] kinds=['identical', 'distinct'] bursts_per_shape=3 max_tokens=256
2026-09-29T19:06:13.140+00:00 ref d0 finish=stop completion=97 acc=2.341 ttft=0.166 sha=b0e372faa960 head='Sparse attention mitigates the quadratic'
2026-09-29T19:06:15.937+00:00 ref d1 finish=stop completion=75 acc=2.643 ttft=0.112 sha=4ad2d5654ca6 head='A bicycle gear system uses mechanical ad'
2026-09-29T19:06:17.721+00:00 ref d2 finish=stop completion=43 acc=3.818 ttft=0.102 sha=097672f98733 head='2, 3, 5, 7, 11, 13, 17, 19, 23, 29, 31, '
2026-09-29T19:06:21.064+00:00 ref d3 finish=stop completion=101 acc=2.632 ttft=0.102 sha=3746d913c433 head='The water cycle is like a giant, never-e'
2026-09-29T19:06:23.787+00:00 ref d4 finish=stop completion=102 acc=3.741 ttft=0.106 sha=cb9c046d4e9a head='```python\ndef fibonacci(n: int) -> int:\n'
2026-09-29T19:06:25.240+00:00 ref d5 finish=stop completion=17 acc=2.667 ttft=0.101 sha=5a881638e98d head='La bibliothèque ouvre à neuf heures et f'
2026-09-29T19:06:28.135+00:00 ref d6 finish=stop completion=72 acc=2.367 ttft=0.109 sha=86f7d76d2833 head='1. Reduce watering frequency significant'
2026-09-29T19:06:30.263+00:00 ref d7 finish=stop completion=67 acc=3.882 ttft=0.110 sha=c39be9b87ae0 head='{\n  "name": "Eiffel Tower",\n  "year": 18'
2026-09-29T19:06:35.387+00:00 ref long0 finish=stop completion=6 acc=5.000 ttft=3.974 sha=83dab7f91bc1 head='74354'
2026-09-29T19:06:40.509+00:00 ref long1 finish=stop completion=6 acc=5.000 ttft=3.969 sha=0ec41e567fc2 head='79083'
2026-09-29T19:06:41.901+00:00 ref img_red finish=stop completion=11 acc=3.333 ttft=0.206 sha=0e1c14c4131c head='The image is filled with a solid red col'
2026-09-29T19:06:43.271+00:00 ref img_blue finish=stop completion=11 acc=3.333 ttft=0.189 sha=7fa32368a223 head='This image is filled with a solid blue c'
2026-09-29T19:06:50.794+00:00 burst=identical-n2-b1 kind=identical n=2 stagger=0.000 coprefill=False spread=0.408 gate=- report=['early_divergence']
2026-09-29T19:06:50.794+00:00   [0] d0 finish=stop completion=94 chunks=49 acc=1.938(chunks) rate=27.30 ttft=0.110 sha=2774341ec8f4 early_divergence div@164 head='Sparse attention mitigates the q' tail='g performance and speed.'
2026-09-29T19:06:50.794+00:00   [1] d0 finish=stop completion=93 chunks=36 acc=2.629(chunks) rate=39.39 ttft=0.517 sha=774bf9418857 early_divergence div@1 head='Standard attention mechanisms sc' tail='tensive context windows.'
2026-09-29T19:06:57.083+00:00 burst=identical-n2-b2 kind=identical n=2 stagger=0.000 coprefill=False spread=0.172 gate=- report=['early_divergence']
2026-09-29T19:06:57.083+00:00   [0] d0 finish=stop completion=94 chunks=49 acc=1.938(chunks) rate=29.26 ttft=0.103 sha=2774341ec8f4 early_divergence div@164 head='Sparse attention mitigates the q' tail='g performance and speed.'
2026-09-29T19:06:57.083+00:00   [1] d0 finish=stop completion=93 chunks=36 acc=2.629(chunks) rate=39.50 ttft=0.275 sha=774bf9418857 early_divergence div@1 head='Standard attention mechanisms sc' tail='tensive context windows.'
2026-09-29T19:07:03.125+00:00 burst=identical-n2-b3 kind=identical n=2 stagger=0.000 coprefill=False spread=0.113 gate=- report=['early_divergence']
2026-09-29T19:07:03.125+00:00   [0] d0 finish=stop completion=93 chunks=36 acc=2.629(chunks) rate=39.56 ttft=0.214 sha=774bf9418857 early_divergence div@1 head='Standard attention mechanisms sc' tail='tensive context windows.'
2026-09-29T19:07:03.125+00:00   [1] d0 finish=stop completion=98 chunks=45 acc=2.205(chunks) rate=33.05 ttft=0.101 sha=97cd1c69b235 early_divergence div@164 head='Sparse attention mitigates the q' tail='ng-context applications.'
2026-09-29T19:07:09.267+00:00 burst=distinct-n2-b1 kind=distinct n=2 stagger=0.000 coprefill=False spread=0.170 gate=- report=['early_divergence']
2026-09-29T19:07:09.267+00:00   [0] d0 finish=stop completion=95 chunks=46 acc=2.089(chunks) rate=30.97 ttft=0.101 sha=fd42320bee1b early_divergence div@164 head='Sparse attention mitigates the q' tail='n large language models.'
2026-09-29T19:07:09.267+00:00   [1] d1 finish=stop completion=75 chunks=34 acc=2.242(chunks) rate=31.78 ttft=0.271 sha=eadf9933adfc early_divergence div@80 head='A bicycle gear system uses mecha' tail='wer for varying terrain.'
2026-09-29T19:07:15.372+00:00 burst=distinct-n2-b2 kind=distinct n=2 stagger=0.000 coprefill=False spread=0.167 gate=- report=['early_divergence']
2026-09-29T19:07:15.372+00:00   [0] d0 finish=stop completion=95 chunks=46 acc=2.089(chunks) rate=31.36 ttft=0.103 sha=fd42320bee1b early_divergence div@164 head='Sparse attention mitigates the q' tail='n large language models.'
2026-09-29T19:07:15.372+00:00   [1] d1 finish=stop completion=75 chunks=34 acc=2.242(chunks) rate=32.39 ttft=0.270 sha=eadf9933adfc early_divergence div@80 head='A bicycle gear system uses mecha' tail='wer for varying terrain.'
2026-09-29T19:07:21.463+00:00 burst=distinct-n2-b3 kind=distinct n=2 stagger=0.000 coprefill=False spread=0.165 gate=- report=['early_divergence']
2026-09-29T19:07:21.463+00:00   [0] d0 finish=stop completion=95 chunks=46 acc=2.089(chunks) rate=31.52 ttft=0.102 sha=fd42320bee1b early_divergence div@164 head='Sparse attention mitigates the q' tail='n large language models.'
2026-09-29T19:07:21.463+00:00   [1] d1 finish=stop completion=75 chunks=34 acc=2.242(chunks) rate=32.57 ttft=0.267 sha=eadf9933adfc early_divergence div@80 head='A bicycle gear system uses mecha' tail='wer for varying terrain.'
2026-09-29T19:07:28.136+00:00 burst=identical-n3-b1 kind=identical n=3 stagger=0.000 coprefill=False spread=0.190 gate=- report=['early_divergence']
2026-09-29T19:07:28.136+00:00   [0] d0 finish=stop completion=95 chunks=47 acc=2.043(chunks) rate=27.87 ttft=0.293 sha=f231686bb8ae early_divergence div@17 head='Sparse attention significantly e' tail=' contextual information.'
2026-09-29T19:07:28.136+00:00   [1] d0 finish=stop completion=94 chunks=39 acc=2.447(chunks) rate=32.66 ttft=0.293 sha=3bf26d1e5286 early_divergence div@1 head='Standard attention mechanisms sc' tail='ing extensive documents.'
2026-09-29T19:07:28.136+00:00   [2] d0 finish=stop completion=95 chunks=44 acc=2.186(chunks) rate=28.92 ttft=0.104 sha=62032dac1eb1 early_divergence div@164 head='Sparse attention mitigates the q' tail='n large language models.'
2026-09-29T19:07:34.809+00:00 burst=identical-n3-b2 kind=identical n=3 stagger=0.000 coprefill=False spread=0.192 gate=- report=['early_divergence']
2026-09-29T19:07:34.809+00:00   [0] d0 finish=stop completion=94 chunks=39 acc=2.447(chunks) rate=32.69 ttft=0.292 sha=3bf26d1e5286 early_divergence div@1 head='Standard attention mechanisms sc' tail='ing extensive documents.'
2026-09-29T19:07:34.809+00:00   [1] d0 finish=stop completion=95 chunks=47 acc=2.043(chunks) rate=27.87 ttft=0.292 sha=f231686bb8ae early_divergence div@17 head='Sparse attention significantly e' tail=' contextual information.'
2026-09-29T19:07:34.809+00:00   [2] d0 finish=stop completion=95 chunks=44 acc=2.186(chunks) rate=28.89 ttft=0.100 sha=62032dac1eb1 early_divergence div@164 head='Sparse attention mitigates the q' tail='n large language models.'
2026-09-29T19:07:41.557+00:00 burst=identical-n3-b3 kind=identical n=3 stagger=0.000 coprefill=False spread=0.189 gate=- report=['early_divergence']
2026-09-29T19:07:41.557+00:00   [0] d0 finish=stop completion=95 chunks=47 acc=2.043(chunks) rate=27.50 ttft=0.321 sha=f231686bb8ae early_divergence div@17 head='Sparse attention significantly e' tail=' contextual information.'
2026-09-29T19:07:41.557+00:00   [1] d0 finish=stop completion=94 chunks=39 acc=2.447(chunks) rate=32.23 ttft=0.321 sha=3bf26d1e5286 early_divergence div@1 head='Standard attention mechanisms sc' tail='ing extensive documents.'
2026-09-29T19:07:41.557+00:00   [2] d0 finish=stop completion=95 chunks=44 acc=2.186(chunks) rate=28.54 ttft=0.133 sha=62032dac1eb1 early_divergence div@164 head='Sparse attention mitigates the q' tail='n large language models.'
2026-09-29T19:07:48.381+00:00 burst=distinct-n3-b1 kind=distinct n=3 stagger=0.000 coprefill=False spread=0.485 gate=- report=['early_divergence']
2026-09-29T19:07:48.382+00:00   [0] d0 finish=stop completion=94 chunks=49 acc=1.938(chunks) rate=25.04 ttft=0.104 sha=2774341ec8f4 early_divergence div@164 head='Sparse attention mitigates the q' tail='g performance and speed.'
2026-09-29T19:07:48.382+00:00   [1] d1 finish=stop completion=76 chunks=36 acc=2.143(chunks) rate=29.33 ttft=0.588 sha=e8a944e43d20 early_divergence div@80 head='A bicycle gear system uses mecha' tail=' for varying conditions.'
2026-09-29T19:07:48.382+00:00   [2] d2 finish=stop completion=43 chunks=12 acc=3.818(chunks) rate=46.65 ttft=0.589 sha=097672f98733 ok div@None head='2, 3, 5, 7, 11, 13, 17, 19, 23, ' tail=', 17, 19, 23, 29, 31, 37'
2026-09-29T19:07:54.887+00:00 burst=distinct-n3-b2 kind=distinct n=3 stagger=0.000 coprefill=False spread=0.200 gate=- report=['early_divergence']
2026-09-29T19:07:54.887+00:00   [0] d0 finish=stop completion=105 chunks=48 acc=2.213(chunks) rate=32.40 ttft=0.287 sha=4c77871f8919 early_divergence div@17 head='Sparse attention significantly e' tail='or real-world use cases.'
2026-09-29T19:07:54.887+00:00   [1] d1 finish=stop completion=74 chunks=33 acc=2.281(chunks) rate=31.67 ttft=0.287 sha=02dbae298851 ok div@165 head='A bicycle gear system uses mecha' tail='torque for higher speed.'
2026-09-29T19:07:54.887+00:00   [2] d2 finish=stop completion=43 chunks=12 acc=3.818(chunks) rate=44.74 ttft=0.088 sha=097672f98733 ok div@None head='2, 3, 5, 7, 11, 13, 17, 19, 23, ' tail=', 17, 19, 23, 29, 31, 37'
2026-09-29T19:08:00.948+00:00 burst=distinct-n3-b3 kind=distinct n=3 stagger=0.000 coprefill=False spread=0.196 gate=- report=['early_divergence']
2026-09-29T19:08:00.948+00:00   [0] d0 finish=stop completion=93 chunks=40 acc=2.359(chunks) rate=33.77 ttft=0.329 sha=1349c3863181 early_divergence div@17 head='Sparse attention significantly e' tail='real-world applications.'
2026-09-29T19:08:00.948+00:00   [1] d1 finish=stop completion=76 chunks=32 acc=2.419(chunks) rate=31.54 ttft=0.133 sha=a9b0a55b081f ok div@165 head='A bicycle gear system uses mecha' tail='nce for varying terrain.'
2026-09-29T19:08:00.948+00:00   [2] d2 finish=stop completion=43 chunks=12 acc=3.818(chunks) rate=46.93 ttft=0.329 sha=097672f98733 ok div@None head='2, 3, 5, 7, 11, 13, 17, 19, 23, ' tail=', 17, 19, 23, 29, 31, 37'
2026-09-29T19:08:08.117+00:00 burst=identical-n5-b1 kind=identical n=5 stagger=0.000 coprefill=False spread=0.222 gate=- report=['early_divergence']
2026-09-29T19:08:08.117+00:00   [0] d0 finish=stop completion=97 chunks=46 acc=2.133(chunks) rate=25.03 ttft=0.328 sha=6381d2b59382 early_divergence div@17 head='Sparse attention significantly e' tail='ong-context AI feasible.'
2026-09-29T19:08:08.117+00:00   [1] d0 finish=stop completion=94 chunks=41 acc=2.325(chunks) rate=27.13 ttft=0.329 sha=c6257057fc76 early_divergence div@1 head='Standard attention mechanisms sc' tail='ical application limits.'
2026-09-29T19:08:08.117+00:00   [2] d0 finish=stop completion=96 chunks=44 acc=2.209(chunks) rate=25.75 ttft=0.327 sha=7086bc8c0441 early_divergence div@1 head='Standard attention mechanisms sc' tail='ming hardware resources.'
2026-09-29T19:08:08.117+00:00   [3] d0 finish=stop completion=94 chunks=45 acc=2.114(chunks) rate=24.70 ttft=0.329 sha=5ea913999162 ok div@241 head='Sparse attention mitigates the q' tail='ormance and scalability.'
2026-09-29T19:08:08.117+00:00   [4] d0 finish=stop completion=94 chunks=45 acc=2.114(chunks) rate=24.32 ttft=0.107 sha=9e1e92f41e6c early_divergence div@164 head='Sparse attention mitigates the q' tail='ormance and scalability.'
2026-09-29T19:08:15.281+00:00 burst=identical-n5-b2 kind=identical n=5 stagger=0.000 coprefill=False spread=0.219 gate=- report=['early_divergence']
2026-09-29T19:08:15.281+00:00   [0] d0 finish=stop completion=94 chunks=45 acc=2.114(chunks) rate=24.70 ttft=0.321 sha=5ea913999162 ok div@241 head='Sparse attention mitigates the q' tail='ormance and scalability.'
2026-09-29T19:08:15.281+00:00   [1] d0 finish=stop completion=97 chunks=46 acc=2.133(chunks) rate=25.04 ttft=0.320 sha=6381d2b59382 early_divergence div@17 head='Sparse attention significantly e' tail='ong-context AI feasible.'
2026-09-29T19:08:15.281+00:00   [2] d0 finish=stop completion=96 chunks=44 acc=2.209(chunks) rate=25.77 ttft=0.320 sha=7086bc8c0441 early_divergence div@1 head='Standard attention mechanisms sc' tail='ming hardware resources.'
2026-09-29T19:08:15.281+00:00   [3] d0 finish=stop completion=94 chunks=45 acc=2.114(chunks) rate=24.32 ttft=0.102 sha=9e1e92f41e6c early_divergence div@164 head='Sparse attention mitigates the q' tail='ormance and scalability.'
2026-09-29T19:08:15.281+00:00   [4] d0 finish=stop completion=94 chunks=41 acc=2.325(chunks) rate=27.11 ttft=0.321 sha=c6257057fc76 early_divergence div@1 head='Standard attention mechanisms sc' tail='ical application limits.'
2026-09-29T19:08:22.455+00:00 burst=identical-n5-b3 kind=identical n=5 stagger=0.000 coprefill=False spread=0.220 gate=- report=['early_divergence']
2026-09-29T19:08:22.455+00:00   [0] d0 finish=stop completion=94 chunks=41 acc=2.325(chunks) rate=27.10 ttft=0.325 sha=c6257057fc76 early_divergence div@1 head='Standard attention mechanisms sc' tail='ical application limits.'
2026-09-29T19:08:22.455+00:00   [1] d0 finish=stop completion=97 chunks=46 acc=2.133(chunks) rate=24.98 ttft=0.326 sha=6381d2b59382 early_divergence div@17 head='Sparse attention significantly e' tail='ong-context AI feasible.'
2026-09-29T19:08:22.455+00:00   [2] d0 finish=stop completion=96 chunks=44 acc=2.209(chunks) rate=25.70 ttft=0.325 sha=7086bc8c0441 early_divergence div@1 head='Standard attention mechanisms sc' tail='ming hardware resources.'
2026-09-29T19:08:22.455+00:00   [3] d0 finish=stop completion=94 chunks=45 acc=2.114(chunks) rate=24.64 ttft=0.325 sha=5ea913999162 ok div@241 head='Sparse attention mitigates the q' tail='ormance and scalability.'
2026-09-29T19:08:22.455+00:00   [4] d0 finish=stop completion=94 chunks=45 acc=2.114(chunks) rate=24.30 ttft=0.106 sha=9e1e92f41e6c early_divergence div@164 head='Sparse attention mitigates the q' tail='ormance and scalability.'
2026-09-29T19:08:28.918+00:00 burst=distinct-n5-b1 kind=distinct n=5 stagger=0.000 coprefill=False spread=0.233 gate=- report=['early_divergence']
2026-09-29T19:08:28.918+00:00   [0] d0 finish=stop completion=92 chunks=36 acc=2.600(chunks) rate=29.17 ttft=0.335 sha=ba409499c5af early_divergence div@1 head='Standard attention mechanisms sc' tail='tensive context windows.'
2026-09-29T19:08:28.918+00:00   [1] d1 finish=stop completion=74 chunks=31 acc=2.433(chunks) rate=25.76 ttft=0.334 sha=da316c473bae ok div@165 head='A bicycle gear system uses mecha' tail='wer for varying terrain.'
2026-09-29T19:08:28.918+00:00   [2] d2 finish=stop completion=43 chunks=12 acc=3.818(chunks) rate=37.84 ttft=0.334 sha=097672f98733 ok div@None head='2, 3, 5, 7, 11, 13, 17, 19, 23, ' tail=', 17, 19, 23, 29, 31, 37'
2026-09-29T19:08:28.918+00:00   [3] d3 finish=stop completion=86 chunks=34 acc=2.576(chunks) rate=28.44 ttft=0.335 sha=9fbf937d0835 early_divergence div@4 head='The sun heats up water in oceans' tail=' journey all over again.'
2026-09-29T19:08:28.918+00:00   [4] d4 finish=stop completion=102 chunks=27 acc=3.885(chunks) rate=40.34 ttft=0.103 sha=d3af644442cd early_divergence div@80 head='```python\ndef fibonacci(n: int) ' tail=', a + b\n    return b\n```'
2026-09-29T19:08:35.625+00:00 burst=distinct-n5-b2 kind=distinct n=5 stagger=0.000 coprefill=False spread=0.236 gate=- report=['early_divergence']
2026-09-29T19:08:35.625+00:00   [0] d0 finish=stop completion=97 chunks=40 acc=2.462(chunks) rate=28.48 ttft=0.331 sha=70fc26570469 early_divergence div@1 head='Standard attention mechanisms sc' tail='ta or document analysis.'
2026-09-29T19:08:35.625+00:00   [1] d1 finish=stop completion=74 chunks=31 acc=2.433(chunks) rate=25.77 ttft=0.330 sha=da316c473bae ok div@165 head='A bicycle gear system uses mecha' tail='wer for varying terrain.'
2026-09-29T19:08:35.625+00:00   [2] d2 finish=stop completion=43 chunks=12 acc=3.818(chunks) rate=37.86 ttft=0.330 sha=097672f98733 ok div@None head='2, 3, 5, 7, 11, 13, 17, 19, 23, ' tail=', 17, 19, 23, 29, 31, 37'
2026-09-29T19:08:35.625+00:00   [3] d3 finish=stop completion=89 chunks=35 acc=2.588(chunks) rate=28.80 ttft=0.330 sha=0596173be865 early_divergence div@4 head='The sun warms up the water in oc' tail=' journey all over again.'
2026-09-29T19:08:35.625+00:00   [4] d4 finish=stop completion=102 chunks=27 acc=3.885(chunks) rate=40.26 ttft=0.095 sha=d3af644442cd early_divergence div@80 head='```python\ndef fibonacci(n: int) ' tail=', a + b\n    return b\n```'
2026-09-29T19:08:42.520+00:00 burst=distinct-n5-b3 kind=distinct n=5 stagger=0.000 coprefill=False spread=0.233 gate=- report=['early_divergence']
2026-09-29T19:08:42.520+00:00   [0] d0 finish=stop completion=98 chunks=44 acc=2.256(chunks) rate=27.25 ttft=0.327 sha=bece64890ec4 early_divergence div@17 head='Sparse attention significantly e' tail='or real-world use cases.'
2026-09-29T19:08:42.520+00:00   [1] d1 finish=stop completion=71 chunks=30 acc=2.414(chunks) rate=25.30 ttft=0.094 sha=4231ee78ca0d ok div@165 head='A bicycle gear system uses mecha' tail='ing torque for velocity.'
2026-09-29T19:08:42.520+00:00   [2] d2 finish=stop completion=43 chunks=12 acc=3.818(chunks) rate=38.06 ttft=0.326 sha=097672f98733 ok div@None head='2, 3, 5, 7, 11, 13, 17, 19, 23, ' tail=', 17, 19, 23, 29, 31, 37'
2026-09-29T19:08:42.520+00:00   [3] d3 finish=stop completion=89 chunks=35 acc=2.588(chunks) rate=29.17 ttft=0.327 sha=0596173be865 early_divergence div@4 head='The sun warms up the water in oc' tail=' journey all over again.'
2026-09-29T19:08:42.520+00:00   [4] d4 finish=stop completion=102 chunks=27 acc=3.885(chunks) rate=41.29 ttft=0.327 sha=cb9c046d4e9a ok div@None head='```python\ndef fibonacci(n: int) ' tail=', a + b\n    return b\n```'
2026-09-29T19:08:50.332+00:00 burst=identical-n8-b1 kind=identical n=8 stagger=0.000 coprefill=False spread=0.245 gate=- report=['early_divergence']
2026-09-29T19:08:50.332+00:00   [0] d0 finish=stop completion=93 chunks=37 acc=2.556(chunks) rate=27.33 ttft=0.351 sha=ca53988def6a early_divergence div@1 head='Standard attention mechanisms sc' tail='tensive context windows.'
2026-09-29T19:08:50.332+00:00   [1] d0 finish=stop completion=95 chunks=39 acc=2.474(chunks) rate=26.48 ttft=0.350 sha=30da1fd13f33 early_divergence div@1 head='Standard attention mechanisms sc' tail='pplication requirements.'
2026-09-29T19:08:50.332+00:00   [2] d0 finish=stop completion=94 chunks=39 acc=2.447(chunks) rate=26.20 ttft=0.350 sha=ae36ad6fd27b early_divergence div@1 head='Standard attention mechanisms sc' tail='pplication requirements.'
2026-09-29T19:08:50.332+00:00   [3] d0 finish=stop completion=103 chunks=52 acc=2.000(chunks) rate=22.92 ttft=0.351 sha=9998eee34e6d early_divergence div@17 head='Sparse attention significantly e' tail='nt long-range reasoning.'
2026-09-29T19:08:50.332+00:00   [4] d0 finish=stop completion=91 chunks=42 acc=2.195(chunks) rate=23.66 ttft=0.351 sha=29dbd9358c10 early_divergence div@132 head='Sparse attention mitigates the q' tail='real-world applications.'
2026-09-29T19:08:50.332+00:00   [5] d0 finish=stop completion=93 chunks=36 acc=2.629(chunks) rate=27.34 ttft=0.352 sha=4894a43dbae9 early_divergence div@1 head='Standard attention mechanisms sc' tail='complex reasoning tasks.'
2026-09-29T19:08:50.332+00:00   [6] d0 finish=stop completion=90 chunks=40 acc=2.282(chunks) rate=24.42 ttft=0.353 sha=74645c0c0861 early_divergence div@1 head='Standard attention mechanisms sc' tail='ontextual understanding.'
2026-09-29T19:08:50.332+00:00   [7] d0 finish=stop completion=101 chunks=47 acc=2.174(chunks) rate=23.44 ttft=0.108 sha=4bfa1bf64b96 early_divergence div@193 head='Sparse attention mitigates the q' tail='complex reasoning tasks.'
2026-09-29T19:08:58.182+00:00 burst=identical-n8-b2 kind=identical n=8 stagger=0.000 coprefill=False spread=0.244 gate=- report=['early_divergence']
2026-09-29T19:08:58.182+00:00   [0] d0 finish=stop completion=90 chunks=40 acc=2.282(chunks) rate=24.15 ttft=0.348 sha=74645c0c0861 early_divergence div@1 head='Standard attention mechanisms sc' tail='ontextual understanding.'
2026-09-29T19:08:58.182+00:00   [1] d0 finish=stop completion=95 chunks=39 acc=2.474(chunks) rate=26.16 ttft=0.349 sha=30da1fd13f33 early_divergence div@1 head='Standard attention mechanisms sc' tail='pplication requirements.'
2026-09-29T19:08:58.182+00:00   [2] d0 finish=stop completion=93 chunks=37 acc=2.556(chunks) rate=27.05 ttft=0.349 sha=ca53988def6a early_divergence div@1 head='Standard attention mechanisms sc' tail='tensive context windows.'
2026-09-29T19:08:58.182+00:00   [3] d0 finish=stop completion=103 chunks=52 acc=2.000(chunks) rate=22.70 ttft=0.348 sha=9998eee34e6d early_divergence div@17 head='Sparse attention significantly e' tail='nt long-range reasoning.'
2026-09-29T19:08:58.182+00:00   [4] d0 finish=stop completion=101 chunks=47 acc=2.174(chunks) rate=23.20 ttft=0.104 sha=4bfa1bf64b96 early_divergence div@193 head='Sparse attention mitigates the q' tail='complex reasoning tasks.'
2026-09-29T19:08:58.182+00:00   [5] d0 finish=stop completion=94 chunks=39 acc=2.447(chunks) rate=25.89 ttft=0.347 sha=ae36ad6fd27b early_divergence div@1 head='Standard attention mechanisms sc' tail='pplication requirements.'
2026-09-29T19:08:58.182+00:00   [6] d0 finish=stop completion=91 chunks=42 acc=2.195(chunks) rate=23.39 ttft=0.349 sha=29dbd9358c10 early_divergence div@132 head='Sparse attention mitigates the q' tail='real-world applications.'
2026-09-29T19:08:58.182+00:00   [7] d0 finish=stop completion=93 chunks=36 acc=2.629(chunks) rate=27.06 ttft=0.350 sha=4894a43dbae9 early_divergence div@1 head='Standard attention mechanisms sc' tail='complex reasoning tasks.'
2026-09-29T19:09:06.039+00:00 burst=identical-n8-b3 kind=identical n=8 stagger=0.000 coprefill=False spread=0.242 gate=- report=['early_divergence']
2026-09-29T19:09:06.039+00:00   [0] d0 finish=stop completion=90 chunks=40 acc=2.282(chunks) rate=24.13 ttft=0.346 sha=74645c0c0861 early_divergence div@1 head='Standard attention mechanisms sc' tail='ontextual understanding.'
2026-09-29T19:09:06.039+00:00   [1] d0 finish=stop completion=94 chunks=39 acc=2.447(chunks) rate=25.89 ttft=0.347 sha=ae36ad6fd27b early_divergence div@1 head='Standard attention mechanisms sc' tail='pplication requirements.'
2026-09-29T19:09:06.039+00:00   [2] d0 finish=stop completion=103 chunks=52 acc=2.000(chunks) rate=22.65 ttft=0.346 sha=9998eee34e6d early_divergence div@17 head='Sparse attention significantly e' tail='nt long-range reasoning.'
2026-09-29T19:09:06.039+00:00   [3] d0 finish=stop completion=101 chunks=47 acc=2.174(chunks) rate=23.20 ttft=0.104 sha=4bfa1bf64b96 early_divergence div@193 head='Sparse attention mitigates the q' tail='complex reasoning tasks.'
2026-09-29T19:09:06.039+00:00   [4] d0 finish=stop completion=95 chunks=39 acc=2.474(chunks) rate=26.16 ttft=0.348 sha=30da1fd13f33 early_divergence div@1 head='Standard attention mechanisms sc' tail='pplication requirements.'
2026-09-29T19:09:06.039+00:00   [5] d0 finish=stop completion=91 chunks=42 acc=2.195(chunks) rate=23.35 ttft=0.347 sha=29dbd9358c10 early_divergence div@132 head='Sparse attention mitigates the q' tail='real-world applications.'
2026-09-29T19:09:06.039+00:00   [6] d0 finish=stop completion=93 chunks=36 acc=2.629(chunks) rate=27.02 ttft=0.346 sha=4894a43dbae9 early_divergence div@1 head='Standard attention mechanisms sc' tail='complex reasoning tasks.'
2026-09-29T19:09:06.039+00:00   [7] d0 finish=stop completion=93 chunks=37 acc=2.556(chunks) rate=27.01 ttft=0.346 sha=ca53988def6a early_divergence div@1 head='Standard attention mechanisms sc' tail='tensive context windows.'
2026-09-29T19:09:13.558+00:00 burst=distinct-n8-b1 kind=distinct n=8 stagger=0.000 coprefill=False spread=0.288 gate=- report=['early_divergence']
2026-09-29T19:09:13.558+00:00   [0] d0 finish=stop completion=96 chunks=44 acc=2.209(chunks) rate=23.28 ttft=0.429 sha=bd0d71e50b00 ok div@333 head='Sparse attention mitigates the q' tail='panding context windows.'
2026-09-29T19:09:13.558+00:00   [1] d1 finish=stop completion=75 chunks=34 acc=2.242(chunks) rate=21.67 ttft=0.428 sha=731c292fd244 ok div@165 head='A bicycle gear system uses mecha' tail='ing torque for velocity.'
2026-09-29T19:09:13.558+00:00   [2] d2 finish=stop completion=43 chunks=12 acc=3.818(chunks) rate=32.49 ttft=0.430 sha=097672f98733 ok div@None head='2, 3, 5, 7, 11, 13, 17, 19, 23, ' tail=', 17, 19, 23, 29, 31, 37'
2026-09-29T19:09:13.558+00:00   [3] d3 finish=stop completion=95 chunks=36 acc=2.686(chunks) rate=26.21 ttft=0.429 sha=88790da75e9f early_divergence div@16 head='The water cycle starts when the ' tail=' journey all over again.'
2026-09-29T19:09:13.558+00:00   [4] d4 finish=stop completion=102 chunks=27 acc=3.885(chunks) rate=36.00 ttft=0.429 sha=cb9c046d4e9a ok div@None head='```python\ndef fibonacci(n: int) ' tail=', a + b\n    return b\n```'
2026-09-29T19:09:13.558+00:00   [5] d5 finish=stop completion=19 chunks=8 acc=2.571(chunks) rate=20.32 ttft=0.141 sha=fbd9a6af1079 early_divergence div@63 head='La bibliothèque ouvre à neuf heu' tail='res les jours ouvrables.'
2026-09-29T19:09:13.558+00:00   [6] d6 finish=stop completion=71 chunks=35 acc=2.059(chunks) rate=19.98 ttft=0.429 sha=59b8713ff91e early_divergence div@52 head='1. Reduce watering frequency sig' tail='ensate for shorter days.'
2026-09-29T19:09:13.558+00:00   [7] d7 finish=stop completion=67 chunks=18 acc=3.882(chunks) rate=32.85 ttft=0.142 sha=c39be9b87ae0 ok div@None head='{\n  "name": "Eiffel Tower",\n  "y' tail='re",\n    "Tourism"\n  ]\n}'
2026-09-29T19:09:20.987+00:00 burst=distinct-n8-b2 kind=distinct n=8 stagger=0.000 coprefill=False spread=0.277 gate=- report=['early_divergence']
2026-09-29T19:09:20.987+00:00   [0] d0 finish=stop completion=94 chunks=45 acc=2.114(chunks) rate=21.56 ttft=0.108 sha=1fd5c08be6a9 early_divergence div@57 head='Sparse attention mitigates the q' tail='ep contextual awareness.'
2026-09-29T19:09:20.987+00:00   [1] d1 finish=stop completion=78 chunks=29 acc=2.750(chunks) rate=24.78 ttft=0.384 sha=e1d0e9dc4546 ok div@165 head='A bicycle gear system uses mecha' tail='ort for varying terrain.'
2026-09-29T19:09:20.987+00:00   [2] d2 finish=stop completion=43 chunks=12 acc=3.818(chunks) rate=32.24 ttft=0.384 sha=097672f98733 ok div@None head='2, 3, 5, 7, 11, 13, 17, 19, 23, ' tail=', 17, 19, 23, 29, 31, 37'
2026-09-29T19:09:20.987+00:00   [3] d3 finish=stop completion=92 chunks=37 acc=2.528(chunks) rate=24.85 ttft=0.385 sha=ec7927030dd0 early_divergence div@26 head='The water cycle is like a never-' tail='the trip all over again.'
2026-09-29T19:09:20.987+00:00   [4] d4 finish=stop completion=102 chunks=26 acc=4.040(chunks) rate=35.63 ttft=0.385 sha=cb9c046d4e9a ok div@None head='```python\ndef fibonacci(n: int) ' tail=', a + b\n    return b\n```'
2026-09-29T19:09:20.987+00:00   [5] d5 finish=stop completion=17 chunks=7 acc=2.667(chunks) rate=22.32 ttft=0.384 sha=5a881638e98d ok div@None head='La bibliothèque ouvre à neuf heu' tail='-huit heures en semaine.'
2026-09-29T19:09:20.987+00:00   [6] d6 finish=stop completion=70 chunks=34 acc=2.091(chunks) rate=20.07 ttft=0.383 sha=6ed0508ab41c ok div@189 head='1. Reduce watering frequency sig' tail='ensate for shorter days.'
2026-09-29T19:09:20.987+00:00   [7] d7 finish=stop completion=67 chunks=18 acc=3.882(chunks) rate=33.82 ttft=0.385 sha=c39be9b87ae0 ok div@None head='{\n  "name": "Eiffel Tower",\n  "y' tail='re",\n    "Tourism"\n  ]\n}'
2026-09-29T19:09:28.248+00:00 burst=distinct-n8-b3 kind=distinct n=8 stagger=0.000 coprefill=False spread=0.322 gate=- report=['early_divergence']
2026-09-29T19:09:28.248+00:00   [0] d0 finish=stop completion=91 chunks=39 acc=2.368(chunks) rate=24.26 ttft=0.418 sha=91e452de2fb1 early_divergence div@1 head='Standard attention mechanisms sc' tail='ze and processing speed.'
2026-09-29T19:09:28.248+00:00   [1] d1 finish=stop completion=70 chunks=27 acc=2.654(chunks) rate=23.48 ttft=0.204 sha=acd5fc90a646 early_divergence div@77 head='A bicycle gear system uses mecha' tail=' for varying conditions.'
2026-09-29T19:09:28.248+00:00   [2] d2 finish=stop completion=43 chunks=12 acc=3.818(chunks) rate=32.46 ttft=0.418 sha=097672f98733 ok div@None head='2, 3, 5, 7, 11, 13, 17, 19, 23, ' tail=', 17, 19, 23, 29, 31, 37'
2026-09-29T19:09:28.248+00:00   [3] d3 finish=stop completion=102 chunks=40 acc=2.590(chunks) rate=26.33 ttft=0.418 sha=12df9bef5380 early_divergence div@16 head='The water cycle starts when the ' tail=' the whole process over.'
2026-09-29T19:09:28.248+00:00   [4] d4 finish=stop completion=81 chunks=22 acc=3.810(chunks) rate=33.98 ttft=0.418 sha=d6e4529d7c26 early_divergence div@50 head='```python\ndef fibonacci(n: int) ' tail=', a + b\n    return b\n```'
2026-09-29T19:09:28.248+00:00   [5] d5 finish=stop completion=17 chunks=7 acc=2.667(chunks) rate=19.92 ttft=0.096 sha=5a881638e98d ok div@None head='La bibliothèque ouvre à neuf heu' tail='-huit heures en semaine.'
2026-09-29T19:09:28.248+00:00   [6] d6 finish=stop completion=71 chunks=32 acc=2.258(chunks) rate=21.78 ttft=0.417 sha=af8b485407eb early_divergence div@65 head='1. Reduce watering frequency sig' tail='ensate for shorter days.'
2026-09-29T19:09:28.248+00:00   [7] d7 finish=stop completion=85 chunks=23 acc=3.818(chunks) rate=34.15 ttft=0.417 sha=70ff3899fdca ok div@61 head='{\n  "name": "Eiffel Tower",\n  "y' tail='    "architecture"\n  ]\n}'
2026-09-29T19:09:34.029+00:00 burst=staggered-identical-n2 kind=identical n=2 stagger=0.250 coprefill=False spread=0.354 gate=- report=['early_divergence']
2026-09-29T19:09:34.029+00:00   [0] d0 finish=stop completion=95 chunks=41 acc=2.350(chunks) rate=35.15 ttft=0.101 sha=26e6979e3e7e ok div@333 head='Sparse attention mitigates the q' tail='n large language models.'
2026-09-29T19:09:34.029+00:00   [1] d0 finish=stop completion=93 chunks=36 acc=2.629(chunks) rate=39.65 ttft=0.205 sha=774bf9418857 early_divergence div@1 head='Standard attention mechanisms sc' tail='tensive context windows.'
2026-09-29T19:09:40.002+00:00 burst=staggered-distinct-n3 kind=distinct n=3 stagger=0.250 coprefill=False spread=0.595 gate=- report=['early_divergence']
2026-09-29T19:09:40.002+00:00   [0] d0 finish=stop completion=95 chunks=41 acc=2.350(chunks) rate=32.80 ttft=0.100 sha=b021889d5bef ok div@241 head='Sparse attention mitigates the q' tail='n large language models.'
2026-09-29T19:09:40.002+00:00   [1] d1 finish=stop completion=67 chunks=28 acc=2.444(chunks) rate=32.51 ttft=0.199 sha=e99d6094a312 early_divergence div@77 head='A bicycle gear system uses mecha' tail=' for varying conditions.'
2026-09-29T19:09:40.002+00:00   [2] d2 finish=stop completion=43 chunks=12 acc=3.818(chunks) rate=46.74 ttft=0.195 sha=097672f98733 ok div@None head='2, 3, 5, 7, 11, 13, 17, 19, 23, ' tail=', 17, 19, 23, 29, 31, 37'
2026-09-29T19:09:47.126+00:00 burst=staggered-distinct-n5 kind=distinct n=5 stagger=0.250 coprefill=False spread=1.188 gate=- report=['early_divergence']
2026-09-29T19:09:47.126+00:00   [0] d0 finish=stop completion=94 chunks=44 acc=2.163(chunks) rate=24.96 ttft=0.100 sha=5ea913999162 ok div@241 head='Sparse attention mitigates the q' tail='ormance and scalability.'
2026-09-29T19:09:47.126+00:00   [1] d1 finish=stop completion=65 chunks=28 acc=2.370(chunks) rate=25.74 ttft=0.197 sha=3d599a0312f2 early_divergence div@77 head='A bicycle gear system uses mecha' tail=' for varying conditions.'
2026-09-29T19:09:47.126+00:00   [2] d2 finish=stop completion=43 chunks=12 acc=3.818(chunks) rate=38.46 ttft=0.198 sha=097672f98733 ok div@None head='2, 3, 5, 7, 11, 13, 17, 19, 23, ' tail=', 17, 19, 23, 29, 31, 37'
2026-09-29T19:09:47.126+00:00   [3] d3 finish=stop completion=101 chunks=38 acc=2.703(chunks) rate=31.89 ttft=0.232 sha=a5cb9def895f early_divergence div@16 head='The water cycle starts when the ' tail=' journey all over again.'
2026-09-29T19:09:47.126+00:00   [4] d4 finish=stop completion=102 chunks=28 acc=3.741(chunks) rate=42.56 ttft=0.288 sha=cb9c046d4e9a ok div@None head='```python\ndef fibonacci(n: int) ' tail=', a + b\n    return b\n```'
2026-09-29T19:09:55.821+00:00 burst=staggered-identical-n8 kind=identical n=8 stagger=0.250 coprefill=False spread=1.922 gate=- report=['early_divergence']
2026-09-29T19:09:55.821+00:00   [0] d0 finish=stop completion=97 chunks=40 acc=2.462(chunks) rate=26.09 ttft=0.131 sha=d915005fdf94 early_divergence div@193 head='Sparse attention mitigates the q' tail='n large language models.'
2026-09-29T19:09:55.821+00:00   [1] d0 finish=stop completion=96 chunks=39 acc=2.500(chunks) rate=25.51 ttft=0.228 sha=087d8d63b3ad early_divergence div@1 head='Standard attention mechanisms sc' tail='pplication requirements.'
2026-09-29T19:09:55.821+00:00   [2] d0 finish=stop completion=91 chunks=35 acc=2.647(chunks) rate=25.89 ttft=0.227 sha=f132bf0dbce4 early_divergence div@1 head='Standard attention mechanisms sc' tail='onstrained environments.'
2026-09-29T19:09:55.821+00:00   [3] d0 finish=stop completion=92 chunks=40 acc=2.333(chunks) rate=23.72 ttft=0.248 sha=f3643daa86a6 early_divergence div@1 head='Standard attention mechanisms sc' tail='s vast textual contexts.'
2026-09-29T19:09:55.821+00:00   [4] d0 finish=stop completion=95 chunks=42 acc=2.293(chunks) rate=23.70 ttft=0.284 sha=429a4530ee1f early_divergence div@1 head='Standard attention mechanisms sc' tail='ical application limits.'
2026-09-29T19:09:55.821+00:00   [5] d0 finish=stop completion=96 chunks=44 acc=2.209(chunks) rate=23.06 ttft=0.254 sha=cb12fe4b54b7 ok div@341 head='Sparse attention mitigates the q' tail='ffective context window.'
2026-09-29T19:09:55.821+00:00   [6] d0 finish=stop completion=88 chunks=39 acc=2.289(chunks) rate=24.22 ttft=0.320 sha=b7682e924320 early_divergence div@1 head='Standard attention mechanisms sc' tail=' practical applications.'
2026-09-29T19:09:55.821+00:00   [7] d0 finish=stop completion=102 chunks=40 acc=2.590(chunks) rate=27.80 ttft=0.303 sha=bd843ef6a91c early_divergence div@1 head='Standard attention mechanisms sc' tail='aining high performance.'
2026-09-29T19:10:07.004+00:00 burst=long-pair kind=long n=2 stagger=0.000 coprefill=False spread=2.643 gate=- report=['slow']
2026-09-29T19:10:07.004+00:00   [0] long0 finish=stop completion=6 chunks=2 acc=5.000(chunks) rate=32.26 ttft=8.018 sha=83dab7f91bc1 ok div@None head='74354' tail='74354'
2026-09-29T19:10:07.004+00:00   [1] long1 finish=stop completion=6 chunks=2 acc=5.000(chunks) rate=1.89 ttft=5.375 sha=0ec41e567fc2 slow div@None head='79083' tail='79083'
2026-09-29T19:10:10.569+00:00 burst=image-pair kind=image n=2 stagger=0.000 coprefill=False spread=0.217 gate=- report=-
2026-09-29T19:10:10.569+00:00   [0] img_red finish=stop completion=11 chunks=4 acc=3.333(chunks) rate=51.48 ttft=0.361 sha=0e1c14c4131c ok div@None head='The image is filled with a solid' tail=' with a solid red color.'
2026-09-29T19:10:10.569+00:00   [1] img_blue finish=stop completion=11 chunks=4 acc=3.333(chunks) rate=35.19 ttft=0.144 sha=7fa32368a223 ok div@None head='This image is filled with a soli' tail='with a solid blue color.'
2026-09-29T19:10:10.569+00:00 TOTALS bursts=30 streams=130 gate_bursts=0 zero_acc=0 runaway=0 first32_match=0.308 coprefill_bursts=0 per_request_spec_metrics=False
2026-09-29T19:10:10.569+00:00 NOTE: server did not return metrics.speculative_decoding on every stream; acceptance estimated from tokens per chunk (serve with --per-request-spec-decode-metrics summary)
2026-09-29T19:10:10.569+00:00 T0 PASS
