2026-09-30T04:03:44.202+00:00 bench_probe v1 url=http://127.0.0.1:8000/v1/chat/completions sizes=[2, 3, 5, 8] kinds=['identical', 'distinct'] bursts_per_shape=3 max_tokens=256
2026-09-30T04:03:46.645+00:00 ref d0 finish=stop completion=97 acc=2.526 ttft=0.213 sha=b0e372faa960 head='Sparse attention mitigates the quadratic'
2026-09-30T04:03:49.342+00:00 ref d1 finish=stop completion=75 acc=2.741 ttft=0.121 sha=4ad2d5654ca6 head='A bicycle gear system uses mechanical ad'
2026-09-30T04:03:50.993+00:00 ref d2 finish=stop completion=43 acc=4.667 ttft=0.117 sha=097672f98733 head='2, 3, 5, 7, 11, 13, 17, 19, 23, 29, 31, '
2026-09-30T04:03:54.317+00:00 ref d3 finish=stop completion=101 acc=2.632 ttft=0.122 sha=3746d913c433 head='The water cycle is like a giant, never-e'
2026-09-30T04:03:56.777+00:00 ref d4 finish=stop completion=102 acc=4.591 ttft=0.110 sha=cb9c046d4e9a head='```python\ndef fibonacci(n: int) -> int:\n'
2026-09-30T04:03:58.257+00:00 ref d5 finish=stop completion=17 acc=2.667 ttft=0.130 sha=5a881638e98d head='La bibliothèque ouvre à neuf heures et f'
2026-09-30T04:04:01.119+00:00 ref d6 finish=stop completion=72 acc=2.367 ttft=0.117 sha=86f7d76d2833 head='1. Reduce watering frequency significant'
2026-09-30T04:04:03.111+00:00 ref d7 finish=stop completion=67 acc=4.400 ttft=0.134 sha=c39be9b87ae0 head='{\n  "name": "Eiffel Tower",\n  "year": 18'
2026-09-30T04:04:09.025+00:00 ref long0 finish=stop completion=6 acc=5.000 ttft=4.817 sha=83dab7f91bc1 head='74354'
2026-09-30T04:04:14.092+00:00 ref long1 finish=stop completion=6 acc=5.000 ttft=4.006 sha=0ec41e567fc2 head='79083'
2026-09-30T04:04:15.492+00:00 ref img_red finish=stop completion=11 acc=3.333 ttft=0.213 sha=0e1c14c4131c head='The image is filled with a solid red col'
2026-09-30T04:04:16.918+00:00 ref img_blue finish=stop completion=11 acc=3.333 ttft=0.220 sha=7fa32368a223 head='This image is filled with a solid blue c'
2026-09-30T04:04:24.338+00:00 burst=identical-n2-b1 kind=identical n=2 stagger=0.000 coprefill=False spread=0.399 gate=- report=['early_divergence']
2026-09-30T04:04:24.338+00:00   [0] d0 finish=stop completion=102 chunks=39 acc=2.658(chunks) rate=38.18 ttft=0.533 sha=90544ea0ccfd early_divergence div@1 head='Standard attention mechanisms sc' tail='aining high performance.'
2026-09-30T04:04:24.338+00:00   [1] d0 finish=stop completion=94 chunks=46 acc=2.067(chunks) rate=28.38 ttft=0.135 sha=2774341ec8f4 early_divergence div@164 head='Sparse attention mitigates the q' tail='g performance and speed.'
2026-09-30T04:04:30.539+00:00 burst=identical-n2-b2 kind=identical n=2 stagger=0.000 coprefill=False spread=0.170 gate=- report=['early_divergence']
2026-09-30T04:04:30.539+00:00   [0] d0 finish=stop completion=94 chunks=46 acc=2.067(chunks) rate=30.06 ttft=0.101 sha=2774341ec8f4 early_divergence div@164 head='Sparse attention mitigates the q' tail='g performance and speed.'
2026-09-30T04:04:30.539+00:00   [1] d0 finish=stop completion=102 chunks=39 acc=2.658(chunks) rate=37.97 ttft=0.271 sha=90544ea0ccfd early_divergence div@1 head='Standard attention mechanisms sc' tail='aining high performance.'
2026-09-30T04:04:36.726+00:00 burst=identical-n2-b3 kind=identical n=2 stagger=0.000 coprefill=False spread=0.183 gate=- report=['early_divergence']
2026-09-30T04:04:36.726+00:00   [0] d0 finish=stop completion=102 chunks=39 acc=2.658(chunks) rate=38.17 ttft=0.285 sha=90544ea0ccfd early_divergence div@1 head='Standard attention mechanisms sc' tail='aining high performance.'
2026-09-30T04:04:36.726+00:00   [1] d0 finish=stop completion=94 chunks=46 acc=2.067(chunks) rate=30.23 ttft=0.101 sha=2774341ec8f4 early_divergence div@164 head='Sparse attention mitigates the q' tail='g performance and speed.'
2026-09-30T04:04:42.861+00:00 burst=distinct-n2-b1 kind=distinct n=2 stagger=0.000 coprefill=False spread=0.164 gate=- report=['early_divergence']
2026-09-30T04:04:42.861+00:00   [0] d0 finish=stop completion=94 chunks=46 acc=2.067(chunks) rate=30.72 ttft=0.099 sha=2774341ec8f4 early_divergence div@164 head='Sparse attention mitigates the q' tail='g performance and speed.'
2026-09-30T04:04:42.861+00:00   [1] d1 finish=stop completion=75 chunks=31 acc=2.467(chunks) rate=35.44 ttft=0.263 sha=7161b50aa8bc early_divergence div@80 head='A bicycle gear system uses mecha' tail=' terrain and conditions.'
2026-09-30T04:04:48.803+00:00 burst=distinct-n2-b2 kind=distinct n=2 stagger=0.000 coprefill=False spread=0.172 gate=- report=['early_divergence']
2026-09-30T04:04:48.804+00:00   [0] d0 finish=stop completion=102 chunks=40 acc=2.590(chunks) rate=38.32 ttft=0.299 sha=90544ea0ccfd early_divergence div@1 head='Standard attention mechanisms sc' tail='aining high performance.'
2026-09-30T04:04:48.804+00:00   [1] d1 finish=stop completion=71 chunks=27 acc=2.692(chunks) rate=37.52 ttft=0.127 sha=53845d361929 ok div@165 head='A bicycle gear system uses mecha' tail=' to overcome resistance.'
2026-09-30T04:04:55.098+00:00 burst=distinct-n2-b3 kind=distinct n=2 stagger=0.000 coprefill=False spread=0.162 gate=- report=['early_divergence']
2026-09-30T04:04:55.099+00:00   [0] d0 finish=stop completion=94 chunks=46 acc=2.067(chunks) rate=29.50 ttft=0.133 sha=2774341ec8f4 early_divergence div@164 head='Sparse attention mitigates the q' tail='g performance and speed.'
2026-09-30T04:04:55.099+00:00   [1] d1 finish=stop completion=75 chunks=31 acc=2.467(chunks) rate=36.23 ttft=0.295 sha=7161b50aa8bc early_divergence div@80 head='A bicycle gear system uses mecha' tail=' terrain and conditions.'
2026-09-30T04:05:01.582+00:00 burst=identical-n3-b1 kind=identical n=3 stagger=0.000 coprefill=False spread=0.185 gate=- report=['early_divergence']
2026-09-30T04:05:01.582+00:00   [0] d0 finish=stop completion=96 chunks=42 acc=2.317(chunks) rate=30.11 ttft=0.319 sha=b3e9f826ef21 early_divergence div@1 head='Standard attention mechanisms sc' tail='and resource efficiency.'
2026-09-30T04:05:01.582+00:00   [1] d0 finish=stop completion=89 chunks=40 acc=2.256(chunks) rate=28.93 ttft=0.134 sha=c8f2f8b2adf1 early_divergence div@132 head='Sparse attention mitigates the q' tail=' speeds and scalability.'
2026-09-30T04:05:01.582+00:00   [2] d0 finish=stop completion=97 chunks=41 acc=2.400(chunks) rate=31.09 ttft=0.319 sha=26095494975d early_divergence div@1 head='Standard attention mechanisms sc' tail='tended dialogue history.'
2026-09-30T04:05:07.975+00:00 burst=identical-n3-b2 kind=identical n=3 stagger=0.000 coprefill=False spread=0.180 gate=- report=['early_divergence']
2026-09-30T04:05:07.975+00:00   [0] d0 finish=stop completion=89 chunks=40 acc=2.256(chunks) rate=29.37 ttft=0.103 sha=c8f2f8b2adf1 early_divergence div@132 head='Sparse attention mitigates the q' tail=' speeds and scalability.'
2026-09-30T04:05:07.975+00:00   [1] d0 finish=stop completion=97 chunks=41 acc=2.400(chunks) rate=31.65 ttft=0.283 sha=26095494975d early_divergence div@1 head='Standard attention mechanisms sc' tail='tended dialogue history.'
2026-09-30T04:05:07.975+00:00   [2] d0 finish=stop completion=96 chunks=42 acc=2.317(chunks) rate=30.63 ttft=0.283 sha=b3e9f826ef21 early_divergence div@1 head='Standard attention mechanisms sc' tail='and resource efficiency.'
2026-09-30T04:05:14.382+00:00 burst=identical-n3-b3 kind=identical n=3 stagger=0.000 coprefill=False spread=0.181 gate=- report=['early_divergence']
2026-09-30T04:05:14.382+00:00   [0] d0 finish=stop completion=96 chunks=42 acc=2.317(chunks) rate=30.49 ttft=0.283 sha=b3e9f826ef21 early_divergence div@1 head='Standard attention mechanisms sc' tail='and resource efficiency.'
2026-09-30T04:05:14.382+00:00   [1] d0 finish=stop completion=97 chunks=41 acc=2.400(chunks) rate=31.49 ttft=0.283 sha=26095494975d early_divergence div@1 head='Standard attention mechanisms sc' tail='tended dialogue history.'
2026-09-30T04:05:14.382+00:00   [2] d0 finish=stop completion=89 chunks=40 acc=2.256(chunks) rate=29.33 ttft=0.103 sha=c8f2f8b2adf1 early_divergence div@132 head='Sparse attention mitigates the q' tail=' speeds and scalability.'
2026-09-30T04:05:20.428+00:00 burst=distinct-n3-b1 kind=distinct n=3 stagger=0.000 coprefill=False spread=0.188 gate=- report=['early_divergence']
2026-09-30T04:05:20.428+00:00   [0] d0 finish=stop completion=95 chunks=43 acc=2.238(chunks) rate=32.04 ttft=0.102 sha=b979b7492acd early_divergence div@164 head='Sparse attention mitigates the q' tail='n large language models.'
2026-09-30T04:05:20.428+00:00   [1] d1 finish=stop completion=65 chunks=25 acc=2.667(chunks) rate=35.49 ttft=0.290 sha=3d599a0312f2 early_divergence div@77 head='A bicycle gear system uses mecha' tail=' for varying conditions.'
2026-09-30T04:05:20.428+00:00   [2] d2 finish=stop completion=43 chunks=10 acc=4.667(chunks) rate=55.52 ttft=0.291 sha=097672f98733 ok div@None head='2, 3, 5, 7, 11, 13, 17, 19, 23, ' tail=', 17, 19, 23, 29, 31, 37'
2026-09-30T04:05:26.413+00:00 burst=distinct-n3-b2 kind=distinct n=3 stagger=0.000 coprefill=False spread=0.192 gate=- report=['early_divergence']
2026-09-30T04:05:26.413+00:00   [0] d0 finish=stop completion=97 chunks=40 acc=2.462(chunks) rate=35.67 ttft=0.283 sha=89560dd67eeb early_divergence div@1 head='Standard attention mechanisms sc' tail='real-world applications.'
2026-09-30T04:05:26.413+00:00   [1] d1 finish=stop completion=74 chunks=27 acc=2.808(chunks) rate=36.92 ttft=0.283 sha=da316c473bae ok div@165 head='A bicycle gear system uses mecha' tail='wer for varying terrain.'
2026-09-30T04:05:26.413+00:00   [2] d2 finish=stop completion=43 chunks=10 acc=4.667(chunks) rate=53.34 ttft=0.092 sha=097672f98733 ok div@None head='2, 3, 5, 7, 11, 13, 17, 19, 23, ' tail=', 17, 19, 23, 29, 31, 37'
2026-09-30T04:05:32.451+00:00 burst=distinct-n3-b3 kind=distinct n=3 stagger=0.000 coprefill=False spread=0.181 gate=- report=['early_divergence']
2026-09-30T04:05:32.451+00:00   [0] d0 finish=stop completion=95 chunks=43 acc=2.238(chunks) rate=32.08 ttft=0.100 sha=b979b7492acd early_divergence div@164 head='Sparse attention mitigates the q' tail='n large language models.'
2026-09-30T04:05:32.451+00:00   [1] d1 finish=stop completion=65 chunks=25 acc=2.667(chunks) rate=35.26 ttft=0.281 sha=3d599a0312f2 early_divergence div@77 head='A bicycle gear system uses mecha' tail=' for varying conditions.'
2026-09-30T04:05:32.451+00:00   [2] d2 finish=stop completion=43 chunks=10 acc=4.667(chunks) rate=54.91 ttft=0.282 sha=097672f98733 ok div@None head='2, 3, 5, 7, 11, 13, 17, 19, 23, ' tail=', 17, 19, 23, 29, 31, 37'
2026-09-30T04:05:39.394+00:00 burst=identical-n5-b1 kind=identical n=5 stagger=0.000 coprefill=False spread=0.231 gate=- report=['early_divergence']
2026-09-30T04:05:39.394+00:00   [0] d0 finish=stop completion=100 chunks=43 acc=2.357(chunks) rate=27.51 ttft=0.335 sha=9342f781ce2c early_divergence div@17 head='Sparse attention significantly e' tail='h feasible and scalable.'
2026-09-30T04:05:39.394+00:00   [1] d0 finish=stop completion=98 chunks=41 acc=2.425(chunks) rate=28.06 ttft=0.335 sha=5ffee0eef74d early_divergence div@1 head='Standard attention mechanisms sc' tail='ting hardware resources.'
2026-09-30T04:05:39.394+00:00   [2] d0 finish=stop completion=89 chunks=41 acc=2.200(chunks) rate=25.46 ttft=0.335 sha=e210492ccb7f early_divergence div@1 head='Standard attention mechanisms sc' tail='real-world applications.'
2026-09-30T04:05:39.394+00:00   [3] d0 finish=stop completion=95 chunks=40 acc=2.410(chunks) rate=27.97 ttft=0.335 sha=818602e63bfe ok div@333 head='Sparse attention mitigates the q' tail='n large language models.'
2026-09-30T04:05:39.394+00:00   [4] d0 finish=stop completion=95 chunks=41 acc=2.350(chunks) rate=26.17 ttft=0.105 sha=00b4bd7bff3f ok div@241 head='Sparse attention mitigates the q' tail='ng and reducing latency.'
2026-09-30T04:05:46.386+00:00 burst=identical-n5-b2 kind=identical n=5 stagger=0.000 coprefill=False spread=0.214 gate=- report=['early_divergence']
2026-09-30T04:05:46.386+00:00   [0] d0 finish=stop completion=89 chunks=41 acc=2.200(chunks) rate=25.24 ttft=0.356 sha=e210492ccb7f early_divergence div@1 head='Standard attention mechanisms sc' tail='real-world applications.'
2026-09-30T04:05:46.386+00:00   [1] d0 finish=stop completion=95 chunks=41 acc=2.350(chunks) rate=26.05 ttft=0.142 sha=00b4bd7bff3f ok div@241 head='Sparse attention mitigates the q' tail='ng and reducing latency.'
2026-09-30T04:05:46.386+00:00   [2] d0 finish=stop completion=95 chunks=40 acc=2.410(chunks) rate=27.68 ttft=0.355 sha=818602e63bfe ok div@333 head='Sparse attention mitigates the q' tail='n large language models.'
2026-09-30T04:05:46.386+00:00   [3] d0 finish=stop completion=100 chunks=43 acc=2.357(chunks) rate=27.30 ttft=0.355 sha=9342f781ce2c early_divergence div@17 head='Sparse attention significantly e' tail='h feasible and scalable.'
2026-09-30T04:05:46.386+00:00   [4] d0 finish=stop completion=98 chunks=41 acc=2.425(chunks) rate=27.81 ttft=0.356 sha=5ffee0eef74d early_divergence div@1 head='Standard attention mechanisms sc' tail='ting hardware resources.'
2026-09-30T04:05:53.359+00:00 burst=identical-n5-b3 kind=identical n=5 stagger=0.000 coprefill=False spread=0.214 gate=- report=['early_divergence']
2026-09-30T04:05:53.359+00:00   [0] d0 finish=stop completion=89 chunks=41 acc=2.200(chunks) rate=25.11 ttft=0.317 sha=e210492ccb7f early_divergence div@1 head='Standard attention mechanisms sc' tail='real-world applications.'
2026-09-30T04:05:53.359+00:00   [1] d0 finish=stop completion=100 chunks=43 acc=2.357(chunks) rate=27.16 ttft=0.317 sha=9342f781ce2c early_divergence div@17 head='Sparse attention significantly e' tail='h feasible and scalable.'
2026-09-30T04:05:53.359+00:00   [2] d0 finish=stop completion=95 chunks=40 acc=2.410(chunks) rate=27.48 ttft=0.317 sha=818602e63bfe ok div@333 head='Sparse attention mitigates the q' tail='n large language models.'
2026-09-30T04:05:53.359+00:00   [3] d0 finish=stop completion=95 chunks=41 acc=2.350(chunks) rate=25.87 ttft=0.104 sha=00b4bd7bff3f ok div@241 head='Sparse attention mitigates the q' tail='ng and reducing latency.'
2026-09-30T04:05:53.359+00:00   [4] d0 finish=stop completion=98 chunks=41 acc=2.425(chunks) rate=27.68 ttft=0.317 sha=5ffee0eef74d early_divergence div@1 head='Standard attention mechanisms sc' tail='ting hardware resources.'
2026-09-30T04:06:00.123+00:00 burst=distinct-n5-b1 kind=distinct n=5 stagger=0.000 coprefill=False spread=0.222 gate=- report=['early_divergence']
2026-09-30T04:06:00.123+00:00   [0] d0 finish=stop completion=101 chunks=42 acc=2.439(chunks) rate=27.66 ttft=0.140 sha=81ed168585ad early_divergence div@193 head='Sparse attention mitigates the q' tail='real-world applications.'
2026-09-30T04:06:00.123+00:00   [1] d1 finish=stop completion=64 chunks=24 acc=2.739(chunks) rate=27.01 ttft=0.361 sha=d444681c14ad early_divergence div@77 head='A bicycle gear system uses mecha' tail=' for varying conditions.'
2026-09-30T04:06:00.123+00:00   [2] d2 finish=stop completion=43 chunks=10 acc=4.667(chunks) rate=44.91 ttft=0.361 sha=097672f98733 ok div@None head='2, 3, 5, 7, 11, 13, 17, 19, 23, ' tail=', 17, 19, 23, 29, 31, 37'
2026-09-30T04:06:00.123+00:00   [3] d3 finish=stop completion=104 chunks=38 acc=2.784(chunks) rate=31.56 ttft=0.361 sha=d6c4e6423643 early_divergence div@16 head='The water cycle starts when the ' tail=' journey all over again.'
2026-09-30T04:06:00.123+00:00   [4] d4 finish=stop completion=102 chunks=23 acc=4.591(chunks) rate=46.93 ttft=0.362 sha=cb9c046d4e9a ok div@None head='```python\ndef fibonacci(n: int) ' tail=', a + b\n    return b\n```'
2026-09-30T04:06:06.728+00:00 burst=distinct-n5-b2 kind=distinct n=5 stagger=0.000 coprefill=False spread=0.227 gate=- report=['early_divergence']
2026-09-30T04:06:06.729+00:00   [0] d0 finish=stop completion=94 chunks=39 acc=2.447(chunks) rate=28.56 ttft=0.340 sha=2b4db1cb0f21 early_divergence div@17 head='Sparse attention significantly e' tail='oning tasks efficiently.'
2026-09-30T04:06:06.729+00:00   [1] d1 finish=stop completion=71 chunks=26 acc=2.800(chunks) rate=29.99 ttft=0.339 sha=53845d361929 ok div@165 head='A bicycle gear system uses mecha' tail=' to overcome resistance.'
2026-09-30T04:06:06.729+00:00   [2] d2 finish=stop completion=43 chunks=10 acc=4.667(chunks) rate=44.74 ttft=0.341 sha=097672f98733 ok div@None head='2, 3, 5, 7, 11, 13, 17, 19, 23, ' tail=', 17, 19, 23, 29, 31, 37'
2026-09-30T04:06:06.729+00:00   [3] d3 finish=stop completion=93 chunks=37 acc=2.556(chunks) rate=29.46 ttft=0.339 sha=8de84b8bb8d6 early_divergence div@26 head='The water cycle is like a never-' tail='dventure all over again.'
2026-09-30T04:06:06.729+00:00   [4] d4 finish=stop completion=81 chunks=19 acc=4.444(chunks) rate=43.96 ttft=0.114 sha=d6e4529d7c26 early_divergence div@50 head='```python\ndef fibonacci(n: int) ' tail=', a + b\n    return b\n```'
2026-09-30T04:06:13.473+00:00 burst=distinct-n5-b3 kind=distinct n=5 stagger=0.000 coprefill=False spread=0.218 gate=- report=['early_divergence']
2026-09-30T04:06:13.473+00:00   [0] d0 finish=stop completion=101 chunks=42 acc=2.439(chunks) rate=27.51 ttft=0.102 sha=81ed168585ad early_divergence div@193 head='Sparse attention mitigates the q' tail='real-world applications.'
2026-09-30T04:06:13.473+00:00   [1] d1 finish=stop completion=76 chunks=32 acc=2.419(chunks) rate=25.83 ttft=0.319 sha=dd91e37382ff ok div@165 head='A bicycle gear system uses mecha' tail=' for varying conditions.'
2026-09-30T04:06:13.473+00:00   [2] d2 finish=stop completion=43 chunks=10 acc=4.667(chunks) rate=44.90 ttft=0.319 sha=097672f98733 ok div@None head='2, 3, 5, 7, 11, 13, 17, 19, 23, ' tail=', 17, 19, 23, 29, 31, 37'
2026-09-30T04:06:13.473+00:00   [3] d3 finish=stop completion=97 chunks=34 acc=2.909(chunks) rate=31.42 ttft=0.320 sha=5dd210127e65 early_divergence div@16 head='The water cycle starts when the ' tail=' journey all over again.'
2026-09-30T04:06:13.473+00:00   [4] d4 finish=stop completion=102 chunks=23 acc=4.591(chunks) rate=46.85 ttft=0.319 sha=cb9c046d4e9a ok div@None head='```python\ndef fibonacci(n: int) ' tail=', a + b\n    return b\n```'
2026-09-30T04:06:20.932+00:00 burst=identical-n8-b1 kind=identical n=8 stagger=0.000 coprefill=False spread=0.244 gate=- report=['early_divergence']
2026-09-30T04:06:20.932+00:00   [0] d0 finish=stop completion=97 chunks=45 acc=2.182(chunks) rate=23.61 ttft=0.384 sha=9758a950b7d6 early_divergence div@1 head='Standard attention mechanisms sc' tail='attention architectures.'
2026-09-30T04:06:20.932+00:00   [1] d0 finish=stop completion=102 chunks=39 acc=2.658(chunks) rate=27.28 ttft=0.383 sha=e2c0b276463d early_divergence div@1 head='Standard attention mechanisms sc' tail='standing and generation.'
2026-09-30T04:06:20.932+00:00   [2] d0 finish=stop completion=95 chunks=36 acc=2.686(chunks) rate=27.29 ttft=0.383 sha=ae5bb4f5308e early_divergence div@1 head='Standard attention mechanisms sc' tail='ross extensive contexts.'
2026-09-30T04:06:20.932+00:00   [3] d0 finish=stop completion=92 chunks=37 acc=2.528(chunks) rate=25.68 ttft=0.384 sha=6b43eda3e127 early_divergence div@1 head='Standard attention mechanisms sc' tail='pplication requirements.'
2026-09-30T04:06:20.932+00:00   [4] d0 finish=stop completion=96 chunks=34 acc=2.879(chunks) rate=29.48 ttft=0.382 sha=2eb332235b48 early_divergence div@1 head='Standard attention mechanisms sc' tail='s vast textual contexts.'
2026-09-30T04:06:20.932+00:00   [5] d0 finish=stop completion=102 chunks=36 acc=2.886(chunks) rate=29.33 ttft=0.383 sha=e2c0b276463d early_divergence div@1 head='Standard attention mechanisms sc' tail='standing and generation.'
2026-09-30T04:06:20.932+00:00   [6] d0 finish=stop completion=100 chunks=37 acc=2.750(chunks) rate=27.94 ttft=0.385 sha=86f9a732429d early_divergence div@1 head='Standard attention mechanisms sc' tail='osts of dense attention.'
2026-09-30T04:06:20.932+00:00   [7] d0 finish=stop completion=95 chunks=39 acc=2.474(chunks) rate=24.82 ttft=0.142 sha=6a092c8633f3 early_divergence div@193 head='Sparse attention mitigates the q' tail='ng-context applications.'
2026-09-30T04:06:28.359+00:00 burst=identical-n8-b2 kind=identical n=8 stagger=0.000 coprefill=False spread=0.242 gate=- report=['early_divergence']
2026-09-30T04:06:28.359+00:00   [0] d0 finish=stop completion=102 chunks=36 acc=2.886(chunks) rate=29.40 ttft=0.353 sha=e2c0b276463d early_divergence div@1 head='Standard attention mechanisms sc' tail='standing and generation.'
2026-09-30T04:06:28.359+00:00   [1] d0 finish=stop completion=100 chunks=37 acc=2.750(chunks) rate=28.04 ttft=0.353 sha=86f9a732429d early_divergence div@1 head='Standard attention mechanisms sc' tail='osts of dense attention.'
2026-09-30T04:06:28.359+00:00   [2] d0 finish=stop completion=92 chunks=37 acc=2.528(chunks) rate=25.77 ttft=0.354 sha=6b43eda3e127 early_divergence div@1 head='Standard attention mechanisms sc' tail='pplication requirements.'
2026-09-30T04:06:28.359+00:00   [3] d0 finish=stop completion=95 chunks=36 acc=2.686(chunks) rate=27.36 ttft=0.352 sha=ae5bb4f5308e early_divergence div@1 head='Standard attention mechanisms sc' tail='ross extensive contexts.'
2026-09-30T04:06:28.359+00:00   [4] d0 finish=stop completion=96 chunks=34 acc=2.879(chunks) rate=29.65 ttft=0.352 sha=2eb332235b48 early_divergence div@1 head='Standard attention mechanisms sc' tail='s vast textual contexts.'
2026-09-30T04:06:28.359+00:00   [5] d0 finish=stop completion=102 chunks=39 acc=2.658(chunks) rate=27.32 ttft=0.354 sha=e2c0b276463d early_divergence div@1 head='Standard attention mechanisms sc' tail='standing and generation.'
2026-09-30T04:06:28.359+00:00   [6] d0 finish=stop completion=97 chunks=45 acc=2.182(chunks) rate=23.61 ttft=0.354 sha=9758a950b7d6 early_divergence div@1 head='Standard attention mechanisms sc' tail='attention architectures.'
2026-09-30T04:06:28.359+00:00   [7] d0 finish=stop completion=95 chunks=39 acc=2.474(chunks) rate=24.91 ttft=0.112 sha=6a092c8633f3 early_divergence div@193 head='Sparse attention mitigates the q' tail='ng-context applications.'
2026-09-30T04:06:35.981+00:00 burst=identical-n8-b3 kind=identical n=8 stagger=0.000 coprefill=False spread=0.237 gate=- report=['early_divergence']
2026-09-30T04:06:35.981+00:00   [0] d0 finish=stop completion=102 chunks=39 acc=2.658(chunks) rate=25.86 ttft=0.339 sha=e2c0b276463d early_divergence div@1 head='Standard attention mechanisms sc' tail='standing and generation.'
2026-09-30T04:06:35.981+00:00   [1] d0 finish=stop completion=102 chunks=36 acc=2.886(chunks) rate=27.77 ttft=0.340 sha=e2c0b276463d early_divergence div@1 head='Standard attention mechanisms sc' tail='standing and generation.'
2026-09-30T04:06:35.981+00:00   [2] d0 finish=stop completion=100 chunks=37 acc=2.750(chunks) rate=26.46 ttft=0.340 sha=86f9a732429d early_divergence div@1 head='Standard attention mechanisms sc' tail='osts of dense attention.'
2026-09-30T04:06:35.981+00:00   [3] d0 finish=stop completion=95 chunks=36 acc=2.686(chunks) rate=25.85 ttft=0.340 sha=ae5bb4f5308e early_divergence div@1 head='Standard attention mechanisms sc' tail='ross extensive contexts.'
2026-09-30T04:06:35.981+00:00   [4] d0 finish=stop completion=96 chunks=34 acc=2.879(chunks) rate=27.81 ttft=0.341 sha=2eb332235b48 early_divergence div@1 head='Standard attention mechanisms sc' tail='s vast textual contexts.'
2026-09-30T04:06:35.981+00:00   [5] d0 finish=stop completion=95 chunks=39 acc=2.474(chunks) rate=23.64 ttft=0.104 sha=6a092c8633f3 early_divergence div@193 head='Sparse attention mitigates the q' tail='ng-context applications.'
2026-09-30T04:06:35.981+00:00   [6] d0 finish=stop completion=97 chunks=45 acc=2.182(chunks) rate=22.47 ttft=0.340 sha=9758a950b7d6 early_divergence div@1 head='Standard attention mechanisms sc' tail='attention architectures.'
2026-09-30T04:06:35.981+00:00   [7] d0 finish=stop completion=92 chunks=37 acc=2.528(chunks) rate=24.33 ttft=0.341 sha=6b43eda3e127 early_divergence div@1 head='Standard attention mechanisms sc' tail='pplication requirements.'
2026-09-30T04:06:43.101+00:00 burst=distinct-n8-b1 kind=distinct n=8 stagger=0.000 coprefill=False spread=0.281 gate=- report=['early_divergence']
2026-09-30T04:06:43.102+00:00   [0] d0 finish=stop completion=91 chunks=36 acc=2.571(chunks) rate=24.10 ttft=0.376 sha=15ec89cf490f early_divergence div@1 head='Standard attention mechanisms sc' tail='tensive context windows.'
2026-09-30T04:06:43.102+00:00   [1] d1 finish=stop completion=70 chunks=27 acc=2.654(chunks) rate=23.56 ttft=0.376 sha=af395b6f61d0 early_divergence div@77 head='A bicycle gear system uses mecha' tail='in and desired velocity.'
2026-09-30T04:06:43.102+00:00   [2] d2 finish=stop completion=43 chunks=10 acc=4.667(chunks) rate=36.57 ttft=0.374 sha=097672f98733 ok div@None head='2, 3, 5, 7, 11, 13, 17, 19, 23, ' tail=', 17, 19, 23, 29, 31, 37'
2026-09-30T04:06:43.102+00:00   [3] d3 finish=stop completion=104 chunks=38 acc=2.784(chunks) rate=26.09 ttft=0.095 sha=d6c4e6423643 early_divergence div@16 head='The water cycle starts when the ' tail=' journey all over again.'
2026-09-30T04:06:43.102+00:00   [4] d4 finish=stop completion=102 chunks=22 acc=4.810(chunks) rate=40.96 ttft=0.374 sha=cb9c046d4e9a ok div@None head='```python\ndef fibonacci(n: int) ' tail=', a + b\n    return b\n```'
2026-09-30T04:06:43.102+00:00   [5] d5 finish=stop completion=17 chunks=7 acc=2.667(chunks) rate=20.91 ttft=0.376 sha=5a881638e98d ok div@None head='La bibliothèque ouvre à neuf heu' tail='-huit heures en semaine.'
2026-09-30T04:06:43.102+00:00   [6] d6 finish=stop completion=70 chunks=33 acc=2.156(chunks) rate=20.11 ttft=0.375 sha=6ed0508ab41c ok div@189 head='1. Reduce watering frequency sig' tail='ensate for shorter days.'
2026-09-30T04:06:43.102+00:00   [7] d7 finish=stop completion=67 chunks=16 acc=4.400(chunks) rate=33.85 ttft=0.377 sha=c39be9b87ae0 ok div@None head='{\n  "name": "Eiffel Tower",\n  "y' tail='re",\n    "Tourism"\n  ]\n}'
2026-09-30T04:06:50.654+00:00 burst=distinct-n8-b2 kind=distinct n=8 stagger=0.000 coprefill=False spread=0.509 gate=- report=['early_divergence']
2026-09-30T04:06:50.654+00:00   [0] d0 finish=stop completion=96 chunks=40 acc=2.436(chunks) rate=21.49 ttft=0.123 sha=76eedaf7898a early_divergence div@1 head='Standard attention mechanisms sc' tail='sible for complex tasks.'
2026-09-30T04:06:50.654+00:00   [1] d1 finish=stop completion=77 chunks=30 acc=2.621(chunks) rate=22.78 ttft=0.631 sha=baa2f2a79976 ok div@200 head='A bicycle gear system uses mecha' tail='el with less resistance.'
2026-09-30T04:06:50.654+00:00   [2] d2 finish=stop completion=43 chunks=10 acc=4.667(chunks) rate=29.36 ttft=0.122 sha=097672f98733 ok div@None head='2, 3, 5, 7, 11, 13, 17, 19, 23, ' tail=', 17, 19, 23, 29, 31, 37'
2026-09-30T04:06:50.654+00:00   [3] d3 finish=stop completion=101 chunks=37 acc=2.778(chunks) rate=26.51 ttft=0.629 sha=d202de43817a early_divergence div@16 head='The water cycle starts when the ' tail='the whole journey again.'
2026-09-30T04:06:50.654+00:00   [4] d4 finish=stop completion=102 chunks=24 acc=4.391(chunks) rate=37.32 ttft=0.630 sha=cb9c046d4e9a ok div@None head='```python\ndef fibonacci(n: int) ' tail=', a + b\n    return b\n```'
2026-09-30T04:06:50.654+00:00   [5] d5 finish=stop completion=19 chunks=8 acc=2.571(chunks) rate=19.52 ttft=0.629 sha=fbd9a6af1079 early_divergence div@63 head='La bibliothèque ouvre à neuf heu' tail='res les jours ouvrables.'
2026-09-30T04:06:50.654+00:00   [6] d6 finish=stop completion=71 chunks=31 acc=2.333(chunks) rate=20.99 ttft=0.632 sha=42d947df928a ok div@323 head='1. Reduce watering frequency sig' tail=' shorter daylight hours.'
2026-09-30T04:06:50.654+00:00   [7] d7 finish=stop completion=85 chunks=20 acc=4.421(chunks) rate=36.54 ttft=0.632 sha=4abb06695ad8 ok div@61 head='{\n  "name": "Eiffel Tower",\n  "y' tail='re",\n    "tourism"\n  ]\n}'
2026-09-30T04:06:58.549+00:00 burst=distinct-n8-b3 kind=distinct n=8 stagger=0.000 coprefill=False spread=0.655 gate=- report=['early_divergence']
2026-09-30T04:06:58.549+00:00   [0] d0 finish=stop completion=99 chunks=45 acc=2.227(chunks) rate=20.51 ttft=0.109 sha=dad0aec47713 early_divergence div@187 head='Sparse attention mitigates the q' tail=' information processing.'
2026-09-30T04:06:58.549+00:00   [1] d1 finish=stop completion=73 chunks=29 acc=2.571(chunks) rate=23.24 ttft=0.763 sha=6ad288ac7aa1 ok div@165 head='A bicycle gear system uses mecha' tail='ing torque for velocity.'
2026-09-30T04:06:58.549+00:00   [2] d2 finish=stop completion=43 chunks=10 acc=4.667(chunks) rate=36.27 ttft=0.762 sha=097672f98733 ok div@None head='2, 3, 5, 7, 11, 13, 17, 19, 23, ' tail=', 17, 19, 23, 29, 31, 37'
2026-09-30T04:06:58.549+00:00   [3] d3 finish=stop completion=102 chunks=40 acc=2.590(chunks) rate=25.68 ttft=0.763 sha=13787128752e early_divergence div@16 head='The water cycle starts when the ' tail=' journey all over again.'
2026-09-30T04:06:58.549+00:00   [4] d4 finish=stop completion=102 chunks=22 acc=4.810(chunks) rate=40.98 ttft=0.763 sha=cb9c046d4e9a ok div@None head='```python\ndef fibonacci(n: int) ' tail=', a + b\n    return b\n```'
2026-09-30T04:06:58.549+00:00   [5] d5 finish=stop completion=17 chunks=7 acc=2.667(chunks) rate=20.51 ttft=0.763 sha=5a881638e98d ok div@None head='La bibliothèque ouvre à neuf heu' tail='-huit heures en semaine.'
2026-09-30T04:06:58.549+00:00   [6] d6 finish=stop completion=71 chunks=32 acc=2.258(chunks) rate=20.77 ttft=0.763 sha=af8b485407eb early_divergence div@65 head='1. Reduce watering frequency sig' tail='ensate for shorter days.'
2026-09-30T04:06:58.549+00:00   [7] d7 finish=stop completion=67 chunks=16 acc=4.400(chunks) rate=33.85 ttft=0.764 sha=c39be9b87ae0 ok div@None head='{\n  "name": "Eiffel Tower",\n  "y' tail='re",\n    "Tourism"\n  ]\n}'
2026-09-30T04:07:04.616+00:00 burst=staggered-identical-n2 kind=identical n=2 stagger=0.250 coprefill=False spread=0.343 gate=- report=['early_divergence']
2026-09-30T04:07:04.616+00:00   [0] d0 finish=stop completion=95 chunks=43 acc=2.238(chunks) rate=33.23 ttft=0.101 sha=1bc21cf272cf early_divergence div@164 head='Sparse attention mitigates the q' tail='n large language models.'
2026-09-30T04:07:04.616+00:00   [1] d0 finish=stop completion=102 chunks=39 acc=2.658(chunks) rate=38.62 ttft=0.194 sha=90544ea0ccfd early_divergence div@1 head='Standard attention mechanisms sc' tail='aining high performance.'
2026-09-30T04:07:10.566+00:00 burst=staggered-distinct-n3 kind=distinct n=3 stagger=0.250 coprefill=False spread=0.654 gate=- report=['early_divergence']
2026-09-30T04:07:10.566+00:00   [0] d0 finish=stop completion=97 chunks=40 acc=2.462(chunks) rate=33.78 ttft=0.100 sha=6d704a406908 ok div@333 head='Sparse attention mitigates the q' tail='panding context windows.'
2026-09-30T04:07:10.566+00:00   [1] d1 finish=stop completion=73 chunks=30 acc=2.483(chunks) rate=31.91 ttft=0.185 sha=01294b5596e2 early_divergence div@80 head='A bicycle gear system uses mecha' tail='wer for varying terrain.'
2026-09-30T04:07:10.566+00:00   [2] d2 finish=stop completion=43 chunks=10 acc=4.667(chunks) rate=56.00 ttft=0.254 sha=097672f98733 ok div@None head='2, 3, 5, 7, 11, 13, 17, 19, 23, ' tail=', 17, 19, 23, 29, 31, 37'
2026-09-30T04:07:17.976+00:00 burst=staggered-distinct-n5 kind=distinct n=5 stagger=0.250 coprefill=False spread=1.555 gate=- report=['early_divergence']
2026-09-30T04:07:17.976+00:00   [0] d0 finish=stop completion=100 chunks=41 acc=2.475(chunks) rate=25.16 ttft=0.104 sha=a2dc8e928a25 ok div@262 head='Sparse attention mitigates the q' tail='s across vast distances.'
2026-09-30T04:07:17.976+00:00   [1] d1 finish=stop completion=75 chunks=30 acc=2.552(chunks) rate=23.04 ttft=0.189 sha=93e8101c3d84 early_divergence div@80 head='A bicycle gear system uses mecha' tail='wer for varying terrain.'
2026-09-30T04:07:17.976+00:00   [2] d2 finish=stop completion=43 chunks=10 acc=4.667(chunks) rate=32.01 ttft=0.256 sha=097672f98733 ok div@None head='2, 3, 5, 7, 11, 13, 17, 19, 23, ' tail=', 17, 19, 23, 29, 31, 37'
2026-09-30T04:07:17.976+00:00   [3] d3 finish=stop completion=89 chunks=35 acc=2.588(chunks) rate=26.27 ttft=0.301 sha=85a3573f105d early_divergence div@16 head='The water cycle starts when the ' tail=' journey all over again.'
2026-09-30T04:07:17.976+00:00   [4] d4 finish=stop completion=102 chunks=22 acc=4.810(chunks) rate=48.55 ttft=0.659 sha=cb9c046d4e9a ok div@None head='```python\ndef fibonacci(n: int) ' tail=', a + b\n    return b\n```'
2026-09-30T04:07:26.914+00:00 burst=staggered-identical-n8 kind=identical n=8 stagger=0.250 coprefill=False spread=1.970 gate=- report=['early_divergence']
2026-09-30T04:07:26.914+00:00   [0] d0 finish=stop completion=95 chunks=44 acc=2.186(chunks) rate=22.06 ttft=0.099 sha=33e98a15a8fc early_divergence div@164 head='Sparse attention mitigates the q' tail='n large language models.'
2026-09-30T04:07:26.914+00:00   [1] d0 finish=stop completion=94 chunks=40 acc=2.385(chunks) rate=23.10 ttft=0.196 sha=c6257057fc76 early_divergence div@1 head='Standard attention mechanisms sc' tail='ical application limits.'
2026-09-30T04:07:26.914+00:00   [2] d0 finish=stop completion=89 chunks=39 acc=2.316(chunks) rate=22.13 ttft=0.205 sha=f2ccda9c86d4 early_divergence div@1 head='Standard attention mechanisms sc' tail='ze and processing speed.'
2026-09-30T04:07:26.914+00:00   [3] d0 finish=stop completion=101 chunks=42 acc=2.439(chunks) rate=23.53 ttft=0.237 sha=1b11848e8d50 early_divergence div@1 head='Standard attention mechanisms sc' tail='osts of dense attention.'
2026-09-30T04:07:26.914+00:00   [4] d0 finish=stop completion=95 chunks=41 acc=2.350(chunks) rate=22.72 ttft=0.282 sha=fd42320bee1b early_divergence div@164 head='Sparse attention mitigates the q' tail='n large language models.'
2026-09-30T04:07:26.914+00:00   [5] d0 finish=stop completion=95 chunks=42 acc=2.293(chunks) rate=22.54 ttft=0.253 sha=58bf7ad6d8bf early_divergence div@18 head='Sparse attention mechanisms sign' tail='mplex document analysis.'
2026-09-30T04:07:26.914+00:00   [6] d0 finish=stop completion=95 chunks=43 acc=2.238(chunks) rate=22.95 ttft=0.332 sha=fd42320bee1b early_divergence div@164 head='Sparse attention mitigates the q' tail='n large language models.'
2026-09-30T04:07:26.914+00:00   [7] d0 finish=stop completion=100 chunks=37 acc=2.750(chunks) rate=27.46 ttft=0.318 sha=86f9a732429d early_divergence div@1 head='Standard attention mechanisms sc' tail='osts of dense attention.'
2026-09-30T04:07:38.070+00:00 burst=long-pair kind=long n=2 stagger=0.000 coprefill=False spread=2.026 gate=- report=['slow']
2026-09-30T04:07:38.070+00:00   [0] long0 finish=stop completion=6 chunks=2 acc=5.000(chunks) rate=2.47 ttft=6.045 sha=83dab7f91bc1 slow div@None head='74354' tail='74354'
2026-09-30T04:07:38.070+00:00   [1] long1 finish=stop completion=6 chunks=2 acc=5.000(chunks) rate=65.70 ttft=8.071 sha=0ec41e567fc2 ok div@None head='79083' tail='79083'
2026-09-30T04:07:41.645+00:00 burst=image-pair kind=image n=2 stagger=0.000 coprefill=False spread=0.213 gate=- report=['early_divergence']
2026-09-30T04:07:41.645+00:00   [0] img_red finish=stop completion=11 chunks=4 acc=3.333(chunks) rate=35.33 ttft=0.146 sha=0e1c14c4131c ok div@None head='The image is filled with a solid' tail=' with a solid red color.'
2026-09-30T04:07:41.645+00:00   [1] img_blue finish=stop completion=11 chunks=4 acc=3.333(chunks) rate=48.74 ttft=0.359 sha=705b4320e3b4 early_divergence div@2 head='The image is filled with a solid' tail='with a solid blue color.'
2026-09-30T04:07:41.645+00:00 TOTALS bursts=30 streams=130 gate_bursts=0 zero_acc=0 runaway=0 first32_match=0.315 coprefill_bursts=0 per_request_spec_metrics=False
2026-09-30T04:07:41.645+00:00 NOTE: server did not return metrics.speculative_decoding on every stream; acceptance estimated from tokens per chunk (serve with --per-request-spec-decode-metrics summary)
2026-09-30T04:07:41.645+00:00 T0 PASS
