2026-09-30T11:06:31.138+00:00 bench_probe v1 url=http://127.0.0.1:8000/v1/chat/completions sizes=[2, 3, 5, 8] kinds=['identical', 'distinct'] bursts_per_shape=3 max_tokens=256
2026-09-30T11:06:33.465+00:00 ref d0 finish=stop completion=97 acc=2.341 ttft=0.157 sha=b0e372faa960 head='Sparse attention mitigates the quadratic'
2026-09-30T11:06:36.052+00:00 ref d1 finish=stop completion=75 acc=2.643 ttft=0.111 sha=4ad2d5654ca6 head='A bicycle gear system uses mechanical ad'
2026-09-30T11:06:37.748+00:00 ref d2 finish=stop completion=43 acc=3.818 ttft=0.103 sha=097672f98733 head='2, 3, 5, 7, 11, 13, 17, 19, 23, 29, 31, '
2026-09-30T11:06:40.856+00:00 ref d3 finish=stop completion=101 acc=2.632 ttft=0.103 sha=3746d913c433 head='The water cycle is like a giant, never-e'
2026-09-30T11:06:43.419+00:00 ref d4 finish=stop completion=102 acc=3.741 ttft=0.113 sha=cb9c046d4e9a head='```python\ndef fibonacci(n: int) -> int:\n'
2026-09-30T11:06:44.849+00:00 ref d5 finish=stop completion=17 acc=2.667 ttft=0.113 sha=5a881638e98d head='La bibliothèque ouvre à neuf heures et f'
2026-09-30T11:06:47.539+00:00 ref d6 finish=stop completion=72 acc=2.367 ttft=0.114 sha=86f7d76d2833 head='1. Reduce watering frequency significant'
2026-09-30T11:06:49.555+00:00 ref d7 finish=stop completion=67 acc=3.882 ttft=0.128 sha=c39be9b87ae0 head='{\n  "name": "Eiffel Tower",\n  "year": 18'
2026-09-30T11:06:55.244+00:00 ref long0 finish=stop completion=6 acc=5.000 ttft=4.642 sha=83dab7f91bc1 head='74354'
2026-09-30T11:07:00.321+00:00 ref long1 finish=stop completion=6 acc=5.000 ttft=3.981 sha=0ec41e567fc2 head='79083'
2026-09-30T11:07:01.679+00:00 ref img_red finish=stop completion=11 acc=3.333 ttft=0.195 sha=0e1c14c4131c head='The image is filled with a solid red col'
2026-09-30T11:07:03.067+00:00 ref img_blue finish=stop completion=11 acc=2.500 ttft=0.172 sha=7fa32368a223 head='This image is filled with a solid blue c'
2026-09-30T11:07:10.204+00:00 burst=identical-n2-b1 kind=identical n=2 stagger=0.000 coprefill=False spread=0.391 gate=- report=['early_divergence']
2026-09-30T11:07:10.204+00:00   [0] d0 finish=stop completion=94 chunks=47 acc=2.022(chunks) rate=30.91 ttft=0.123 sha=2774341ec8f4 early_divergence div@164 head='Sparse attention mitigates the q' tail='g performance and speed.'
2026-09-30T11:07:10.204+00:00   [1] d0 finish=stop completion=93 chunks=34 acc=2.788(chunks) rate=44.86 ttft=0.514 sha=774bf9418857 early_divergence div@1 head='Standard attention mechanisms sc' tail='tensive context windows.'
2026-09-30T11:07:16.098+00:00 burst=identical-n2-b2 kind=identical n=2 stagger=0.000 coprefill=False spread=0.165 gate=- report=['early_divergence']
2026-09-30T11:07:16.098+00:00   [0] d0 finish=stop completion=93 chunks=34 acc=2.788(chunks) rate=45.57 ttft=0.263 sha=774bf9418857 early_divergence div@1 head='Standard attention mechanisms sc' tail='tensive context windows.'
2026-09-30T11:07:16.098+00:00   [1] d0 finish=stop completion=94 chunks=47 acc=2.022(chunks) rate=33.34 ttft=0.099 sha=2774341ec8f4 early_divergence div@164 head='Sparse attention mitigates the q' tail='g performance and speed.'
2026-09-30T11:07:22.529+00:00 burst=identical-n2-b3 kind=identical n=2 stagger=0.000 coprefill=True spread=0.000 gate=- report=['early_divergence']
2026-09-30T11:07:22.529+00:00   [0] d0 finish=stop completion=95 chunks=47 acc=2.043(chunks) rate=33.08 ttft=0.515 sha=f231686bb8ae early_divergence div@17 head='Sparse attention significantly e' tail=' contextual information.'
2026-09-30T11:07:22.529+00:00   [1] d0 finish=stop completion=105 chunks=48 acc=2.213(chunks) rate=35.72 ttft=0.515 sha=4c77871f8919 early_divergence div@17 head='Sparse attention significantly e' tail='or real-world use cases.'
2026-09-30T11:07:28.403+00:00 burst=distinct-n2-b1 kind=distinct n=2 stagger=0.000 coprefill=False spread=0.151 gate=- report=['early_divergence']
2026-09-30T11:07:28.403+00:00   [0] d0 finish=stop completion=95 chunks=46 acc=2.089(chunks) rate=33.97 ttft=0.101 sha=fd42320bee1b early_divergence div@164 head='Sparse attention mitigates the q' tail='n large language models.'
2026-09-30T11:07:28.403+00:00   [1] d1 finish=stop completion=75 chunks=31 acc=2.467(chunks) rate=37.66 ttft=0.252 sha=eadf9933adfc early_divergence div@80 head='A bicycle gear system uses mecha' tail='wer for varying terrain.'
2026-09-30T11:07:34.345+00:00 burst=distinct-n2-b2 kind=distinct n=2 stagger=0.000 coprefill=False spread=0.157 gate=- report=['early_divergence']
2026-09-30T11:07:34.345+00:00   [0] d0 finish=stop completion=95 chunks=46 acc=2.089(chunks) rate=33.18 ttft=0.102 sha=fd42320bee1b early_divergence div@164 head='Sparse attention mitigates the q' tail='n large language models.'
2026-09-30T11:07:34.345+00:00   [1] d1 finish=stop completion=75 chunks=31 acc=2.467(chunks) rate=37.62 ttft=0.259 sha=eadf9933adfc early_divergence div@80 head='A bicycle gear system uses mecha' tail='wer for varying terrain.'
2026-09-30T11:07:40.220+00:00 burst=distinct-n2-b3 kind=distinct n=2 stagger=0.000 coprefill=False spread=0.156 gate=- report=['early_divergence']
2026-09-30T11:07:40.220+00:00   [0] d0 finish=stop completion=95 chunks=46 acc=2.089(chunks) rate=33.96 ttft=0.101 sha=fd42320bee1b early_divergence div@164 head='Sparse attention mitigates the q' tail='n large language models.'
2026-09-30T11:07:40.220+00:00   [1] d1 finish=stop completion=75 chunks=31 acc=2.467(chunks) rate=37.86 ttft=0.257 sha=eadf9933adfc early_divergence div@80 head='A bicycle gear system uses mecha' tail='wer for varying terrain.'
2026-09-30T11:07:46.669+00:00 burst=identical-n3-b1 kind=identical n=3 stagger=0.000 coprefill=False spread=0.172 gate=- report=['early_divergence']
2026-09-30T11:07:46.669+00:00   [0] d0 finish=stop completion=95 chunks=45 acc=2.136(chunks) rate=30.22 ttft=0.105 sha=62032dac1eb1 early_divergence div@164 head='Sparse attention mitigates the q' tail='n large language models.'
2026-09-30T11:07:46.669+00:00   [1] d0 finish=stop completion=94 chunks=39 acc=2.447(chunks) rate=34.83 ttft=0.277 sha=3bf26d1e5286 early_divergence div@1 head='Standard attention mechanisms sc' tail='ing extensive documents.'
2026-09-30T11:07:46.669+00:00   [2] d0 finish=stop completion=95 chunks=47 acc=2.043(chunks) rate=29.68 ttft=0.277 sha=f231686bb8ae early_divergence div@17 head='Sparse attention significantly e' tail=' contextual information.'
2026-09-30T11:07:53.100+00:00 burst=identical-n3-b2 kind=identical n=3 stagger=0.000 coprefill=False spread=0.168 gate=- report=['early_divergence']
2026-09-30T11:07:53.100+00:00   [0] d0 finish=stop completion=95 chunks=45 acc=2.136(chunks) rate=30.40 ttft=0.105 sha=62032dac1eb1 early_divergence div@164 head='Sparse attention mitigates the q' tail='n large language models.'
2026-09-30T11:07:53.100+00:00   [1] d0 finish=stop completion=95 chunks=47 acc=2.043(chunks) rate=29.83 ttft=0.272 sha=f231686bb8ae early_divergence div@17 head='Sparse attention significantly e' tail=' contextual information.'
2026-09-30T11:07:53.100+00:00   [2] d0 finish=stop completion=94 chunks=39 acc=2.447(chunks) rate=34.96 ttft=0.273 sha=3bf26d1e5286 early_divergence div@1 head='Standard attention mechanisms sc' tail='ing extensive documents.'
2026-09-30T11:07:59.530+00:00 burst=identical-n3-b3 kind=identical n=3 stagger=0.000 coprefill=False spread=0.172 gate=- report=['early_divergence']
2026-09-30T11:07:59.530+00:00   [0] d0 finish=stop completion=95 chunks=45 acc=2.136(chunks) rate=30.35 ttft=0.101 sha=62032dac1eb1 early_divergence div@164 head='Sparse attention mitigates the q' tail='n large language models.'
2026-09-30T11:07:59.530+00:00   [1] d0 finish=stop completion=95 chunks=47 acc=2.043(chunks) rate=29.83 ttft=0.274 sha=f231686bb8ae early_divergence div@17 head='Sparse attention significantly e' tail=' contextual information.'
2026-09-30T11:07:59.530+00:00   [2] d0 finish=stop completion=94 chunks=39 acc=2.447(chunks) rate=34.95 ttft=0.273 sha=3bf26d1e5286 early_divergence div@1 head='Standard attention mechanisms sc' tail='ing extensive documents.'
2026-09-30T11:08:05.736+00:00 burst=distinct-n3-b1 kind=distinct n=3 stagger=0.000 coprefill=False spread=0.173 gate=- report=['early_divergence']
2026-09-30T11:08:05.736+00:00   [0] d0 finish=stop completion=105 chunks=47 acc=2.261(chunks) rate=35.57 ttft=0.276 sha=4c77871f8919 early_divergence div@17 head='Sparse attention significantly e' tail='or real-world use cases.'
2026-09-30T11:08:05.736+00:00   [1] d1 finish=stop completion=74 chunks=33 acc=2.281(chunks) rate=33.62 ttft=0.276 sha=02dbae298851 ok div@165 head='A bicycle gear system uses mecha' tail='torque for higher speed.'
2026-09-30T11:08:05.736+00:00   [2] d2 finish=stop completion=43 chunks=12 acc=3.818(chunks) rate=48.46 ttft=0.103 sha=097672f98733 ok div@None head='2, 3, 5, 7, 11, 13, 17, 19, 23, ' tail=', 17, 19, 23, 29, 31, 37'
2026-09-30T11:08:11.874+00:00 burst=distinct-n3-b2 kind=distinct n=3 stagger=0.000 coprefill=False spread=0.174 gate=- report=['early_divergence']
2026-09-30T11:08:11.874+00:00   [0] d0 finish=stop completion=94 chunks=47 acc=2.022(chunks) rate=30.67 ttft=0.100 sha=2774341ec8f4 early_divergence div@164 head='Sparse attention mitigates the q' tail='g performance and speed.'
2026-09-30T11:08:11.874+00:00   [1] d1 finish=stop completion=76 chunks=35 acc=2.206(chunks) rate=32.36 ttft=0.273 sha=e8a944e43d20 early_divergence div@80 head='A bicycle gear system uses mecha' tail=' for varying conditions.'
2026-09-30T11:08:11.874+00:00   [2] d2 finish=stop completion=43 chunks=12 acc=3.818(chunks) rate=49.87 ttft=0.274 sha=097672f98733 ok div@None head='2, 3, 5, 7, 11, 13, 17, 19, 23, ' tail=', 17, 19, 23, 29, 31, 37'
2026-09-30T11:08:18.072+00:00 burst=distinct-n3-b3 kind=distinct n=3 stagger=0.000 coprefill=False spread=0.183 gate=- report=['early_divergence']
2026-09-30T11:08:18.072+00:00   [0] d0 finish=stop completion=105 chunks=47 acc=2.261(chunks) rate=35.64 ttft=0.275 sha=4c77871f8919 early_divergence div@17 head='Sparse attention significantly e' tail='or real-world use cases.'
2026-09-30T11:08:18.072+00:00   [1] d1 finish=stop completion=74 chunks=33 acc=2.281(chunks) rate=33.88 ttft=0.275 sha=02dbae298851 ok div@165 head='A bicycle gear system uses mecha' tail='torque for higher speed.'
2026-09-30T11:08:18.072+00:00   [2] d2 finish=stop completion=43 chunks=12 acc=3.818(chunks) rate=48.09 ttft=0.092 sha=097672f98733 ok div@None head='2, 3, 5, 7, 11, 13, 17, 19, 23, ' tail=', 17, 19, 23, 29, 31, 37'
2026-09-30T11:08:25.008+00:00 burst=identical-n5-b1 kind=identical n=5 stagger=0.000 coprefill=False spread=0.224 gate=- report=['early_divergence']
2026-09-30T11:08:25.008+00:00   [0] d0 finish=stop completion=94 chunks=42 acc=2.268(chunks) rate=28.23 ttft=0.326 sha=c6257057fc76 early_divergence div@1 head='Standard attention mechanisms sc' tail='ical application limits.'
2026-09-30T11:08:25.008+00:00   [1] d0 finish=stop completion=96 chunks=44 acc=2.209(chunks) rate=27.45 ttft=0.325 sha=7086bc8c0441 early_divergence div@1 head='Standard attention mechanisms sc' tail='ming hardware resources.'
2026-09-30T11:08:25.008+00:00   [2] d0 finish=stop completion=94 chunks=45 acc=2.114(chunks) rate=26.29 ttft=0.325 sha=5ea913999162 ok div@241 head='Sparse attention mitigates the q' tail='ormance and scalability.'
2026-09-30T11:08:25.008+00:00   [3] d0 finish=stop completion=97 chunks=46 acc=2.133(chunks) rate=26.66 ttft=0.326 sha=6381d2b59382 early_divergence div@17 head='Sparse attention significantly e' tail='ong-context AI feasible.'
2026-09-30T11:08:25.008+00:00   [4] d0 finish=stop completion=94 chunks=45 acc=2.114(chunks) rate=25.82 ttft=0.102 sha=9e1e92f41e6c early_divergence div@164 head='Sparse attention mitigates the q' tail='ormance and scalability.'
2026-09-30T11:08:31.966+00:00 burst=identical-n5-b2 kind=identical n=5 stagger=0.000 coprefill=False spread=0.203 gate=- report=['early_divergence']
2026-09-30T11:08:31.966+00:00   [0] d0 finish=stop completion=97 chunks=46 acc=2.133(chunks) rate=26.59 ttft=0.339 sha=6381d2b59382 early_divergence div@17 head='Sparse attention significantly e' tail='ong-context AI feasible.'
2026-09-30T11:08:31.966+00:00   [1] d0 finish=stop completion=96 chunks=44 acc=2.209(chunks) rate=27.37 ttft=0.338 sha=7086bc8c0441 early_divergence div@1 head='Standard attention mechanisms sc' tail='ming hardware resources.'
2026-09-30T11:08:31.966+00:00   [2] d0 finish=stop completion=94 chunks=42 acc=2.268(chunks) rate=28.15 ttft=0.339 sha=c6257057fc76 early_divergence div@1 head='Standard attention mechanisms sc' tail='ical application limits.'
2026-09-30T11:08:31.967+00:00   [3] d0 finish=stop completion=94 chunks=45 acc=2.114(chunks) rate=26.24 ttft=0.340 sha=5ea913999162 ok div@241 head='Sparse attention mitigates the q' tail='ormance and scalability.'
2026-09-30T11:08:31.967+00:00   [4] d0 finish=stop completion=94 chunks=45 acc=2.114(chunks) rate=25.90 ttft=0.137 sha=9e1e92f41e6c early_divergence div@164 head='Sparse attention mitigates the q' tail='ormance and scalability.'
2026-09-30T11:08:38.893+00:00 burst=identical-n5-b3 kind=identical n=5 stagger=0.000 coprefill=False spread=0.205 gate=- report=['early_divergence']
2026-09-30T11:08:38.893+00:00   [0] d0 finish=stop completion=96 chunks=44 acc=2.209(chunks) rate=27.38 ttft=0.311 sha=7086bc8c0441 early_divergence div@1 head='Standard attention mechanisms sc' tail='ming hardware resources.'
2026-09-30T11:08:38.893+00:00   [1] d0 finish=stop completion=94 chunks=45 acc=2.114(chunks) rate=26.25 ttft=0.311 sha=5ea913999162 ok div@241 head='Sparse attention mitigates the q' tail='ormance and scalability.'
2026-09-30T11:08:38.893+00:00   [2] d0 finish=stop completion=94 chunks=42 acc=2.268(chunks) rate=28.20 ttft=0.312 sha=c6257057fc76 early_divergence div@1 head='Standard attention mechanisms sc' tail='ical application limits.'
2026-09-30T11:08:38.893+00:00   [3] d0 finish=stop completion=97 chunks=46 acc=2.133(chunks) rate=26.61 ttft=0.311 sha=6381d2b59382 early_divergence div@17 head='Sparse attention significantly e' tail='ong-context AI feasible.'
2026-09-30T11:08:38.893+00:00   [4] d0 finish=stop completion=94 chunks=45 acc=2.114(chunks) rate=25.91 ttft=0.107 sha=9e1e92f41e6c early_divergence div@164 head='Sparse attention mitigates the q' tail='ormance and scalability.'
2026-09-30T11:08:45.696+00:00 burst=distinct-n5-b1 kind=distinct n=5 stagger=0.000 coprefill=False spread=0.220 gate=- report=['early_divergence']
2026-09-30T11:08:45.696+00:00   [0] d0 finish=stop completion=99 chunks=47 acc=2.130(chunks) rate=28.18 ttft=0.313 sha=8a21f2abbf4c early_divergence div@1 head='Standard attention mechanisms sc' tail='actical resource limits.'
2026-09-30T11:08:45.696+00:00   [1] d1 finish=stop completion=65 chunks=27 acc=2.462(chunks) rate=28.11 ttft=0.312 sha=3d599a0312f2 early_divergence div@77 head='A bicycle gear system uses mecha' tail=' for varying conditions.'
2026-09-30T11:08:45.696+00:00   [2] d2 finish=stop completion=43 chunks=12 acc=3.818(chunks) rate=38.97 ttft=0.094 sha=097672f98733 ok div@None head='2, 3, 5, 7, 11, 13, 17, 19, 23, ' tail=', 17, 19, 23, 29, 31, 37'
2026-09-30T11:08:45.696+00:00   [3] d3 finish=stop completion=93 chunks=36 acc=2.629(chunks) rate=32.00 ttft=0.313 sha=f86a2f29626c early_divergence div@4 head='The sun warms up the water in oc' tail=' journey all over again.'
2026-09-30T11:08:45.696+00:00   [4] d4 finish=stop completion=102 chunks=27 acc=3.885(chunks) rate=42.83 ttft=0.313 sha=cb9c046d4e9a ok div@None head='```python\ndef fibonacci(n: int) ' tail=', a + b\n    return b\n```'
2026-09-30T11:08:52.613+00:00 burst=distinct-n5-b2 kind=distinct n=5 stagger=0.000 coprefill=False spread=0.250 gate=- report=['early_divergence']
2026-09-30T11:08:52.613+00:00   [0] d0 finish=stop completion=101 chunks=45 acc=2.273(chunks) rate=28.05 ttft=0.343 sha=e8ad1b8799a4 early_divergence div@1 head='Standard attention mechanisms sc' tail='d resource requirements.'
2026-09-30T11:08:52.613+00:00   [1] d1 finish=stop completion=75 chunks=36 acc=2.114(chunks) rate=24.99 ttft=0.343 sha=f3ffb2d193e4 early_divergence div@80 head='A bicycle gear system uses mecha' tail='g speed on flat terrain.'
2026-09-30T11:08:52.613+00:00   [2] d2 finish=stop completion=43 chunks=12 acc=3.818(chunks) rate=40.02 ttft=0.343 sha=097672f98733 ok div@None head='2, 3, 5, 7, 11, 13, 17, 19, 23, ' tail=', 17, 19, 23, 29, 31, 37'
2026-09-30T11:08:52.613+00:00   [3] d3 finish=stop completion=103 chunks=41 acc=2.550(chunks) rate=30.12 ttft=0.189 sha=3c6616b7f376 early_divergence div@16 head='The water cycle starts when the ' tail='the whole journey again.'
2026-09-30T11:08:52.613+00:00   [4] d4 finish=stop completion=102 chunks=26 acc=4.040(chunks) rate=42.39 ttft=0.093 sha=cb9c046d4e9a ok div@None head='```python\ndef fibonacci(n: int) ' tail=', a + b\n    return b\n```'
2026-09-30T11:08:58.829+00:00 burst=distinct-n5-b3 kind=distinct n=5 stagger=0.000 coprefill=False spread=0.216 gate=- report=['early_divergence']
2026-09-30T11:08:58.829+00:00   [0] d0 finish=stop completion=92 chunks=35 acc=2.676(chunks) rate=31.43 ttft=0.312 sha=ba409499c5af early_divergence div@1 head='Standard attention mechanisms sc' tail='tensive context windows.'
2026-09-30T11:08:58.829+00:00   [1] d1 finish=stop completion=78 chunks=34 acc=2.333(chunks) rate=27.31 ttft=0.311 sha=3173bb0cb3ca ok div@200 head='A bicycle gear system uses mecha' tail='ess mechanical leverage.'
2026-09-30T11:08:58.829+00:00   [2] d2 finish=stop completion=43 chunks=12 acc=3.818(chunks) rate=40.13 ttft=0.311 sha=097672f98733 ok div@None head='2, 3, 5, 7, 11, 13, 17, 19, 23, ' tail=', 17, 19, 23, 29, 31, 37'
2026-09-30T11:08:58.829+00:00   [3] d3 finish=stop completion=89 chunks=35 acc=2.588(chunks) rate=30.39 ttft=0.311 sha=0596173be865 early_divergence div@4 head='The sun warms up the water in oc' tail=' journey all over again.'
2026-09-30T11:08:58.829+00:00   [4] d4 finish=stop completion=102 chunks=27 acc=3.885(chunks) rate=42.76 ttft=0.097 sha=d3af644442cd early_divergence div@80 head='```python\ndef fibonacci(n: int) ' tail=', a + b\n    return b\n```'
2026-09-30T11:09:06.395+00:00 burst=identical-n8-b1 kind=identical n=8 stagger=0.000 coprefill=False spread=0.237 gate=- report=['early_divergence']
2026-09-30T11:09:06.395+00:00   [0] d0 finish=stop completion=95 chunks=39 acc=2.474(chunks) rate=27.74 ttft=0.345 sha=30da1fd13f33 early_divergence div@1 head='Standard attention mechanisms sc' tail='pplication requirements.'
2026-09-30T11:09:06.395+00:00   [1] d0 finish=stop completion=90 chunks=39 acc=2.342(chunks) rate=26.26 ttft=0.347 sha=74645c0c0861 early_divergence div@1 head='Standard attention mechanisms sc' tail='ontextual understanding.'
2026-09-30T11:09:06.395+00:00   [2] d0 finish=stop completion=94 chunks=40 acc=2.385(chunks) rate=26.82 ttft=0.347 sha=ae36ad6fd27b early_divergence div@1 head='Standard attention mechanisms sc' tail='pplication requirements.'
2026-09-30T11:09:06.395+00:00   [3] d0 finish=stop completion=93 chunks=35 acc=2.706(chunks) rate=29.66 ttft=0.348 sha=4894a43dbae9 early_divergence div@1 head='Standard attention mechanisms sc' tail='complex reasoning tasks.'
2026-09-30T11:09:06.395+00:00   [4] d0 finish=stop completion=103 chunks=52 acc=2.000(chunks) rate=24.23 ttft=0.346 sha=e694b3323d24 early_divergence div@17 head='Sparse attention significantly e' tail='nt long-range reasoning.'
2026-09-30T11:09:06.395+00:00   [5] d0 finish=stop completion=91 chunks=42 acc=2.195(chunks) rate=24.86 ttft=0.347 sha=29dbd9358c10 early_divergence div@132 head='Sparse attention mitigates the q' tail='real-world applications.'
2026-09-30T11:09:06.395+00:00   [6] d0 finish=stop completion=93 chunks=37 acc=2.556(chunks) rate=28.79 ttft=0.347 sha=ca53988def6a early_divergence div@1 head='Standard attention mechanisms sc' tail='tensive context windows.'
2026-09-30T11:09:06.395+00:00   [7] d0 finish=stop completion=101 chunks=47 acc=2.174(chunks) rate=24.65 ttft=0.111 sha=4bfa1bf64b96 early_divergence div@193 head='Sparse attention mitigates the q' tail='complex reasoning tasks.'
2026-09-30T11:09:13.948+00:00 burst=identical-n8-b2 kind=identical n=8 stagger=0.000 coprefill=False spread=0.235 gate=- report=['early_divergence']
2026-09-30T11:09:13.948+00:00   [0] d0 finish=stop completion=90 chunks=39 acc=2.342(chunks) rate=26.43 ttft=0.344 sha=74645c0c0861 early_divergence div@1 head='Standard attention mechanisms sc' tail='ontextual understanding.'
2026-09-30T11:09:13.948+00:00   [1] d0 finish=stop completion=103 chunks=52 acc=2.000(chunks) rate=24.30 ttft=0.343 sha=e694b3323d24 early_divergence div@17 head='Sparse attention significantly e' tail='nt long-range reasoning.'
2026-09-30T11:09:13.948+00:00   [2] d0 finish=stop completion=94 chunks=40 acc=2.385(chunks) rate=26.91 ttft=0.342 sha=ae36ad6fd27b early_divergence div@1 head='Standard attention mechanisms sc' tail='pplication requirements.'
2026-09-30T11:09:13.948+00:00   [3] d0 finish=stop completion=91 chunks=42 acc=2.195(chunks) rate=24.94 ttft=0.343 sha=29dbd9358c10 early_divergence div@132 head='Sparse attention mitigates the q' tail='real-world applications.'
2026-09-30T11:09:13.948+00:00   [4] d0 finish=stop completion=93 chunks=37 acc=2.556(chunks) rate=28.87 ttft=0.343 sha=ca53988def6a early_divergence div@1 head='Standard attention mechanisms sc' tail='tensive context windows.'
2026-09-30T11:09:13.948+00:00   [5] d0 finish=stop completion=93 chunks=35 acc=2.706(chunks) rate=29.80 ttft=0.344 sha=4894a43dbae9 early_divergence div@1 head='Standard attention mechanisms sc' tail='complex reasoning tasks.'
2026-09-30T11:09:13.948+00:00   [6] d0 finish=stop completion=95 chunks=39 acc=2.474(chunks) rate=27.92 ttft=0.342 sha=30da1fd13f33 early_divergence div@1 head='Standard attention mechanisms sc' tail='pplication requirements.'
2026-09-30T11:09:13.948+00:00   [7] d0 finish=stop completion=101 chunks=47 acc=2.174(chunks) rate=24.71 ttft=0.110 sha=4bfa1bf64b96 early_divergence div@193 head='Sparse attention mitigates the q' tail='complex reasoning tasks.'
2026-09-30T11:09:21.488+00:00 burst=identical-n8-b3 kind=identical n=8 stagger=0.000 coprefill=False spread=0.234 gate=- report=['early_divergence']
2026-09-30T11:09:21.488+00:00   [0] d0 finish=stop completion=93 chunks=37 acc=2.556(chunks) rate=28.87 ttft=0.344 sha=ca53988def6a early_divergence div@1 head='Standard attention mechanisms sc' tail='tensive context windows.'
2026-09-30T11:09:21.488+00:00   [1] d0 finish=stop completion=103 chunks=52 acc=2.000(chunks) rate=24.37 ttft=0.343 sha=e694b3323d24 early_divergence div@17 head='Sparse attention significantly e' tail='nt long-range reasoning.'
2026-09-30T11:09:21.488+00:00   [2] d0 finish=stop completion=93 chunks=35 acc=2.706(chunks) rate=29.77 ttft=0.345 sha=4894a43dbae9 early_divergence div@1 head='Standard attention mechanisms sc' tail='complex reasoning tasks.'
2026-09-30T11:09:21.488+00:00   [3] d0 finish=stop completion=101 chunks=47 acc=2.174(chunks) rate=24.74 ttft=0.111 sha=4bfa1bf64b96 early_divergence div@193 head='Sparse attention mitigates the q' tail='complex reasoning tasks.'
2026-09-30T11:09:21.488+00:00   [4] d0 finish=stop completion=90 chunks=39 acc=2.342(chunks) rate=26.43 ttft=0.344 sha=74645c0c0861 early_divergence div@1 head='Standard attention mechanisms sc' tail='ontextual understanding.'
2026-09-30T11:09:21.488+00:00   [5] d0 finish=stop completion=95 chunks=39 acc=2.474(chunks) rate=27.90 ttft=0.342 sha=30da1fd13f33 early_divergence div@1 head='Standard attention mechanisms sc' tail='pplication requirements.'
2026-09-30T11:09:21.488+00:00   [6] d0 finish=stop completion=91 chunks=42 acc=2.195(chunks) rate=24.95 ttft=0.344 sha=29dbd9358c10 early_divergence div@132 head='Sparse attention mitigates the q' tail='real-world applications.'
2026-09-30T11:09:21.488+00:00   [7] d0 finish=stop completion=94 chunks=40 acc=2.385(chunks) rate=26.89 ttft=0.344 sha=ae36ad6fd27b early_divergence div@1 head='Standard attention mechanisms sc' tail='pplication requirements.'
2026-09-30T11:09:28.451+00:00 burst=distinct-n8-b1 kind=distinct n=8 stagger=0.000 coprefill=False spread=0.268 gate=- report=['early_divergence']
2026-09-30T11:09:28.451+00:00   [0] d0 finish=stop completion=91 chunks=37 acc=2.500(chunks) rate=26.12 ttft=0.388 sha=28ad902a80be early_divergence div@1 head='Standard attention mechanisms sc' tail='al hardware constraints.'
2026-09-30T11:09:28.451+00:00   [1] d1 finish=stop completion=65 chunks=29 acc=2.286(chunks) rate=21.49 ttft=0.388 sha=3d599a0312f2 early_divergence div@77 head='A bicycle gear system uses mecha' tail=' for varying conditions.'
2026-09-30T11:09:28.451+00:00   [2] d2 finish=stop completion=43 chunks=12 acc=3.818(chunks) rate=33.86 ttft=0.388 sha=097672f98733 ok div@None head='2, 3, 5, 7, 11, 13, 17, 19, 23, ' tail=', 17, 19, 23, 29, 31, 37'
2026-09-30T11:09:28.451+00:00   [3] d3 finish=stop completion=100 chunks=39 acc=2.605(chunks) rate=27.75 ttft=0.386 sha=b4a349ff508d early_divergence div@16 head='The water cycle starts when the ' tail='the whole journey again.'
2026-09-30T11:09:28.451+00:00   [4] d4 finish=stop completion=102 chunks=26 acc=4.040(chunks) rate=37.13 ttft=0.385 sha=cb9c046d4e9a ok div@None head='```python\ndef fibonacci(n: int) ' tail=', a + b\n    return b\n```'
2026-09-30T11:09:28.451+00:00   [5] d5 finish=stop completion=19 chunks=8 acc=2.571(chunks) rate=21.41 ttft=0.120 sha=fbd9a6af1079 early_divergence div@63 head='La bibliothèque ouvre à neuf heu' tail='res les jours ouvrables.'
2026-09-30T11:09:28.451+00:00   [6] d6 finish=stop completion=71 chunks=30 acc=2.414(chunks) rate=23.50 ttft=0.387 sha=42d947df928a ok div@323 head='1. Reduce watering frequency sig' tail=' shorter daylight hours.'
2026-09-30T11:09:28.451+00:00   [7] d7 finish=stop completion=78 chunks=23 acc=3.500(chunks) rate=32.87 ttft=0.388 sha=a34cc3d3701c ok div@61 head='{\n  "name": "Eiffel Tower",\n  "y' tail='re",\n    "tourism"\n  ]\n}'
2026-09-30T11:09:35.388+00:00 burst=distinct-n8-b2 kind=distinct n=8 stagger=0.000 coprefill=False spread=0.263 gate=- report=['early_divergence']
2026-09-30T11:09:35.388+00:00   [0] d0 finish=stop completion=94 chunks=38 acc=2.514(chunks) rate=26.58 ttft=0.363 sha=ae36ad6fd27b early_divergence div@1 head='Standard attention mechanisms sc' tail='pplication requirements.'
2026-09-30T11:09:35.388+00:00   [1] d1 finish=stop completion=69 chunks=31 acc=2.267(chunks) rate=22.40 ttft=0.363 sha=94638723e9c9 early_divergence div@80 head='A bicycle gear system uses mecha' tail=' to overcome resistance.'
2026-09-30T11:09:35.388+00:00   [2] d2 finish=stop completion=43 chunks=12 acc=3.818(chunks) rate=33.93 ttft=0.363 sha=097672f98733 ok div@None head='2, 3, 5, 7, 11, 13, 17, 19, 23, ' tail=', 17, 19, 23, 29, 31, 37'
2026-09-30T11:09:35.388+00:00   [3] d3 finish=stop completion=102 chunks=39 acc=2.658(chunks) rate=28.35 ttft=0.362 sha=13787128752e early_divergence div@16 head='The water cycle starts when the ' tail=' journey all over again.'
2026-09-30T11:09:35.388+00:00   [4] d4 finish=stop completion=102 chunks=27 acc=3.885(chunks) rate=37.55 ttft=0.363 sha=cb9c046d4e9a ok div@None head='```python\ndef fibonacci(n: int) ' tail=', a + b\n    return b\n```'
2026-09-30T11:09:35.388+00:00   [5] d5 finish=stop completion=17 chunks=7 acc=2.667(chunks) rate=23.43 ttft=0.363 sha=5a881638e98d ok div@None head='La bibliothèque ouvre à neuf heu' tail='-huit heures en semaine.'
2026-09-30T11:09:35.388+00:00   [6] d6 finish=stop completion=70 chunks=33 acc=2.156(chunks) rate=20.92 ttft=0.101 sha=6ed0508ab41c ok div@189 head='1. Reduce watering frequency sig' tail='ensate for shorter days.'
2026-09-30T11:09:35.389+00:00   [7] d7 finish=stop completion=67 chunks=19 acc=3.667(chunks) rate=33.99 ttft=0.364 sha=c39be9b87ae0 ok div@None head='{\n  "name": "Eiffel Tower",\n  "y' tail='re",\n    "Tourism"\n  ]\n}'
2026-09-30T11:09:42.370+00:00 burst=distinct-n8-b3 kind=distinct n=8 stagger=0.000 coprefill=False spread=0.266 gate=- report=['early_divergence']
2026-09-30T11:09:42.370+00:00   [0] d0 finish=stop completion=94 chunks=40 acc=2.385(chunks) rate=25.78 ttft=0.367 sha=ae36ad6fd27b early_divergence div@1 head='Standard attention mechanisms sc' tail='pplication requirements.'
2026-09-30T11:09:42.370+00:00   [1] d1 finish=stop completion=70 chunks=30 acc=2.379(chunks) rate=21.95 ttft=0.101 sha=c989adf4b4cc ok div@201 head='A bicycle gear system uses mecha' tail=' speed for flat terrain.'
2026-09-30T11:09:42.370+00:00   [2] d2 finish=stop completion=43 chunks=12 acc=3.818(chunks) rate=33.91 ttft=0.366 sha=097672f98733 ok div@None head='2, 3, 5, 7, 11, 13, 17, 19, 23, ' tail=', 17, 19, 23, 29, 31, 37'
2026-09-30T11:09:42.370+00:00   [3] d3 finish=stop completion=91 chunks=37 acc=2.500(chunks) rate=26.21 ttft=0.366 sha=a6af0a675d63 early_divergence div@26 head='The water cycle is like a never-' tail='the trip all over again.'
2026-09-30T11:09:42.370+00:00   [4] d4 finish=stop completion=102 chunks=27 acc=3.885(chunks) rate=37.41 ttft=0.366 sha=cb9c046d4e9a ok div@None head='```python\ndef fibonacci(n: int) ' tail=', a + b\n    return b\n```'
2026-09-30T11:09:42.370+00:00   [5] d5 finish=stop completion=17 chunks=7 acc=2.667(chunks) rate=23.21 ttft=0.366 sha=5a881638e98d ok div@None head='La bibliothèque ouvre à neuf heu' tail='-huit heures en semaine.'
2026-09-30T11:09:42.370+00:00   [6] d6 finish=stop completion=70 chunks=30 acc=2.379(chunks) rate=22.73 ttft=0.366 sha=bb8b3c4d6aad ok div@205 head='1. Reduce watering frequency sig' tail=' shorter daylight hours.'
2026-09-30T11:09:42.370+00:00   [7] d7 finish=stop completion=67 chunks=18 acc=3.882(chunks) rate=35.42 ttft=0.367 sha=c39be9b87ae0 ok div@None head='{\n  "name": "Eiffel Tower",\n  "y' tail='re",\n    "Tourism"\n  ]\n}'
2026-09-30T11:09:47.968+00:00 burst=staggered-identical-n2 kind=identical n=2 stagger=0.250 coprefill=False spread=0.314 gate=- report=['early_divergence']
2026-09-30T11:09:47.968+00:00   [0] d0 finish=stop completion=95 chunks=41 acc=2.350(chunks) rate=38.27 ttft=0.132 sha=26e6979e3e7e ok div@333 head='Sparse attention mitigates the q' tail='n large language models.'
2026-09-30T11:09:47.968+00:00   [1] d0 finish=stop completion=93 chunks=34 acc=2.788(chunks) rate=45.49 ttft=0.196 sha=774bf9418857 early_divergence div@1 head='Standard attention mechanisms sc' tail='tensive context windows.'
2026-09-30T11:09:54.140+00:00 burst=staggered-distinct-n3 kind=distinct n=3 stagger=0.250 coprefill=False spread=0.614 gate=- report=['early_divergence']
2026-09-30T11:09:54.140+00:00   [0] d0 finish=stop completion=99 chunks=47 acc=2.130(chunks) rate=31.96 ttft=0.100 sha=b4f847211dde early_divergence div@164 head='Sparse attention mitigates the q' tail='processing applications.'
2026-09-30T11:09:54.140+00:00   [1] d1 finish=stop completion=78 chunks=37 acc=2.139(chunks) rate=31.17 ttft=0.168 sha=7001d85664e3 ok div@201 head='A bicycle gear system uses mecha' tail='ess mechanical leverage.'
2026-09-30T11:09:54.140+00:00   [2] d2 finish=stop completion=43 chunks=12 acc=3.818(chunks) rate=50.00 ttft=0.213 sha=097672f98733 ok div@None head='2, 3, 5, 7, 11, 13, 17, 19, 23, ' tail=', 17, 19, 23, 29, 31, 37'
2026-09-30T11:10:01.208+00:00 burst=staggered-distinct-n5 kind=distinct n=5 stagger=0.250 coprefill=False spread=1.172 gate=- report=['early_divergence']
2026-09-30T11:10:01.208+00:00   [0] d0 finish=stop completion=100 chunks=45 acc=2.250(chunks) rate=27.66 ttft=0.100 sha=ce4119481111 early_divergence div@164 head='Sparse attention mitigates the q' tail='n large language models.'
2026-09-30T11:10:01.208+00:00   [1] d1 finish=stop completion=75 chunks=31 acc=2.467(chunks) rate=28.62 ttft=0.166 sha=c83f84f02cda ok div@373 head='A bicycle gear system uses mecha' tail='l for flat, fast riding.'
2026-09-30T11:10:01.208+00:00   [2] d2 finish=stop completion=43 chunks=12 acc=3.818(chunks) rate=40.67 ttft=0.209 sha=097672f98733 ok div@None head='2, 3, 5, 7, 11, 13, 17, 19, 23, ' tail=', 17, 19, 23, 29, 31, 37'
2026-09-30T11:10:01.208+00:00   [3] d3 finish=stop completion=101 chunks=40 acc=2.564(chunks) rate=32.44 ttft=0.228 sha=a5cb9def895f early_divergence div@16 head='The water cycle starts when the ' tail=' journey all over again.'
2026-09-30T11:10:01.208+00:00   [4] d4 finish=stop completion=102 chunks=28 acc=3.741(chunks) rate=44.56 ttft=0.272 sha=cb9c046d4e9a ok div@None head='```python\ndef fibonacci(n: int) ' tail=', a + b\n    return b\n```'
2026-09-30T11:10:09.528+00:00 burst=staggered-identical-n8 kind=identical n=8 stagger=0.250 coprefill=False spread=1.965 gate=- report=['early_divergence']
2026-09-30T11:10:09.528+00:00   [0] d0 finish=stop completion=97 chunks=42 acc=2.341(chunks) rate=26.51 ttft=0.100 sha=5bccc33e6e83 early_divergence div@193 head='Sparse attention mitigates the q' tail='n large language models.'
2026-09-30T11:10:09.528+00:00   [1] d0 finish=stop completion=96 chunks=39 acc=2.500(chunks) rate=26.49 ttft=0.166 sha=1ce2e3b94727 early_divergence div@1 head='Standard attention mechanisms sc' tail='ucing inference latency.'
2026-09-30T11:10:09.528+00:00   [2] d0 finish=stop completion=95 chunks=39 acc=2.474(chunks) rate=26.32 ttft=0.209 sha=30da1fd13f33 early_divergence div@1 head='Standard attention mechanisms sc' tail='pplication requirements.'
2026-09-30T11:10:09.529+00:00   [3] d0 finish=stop completion=92 chunks=34 acc=2.758(chunks) rate=28.28 ttft=0.223 sha=d347660dc6fd early_divergence div@1 head='Standard attention mechanisms sc' tail='onstrained environments.'
2026-09-30T11:10:09.529+00:00   [4] d0 finish=stop completion=91 chunks=38 acc=2.432(chunks) rate=26.23 ttft=0.242 sha=28ad902a80be early_divergence div@1 head='Standard attention mechanisms sc' tail='al hardware constraints.'
2026-09-30T11:10:09.529+00:00   [5] d0 finish=stop completion=96 chunks=44 acc=2.209(chunks) rate=25.19 ttft=0.290 sha=489a49d1db88 early_divergence div@193 head='Sparse attention mitigates the q' tail=' contextual information.'
2026-09-30T11:10:09.529+00:00   [6] d0 finish=stop completion=96 chunks=42 acc=2.317(chunks) rate=26.71 ttft=0.254 sha=af05a4d40076 early_divergence div@1 head='Standard attention mechanisms sc' tail='ming hardware resources.'
2026-09-30T11:10:09.529+00:00   [7] d0 finish=stop completion=95 chunks=38 acc=2.541(chunks) rate=29.63 ttft=0.315 sha=6b5b1b878e02 early_divergence div@1 head='Standard attention mechanisms sc' tail='s vast textual contexts.'
2026-09-30T11:10:21.142+00:00 burst=long-pair kind=long n=2 stagger=0.000 coprefill=False spread=2.531 gate=- report=['slow']
2026-09-30T11:10:21.142+00:00   [0] long0 finish=stop completion=6 chunks=2 acc=5.000(chunks) rate=38.46 ttft=8.476 sha=83dab7f91bc1 ok div@None head='74354' tail='74354'
2026-09-30T11:10:21.142+00:00   [1] long1 finish=stop completion=6 chunks=2 acc=5.000(chunks) rate=1.98 ttft=5.944 sha=0ec41e567fc2 slow div@None head='79083' tail='79083'
2026-09-30T11:10:24.683+00:00 burst=image-pair kind=image n=2 stagger=0.000 coprefill=False spread=0.202 gate=- report=-
2026-09-30T11:10:24.683+00:00   [0] img_red finish=stop completion=11 chunks=4 acc=3.333(chunks) rate=53.98 ttft=0.345 sha=0e1c14c4131c ok div@None head='The image is filled with a solid' tail=' with a solid red color.'
2026-09-30T11:10:24.683+00:00   [1] img_blue finish=stop completion=11 chunks=4 acc=3.333(chunks) rate=37.70 ttft=0.143 sha=7fa32368a223 ok div@None head='This image is filled with a soli' tail='with a solid blue color.'
2026-09-30T11:10:24.684+00:00 TOTALS bursts=30 streams=130 gate_bursts=0 zero_acc=0 runaway=0 first32_match=0.300 coprefill_bursts=1 per_request_spec_metrics=False
2026-09-30T11:10:24.684+00:00 NOTE: server did not return metrics.speculative_decoding on every stream; acceptance estimated from tokens per chunk (serve with --per-request-spec-decode-metrics summary)
2026-09-30T11:10:24.684+00:00 T0 PASS
