2026-09-29T22:31:41.779+00:00 bench_probe v1 url=http://127.0.0.1:8000/v1/chat/completions sizes=[2, 3, 5, 8] kinds=['identical', 'distinct'] bursts_per_shape=3 max_tokens=256
2026-09-29T22:31:44.132+00:00 ref d0 finish=stop completion=97 acc=2.341 ttft=0.200 sha=b0e372faa960 head='Sparse attention mitigates the quadratic'
2026-09-29T22:31:46.730+00:00 ref d1 finish=stop completion=75 acc=2.643 ttft=0.123 sha=4ad2d5654ca6 head='A bicycle gear system uses mechanical ad'
2026-09-29T22:31:48.448+00:00 ref d2 finish=stop completion=43 acc=3.818 ttft=0.119 sha=097672f98733 head='2, 3, 5, 7, 11, 13, 17, 19, 23, 29, 31, '
2026-09-29T22:31:51.556+00:00 ref d3 finish=stop completion=101 acc=2.632 ttft=0.113 sha=3746d913c433 head='The water cycle is like a giant, never-e'
2026-09-29T22:31:54.126+00:00 ref d4 finish=stop completion=102 acc=3.741 ttft=0.114 sha=cb9c046d4e9a head='```python\ndef fibonacci(n: int) -> int:\n'
2026-09-29T22:31:55.560+00:00 ref d5 finish=stop completion=17 acc=2.667 ttft=0.119 sha=5a881638e98d head='La bibliothèque ouvre à neuf heures et f'
2026-09-29T22:31:58.273+00:00 ref d6 finish=stop completion=72 acc=2.367 ttft=0.118 sha=86f7d76d2833 head='1. Reduce watering frequency significant'
2026-09-29T22:32:00.301+00:00 ref d7 finish=stop completion=67 acc=3.882 ttft=0.122 sha=c39be9b87ae0 head='{\n  "name": "Eiffel Tower",\n  "year": 18'
2026-09-29T22:32:05.957+00:00 ref long0 finish=stop completion=6 acc=5.000 ttft=4.621 sha=83dab7f91bc1 head='74354'
2026-09-29T22:32:11.009+00:00 ref long1 finish=stop completion=6 acc=5.000 ttft=3.961 sha=0ec41e567fc2 head='79083'
2026-09-29T22:32:12.369+00:00 ref img_red finish=stop completion=11 acc=3.333 ttft=0.197 sha=0e1c14c4131c head='The image is filled with a solid red col'
2026-09-29T22:32:13.777+00:00 ref img_blue finish=stop completion=11 acc=2.500 ttft=0.185 sha=7fa32368a223 head='This image is filled with a solid blue c'
2026-09-29T22:32:20.894+00:00 burst=identical-n2-b1 kind=identical n=2 stagger=0.000 coprefill=False spread=0.358 gate=- report=['early_divergence']
2026-09-29T22:32:20.894+00:00   [0] d0 finish=stop completion=94 chunks=47 acc=2.022(chunks) rate=31.14 ttft=0.123 sha=2774341ec8f4 early_divergence div@164 head='Sparse attention mitigates the q' tail='g performance and speed.'
2026-09-29T22:32:20.894+00:00   [1] d0 finish=stop completion=93 chunks=34 acc=2.788(chunks) rate=44.74 ttft=0.481 sha=774bf9418857 early_divergence div@1 head='Standard attention mechanisms sc' tail='tensive context windows.'
2026-09-29T22:32:26.803+00:00 burst=identical-n2-b2 kind=identical n=2 stagger=0.000 coprefill=False spread=0.162 gate=- report=['early_divergence']
2026-09-29T22:32:26.803+00:00   [0] d0 finish=stop completion=93 chunks=34 acc=2.788(chunks) rate=45.15 ttft=0.262 sha=774bf9418857 early_divergence div@1 head='Standard attention mechanisms sc' tail='tensive context windows.'
2026-09-29T22:32:26.803+00:00   [1] d0 finish=stop completion=94 chunks=47 acc=2.022(chunks) rate=33.21 ttft=0.100 sha=2774341ec8f4 early_divergence div@164 head='Sparse attention mitigates the q' tail='g performance and speed.'
2026-09-29T22:32:33.186+00:00 burst=identical-n2-b3 kind=identical n=2 stagger=0.000 coprefill=True spread=0.000 gate=- report=['early_divergence']
2026-09-29T22:32:33.186+00:00   [0] d0 finish=stop completion=105 chunks=48 acc=2.213(chunks) rate=36.13 ttft=0.496 sha=4c77871f8919 early_divergence div@17 head='Sparse attention significantly e' tail='or real-world use cases.'
2026-09-29T22:32:33.186+00:00   [1] d0 finish=stop completion=95 chunks=47 acc=2.043(chunks) rate=33.35 ttft=0.496 sha=f231686bb8ae early_divergence div@17 head='Sparse attention significantly e' tail=' contextual information.'
2026-09-29T22:32:39.052+00:00 burst=distinct-n2-b1 kind=distinct n=2 stagger=0.000 coprefill=False spread=0.152 gate=- report=['early_divergence']
2026-09-29T22:32:39.052+00:00   [0] d0 finish=stop completion=95 chunks=46 acc=2.089(chunks) rate=34.05 ttft=0.098 sha=fd42320bee1b early_divergence div@164 head='Sparse attention mitigates the q' tail='n large language models.'
2026-09-29T22:32:39.052+00:00   [1] d1 finish=stop completion=75 chunks=31 acc=2.467(chunks) rate=37.73 ttft=0.250 sha=eadf9933adfc early_divergence div@80 head='A bicycle gear system uses mecha' tail='wer for varying terrain.'
2026-09-29T22:32:44.338+00:00 burst=distinct-n2-b2 kind=distinct n=2 stagger=0.000 coprefill=False spread=0.109 gate=- report=['early_divergence']
2026-09-29T22:32:44.338+00:00   [0] d0 finish=stop completion=93 chunks=34 acc=2.788(chunks) rate=44.29 ttft=0.201 sha=774bf9418857 early_divergence div@1 head='Standard attention mechanisms sc' tail='tensive context windows.'
2026-09-29T22:32:44.338+00:00   [1] d1 finish=stop completion=74 chunks=32 acc=2.355(chunks) rate=35.30 ttft=0.092 sha=d01c4208390c ok div@165 head='A bicycle gear system uses mecha' tail='wer for varying terrain.'
2026-09-29T22:32:49.686+00:00 burst=distinct-n2-b3 kind=distinct n=2 stagger=0.000 coprefill=False spread=0.161 gate=- report=['early_divergence']
2026-09-29T22:32:49.686+00:00   [0] d0 finish=stop completion=93 chunks=34 acc=2.788(chunks) rate=44.11 ttft=0.255 sha=774bf9418857 early_divergence div@1 head='Standard attention mechanisms sc' tail='tensive context windows.'
2026-09-29T22:32:49.686+00:00   [1] d1 finish=stop completion=70 chunks=35 acc=2.029(chunks) rate=31.55 ttft=0.093 sha=c61d8657cdea early_divergence div@80 head='A bicycle gear system uses mecha' tail='torque for higher speed.'
2026-09-29T22:32:56.276+00:00 burst=identical-n3-b1 kind=identical n=3 stagger=0.000 coprefill=False spread=0.166 gate=- report=['early_divergence']
2026-09-29T22:32:56.276+00:00   [0] d0 finish=stop completion=93 chunks=40 acc=2.359(chunks) rate=33.27 ttft=0.111 sha=a332783dfd0d early_divergence div@17 head='Sparse attention significantly e' tail='long-term conversations.'
2026-09-29T22:32:56.276+00:00   [1] d0 finish=stop completion=104 chunks=52 acc=2.020(chunks) rate=29.66 ttft=0.111 sha=0582e34a598e early_divergence div@17 head='Sparse attention significantly e' tail='nt long-form generation.'
2026-09-29T22:32:56.276+00:00   [2] d0 finish=stop completion=97 chunks=42 acc=2.341(chunks) rate=32.83 ttft=0.278 sha=8c72002c99a8 early_divergence div@1 head='Standard attention mechanisms sc' tail='ulti-turn conversations.'
2026-09-29T22:33:02.706+00:00 burst=identical-n3-b2 kind=identical n=3 stagger=0.000 coprefill=False spread=0.175 gate=- report=['early_divergence']
2026-09-29T22:33:02.706+00:00   [0] d0 finish=stop completion=95 chunks=47 acc=2.043(chunks) rate=29.88 ttft=0.276 sha=f231686bb8ae early_divergence div@17 head='Sparse attention significantly e' tail=' contextual information.'
2026-09-29T22:33:02.706+00:00   [1] d0 finish=stop completion=94 chunks=39 acc=2.447(chunks) rate=35.03 ttft=0.275 sha=3bf26d1e5286 early_divergence div@1 head='Standard attention mechanisms sc' tail='ing extensive documents.'
2026-09-29T22:33:02.706+00:00   [2] d0 finish=stop completion=95 chunks=45 acc=2.136(chunks) rate=30.37 ttft=0.101 sha=62032dac1eb1 early_divergence div@164 head='Sparse attention mitigates the q' tail='n large language models.'
2026-09-29T22:33:09.197+00:00 burst=identical-n3-b3 kind=identical n=3 stagger=0.000 coprefill=False spread=0.174 gate=- report=['early_divergence']
2026-09-29T22:33:09.197+00:00   [0] d0 finish=stop completion=95 chunks=45 acc=2.136(chunks) rate=30.14 ttft=0.135 sha=62032dac1eb1 early_divergence div@164 head='Sparse attention mitigates the q' tail='n large language models.'
2026-09-29T22:33:09.197+00:00   [1] d0 finish=stop completion=95 chunks=47 acc=2.043(chunks) rate=29.62 ttft=0.308 sha=f231686bb8ae early_divergence div@17 head='Sparse attention significantly e' tail=' contextual information.'
2026-09-29T22:33:09.197+00:00   [2] d0 finish=stop completion=94 chunks=39 acc=2.447(chunks) rate=34.70 ttft=0.309 sha=3bf26d1e5286 early_divergence div@1 head='Standard attention mechanisms sc' tail='ing extensive documents.'
2026-09-29T22:33:15.348+00:00 burst=distinct-n3-b1 kind=distinct n=3 stagger=0.000 coprefill=False spread=0.175 gate=- report=['early_divergence']
2026-09-29T22:33:15.348+00:00   [0] d0 finish=stop completion=94 chunks=47 acc=2.022(chunks) rate=30.57 ttft=0.102 sha=2774341ec8f4 early_divergence div@164 head='Sparse attention mitigates the q' tail='g performance and speed.'
2026-09-29T22:33:15.348+00:00   [1] d1 finish=stop completion=76 chunks=35 acc=2.206(chunks) rate=32.31 ttft=0.276 sha=e8a944e43d20 early_divergence div@80 head='A bicycle gear system uses mecha' tail=' for varying conditions.'
2026-09-29T22:33:15.348+00:00   [2] d2 finish=stop completion=43 chunks=12 acc=3.818(chunks) rate=49.07 ttft=0.276 sha=097672f98733 ok div@None head='2, 3, 5, 7, 11, 13, 17, 19, 23, ' tail=', 17, 19, 23, 29, 31, 37'
2026-09-29T22:33:21.477+00:00 burst=distinct-n3-b2 kind=distinct n=3 stagger=0.000 coprefill=False spread=0.178 gate=- report=['early_divergence']
2026-09-29T22:33:21.477+00:00   [0] d0 finish=stop completion=94 chunks=47 acc=2.022(chunks) rate=30.79 ttft=0.102 sha=2774341ec8f4 early_divergence div@164 head='Sparse attention mitigates the q' tail='g performance and speed.'
2026-09-29T22:33:21.477+00:00   [1] d1 finish=stop completion=76 chunks=35 acc=2.206(chunks) rate=32.54 ttft=0.280 sha=e8a944e43d20 early_divergence div@80 head='A bicycle gear system uses mecha' tail=' for varying conditions.'
2026-09-29T22:33:21.477+00:00   [2] d2 finish=stop completion=43 chunks=12 acc=3.818(chunks) rate=49.75 ttft=0.281 sha=097672f98733 ok div@None head='2, 3, 5, 7, 11, 13, 17, 19, 23, ' tail=', 17, 19, 23, 29, 31, 37'
2026-09-29T22:33:27.661+00:00 burst=distinct-n3-b3 kind=distinct n=3 stagger=0.000 coprefill=False spread=0.183 gate=- report=['early_divergence']
2026-09-29T22:33:27.661+00:00   [0] d0 finish=stop completion=105 chunks=47 acc=2.261(chunks) rate=35.81 ttft=0.275 sha=4c77871f8919 early_divergence div@17 head='Sparse attention significantly e' tail='or real-world use cases.'
2026-09-29T22:33:27.661+00:00   [1] d1 finish=stop completion=74 chunks=33 acc=2.281(chunks) rate=34.07 ttft=0.275 sha=02dbae298851 ok div@165 head='A bicycle gear system uses mecha' tail='torque for higher speed.'
2026-09-29T22:33:27.661+00:00   [2] d2 finish=stop completion=43 chunks=12 acc=3.818(chunks) rate=47.73 ttft=0.092 sha=097672f98733 ok div@None head='2, 3, 5, 7, 11, 13, 17, 19, 23, ' tail=', 17, 19, 23, 29, 31, 37'
2026-09-29T22:33:34.588+00:00 burst=identical-n5-b1 kind=identical n=5 stagger=0.000 coprefill=False spread=0.221 gate=- report=['early_divergence']
2026-09-29T22:33:34.588+00:00   [0] d0 finish=stop completion=94 chunks=42 acc=2.268(chunks) rate=28.26 ttft=0.329 sha=c6257057fc76 early_divergence div@1 head='Standard attention mechanisms sc' tail='ical application limits.'
2026-09-29T22:33:34.588+00:00   [1] d0 finish=stop completion=94 chunks=45 acc=2.114(chunks) rate=26.35 ttft=0.328 sha=5ea913999162 ok div@241 head='Sparse attention mitigates the q' tail='ormance and scalability.'
2026-09-29T22:33:34.588+00:00   [2] d0 finish=stop completion=96 chunks=44 acc=2.209(chunks) rate=27.48 ttft=0.327 sha=7086bc8c0441 early_divergence div@1 head='Standard attention mechanisms sc' tail='ming hardware resources.'
2026-09-29T22:33:34.588+00:00   [3] d0 finish=stop completion=97 chunks=46 acc=2.133(chunks) rate=26.73 ttft=0.328 sha=6381d2b59382 early_divergence div@17 head='Sparse attention significantly e' tail='ong-context AI feasible.'
2026-09-29T22:33:34.588+00:00   [4] d0 finish=stop completion=94 chunks=45 acc=2.114(chunks) rate=25.86 ttft=0.108 sha=9e1e92f41e6c early_divergence div@164 head='Sparse attention mitigates the q' tail='ormance and scalability.'
2026-09-29T22:33:41.528+00:00 burst=identical-n5-b2 kind=identical n=5 stagger=0.000 coprefill=False spread=0.204 gate=- report=['early_divergence']
2026-09-29T22:33:41.528+00:00   [0] d0 finish=stop completion=97 chunks=46 acc=2.133(chunks) rate=26.69 ttft=0.336 sha=6381d2b59382 early_divergence div@17 head='Sparse attention significantly e' tail='ong-context AI feasible.'
2026-09-29T22:33:41.528+00:00   [1] d0 finish=stop completion=94 chunks=45 acc=2.114(chunks) rate=26.34 ttft=0.336 sha=5ea913999162 ok div@241 head='Sparse attention mitigates the q' tail='ormance and scalability.'
2026-09-29T22:33:41.528+00:00   [2] d0 finish=stop completion=96 chunks=44 acc=2.209(chunks) rate=27.46 ttft=0.335 sha=7086bc8c0441 early_divergence div@1 head='Standard attention mechanisms sc' tail='ming hardware resources.'
2026-09-29T22:33:41.528+00:00   [3] d0 finish=stop completion=94 chunks=42 acc=2.268(chunks) rate=28.25 ttft=0.336 sha=c6257057fc76 early_divergence div@1 head='Standard attention mechanisms sc' tail='ical application limits.'
2026-09-29T22:33:41.528+00:00   [4] d0 finish=stop completion=94 chunks=45 acc=2.114(chunks) rate=25.97 ttft=0.132 sha=9e1e92f41e6c early_divergence div@164 head='Sparse attention mitigates the q' tail='ormance and scalability.'
2026-09-29T22:33:48.452+00:00 burst=identical-n5-b3 kind=identical n=5 stagger=0.000 coprefill=False spread=0.203 gate=- report=['early_divergence']
2026-09-29T22:33:48.452+00:00   [0] d0 finish=stop completion=97 chunks=46 acc=2.133(chunks) rate=26.59 ttft=0.306 sha=6381d2b59382 early_divergence div@17 head='Sparse attention significantly e' tail='ong-context AI feasible.'
2026-09-29T22:33:48.452+00:00   [1] d0 finish=stop completion=94 chunks=45 acc=2.114(chunks) rate=26.22 ttft=0.306 sha=5ea913999162 ok div@241 head='Sparse attention mitigates the q' tail='ormance and scalability.'
2026-09-29T22:33:48.452+00:00   [2] d0 finish=stop completion=94 chunks=45 acc=2.114(chunks) rate=25.88 ttft=0.104 sha=9e1e92f41e6c early_divergence div@164 head='Sparse attention mitigates the q' tail='ormance and scalability.'
2026-09-29T22:33:48.452+00:00   [3] d0 finish=stop completion=96 chunks=44 acc=2.209(chunks) rate=27.33 ttft=0.306 sha=7086bc8c0441 early_divergence div@1 head='Standard attention mechanisms sc' tail='ming hardware resources.'
2026-09-29T22:33:48.452+00:00   [4] d0 finish=stop completion=94 chunks=42 acc=2.268(chunks) rate=28.12 ttft=0.307 sha=c6257057fc76 early_divergence div@1 head='Standard attention mechanisms sc' tail='ical application limits.'
2026-09-29T22:33:54.902+00:00 burst=distinct-n5-b1 kind=distinct n=5 stagger=0.000 coprefill=False spread=0.218 gate=- report=['early_divergence']
2026-09-29T22:33:54.902+00:00   [0] d0 finish=stop completion=97 chunks=40 acc=2.462(chunks) rate=30.67 ttft=0.314 sha=70fc26570469 early_divergence div@1 head='Standard attention mechanisms sc' tail='ta or document analysis.'
2026-09-29T22:33:54.902+00:00   [1] d1 finish=stop completion=77 chunks=31 acc=2.533(chunks) rate=28.32 ttft=0.313 sha=60e22ef7c97d ok div@165 head='A bicycle gear system uses mecha' tail='d on terrain conditions.'
2026-09-29T22:33:54.902+00:00   [2] d2 finish=stop completion=43 chunks=12 acc=3.818(chunks) rate=39.73 ttft=0.313 sha=097672f98733 ok div@None head='2, 3, 5, 7, 11, 13, 17, 19, 23, ' tail=', 17, 19, 23, 29, 31, 37'
2026-09-29T22:33:54.902+00:00   [3] d3 finish=stop completion=85 chunks=31 acc=2.800(chunks) rate=32.12 ttft=0.313 sha=5121f754e7d8 early_divergence div@4 head='The sun heats up water in oceans' tail=' journey all over again.'
2026-09-29T22:33:54.902+00:00   [4] d4 finish=stop completion=102 chunks=27 acc=3.885(chunks) rate=42.47 ttft=0.097 sha=d3af644442cd early_divergence div@80 head='```python\ndef fibonacci(n: int) ' tail=', a + b\n    return b\n```'
2026-09-29T22:34:01.392+00:00 burst=distinct-n5-b2 kind=distinct n=5 stagger=0.000 coprefill=False spread=0.220 gate=- report=['early_divergence']
2026-09-29T22:34:01.392+00:00   [0] d0 finish=stop completion=97 chunks=40 acc=2.462(chunks) rate=30.31 ttft=0.317 sha=70fc26570469 early_divergence div@1 head='Standard attention mechanisms sc' tail='ta or document analysis.'
2026-09-29T22:34:01.392+00:00   [1] d1 finish=stop completion=77 chunks=31 acc=2.533(chunks) rate=28.38 ttft=0.316 sha=60e22ef7c97d ok div@165 head='A bicycle gear system uses mecha' tail='d on terrain conditions.'
2026-09-29T22:34:01.392+00:00   [2] d2 finish=stop completion=43 chunks=12 acc=3.818(chunks) rate=39.77 ttft=0.316 sha=097672f98733 ok div@None head='2, 3, 5, 7, 11, 13, 17, 19, 23, ' tail=', 17, 19, 23, 29, 31, 37'
2026-09-29T22:34:01.392+00:00   [3] d3 finish=stop completion=89 chunks=35 acc=2.588(chunks) rate=30.52 ttft=0.316 sha=0596173be865 early_divergence div@4 head='The sun warms up the water in oc' tail=' journey all over again.'
2026-09-29T22:34:01.392+00:00   [4] d4 finish=stop completion=102 chunks=27 acc=3.885(chunks) rate=42.62 ttft=0.097 sha=d3af644442cd early_divergence div@80 head='```python\ndef fibonacci(n: int) ' tail=', a + b\n    return b\n```'
2026-09-29T22:34:08.228+00:00 burst=distinct-n5-b3 kind=distinct n=5 stagger=0.000 coprefill=False spread=0.220 gate=- report=['early_divergence']
2026-09-29T22:34:08.228+00:00   [0] d0 finish=stop completion=98 chunks=46 acc=2.156(chunks) rate=27.60 ttft=0.315 sha=1400b4af44aa early_divergence div@17 head='Sparse attention significantly e' tail='r real-world deployment.'
2026-09-29T22:34:08.228+00:00   [1] d1 finish=stop completion=71 chunks=30 acc=2.414(chunks) rate=26.62 ttft=0.096 sha=4231ee78ca0d ok div@165 head='A bicycle gear system uses mecha' tail='ing torque for velocity.'
2026-09-29T22:34:08.228+00:00   [2] d2 finish=stop completion=43 chunks=12 acc=3.818(chunks) rate=39.79 ttft=0.315 sha=097672f98733 ok div@None head='2, 3, 5, 7, 11, 13, 17, 19, 23, ' tail=', 17, 19, 23, 29, 31, 37'
2026-09-29T22:34:08.228+00:00   [3] d3 finish=stop completion=86 chunks=34 acc=2.576(chunks) rate=30.27 ttft=0.315 sha=9fbf937d0835 early_divergence div@4 head='The sun heats up water in oceans' tail=' journey all over again.'
2026-09-29T22:34:08.228+00:00   [4] d4 finish=stop completion=102 chunks=26 acc=4.040(chunks) rate=43.36 ttft=0.315 sha=cb9c046d4e9a ok div@None head='```python\ndef fibonacci(n: int) ' tail=', a + b\n    return b\n```'
2026-09-29T22:34:15.775+00:00 burst=identical-n8-b1 kind=identical n=8 stagger=0.000 coprefill=False spread=0.234 gate=- report=['early_divergence']
2026-09-29T22:34:15.775+00:00   [0] d0 finish=stop completion=93 chunks=37 acc=2.556(chunks) rate=28.91 ttft=0.354 sha=ca53988def6a early_divergence div@1 head='Standard attention mechanisms sc' tail='tensive context windows.'
2026-09-29T22:34:15.775+00:00   [1] d0 finish=stop completion=93 chunks=35 acc=2.706(chunks) rate=29.82 ttft=0.355 sha=4894a43dbae9 early_divergence div@1 head='Standard attention mechanisms sc' tail='complex reasoning tasks.'
2026-09-29T22:34:15.775+00:00   [2] d0 finish=stop completion=95 chunks=39 acc=2.474(chunks) rate=27.93 ttft=0.355 sha=30da1fd13f33 early_divergence div@1 head='Standard attention mechanisms sc' tail='pplication requirements.'
2026-09-29T22:34:15.775+00:00   [3] d0 finish=stop completion=103 chunks=52 acc=2.000(chunks) rate=24.38 ttft=0.355 sha=e694b3323d24 early_divergence div@17 head='Sparse attention significantly e' tail='nt long-range reasoning.'
2026-09-29T22:34:15.775+00:00   [4] d0 finish=stop completion=91 chunks=42 acc=2.195(chunks) rate=24.99 ttft=0.353 sha=29dbd9358c10 early_divergence div@132 head='Sparse attention mitigates the q' tail='real-world applications.'
2026-09-29T22:34:15.775+00:00   [5] d0 finish=stop completion=101 chunks=47 acc=2.174(chunks) rate=24.80 ttft=0.121 sha=4bfa1bf64b96 early_divergence div@193 head='Sparse attention mitigates the q' tail='complex reasoning tasks.'
2026-09-29T22:34:15.775+00:00   [6] d0 finish=stop completion=94 chunks=40 acc=2.385(chunks) rate=26.95 ttft=0.353 sha=ae36ad6fd27b early_divergence div@1 head='Standard attention mechanisms sc' tail='pplication requirements.'
2026-09-29T22:34:15.775+00:00   [7] d0 finish=stop completion=90 chunks=39 acc=2.342(chunks) rate=26.44 ttft=0.355 sha=74645c0c0861 early_divergence div@1 head='Standard attention mechanisms sc' tail='ontextual understanding.'
2026-09-29T22:34:23.310+00:00 burst=identical-n8-b2 kind=identical n=8 stagger=0.000 coprefill=False spread=0.231 gate=- report=['early_divergence']
2026-09-29T22:34:23.310+00:00   [0] d0 finish=stop completion=93 chunks=35 acc=2.706(chunks) rate=29.85 ttft=0.345 sha=4894a43dbae9 early_divergence div@1 head='Standard attention mechanisms sc' tail='complex reasoning tasks.'
2026-09-29T22:34:23.310+00:00   [1] d0 finish=stop completion=95 chunks=39 acc=2.474(chunks) rate=27.99 ttft=0.344 sha=30da1fd13f33 early_divergence div@1 head='Standard attention mechanisms sc' tail='pplication requirements.'
2026-09-29T22:34:23.310+00:00   [2] d0 finish=stop completion=93 chunks=37 acc=2.556(chunks) rate=28.96 ttft=0.345 sha=ca53988def6a early_divergence div@1 head='Standard attention mechanisms sc' tail='tensive context windows.'
2026-09-29T22:34:23.310+00:00   [3] d0 finish=stop completion=101 chunks=47 acc=2.174(chunks) rate=24.85 ttft=0.114 sha=4bfa1bf64b96 early_divergence div@193 head='Sparse attention mitigates the q' tail='complex reasoning tasks.'
2026-09-29T22:34:23.310+00:00   [4] d0 finish=stop completion=94 chunks=40 acc=2.385(chunks) rate=26.98 ttft=0.344 sha=ae36ad6fd27b early_divergence div@1 head='Standard attention mechanisms sc' tail='pplication requirements.'
2026-09-29T22:34:23.310+00:00   [5] d0 finish=stop completion=91 chunks=42 acc=2.195(chunks) rate=25.03 ttft=0.345 sha=29dbd9358c10 early_divergence div@132 head='Sparse attention mitigates the q' tail='real-world applications.'
2026-09-29T22:34:23.310+00:00   [6] d0 finish=stop completion=103 chunks=52 acc=2.000(chunks) rate=24.39 ttft=0.344 sha=e694b3323d24 early_divergence div@17 head='Sparse attention significantly e' tail='nt long-range reasoning.'
2026-09-29T22:34:23.310+00:00   [7] d0 finish=stop completion=90 chunks=39 acc=2.342(chunks) rate=26.50 ttft=0.345 sha=74645c0c0861 early_divergence div@1 head='Standard attention mechanisms sc' tail='ontextual understanding.'
2026-09-29T22:34:30.847+00:00 burst=identical-n8-b3 kind=identical n=8 stagger=0.000 coprefill=False spread=0.231 gate=- report=['early_divergence']
2026-09-29T22:34:30.847+00:00   [0] d0 finish=stop completion=95 chunks=39 acc=2.474(chunks) rate=27.90 ttft=0.338 sha=30da1fd13f33 early_divergence div@1 head='Standard attention mechanisms sc' tail='pplication requirements.'
2026-09-29T22:34:30.847+00:00   [1] d0 finish=stop completion=93 chunks=35 acc=2.706(chunks) rate=29.73 ttft=0.336 sha=4894a43dbae9 early_divergence div@1 head='Standard attention mechanisms sc' tail='complex reasoning tasks.'
2026-09-29T22:34:30.847+00:00   [2] d0 finish=stop completion=101 chunks=47 acc=2.174(chunks) rate=24.79 ttft=0.106 sha=4bfa1bf64b96 early_divergence div@193 head='Sparse attention mitigates the q' tail='complex reasoning tasks.'
2026-09-29T22:34:30.847+00:00   [3] d0 finish=stop completion=103 chunks=52 acc=2.000(chunks) rate=24.34 ttft=0.336 sha=e694b3323d24 early_divergence div@17 head='Sparse attention significantly e' tail='nt long-range reasoning.'
2026-09-29T22:34:30.847+00:00   [4] d0 finish=stop completion=94 chunks=40 acc=2.385(chunks) rate=26.89 ttft=0.335 sha=ae36ad6fd27b early_divergence div@1 head='Standard attention mechanisms sc' tail='pplication requirements.'
2026-09-29T22:34:30.847+00:00   [5] d0 finish=stop completion=93 chunks=37 acc=2.556(chunks) rate=28.85 ttft=0.337 sha=ca53988def6a early_divergence div@1 head='Standard attention mechanisms sc' tail='tensive context windows.'
2026-09-29T22:34:30.847+00:00   [6] d0 finish=stop completion=91 chunks=42 acc=2.195(chunks) rate=24.95 ttft=0.337 sha=29dbd9358c10 early_divergence div@132 head='Sparse attention mitigates the q' tail='real-world applications.'
2026-09-29T22:34:30.847+00:00   [7] d0 finish=stop completion=90 chunks=39 acc=2.342(chunks) rate=26.41 ttft=0.338 sha=74645c0c0861 early_divergence div@1 head='Standard attention mechanisms sc' tail='ontextual understanding.'
2026-09-29T22:34:37.696+00:00 burst=distinct-n8-b1 kind=distinct n=8 stagger=0.000 coprefill=False spread=0.265 gate=- report=['early_divergence']
2026-09-29T22:34:37.696+00:00   [0] d0 finish=stop completion=94 chunks=39 acc=2.447(chunks) rate=26.78 ttft=0.364 sha=ae36ad6fd27b early_divergence div@1 head='Standard attention mechanisms sc' tail='pplication requirements.'
2026-09-29T22:34:37.696+00:00   [1] d1 finish=stop completion=70 chunks=30 acc=2.379(chunks) rate=22.62 ttft=0.100 sha=c989adf4b4cc ok div@201 head='A bicycle gear system uses mecha' tail=' speed for flat terrain.'
2026-09-29T22:34:37.696+00:00   [2] d2 finish=stop completion=43 chunks=12 acc=3.818(chunks) rate=33.83 ttft=0.365 sha=097672f98733 ok div@None head='2, 3, 5, 7, 11, 13, 17, 19, 23, ' tail=', 17, 19, 23, 29, 31, 37'
2026-09-29T22:34:37.696+00:00   [3] d3 finish=stop completion=96 chunks=37 acc=2.639(chunks) rate=28.35 ttft=0.366 sha=ff74cf160941 early_divergence div@16 head='The water cycle starts when the ' tail=' journey all over again.'
2026-09-29T22:34:37.696+00:00   [4] d4 finish=stop completion=81 chunks=21 acc=4.000(chunks) rate=37.40 ttft=0.365 sha=d6e4529d7c26 early_divergence div@50 head='```python\ndef fibonacci(n: int) ' tail=', a + b\n    return b\n```'
2026-09-29T22:34:37.696+00:00   [5] d5 finish=stop completion=17 chunks=7 acc=2.667(chunks) rate=23.37 ttft=0.364 sha=5a881638e98d ok div@None head='La bibliothèque ouvre à neuf heu' tail='-huit heures en semaine.'
2026-09-29T22:34:37.696+00:00   [6] d6 finish=stop completion=71 chunks=32 acc=2.258(chunks) rate=23.18 ttft=0.365 sha=4576771ac681 ok div@205 head='1. Reduce watering frequency sig' tail='ensate for shorter days.'
2026-09-29T22:34:37.696+00:00   [7] d7 finish=stop completion=67 chunks=18 acc=3.882(chunks) rate=35.63 ttft=0.365 sha=c39be9b87ae0 ok div@None head='{\n  "name": "Eiffel Tower",\n  "y' tail='re",\n    "Tourism"\n  ]\n}'
2026-09-29T22:34:44.602+00:00 burst=distinct-n8-b2 kind=distinct n=8 stagger=0.000 coprefill=False spread=0.268 gate=- report=['early_divergence']
2026-09-29T22:34:44.603+00:00   [0] d0 finish=stop completion=91 chunks=38 acc=2.432(chunks) rate=25.50 ttft=0.368 sha=1fb54b054d0b early_divergence div@1 head='Standard attention mechanisms sc' tail='ze and processing speed.'
2026-09-29T22:34:44.603+00:00   [1] d1 finish=stop completion=76 chunks=34 acc=2.273(chunks) rate=23.02 ttft=0.367 sha=7fc5102b0cc2 early_divergence div@80 head='A bicycle gear system uses mecha' tail=' for varying conditions.'
2026-09-29T22:34:44.603+00:00   [2] d2 finish=stop completion=43 chunks=12 acc=3.818(chunks) rate=33.64 ttft=0.369 sha=097672f98733 ok div@None head='2, 3, 5, 7, 11, 13, 17, 19, 23, ' tail=', 17, 19, 23, 29, 31, 37'
2026-09-29T22:34:44.603+00:00   [3] d3 finish=stop completion=102 chunks=38 acc=2.730(chunks) rate=28.62 ttft=0.367 sha=13787128752e early_divergence div@16 head='The water cycle starts when the ' tail=' journey all over again.'
2026-09-29T22:34:44.603+00:00   [4] d4 finish=stop completion=102 chunks=26 acc=4.040(chunks) rate=37.50 ttft=0.367 sha=cb9c046d4e9a ok div@None head='```python\ndef fibonacci(n: int) ' tail=', a + b\n    return b\n```'
2026-09-29T22:34:44.603+00:00   [5] d5 finish=stop completion=17 chunks=7 acc=2.667(chunks) rate=23.18 ttft=0.367 sha=5a881638e98d ok div@None head='La bibliothèque ouvre à neuf heu' tail='-huit heures en semaine.'
2026-09-29T22:34:44.603+00:00   [6] d6 finish=stop completion=70 chunks=33 acc=2.156(chunks) rate=20.96 ttft=0.101 sha=6ed0508ab41c ok div@189 head='1. Reduce watering frequency sig' tail='ensate for shorter days.'
2026-09-29T22:34:44.603+00:00   [7] d7 finish=stop completion=67 chunks=18 acc=3.882(chunks) rate=35.59 ttft=0.369 sha=c39be9b87ae0 ok div@None head='{\n  "name": "Eiffel Tower",\n  "y' tail='re",\n    "Tourism"\n  ]\n}'
2026-09-29T22:34:51.634+00:00 burst=distinct-n8-b3 kind=distinct n=8 stagger=0.000 coprefill=False spread=0.258 gate=- report=['early_divergence']
2026-09-29T22:34:51.634+00:00   [0] d0 finish=stop completion=93 chunks=39 acc=2.421(chunks) rate=25.16 ttft=0.368 sha=f530235f9496 early_divergence div@1 head='Standard attention mechanisms sc' tail='d practical application.'
2026-09-29T22:34:51.634+00:00   [1] d1 finish=stop completion=74 chunks=31 acc=2.433(chunks) rate=23.50 ttft=0.368 sha=e16e691f252a ok div@165 head='A bicycle gear system uses mecha' tail='wer for varying terrain.'
2026-09-29T22:34:51.634+00:00   [2] d2 finish=stop completion=43 chunks=12 acc=3.818(chunks) rate=33.64 ttft=0.366 sha=097672f98733 ok div@None head='2, 3, 5, 7, 11, 13, 17, 19, 23, ' tail=', 17, 19, 23, 29, 31, 37'
2026-09-29T22:34:51.634+00:00   [3] d3 finish=stop completion=102 chunks=39 acc=2.658(chunks) rate=28.09 ttft=0.368 sha=13787128752e early_divergence div@16 head='The water cycle starts when the ' tail=' journey all over again.'
2026-09-29T22:34:51.634+00:00   [4] d4 finish=stop completion=102 chunks=27 acc=3.885(chunks) rate=37.52 ttft=0.367 sha=cb9c046d4e9a ok div@None head='```python\ndef fibonacci(n: int) ' tail=', a + b\n    return b\n```'
2026-09-29T22:34:51.634+00:00   [5] d5 finish=stop completion=17 chunks=7 acc=2.667(chunks) rate=23.15 ttft=0.368 sha=5a881638e98d ok div@None head='La bibliothèque ouvre à neuf heu' tail='-huit heures en semaine.'
2026-09-29T22:34:51.634+00:00   [6] d6 finish=stop completion=70 chunks=34 acc=2.091(chunks) rate=21.13 ttft=0.367 sha=6ed0508ab41c ok div@189 head='1. Reduce watering frequency sig' tail='ensate for shorter days.'
2026-09-29T22:34:51.634+00:00   [7] d7 finish=stop completion=67 chunks=18 acc=3.882(chunks) rate=34.46 ttft=0.111 sha=c39be9b87ae0 ok div@None head='{\n  "name": "Eiffel Tower",\n  "y' tail='re",\n    "Tourism"\n  ]\n}'
2026-09-29T22:34:57.190+00:00 burst=staggered-identical-n2 kind=identical n=2 stagger=0.250 coprefill=False spread=0.372 gate=- report=['early_divergence']
2026-09-29T22:34:57.190+00:00   [0] d0 finish=stop completion=95 chunks=41 acc=2.350(chunks) rate=38.40 ttft=0.101 sha=818602e63bfe ok div@333 head='Sparse attention mitigates the q' tail='n large language models.'
2026-09-29T22:34:57.190+00:00   [1] d0 finish=stop completion=93 chunks=34 acc=2.788(chunks) rate=45.73 ttft=0.223 sha=774bf9418857 early_divergence div@1 head='Standard attention mechanisms sc' tail='tensive context windows.'
2026-09-29T22:35:02.833+00:00 burst=staggered-distinct-n3 kind=distinct n=3 stagger=0.250 coprefill=False spread=0.597 gate=- report=['early_divergence']
2026-09-29T22:35:02.833+00:00   [0] d0 finish=stop completion=90 chunks=38 acc=2.405(chunks) rate=35.10 ttft=0.100 sha=e214644d0d7e early_divergence div@132 head='Sparse attention mitigates the q' tail='ageable inference costs.'
2026-09-29T22:35:02.833+00:00   [1] d1 finish=stop completion=67 chunks=28 acc=2.444(chunks) rate=34.78 ttft=0.214 sha=e99d6094a312 early_divergence div@77 head='A bicycle gear system uses mecha' tail=' for varying conditions.'
2026-09-29T22:35:02.833+00:00   [2] d2 finish=stop completion=43 chunks=12 acc=3.818(chunks) rate=49.89 ttft=0.196 sha=097672f98733 ok div@None head='2, 3, 5, 7, 11, 13, 17, 19, 23, ' tail=', 17, 19, 23, 29, 31, 37'
2026-09-29T22:35:09.900+00:00 burst=staggered-distinct-n5 kind=distinct n=5 stagger=0.250 coprefill=False spread=1.173 gate=- report=['early_divergence']
2026-09-29T22:35:09.900+00:00   [0] d0 finish=stop completion=100 chunks=45 acc=2.250(chunks) rate=27.68 ttft=0.099 sha=ce4119481111 early_divergence div@164 head='Sparse attention mitigates the q' tail='n large language models.'
2026-09-29T22:35:09.900+00:00   [1] d1 finish=stop completion=75 chunks=31 acc=2.467(chunks) rate=28.62 ttft=0.165 sha=c83f84f02cda ok div@373 head='A bicycle gear system uses mecha' tail='l for flat, fast riding.'
2026-09-29T22:35:09.900+00:00   [2] d2 finish=stop completion=43 chunks=12 acc=3.818(chunks) rate=40.62 ttft=0.212 sha=097672f98733 ok div@None head='2, 3, 5, 7, 11, 13, 17, 19, 23, ' tail=', 17, 19, 23, 29, 31, 37'
2026-09-29T22:35:09.900+00:00   [3] d3 finish=stop completion=101 chunks=40 acc=2.564(chunks) rate=32.46 ttft=0.227 sha=a5cb9def895f early_divergence div@16 head='The water cycle starts when the ' tail=' journey all over again.'
2026-09-29T22:35:09.900+00:00   [4] d4 finish=stop completion=102 chunks=28 acc=3.741(chunks) rate=44.61 ttft=0.273 sha=cb9c046d4e9a ok div@None head='```python\ndef fibonacci(n: int) ' tail=', a + b\n    return b\n```'
2026-09-29T22:35:18.250+00:00 burst=staggered-identical-n8 kind=identical n=8 stagger=0.250 coprefill=False spread=1.974 gate=- report=['early_divergence']
2026-09-29T22:35:18.250+00:00   [0] d0 finish=stop completion=95 chunks=45 acc=2.136(chunks) rate=23.94 ttft=0.100 sha=62032dac1eb1 early_divergence div@164 head='Sparse attention mitigates the q' tail='n large language models.'
2026-09-29T22:35:18.250+00:00   [1] d0 finish=stop completion=93 chunks=36 acc=2.629(chunks) rate=28.08 ttft=0.222 sha=774bf9418857 early_divergence div@1 head='Standard attention mechanisms sc' tail='tensive context windows.'
2026-09-29T22:35:18.250+00:00   [2] d0 finish=stop completion=95 chunks=39 acc=2.474(chunks) rate=26.10 ttft=0.210 sha=30da1fd13f33 early_divergence div@1 head='Standard attention mechanisms sc' tail='pplication requirements.'
2026-09-29T22:35:18.250+00:00   [3] d0 finish=stop completion=92 chunks=34 acc=2.758(chunks) rate=28.03 ttft=0.221 sha=d347660dc6fd early_divergence div@1 head='Standard attention mechanisms sc' tail='onstrained environments.'
2026-09-29T22:35:18.250+00:00   [4] d0 finish=stop completion=91 chunks=38 acc=2.432(chunks) rate=26.03 ttft=0.243 sha=28ad902a80be early_divergence div@1 head='Standard attention mechanisms sc' tail='al hardware constraints.'
2026-09-29T22:35:18.250+00:00   [5] d0 finish=stop completion=96 chunks=44 acc=2.209(chunks) rate=24.98 ttft=0.287 sha=489a49d1db88 early_divergence div@193 head='Sparse attention mitigates the q' tail=' contextual information.'
2026-09-29T22:35:18.250+00:00   [6] d0 finish=stop completion=96 chunks=42 acc=2.317(chunks) rate=26.48 ttft=0.252 sha=af05a4d40076 early_divergence div@1 head='Standard attention mechanisms sc' tail='ming hardware resources.'
2026-09-29T22:35:18.250+00:00   [7] d0 finish=stop completion=95 chunks=38 acc=2.541(chunks) rate=29.47 ttft=0.324 sha=6b5b1b878e02 early_divergence div@1 head='Standard attention mechanisms sc' tail='s vast textual contexts.'
2026-09-29T22:35:29.817+00:00 burst=long-pair kind=long n=2 stagger=0.000 coprefill=False spread=2.492 gate=- report=['slow']
2026-09-29T22:35:29.817+00:00   [0] long0 finish=stop completion=6 chunks=2 acc=5.000(chunks) rate=39.98 ttft=8.435 sha=83dab7f91bc1 ok div@None head='74354' tail='74354'
2026-09-29T22:35:29.817+00:00   [1] long1 finish=stop completion=6 chunks=2 acc=5.000(chunks) rate=2.01 ttft=5.942 sha=0ec41e567fc2 slow div@None head='79083' tail='79083'
2026-09-29T22:35:33.361+00:00 burst=image-pair kind=image n=2 stagger=0.000 coprefill=False spread=0.205 gate=- report=['early_divergence']
2026-09-29T22:35:33.361+00:00   [0] img_red finish=stop completion=11 chunks=4 acc=3.333(chunks) rate=37.33 ttft=0.147 sha=0e1c14c4131c ok div@None head='The image is filled with a solid' tail=' with a solid red color.'
2026-09-29T22:35:33.361+00:00   [1] img_blue finish=stop completion=11 chunks=4 acc=3.333(chunks) rate=54.97 ttft=0.352 sha=705b4320e3b4 early_divergence div@2 head='The image is filled with a solid' tail='with a solid blue color.'
2026-09-29T22:35:33.362+00:00 TOTALS bursts=30 streams=130 gate_bursts=0 zero_acc=0 runaway=0 first32_match=0.300 coprefill_bursts=1 per_request_spec_metrics=False
2026-09-29T22:35:33.362+00:00 NOTE: server did not return metrics.speculative_decoding on every stream; acceptance estimated from tokens per chunk (serve with --per-request-spec-decode-metrics summary)
2026-09-29T22:35:33.362+00:00 T0 PASS
