2026-09-30T13:10:15.432+00:00 bench_probe v1 url=http://127.0.0.1:8000/v1/chat/completions sizes=[2, 3, 5, 8] kinds=['identical', 'distinct'] bursts_per_shape=3 max_tokens=256
2026-09-30T13:10:17.817+00:00 ref d0 finish=stop completion=97 acc=2.341 ttft=0.246 sha=b0e372faa960 head='Sparse attention mitigates the quadratic'
2026-09-30T13:10:20.412+00:00 ref d1 finish=stop completion=75 acc=2.643 ttft=0.126 sha=4ad2d5654ca6 head='A bicycle gear system uses mechanical ad'
2026-09-30T13:10:22.128+00:00 ref d2 finish=stop completion=43 acc=3.818 ttft=0.115 sha=097672f98733 head='2, 3, 5, 7, 11, 13, 17, 19, 23, 29, 31, '
2026-09-30T13:10:25.258+00:00 ref d3 finish=stop completion=101 acc=2.632 ttft=0.115 sha=3746d913c433 head='The water cycle is like a giant, never-e'
2026-09-30T13:10:27.824+00:00 ref d4 finish=stop completion=102 acc=3.741 ttft=0.110 sha=cb9c046d4e9a head='```python\ndef fibonacci(n: int) -> int:\n'
2026-09-30T13:10:29.257+00:00 ref d5 finish=stop completion=17 acc=2.667 ttft=0.112 sha=5a881638e98d head='La bibliothèque ouvre à neuf heures et f'
2026-09-30T13:10:31.968+00:00 ref d6 finish=stop completion=72 acc=2.367 ttft=0.114 sha=86f7d76d2833 head='1. Reduce watering frequency significant'
2026-09-30T13:10:34.003+00:00 ref d7 finish=stop completion=67 acc=3.882 ttft=0.132 sha=c39be9b87ae0 head='{\n  "name": "Eiffel Tower",\n  "year": 18'
2026-09-30T13:10:39.768+00:00 ref long0 finish=stop completion=6 acc=5.000 ttft=4.681 sha=83dab7f91bc1 head='74354'
2026-09-30T13:10:44.854+00:00 ref long1 finish=stop completion=6 acc=5.000 ttft=3.985 sha=0ec41e567fc2 head='79083'
2026-09-30T13:10:46.214+00:00 ref img_red finish=stop completion=11 acc=3.333 ttft=0.194 sha=0e1c14c4131c head='The image is filled with a solid red col'
2026-09-30T13:10:47.622+00:00 ref img_blue finish=stop completion=11 acc=2.500 ttft=0.191 sha=7fa32368a223 head='This image is filled with a solid blue c'
2026-09-30T13:10:54.780+00:00 burst=identical-n2-b1 kind=identical n=2 stagger=0.000 coprefill=False spread=0.394 gate=- report=['early_divergence']
2026-09-30T13:10:54.780+00:00   [0] d0 finish=stop completion=94 chunks=47 acc=2.022(chunks) rate=30.70 ttft=0.122 sha=2774341ec8f4 early_divergence div@164 head='Sparse attention mitigates the q' tail='g performance and speed.'
2026-09-30T13:10:54.780+00:00   [1] d0 finish=stop completion=93 chunks=34 acc=2.788(chunks) rate=44.79 ttft=0.516 sha=774bf9418857 early_divergence div@1 head='Standard attention mechanisms sc' tail='tensive context windows.'
2026-09-30T13:11:00.694+00:00 burst=identical-n2-b2 kind=identical n=2 stagger=0.000 coprefill=False spread=0.162 gate=- report=['early_divergence']
2026-09-30T13:11:00.694+00:00   [0] d0 finish=stop completion=94 chunks=47 acc=2.022(chunks) rate=33.10 ttft=0.098 sha=2774341ec8f4 early_divergence div@164 head='Sparse attention mitigates the q' tail='g performance and speed.'
2026-09-30T13:11:00.694+00:00   [1] d0 finish=stop completion=93 chunks=34 acc=2.788(chunks) rate=45.02 ttft=0.260 sha=774bf9418857 early_divergence div@1 head='Standard attention mechanisms sc' tail='tensive context windows.'
2026-09-30T13:11:06.577+00:00 burst=identical-n2-b3 kind=identical n=2 stagger=0.000 coprefill=False spread=0.160 gate=- report=['early_divergence']
2026-09-30T13:11:06.577+00:00   [0] d0 finish=stop completion=94 chunks=47 acc=2.022(chunks) rate=33.52 ttft=0.100 sha=2774341ec8f4 early_divergence div@164 head='Sparse attention mitigates the q' tail='g performance and speed.'
2026-09-30T13:11:06.577+00:00   [1] d0 finish=stop completion=93 chunks=34 acc=2.788(chunks) rate=45.50 ttft=0.259 sha=774bf9418857 early_divergence div@1 head='Standard attention mechanisms sc' tail='tensive context windows.'
2026-09-30T13:11:12.371+00:00 burst=distinct-n2-b1 kind=distinct n=2 stagger=0.000 coprefill=True spread=0.000 gate=- report=['early_divergence']
2026-09-30T13:11:12.371+00:00   [0] d0 finish=stop completion=100 chunks=37 acc=2.750(chunks) rate=43.55 ttft=0.512 sha=321e5cca37dd early_divergence div@1 head='Standard attention mechanisms sc' tail='onstraints are critical.'
2026-09-30T13:11:12.371+00:00   [1] d1 finish=stop completion=72 chunks=30 acc=2.448(chunks) rate=38.83 ttft=0.512 sha=f212b9f7bdee early_divergence div@141 head='A bicycle gear system uses mecha' tail='ing torque for velocity.'
2026-09-30T13:11:17.645+00:00 burst=distinct-n2-b2 kind=distinct n=2 stagger=0.000 coprefill=True spread=0.000 gate=- report=['early_divergence']
2026-09-30T13:11:17.645+00:00   [0] d0 finish=stop completion=100 chunks=35 acc=2.912(chunks) rate=46.10 ttft=0.119 sha=321e5cca37dd early_divergence div@1 head='Standard attention mechanisms sc' tail='onstraints are critical.'
2026-09-30T13:11:17.645+00:00   [1] d1 finish=stop completion=72 chunks=30 acc=2.448(chunks) rate=39.20 ttft=0.119 sha=f212b9f7bdee early_divergence div@141 head='A bicycle gear system uses mecha' tail='ing torque for velocity.'
2026-09-30T13:11:22.967+00:00 burst=distinct-n2-b3 kind=distinct n=2 stagger=0.000 coprefill=False spread=0.162 gate=- report=['early_divergence']
2026-09-30T13:11:22.967+00:00   [0] d0 finish=stop completion=93 chunks=34 acc=2.788(chunks) rate=44.82 ttft=0.262 sha=774bf9418857 early_divergence div@1 head='Standard attention mechanisms sc' tail='tensive context windows.'
2026-09-30T13:11:22.968+00:00   [1] d1 finish=stop completion=70 chunks=35 acc=2.029(chunks) rate=32.00 ttft=0.100 sha=c61d8657cdea early_divergence div@80 head='A bicycle gear system uses mecha' tail='torque for higher speed.'
2026-09-30T13:11:29.432+00:00 burst=identical-n3-b1 kind=identical n=3 stagger=0.000 coprefill=False spread=0.174 gate=- report=['early_divergence']
2026-09-30T13:11:29.432+00:00   [0] d0 finish=stop completion=94 chunks=39 acc=2.447(chunks) rate=34.60 ttft=0.276 sha=3bf26d1e5286 early_divergence div@1 head='Standard attention mechanisms sc' tail='ing extensive documents.'
2026-09-30T13:11:29.432+00:00   [1] d0 finish=stop completion=95 chunks=47 acc=2.043(chunks) rate=29.56 ttft=0.276 sha=f231686bb8ae early_divergence div@17 head='Sparse attention significantly e' tail=' contextual information.'
2026-09-30T13:11:29.432+00:00   [2] d0 finish=stop completion=95 chunks=45 acc=2.136(chunks) rate=30.11 ttft=0.102 sha=62032dac1eb1 early_divergence div@164 head='Sparse attention mitigates the q' tail='n large language models.'
2026-09-30T13:11:35.901+00:00 burst=identical-n3-b2 kind=identical n=3 stagger=0.000 coprefill=False spread=0.173 gate=- report=['early_divergence']
2026-09-30T13:11:35.901+00:00   [0] d0 finish=stop completion=95 chunks=45 acc=2.136(chunks) rate=30.06 ttft=0.102 sha=62032dac1eb1 early_divergence div@164 head='Sparse attention mitigates the q' tail='n large language models.'
2026-09-30T13:11:35.901+00:00   [1] d0 finish=stop completion=95 chunks=47 acc=2.043(chunks) rate=29.50 ttft=0.275 sha=f231686bb8ae early_divergence div@17 head='Sparse attention significantly e' tail=' contextual information.'
2026-09-30T13:11:35.901+00:00   [2] d0 finish=stop completion=94 chunks=39 acc=2.447(chunks) rate=34.60 ttft=0.276 sha=3bf26d1e5286 early_divergence div@1 head='Standard attention mechanisms sc' tail='ing extensive documents.'
2026-09-30T13:11:42.387+00:00 burst=identical-n3-b3 kind=identical n=3 stagger=0.000 coprefill=False spread=0.174 gate=- report=['early_divergence']
2026-09-30T13:11:42.387+00:00   [0] d0 finish=stop completion=95 chunks=45 acc=2.136(chunks) rate=29.93 ttft=0.102 sha=62032dac1eb1 early_divergence div@164 head='Sparse attention mitigates the q' tail='n large language models.'
2026-09-30T13:11:42.387+00:00   [1] d0 finish=stop completion=95 chunks=47 acc=2.043(chunks) rate=29.36 ttft=0.276 sha=f231686bb8ae early_divergence div@17 head='Sparse attention significantly e' tail=' contextual information.'
2026-09-30T13:11:42.387+00:00   [2] d0 finish=stop completion=94 chunks=39 acc=2.447(chunks) rate=34.45 ttft=0.277 sha=3bf26d1e5286 early_divergence div@1 head='Standard attention mechanisms sc' tail='ing extensive documents.'
2026-09-30T13:11:48.538+00:00 burst=distinct-n3-b1 kind=distinct n=3 stagger=0.000 coprefill=False spread=0.176 gate=- report=['early_divergence']
2026-09-30T13:11:48.538+00:00   [0] d0 finish=stop completion=94 chunks=47 acc=2.022(chunks) rate=30.56 ttft=0.100 sha=2774341ec8f4 early_divergence div@164 head='Sparse attention mitigates the q' tail='g performance and speed.'
2026-09-30T13:11:48.538+00:00   [1] d1 finish=stop completion=76 chunks=35 acc=2.206(chunks) rate=32.30 ttft=0.277 sha=e8a944e43d20 early_divergence div@80 head='A bicycle gear system uses mecha' tail=' for varying conditions.'
2026-09-30T13:11:48.538+00:00   [2] d2 finish=stop completion=43 chunks=12 acc=3.818(chunks) rate=48.80 ttft=0.277 sha=097672f98733 ok div@None head='2, 3, 5, 7, 11, 13, 17, 19, 23, ' tail=', 17, 19, 23, 29, 31, 37'
2026-09-30T13:11:54.722+00:00 burst=distinct-n3-b2 kind=distinct n=3 stagger=0.000 coprefill=False spread=0.188 gate=- report=['early_divergence']
2026-09-30T13:11:54.722+00:00   [0] d0 finish=stop completion=105 chunks=47 acc=2.261(chunks) rate=35.93 ttft=0.281 sha=4c77871f8919 early_divergence div@17 head='Sparse attention significantly e' tail='or real-world use cases.'
2026-09-30T13:11:54.722+00:00   [1] d1 finish=stop completion=74 chunks=33 acc=2.281(chunks) rate=34.01 ttft=0.281 sha=02dbae298851 ok div@165 head='A bicycle gear system uses mecha' tail='torque for higher speed.'
2026-09-30T13:11:54.722+00:00   [2] d2 finish=stop completion=43 chunks=12 acc=3.818(chunks) rate=47.32 ttft=0.094 sha=097672f98733 ok div@None head='2, 3, 5, 7, 11, 13, 17, 19, 23, ' tail=', 17, 19, 23, 29, 31, 37'
2026-09-30T13:12:00.877+00:00 burst=distinct-n3-b3 kind=distinct n=3 stagger=0.000 coprefill=False spread=0.175 gate=- report=['early_divergence']
2026-09-30T13:12:00.877+00:00   [0] d0 finish=stop completion=94 chunks=47 acc=2.022(chunks) rate=30.87 ttft=0.136 sha=2774341ec8f4 early_divergence div@164 head='Sparse attention mitigates the q' tail='g performance and speed.'
2026-09-30T13:12:00.877+00:00   [1] d1 finish=stop completion=76 chunks=35 acc=2.206(chunks) rate=32.61 ttft=0.311 sha=e8a944e43d20 early_divergence div@80 head='A bicycle gear system uses mecha' tail=' for varying conditions.'
2026-09-30T13:12:00.877+00:00   [2] d2 finish=stop completion=43 chunks=12 acc=3.818(chunks) rate=49.48 ttft=0.311 sha=097672f98733 ok div@None head='2, 3, 5, 7, 11, 13, 17, 19, 23, ' tail=', 17, 19, 23, 29, 31, 37'
2026-09-30T13:12:07.807+00:00 burst=identical-n5-b1 kind=identical n=5 stagger=0.000 coprefill=False spread=0.209 gate=- report=['early_divergence']
2026-09-30T13:12:07.807+00:00   [0] d0 finish=stop completion=94 chunks=45 acc=2.114(chunks) rate=26.25 ttft=0.314 sha=5ea913999162 ok div@241 head='Sparse attention mitigates the q' tail='ormance and scalability.'
2026-09-30T13:12:07.807+00:00   [1] d0 finish=stop completion=97 chunks=46 acc=2.133(chunks) rate=26.62 ttft=0.314 sha=6381d2b59382 early_divergence div@17 head='Sparse attention significantly e' tail='ong-context AI feasible.'
2026-09-30T13:12:07.807+00:00   [2] d0 finish=stop completion=94 chunks=45 acc=2.114(chunks) rate=25.88 ttft=0.106 sha=9e1e92f41e6c early_divergence div@164 head='Sparse attention mitigates the q' tail='ormance and scalability.'
2026-09-30T13:12:07.807+00:00   [3] d0 finish=stop completion=96 chunks=44 acc=2.209(chunks) rate=27.38 ttft=0.313 sha=7086bc8c0441 early_divergence div@1 head='Standard attention mechanisms sc' tail='ming hardware resources.'
2026-09-30T13:12:07.807+00:00   [4] d0 finish=stop completion=94 chunks=42 acc=2.268(chunks) rate=28.17 ttft=0.314 sha=c6257057fc76 early_divergence div@1 head='Standard attention mechanisms sc' tail='ical application limits.'
2026-09-30T13:12:14.729+00:00 burst=identical-n5-b2 kind=identical n=5 stagger=0.000 coprefill=False spread=0.210 gate=- report=['early_divergence']
2026-09-30T13:12:14.729+00:00   [0] d0 finish=stop completion=94 chunks=42 acc=2.268(chunks) rate=28.26 ttft=0.318 sha=c6257057fc76 early_divergence div@1 head='Standard attention mechanisms sc' tail='ical application limits.'
2026-09-30T13:12:14.729+00:00   [1] d0 finish=stop completion=94 chunks=45 acc=2.114(chunks) rate=26.33 ttft=0.317 sha=5ea913999162 ok div@241 head='Sparse attention mitigates the q' tail='ormance and scalability.'
2026-09-30T13:12:14.729+00:00   [2] d0 finish=stop completion=94 chunks=45 acc=2.114(chunks) rate=25.94 ttft=0.108 sha=9e1e92f41e6c early_divergence div@164 head='Sparse attention mitigates the q' tail='ormance and scalability.'
2026-09-30T13:12:14.729+00:00   [3] d0 finish=stop completion=96 chunks=44 acc=2.209(chunks) rate=27.46 ttft=0.317 sha=7086bc8c0441 early_divergence div@1 head='Standard attention mechanisms sc' tail='ming hardware resources.'
2026-09-30T13:12:14.729+00:00   [4] d0 finish=stop completion=97 chunks=46 acc=2.133(chunks) rate=26.69 ttft=0.318 sha=6381d2b59382 early_divergence div@17 head='Sparse attention significantly e' tail='ong-context AI feasible.'
2026-09-30T13:12:21.658+00:00 burst=identical-n5-b3 kind=identical n=5 stagger=0.000 coprefill=False spread=0.203 gate=- report=['early_divergence']
2026-09-30T13:12:21.658+00:00   [0] d0 finish=stop completion=97 chunks=46 acc=2.133(chunks) rate=26.56 ttft=0.305 sha=6381d2b59382 early_divergence div@17 head='Sparse attention significantly e' tail='ong-context AI feasible.'
2026-09-30T13:12:21.658+00:00   [1] d0 finish=stop completion=94 chunks=42 acc=2.268(chunks) rate=28.12 ttft=0.305 sha=c6257057fc76 early_divergence div@1 head='Standard attention mechanisms sc' tail='ical application limits.'
2026-09-30T13:12:21.658+00:00   [2] d0 finish=stop completion=94 chunks=45 acc=2.114(chunks) rate=25.85 ttft=0.102 sha=9e1e92f41e6c early_divergence div@164 head='Sparse attention mitigates the q' tail='ormance and scalability.'
2026-09-30T13:12:21.658+00:00   [3] d0 finish=stop completion=96 chunks=44 acc=2.209(chunks) rate=27.31 ttft=0.304 sha=7086bc8c0441 early_divergence div@1 head='Standard attention mechanisms sc' tail='ming hardware resources.'
2026-09-30T13:12:21.658+00:00   [4] d0 finish=stop completion=94 chunks=45 acc=2.114(chunks) rate=26.18 ttft=0.306 sha=5ea913999162 ok div@241 head='Sparse attention mitigates the q' tail='ormance and scalability.'
2026-09-30T13:12:28.487+00:00 burst=distinct-n5-b1 kind=distinct n=5 stagger=0.000 coprefill=False spread=0.216 gate=- report=['early_divergence']
2026-09-30T13:12:28.487+00:00   [0] d0 finish=stop completion=98 chunks=46 acc=2.156(chunks) rate=27.64 ttft=0.310 sha=1400b4af44aa early_divergence div@17 head='Sparse attention significantly e' tail='r real-world deployment.'
2026-09-30T13:12:28.487+00:00   [1] d1 finish=stop completion=71 chunks=30 acc=2.414(chunks) rate=26.54 ttft=0.094 sha=4231ee78ca0d ok div@165 head='A bicycle gear system uses mecha' tail='ing torque for velocity.'
2026-09-30T13:12:28.487+00:00   [2] d2 finish=stop completion=43 chunks=12 acc=3.818(chunks) rate=39.84 ttft=0.309 sha=097672f98733 ok div@None head='2, 3, 5, 7, 11, 13, 17, 19, 23, ' tail=', 17, 19, 23, 29, 31, 37'
2026-09-30T13:12:28.487+00:00   [3] d3 finish=stop completion=85 chunks=31 acc=2.800(chunks) rate=31.87 ttft=0.309 sha=5121f754e7d8 early_divergence div@4 head='The sun heats up water in oceans' tail=' journey all over again.'
2026-09-30T13:12:28.487+00:00   [4] d4 finish=stop completion=102 chunks=27 acc=3.885(chunks) rate=43.16 ttft=0.309 sha=cb9c046d4e9a ok div@None head='```python\ndef fibonacci(n: int) ' tail=', a + b\n    return b\n```'
2026-09-30T13:12:34.827+00:00 burst=distinct-n5-b2 kind=distinct n=5 stagger=0.000 coprefill=False spread=0.266 gate=- report=['early_divergence']
2026-09-30T13:12:34.827+00:00   [0] d0 finish=stop completion=88 chunks=36 acc=2.486(chunks) rate=29.22 ttft=0.356 sha=b7682e924320 early_divergence div@1 head='Standard attention mechanisms sc' tail=' practical applications.'
2026-09-30T13:12:34.827+00:00   [1] d1 finish=stop completion=76 chunks=35 acc=2.206(chunks) rate=24.61 ttft=0.212 sha=670d1fded320 early_divergence div@80 head='A bicycle gear system uses mecha' tail='wer for varying terrain.'
2026-09-30T13:12:34.827+00:00   [2] d2 finish=stop completion=43 chunks=12 acc=3.818(chunks) rate=39.84 ttft=0.355 sha=097672f98733 ok div@None head='2, 3, 5, 7, 11, 13, 17, 19, 23, ' tail=', 17, 19, 23, 29, 31, 37'
2026-09-30T13:12:34.827+00:00   [3] d3 finish=stop completion=91 chunks=36 acc=2.571(chunks) rate=29.53 ttft=0.212 sha=cf9947c247bb early_divergence div@16 head='The water cycle starts when the ' tail=' journey all over again.'
2026-09-30T13:12:34.827+00:00   [4] d4 finish=stop completion=102 chunks=28 acc=3.741(chunks) rate=40.44 ttft=0.091 sha=cb9c046d4e9a ok div@None head='```python\ndef fibonacci(n: int) ' tail=', a + b\n    return b\n```'
2026-09-30T13:12:41.360+00:00 burst=distinct-n5-b3 kind=distinct n=5 stagger=0.000 coprefill=False spread=0.217 gate=- report=['early_divergence']
2026-09-30T13:12:41.360+00:00   [0] d0 finish=stop completion=97 chunks=40 acc=2.462(chunks) rate=30.19 ttft=0.347 sha=70fc26570469 early_divergence div@1 head='Standard attention mechanisms sc' tail='ta or document analysis.'
2026-09-30T13:12:41.360+00:00   [1] d1 finish=stop completion=77 chunks=31 acc=2.533(chunks) rate=28.28 ttft=0.347 sha=60e22ef7c97d ok div@165 head='A bicycle gear system uses mecha' tail='d on terrain conditions.'
2026-09-30T13:12:41.360+00:00   [2] d2 finish=stop completion=43 chunks=12 acc=3.818(chunks) rate=39.75 ttft=0.346 sha=097672f98733 ok div@None head='2, 3, 5, 7, 11, 13, 17, 19, 23, ' tail=', 17, 19, 23, 29, 31, 37'
2026-09-30T13:12:41.360+00:00   [3] d3 finish=stop completion=89 chunks=35 acc=2.588(chunks) rate=30.42 ttft=0.346 sha=0596173be865 early_divergence div@4 head='The sun warms up the water in oc' tail=' journey all over again.'
2026-09-30T13:12:41.360+00:00   [4] d4 finish=stop completion=102 chunks=27 acc=3.885(chunks) rate=42.45 ttft=0.130 sha=d3af644442cd early_divergence div@80 head='```python\ndef fibonacci(n: int) ' tail=', a + b\n    return b\n```'
2026-09-30T13:12:48.886+00:00 burst=identical-n8-b1 kind=identical n=8 stagger=0.000 coprefill=False spread=0.231 gate=- report=['early_divergence']
2026-09-30T13:12:48.886+00:00   [0] d0 finish=stop completion=101 chunks=47 acc=2.174(chunks) rate=24.80 ttft=0.103 sha=4bfa1bf64b96 early_divergence div@193 head='Sparse attention mitigates the q' tail='complex reasoning tasks.'
2026-09-30T13:12:48.886+00:00   [1] d0 finish=stop completion=103 chunks=52 acc=2.000(chunks) rate=24.38 ttft=0.334 sha=e694b3323d24 early_divergence div@17 head='Sparse attention significantly e' tail='nt long-range reasoning.'
2026-09-30T13:12:48.886+00:00   [2] d0 finish=stop completion=91 chunks=42 acc=2.195(chunks) rate=24.97 ttft=0.333 sha=29dbd9358c10 early_divergence div@132 head='Sparse attention mitigates the q' tail='real-world applications.'
2026-09-30T13:12:48.886+00:00   [3] d0 finish=stop completion=93 chunks=35 acc=2.706(chunks) rate=29.67 ttft=0.333 sha=4894a43dbae9 early_divergence div@1 head='Standard attention mechanisms sc' tail='complex reasoning tasks.'
2026-09-30T13:12:48.886+00:00   [4] d0 finish=stop completion=95 chunks=39 acc=2.474(chunks) rate=27.90 ttft=0.333 sha=30da1fd13f33 early_divergence div@1 head='Standard attention mechanisms sc' tail='pplication requirements.'
2026-09-30T13:12:48.886+00:00   [5] d0 finish=stop completion=94 chunks=40 acc=2.385(chunks) rate=26.92 ttft=0.333 sha=ae36ad6fd27b early_divergence div@1 head='Standard attention mechanisms sc' tail='pplication requirements.'
2026-09-30T13:12:48.886+00:00   [6] d0 finish=stop completion=93 chunks=37 acc=2.556(chunks) rate=28.88 ttft=0.333 sha=ca53988def6a early_divergence div@1 head='Standard attention mechanisms sc' tail='tensive context windows.'
2026-09-30T13:12:48.886+00:00   [7] d0 finish=stop completion=90 chunks=39 acc=2.342(chunks) rate=26.42 ttft=0.333 sha=74645c0c0861 early_divergence div@1 head='Standard attention mechanisms sc' tail='ontextual understanding.'
2026-09-30T13:12:56.439+00:00 burst=identical-n8-b2 kind=identical n=8 stagger=0.000 coprefill=False spread=0.231 gate=- report=['early_divergence']
2026-09-30T13:12:56.439+00:00   [0] d0 finish=stop completion=95 chunks=39 acc=2.474(chunks) rate=28.03 ttft=0.368 sha=30da1fd13f33 early_divergence div@1 head='Standard attention mechanisms sc' tail='pplication requirements.'
2026-09-30T13:12:56.439+00:00   [1] d0 finish=stop completion=93 chunks=37 acc=2.556(chunks) rate=29.03 ttft=0.370 sha=ca53988def6a early_divergence div@1 head='Standard attention mechanisms sc' tail='tensive context windows.'
2026-09-30T13:12:56.439+00:00   [2] d0 finish=stop completion=93 chunks=35 acc=2.706(chunks) rate=29.93 ttft=0.369 sha=4894a43dbae9 early_divergence div@1 head='Standard attention mechanisms sc' tail='complex reasoning tasks.'
2026-09-30T13:12:56.439+00:00   [3] d0 finish=stop completion=94 chunks=40 acc=2.385(chunks) rate=27.02 ttft=0.370 sha=ae36ad6fd27b early_divergence div@1 head='Standard attention mechanisms sc' tail='pplication requirements.'
2026-09-30T13:12:56.439+00:00   [4] d0 finish=stop completion=103 chunks=52 acc=2.000(chunks) rate=24.43 ttft=0.368 sha=e694b3323d24 early_divergence div@17 head='Sparse attention significantly e' tail='nt long-range reasoning.'
2026-09-30T13:12:56.439+00:00   [5] d0 finish=stop completion=91 chunks=42 acc=2.195(chunks) rate=25.02 ttft=0.368 sha=29dbd9358c10 early_divergence div@132 head='Sparse attention mitigates the q' tail='real-world applications.'
2026-09-30T13:12:56.439+00:00   [6] d0 finish=stop completion=101 chunks=47 acc=2.174(chunks) rate=24.84 ttft=0.138 sha=4bfa1bf64b96 early_divergence div@193 head='Sparse attention mitigates the q' tail='complex reasoning tasks.'
2026-09-30T13:12:56.439+00:00   [7] d0 finish=stop completion=90 chunks=39 acc=2.342(chunks) rate=26.54 ttft=0.370 sha=74645c0c0861 early_divergence div@1 head='Standard attention mechanisms sc' tail='ontextual understanding.'
2026-09-30T13:13:03.991+00:00 burst=identical-n8-b3 kind=identical n=8 stagger=0.000 coprefill=False spread=0.232 gate=- report=['early_divergence']
2026-09-30T13:13:03.991+00:00   [0] d0 finish=stop completion=90 chunks=39 acc=2.342(chunks) rate=26.33 ttft=0.335 sha=74645c0c0861 early_divergence div@1 head='Standard attention mechanisms sc' tail='ontextual understanding.'
2026-09-30T13:13:03.991+00:00   [1] d0 finish=stop completion=103 chunks=52 acc=2.000(chunks) rate=24.23 ttft=0.335 sha=e694b3323d24 early_divergence div@17 head='Sparse attention significantly e' tail='nt long-range reasoning.'
2026-09-30T13:13:03.991+00:00   [2] d0 finish=stop completion=93 chunks=35 acc=2.706(chunks) rate=29.64 ttft=0.335 sha=4894a43dbae9 early_divergence div@1 head='Standard attention mechanisms sc' tail='complex reasoning tasks.'
2026-09-30T13:13:03.991+00:00   [3] d0 finish=stop completion=93 chunks=37 acc=2.556(chunks) rate=28.74 ttft=0.335 sha=ca53988def6a early_divergence div@1 head='Standard attention mechanisms sc' tail='tensive context windows.'
2026-09-30T13:13:03.991+00:00   [4] d0 finish=stop completion=95 chunks=39 acc=2.474(chunks) rate=27.82 ttft=0.335 sha=30da1fd13f33 early_divergence div@1 head='Standard attention mechanisms sc' tail='pplication requirements.'
2026-09-30T13:13:03.991+00:00   [5] d0 finish=stop completion=91 chunks=42 acc=2.195(chunks) rate=24.85 ttft=0.336 sha=29dbd9358c10 early_divergence div@132 head='Sparse attention mitigates the q' tail='real-world applications.'
2026-09-30T13:13:03.991+00:00   [6] d0 finish=stop completion=94 chunks=40 acc=2.385(chunks) rate=26.82 ttft=0.334 sha=ae36ad6fd27b early_divergence div@1 head='Standard attention mechanisms sc' tail='pplication requirements.'
2026-09-30T13:13:03.991+00:00   [7] d0 finish=stop completion=101 chunks=47 acc=2.174(chunks) rate=24.67 ttft=0.104 sha=4bfa1bf64b96 early_divergence div@193 head='Sparse attention mitigates the q' tail='complex reasoning tasks.'
2026-09-30T13:13:10.928+00:00 burst=distinct-n8-b1 kind=distinct n=8 stagger=0.000 coprefill=False spread=0.261 gate=- report=['early_divergence']
2026-09-30T13:13:10.928+00:00   [0] d0 finish=stop completion=94 chunks=40 acc=2.385(chunks) rate=26.02 ttft=0.354 sha=ae36ad6fd27b early_divergence div@1 head='Standard attention mechanisms sc' tail='pplication requirements.'
2026-09-30T13:13:10.928+00:00   [1] d1 finish=stop completion=71 chunks=27 acc=2.692(chunks) rate=25.91 ttft=0.353 sha=a059e16a80b3 ok div@165 head='A bicycle gear system uses mecha' tail=' speeds on flat terrain.'
2026-09-30T13:13:10.928+00:00   [2] d2 finish=stop completion=43 chunks=12 acc=3.818(chunks) rate=33.81 ttft=0.353 sha=097672f98733 ok div@None head='2, 3, 5, 7, 11, 13, 17, 19, 23, ' tail=', 17, 19, 23, 29, 31, 37'
2026-09-30T13:13:10.928+00:00   [3] d3 finish=stop completion=91 chunks=36 acc=2.571(chunks) rate=26.86 ttft=0.355 sha=3ef4b8266594 early_divergence div@26 head='The water cycle is like a never-' tail='the trip all over again.'
2026-09-30T13:13:10.928+00:00   [4] d4 finish=stop completion=102 chunks=27 acc=3.885(chunks) rate=37.40 ttft=0.354 sha=cb9c046d4e9a ok div@None head='```python\ndef fibonacci(n: int) ' tail=', a + b\n    return b\n```'
2026-09-30T13:13:10.928+00:00   [5] d5 finish=stop completion=19 chunks=8 acc=2.571(chunks) rate=22.29 ttft=0.354 sha=fbd9a6af1079 early_divergence div@63 head='La bibliothèque ouvre à neuf heu' tail='res les jours ouvrables.'
2026-09-30T13:13:10.928+00:00   [6] d6 finish=stop completion=70 chunks=33 acc=2.156(chunks) rate=21.03 ttft=0.094 sha=6ed0508ab41c ok div@189 head='1. Reduce watering frequency sig' tail='ensate for shorter days.'
2026-09-30T13:13:10.928+00:00   [7] d7 finish=stop completion=67 chunks=19 acc=3.667(chunks) rate=33.73 ttft=0.355 sha=c39be9b87ae0 ok div@None head='{\n  "name": "Eiffel Tower",\n  "y' tail='re",\n    "Tourism"\n  ]\n}'
2026-09-30T13:13:17.886+00:00 burst=distinct-n8-b2 kind=distinct n=8 stagger=0.000 coprefill=False spread=0.257 gate=- report=['early_divergence']
2026-09-30T13:13:17.886+00:00   [0] d0 finish=stop completion=94 chunks=37 acc=2.583(chunks) rate=26.85 ttft=0.366 sha=ae36ad6fd27b early_divergence div@1 head='Standard attention mechanisms sc' tail='pplication requirements.'
2026-09-30T13:13:17.886+00:00   [1] d1 finish=stop completion=74 chunks=31 acc=2.433(chunks) rate=23.48 ttft=0.366 sha=e16e691f252a ok div@165 head='A bicycle gear system uses mecha' tail='wer for varying terrain.'
2026-09-30T13:13:17.886+00:00   [2] d2 finish=stop completion=43 chunks=12 acc=3.818(chunks) rate=33.60 ttft=0.366 sha=097672f98733 ok div@None head='2, 3, 5, 7, 11, 13, 17, 19, 23, ' tail=', 17, 19, 23, 29, 31, 37'
2026-09-30T13:13:17.886+00:00   [3] d3 finish=stop completion=94 chunks=39 acc=2.447(chunks) rate=25.96 ttft=0.365 sha=187a7cc3dd29 early_divergence div@26 head='The water cycle is like a never-' tail='ing trip all over again.'
2026-09-30T13:13:17.886+00:00   [4] d4 finish=stop completion=102 chunks=26 acc=4.040(chunks) rate=37.56 ttft=0.366 sha=cb9c046d4e9a ok div@None head='```python\ndef fibonacci(n: int) ' tail=', a + b\n    return b\n```'
2026-09-30T13:13:17.886+00:00   [5] d5 finish=stop completion=19 chunks=8 acc=2.571(chunks) rate=22.48 ttft=0.366 sha=fbd9a6af1079 early_divergence div@63 head='La bibliothèque ouvre à neuf heu' tail='res les jours ouvrables.'
2026-09-30T13:13:17.886+00:00   [6] d6 finish=stop completion=70 chunks=33 acc=2.156(chunks) rate=21.61 ttft=0.365 sha=6ed0508ab41c ok div@189 head='1. Reduce watering frequency sig' tail='ensate for shorter days.'
2026-09-30T13:13:17.886+00:00   [7] d7 finish=stop completion=67 chunks=18 acc=3.882(chunks) rate=34.27 ttft=0.110 sha=c39be9b87ae0 ok div@None head='{\n  "name": "Eiffel Tower",\n  "y' tail='re",\n    "Tourism"\n  ]\n}'
2026-09-30T13:13:24.904+00:00 burst=distinct-n8-b3 kind=distinct n=8 stagger=0.000 coprefill=False spread=0.266 gate=- report=['early_divergence']
2026-09-30T13:13:24.904+00:00   [0] d0 finish=stop completion=94 chunks=40 acc=2.385(chunks) rate=25.74 ttft=0.394 sha=ae36ad6fd27b early_divergence div@1 head='Standard attention mechanisms sc' tail='pplication requirements.'
2026-09-30T13:13:24.904+00:00   [1] d1 finish=stop completion=77 chunks=31 acc=2.533(chunks) rate=24.28 ttft=0.395 sha=d710ef33242b ok div@165 head='A bicycle gear system uses mecha' tail='wer for varying terrain.'
2026-09-30T13:13:24.904+00:00   [2] d2 finish=stop completion=43 chunks=12 acc=3.818(chunks) rate=33.50 ttft=0.395 sha=097672f98733 ok div@None head='2, 3, 5, 7, 11, 13, 17, 19, 23, ' tail=', 17, 19, 23, 29, 31, 37'
2026-09-30T13:13:24.904+00:00   [3] d3 finish=stop completion=96 chunks=37 acc=2.639(chunks) rate=26.37 ttft=0.129 sha=f493f294eb04 early_divergence div@16 head='The water cycle starts when the ' tail='the whole journey again.'
2026-09-30T13:13:24.904+00:00   [4] d4 finish=stop completion=102 chunks=27 acc=3.885(chunks) rate=37.23 ttft=0.393 sha=cb9c046d4e9a ok div@None head='```python\ndef fibonacci(n: int) ' tail=', a + b\n    return b\n```'
2026-09-30T13:13:24.904+00:00   [5] d5 finish=stop completion=17 chunks=7 acc=2.667(chunks) rate=22.85 ttft=0.395 sha=5a881638e98d ok div@None head='La bibliothèque ouvre à neuf heu' tail='-huit heures en semaine.'
2026-09-30T13:13:24.904+00:00   [6] d6 finish=stop completion=70 chunks=32 acc=2.226(chunks) rate=22.05 ttft=0.394 sha=6ed0508ab41c ok div@189 head='1. Reduce watering frequency sig' tail='ensate for shorter days.'
2026-09-30T13:13:24.904+00:00   [7] d7 finish=stop completion=67 chunks=19 acc=3.667(chunks) rate=33.64 ttft=0.396 sha=c39be9b87ae0 ok div@None head='{\n  "name": "Eiffel Tower",\n  "y' tail='re",\n    "Tourism"\n  ]\n}'
2026-09-30T13:13:30.471+00:00 burst=staggered-identical-n2 kind=identical n=2 stagger=0.250 coprefill=False spread=0.322 gate=- report=['early_divergence']
2026-09-30T13:13:30.471+00:00   [0] d0 finish=stop completion=95 chunks=41 acc=2.350(chunks) rate=38.21 ttft=0.100 sha=26e6979e3e7e ok div@333 head='Sparse attention mitigates the q' tail='n large language models.'
2026-09-30T13:13:30.471+00:00   [1] d0 finish=stop completion=93 chunks=34 acc=2.788(chunks) rate=45.69 ttft=0.172 sha=774bf9418857 early_divergence div@1 head='Standard attention mechanisms sc' tail='tensive context windows.'
2026-09-30T13:13:36.672+00:00 burst=staggered-distinct-n3 kind=distinct n=3 stagger=0.250 coprefill=False spread=0.617 gate=- report=['early_divergence']
2026-09-30T13:13:36.672+00:00   [0] d0 finish=stop completion=99 chunks=47 acc=2.130(chunks) rate=31.68 ttft=0.102 sha=b4f847211dde early_divergence div@164 head='Sparse attention mitigates the q' tail='processing applications.'
2026-09-30T13:13:36.672+00:00   [1] d1 finish=stop completion=78 chunks=37 acc=2.139(chunks) rate=30.83 ttft=0.172 sha=7001d85664e3 ok div@201 head='A bicycle gear system uses mecha' tail='ess mechanical leverage.'
2026-09-30T13:13:36.672+00:00   [2] d2 finish=stop completion=43 chunks=12 acc=3.818(chunks) rate=49.37 ttft=0.219 sha=097672f98733 ok div@None head='2, 3, 5, 7, 11, 13, 17, 19, 23, ' tail=', 17, 19, 23, 29, 31, 37'
2026-09-30T13:13:43.782+00:00 burst=staggered-distinct-n5 kind=distinct n=5 stagger=0.250 coprefill=False spread=1.179 gate=- report=['early_divergence']
2026-09-30T13:13:43.782+00:00   [0] d0 finish=stop completion=100 chunks=45 acc=2.250(chunks) rate=27.40 ttft=0.099 sha=ce4119481111 early_divergence div@164 head='Sparse attention mitigates the q' tail='n large language models.'
2026-09-30T13:13:43.782+00:00   [1] d1 finish=stop completion=75 chunks=31 acc=2.467(chunks) rate=28.39 ttft=0.170 sha=c83f84f02cda ok div@373 head='A bicycle gear system uses mecha' tail='l for flat, fast riding.'
2026-09-30T13:13:43.782+00:00   [2] d2 finish=stop completion=43 chunks=12 acc=3.818(chunks) rate=40.48 ttft=0.217 sha=097672f98733 ok div@None head='2, 3, 5, 7, 11, 13, 17, 19, 23, ' tail=', 17, 19, 23, 29, 31, 37'
2026-09-30T13:13:43.782+00:00   [3] d3 finish=stop completion=101 chunks=40 acc=2.564(chunks) rate=32.07 ttft=0.232 sha=a5cb9def895f early_divergence div@16 head='The water cycle starts when the ' tail=' journey all over again.'
2026-09-30T13:13:43.782+00:00   [4] d4 finish=stop completion=102 chunks=28 acc=3.741(chunks) rate=44.12 ttft=0.278 sha=cb9c046d4e9a ok div@None head='```python\ndef fibonacci(n: int) ' tail=', a + b\n    return b\n```'
2026-09-30T13:13:52.368+00:00 burst=staggered-identical-n8 kind=identical n=8 stagger=0.250 coprefill=False spread=1.891 gate=- report=['early_divergence']
2026-09-30T13:13:52.368+00:00   [0] d0 finish=stop completion=96 chunks=44 acc=2.209(chunks) rate=24.75 ttft=0.100 sha=2c64c491d746 early_divergence div@164 head='Sparse attention mitigates the q' tail='or broader applications.'
2026-09-30T13:13:52.368+00:00   [1] d0 finish=stop completion=101 chunks=39 acc=2.632(chunks) rate=28.08 ttft=0.226 sha=213c1286094f early_divergence div@1 head='Standard attention mechanisms sc' tail='standing and generation.'
2026-09-30T13:13:52.368+00:00   [2] d0 finish=stop completion=95 chunks=42 acc=2.293(chunks) rate=24.36 ttft=0.212 sha=429a4530ee1f early_divergence div@1 head='Standard attention mechanisms sc' tail='ical application limits.'
2026-09-30T13:13:52.368+00:00   [3] d0 finish=stop completion=100 chunks=45 acc=2.250(chunks) rate=24.08 ttft=0.224 sha=9e72c277d4b8 early_divergence div@1 head='Standard attention mechanisms sc' tail='d resource requirements.'
2026-09-30T13:13:52.368+00:00   [4] d0 finish=stop completion=90 chunks=41 acc=2.225(chunks) rate=23.72 ttft=0.246 sha=513610111a72 early_divergence div@1 head='Standard attention mechanisms sc' tail='nded dialogue scenarios.'
2026-09-30T13:13:52.368+00:00   [5] d0 finish=stop completion=97 chunks=43 acc=2.286(chunks) rate=25.26 ttft=0.298 sha=7ab80252b9ac early_divergence div@193 head='Sparse attention mitigates the q' tail='n large language models.'
2026-09-30T13:13:52.368+00:00   [6] d0 finish=stop completion=88 chunks=37 acc=2.417(chunks) rate=26.20 ttft=0.264 sha=b7682e924320 early_divergence div@1 head='Standard attention mechanisms sc' tail=' practical applications.'
2026-09-30T13:13:52.368+00:00   [7] d0 finish=stop completion=103 chunks=42 acc=2.488(chunks) rate=28.44 ttft=0.240 sha=c6a4d2d4da95 early_divergence div@1 head='Standard attention mechanisms sc' tail='aining high performance.'
2026-09-30T13:14:03.678+00:00 burst=long-pair kind=long n=2 stagger=0.000 coprefill=False spread=3.129 gate=- report=['slow']
2026-09-30T13:14:03.679+00:00   [0] long0 finish=stop completion=6 chunks=2 acc=5.000(chunks) rate=2.26 ttft=5.066 sha=83dab7f91bc1 slow div@None head='74354' tail='74354'
2026-09-30T13:14:03.679+00:00   [1] long1 finish=stop completion=6 chunks=2 acc=5.000(chunks) rate=45.97 ttft=8.195 sha=0ec41e567fc2 ok div@None head='79083' tail='79083'
2026-09-30T13:14:07.217+00:00 burst=image-pair kind=image n=2 stagger=0.000 coprefill=False spread=0.207 gate=- report=['early_divergence']
2026-09-30T13:14:07.217+00:00   [0] img_red finish=stop completion=11 chunks=4 acc=3.333(chunks) rate=37.40 ttft=0.142 sha=0e1c14c4131c ok div@None head='The image is filled with a solid' tail=' with a solid red color.'
2026-09-30T13:14:07.217+00:00   [1] img_blue finish=stop completion=11 chunks=4 acc=3.333(chunks) rate=55.40 ttft=0.349 sha=705b4320e3b4 early_divergence div@2 head='The image is filled with a solid' tail='with a solid blue color.'
2026-09-30T13:14:07.218+00:00 TOTALS bursts=30 streams=130 gate_bursts=0 zero_acc=0 runaway=0 first32_match=0.300 coprefill_bursts=2 per_request_spec_metrics=False
2026-09-30T13:14:07.218+00:00 NOTE: server did not return metrics.speculative_decoding on every stream; acceptance estimated from tokens per chunk (serve with --per-request-spec-decode-metrics summary)
2026-09-30T13:14:07.218+00:00 T0 PASS
