{
 "c1": {
  "stock": [
   38.77,
   38.77,
   38.68,
   38.71
  ],
  "lazy": [
   32.11,
   32.2,
   32.11,
   32.15
  ],
  "eager": [
   44.38,
   44.23,
   44.25,
   44.23
  ],
  "us_per_layer_median": {
   "stock": 38.77,
   "lazy": 32.15,
   "eager": 44.25
  },
  "delta_ms_per_step_36_layers": -0.238
 },
 "c8": {
  "stock": [
   299.51,
   299.03,
   298.94,
   298.74
  ],
  "lazy": [
   134.8,
   135.18,
   134.77,
   134.82
  ],
  "eager": [
   311.47,
   311.74,
   311.34,
   311.69
  ],
  "us_per_layer_median": {
   "stock": 299.03,
   "lazy": 134.82,
   "eager": 311.69
  },
  "delta_ms_per_step_36_layers": -5.912
 }
}
