2026-09-29T23:02:33.102+00:00 bench_probe v1 url=http://127.0.0.1:8000/v1/chat/completions sizes=[2, 3, 5, 8] kinds=['identical', 'distinct'] bursts_per_shape=3 max_tokens=256
2026-09-29T23:02:35.449+00:00 ref d0 finish=stop completion=97 acc=2.341 ttft=0.265 sha=b0e372faa960 head='Sparse attention mitigates the quadratic'
2026-09-29T23:02:38.016+00:00 ref d1 finish=stop completion=75 acc=2.643 ttft=0.136 sha=4ad2d5654ca6 head='A bicycle gear system uses mechanical ad'
2026-09-29T23:02:39.709+00:00 ref d2 finish=stop completion=43 acc=3.818 ttft=0.123 sha=097672f98733 head='2, 3, 5, 7, 11, 13, 17, 19, 23, 29, 31, '
2026-09-29T23:02:42.747+00:00 ref d3 finish=stop completion=101 acc=2.632 ttft=0.110 sha=3746d913c433 head='The water cycle is like a giant, never-e'
2026-09-29T23:02:45.249+00:00 ref d4 finish=stop completion=102 acc=3.741 ttft=0.143 sha=cb9c046d4e9a head='```python\ndef fibonacci(n: int) -> int:\n'
2026-09-29T23:02:46.764+00:00 ref d5 finish=stop completion=17 acc=2.000 ttft=0.113 sha=5a881638e98d head='La bibliothèque ouvre à neuf heures et f'
2026-09-29T23:02:49.438+00:00 ref d6 finish=stop completion=72 acc=2.367 ttft=0.134 sha=86f7d76d2833 head='1. Reduce watering frequency significant'
2026-09-29T23:02:51.428+00:00 ref d7 finish=stop completion=67 acc=3.882 ttft=0.128 sha=c39be9b87ae0 head='{\n  "name": "Eiffel Tower",\n  "year": 18'
2026-09-29T23:02:57.117+00:00 ref long0 finish=stop completion=6 acc=5.000 ttft=4.618 sha=83dab7f91bc1 head='74354'
2026-09-29T23:03:02.206+00:00 ref long1 finish=stop completion=6 acc=5.000 ttft=3.987 sha=0ec41e567fc2 head='79083'
2026-09-29T23:03:03.575+00:00 ref img_red finish=stop completion=11 acc=3.333 ttft=0.213 sha=0e1c14c4131c head='The image is filled with a solid red col'
2026-09-29T23:03:04.969+00:00 ref img_blue finish=stop completion=11 acc=2.500 ttft=0.182 sha=7fa32368a223 head='This image is filled with a solid blue c'
2026-09-29T23:03:12.015+00:00 burst=identical-n2-b1 kind=identical n=2 stagger=0.000 coprefill=False spread=0.394 gate=- report=['early_divergence']
2026-09-29T23:03:12.015+00:00   [0] d0 finish=stop completion=94 chunks=47 acc=2.022(chunks) rate=31.62 ttft=0.099 sha=2774341ec8f4 early_divergence div@164 head='Sparse attention mitigates the q' tail='g performance and speed.'
2026-09-29T23:03:12.015+00:00   [1] d0 finish=stop completion=93 chunks=35 acc=2.706(chunks) rate=44.96 ttft=0.493 sha=774bf9418857 early_divergence div@1 head='Standard attention mechanisms sc' tail='tensive context windows.'
2026-09-29T23:03:17.838+00:00 burst=identical-n2-b2 kind=identical n=2 stagger=0.000 coprefill=False spread=0.156 gate=- report=['early_divergence']
2026-09-29T23:03:17.838+00:00   [0] d0 finish=stop completion=94 chunks=47 acc=2.022(chunks) rate=34.23 ttft=0.100 sha=2774341ec8f4 early_divergence div@164 head='Sparse attention mitigates the q' tail='g performance and speed.'
2026-09-29T23:03:17.838+00:00   [1] d0 finish=stop completion=93 chunks=35 acc=2.706(chunks) rate=45.19 ttft=0.255 sha=774bf9418857 early_divergence div@1 head='Standard attention mechanisms sc' tail='tensive context windows.'
2026-09-29T23:03:23.647+00:00 burst=identical-n2-b3 kind=identical n=2 stagger=0.000 coprefill=False spread=0.155 gate=- report=['early_divergence']
2026-09-29T23:03:23.647+00:00   [0] d0 finish=stop completion=93 chunks=35 acc=2.706(chunks) rate=45.40 ttft=0.260 sha=774bf9418857 early_divergence div@1 head='Standard attention mechanisms sc' tail='tensive context windows.'
2026-09-29T23:03:23.647+00:00   [1] d0 finish=stop completion=94 chunks=47 acc=2.022(chunks) rate=34.47 ttft=0.105 sha=2774341ec8f4 early_divergence div@164 head='Sparse attention mitigates the q' tail='g performance and speed.'
2026-09-29T23:03:29.451+00:00 burst=distinct-n2-b1 kind=distinct n=2 stagger=0.000 coprefill=False spread=0.147 gate=- report=['early_divergence']
2026-09-29T23:03:29.452+00:00   [0] d0 finish=stop completion=95 chunks=47 acc=2.043(chunks) rate=34.84 ttft=0.101 sha=fd42320bee1b early_divergence div@164 head='Sparse attention mitigates the q' tail='n large language models.'
2026-09-29T23:03:29.452+00:00   [1] d1 finish=stop completion=75 chunks=31 acc=2.467(chunks) rate=39.25 ttft=0.249 sha=eadf9933adfc early_divergence div@80 head='A bicycle gear system uses mecha' tail='wer for varying terrain.'
2026-09-29T23:03:34.762+00:00 burst=distinct-n2-b2 kind=distinct n=2 stagger=0.000 coprefill=False spread=0.158 gate=- report=['early_divergence']
2026-09-29T23:03:34.762+00:00   [0] d0 finish=stop completion=93 chunks=35 acc=2.706(chunks) rate=44.80 ttft=0.251 sha=774bf9418857 early_divergence div@1 head='Standard attention mechanisms sc' tail='tensive context windows.'
2026-09-29T23:03:34.762+00:00   [1] d1 finish=stop completion=70 chunks=35 acc=2.029(chunks) rate=32.86 ttft=0.093 sha=c61d8657cdea early_divergence div@80 head='A bicycle gear system uses mecha' tail='torque for higher speed.'
2026-09-29T23:03:40.577+00:00 burst=distinct-n2-b3 kind=distinct n=2 stagger=0.000 coprefill=False spread=0.150 gate=- report=['early_divergence']
2026-09-29T23:03:40.577+00:00   [0] d0 finish=stop completion=95 chunks=47 acc=2.043(chunks) rate=34.74 ttft=0.102 sha=fd42320bee1b early_divergence div@164 head='Sparse attention mitigates the q' tail='n large language models.'
2026-09-29T23:03:40.577+00:00   [1] d1 finish=stop completion=75 chunks=31 acc=2.467(chunks) rate=39.40 ttft=0.252 sha=eadf9933adfc early_divergence div@80 head='A bicycle gear system uses mecha' tail='wer for varying terrain.'
2026-09-29T23:03:46.879+00:00 burst=identical-n3-b1 kind=identical n=3 stagger=0.000 coprefill=False spread=0.117 gate=- report=['early_divergence']
2026-09-29T23:03:46.879+00:00   [0] d0 finish=stop completion=94 chunks=47 acc=2.022(chunks) rate=29.69 ttft=0.103 sha=87864af6ba42 early_divergence div@164 head='Sparse attention mitigates the q' tail='g performance and speed.'
2026-09-29T23:03:46.879+00:00   [1] d0 finish=stop completion=94 chunks=40 acc=2.385(chunks) rate=35.20 ttft=0.219 sha=3bf26d1e5286 early_divergence div@1 head='Standard attention mechanisms sc' tail='ing extensive documents.'
2026-09-29T23:03:46.879+00:00   [2] d0 finish=stop completion=95 chunks=47 acc=2.043(chunks) rate=30.55 ttft=0.220 sha=f231686bb8ae early_divergence div@17 head='Sparse attention significantly e' tail=' contextual information.'
2026-09-29T23:03:53.246+00:00 burst=identical-n3-b2 kind=identical n=3 stagger=0.000 coprefill=False spread=0.170 gate=- report=['early_divergence']
2026-09-29T23:03:53.246+00:00   [0] d0 finish=stop completion=95 chunks=47 acc=2.043(chunks) rate=30.47 ttft=0.272 sha=f231686bb8ae early_divergence div@17 head='Sparse attention significantly e' tail=' contextual information.'
2026-09-29T23:03:53.246+00:00   [1] d0 finish=stop completion=94 chunks=40 acc=2.385(chunks) rate=35.07 ttft=0.272 sha=3bf26d1e5286 early_divergence div@1 head='Standard attention mechanisms sc' tail='ing extensive documents.'
2026-09-29T23:03:53.246+00:00   [2] d0 finish=stop completion=95 chunks=46 acc=2.089(chunks) rate=30.55 ttft=0.103 sha=62032dac1eb1 early_divergence div@164 head='Sparse attention mitigates the q' tail='n large language models.'
2026-09-29T23:03:59.593+00:00 burst=identical-n3-b3 kind=identical n=3 stagger=0.000 coprefill=False spread=0.168 gate=- report=['early_divergence']
2026-09-29T23:03:59.593+00:00   [0] d0 finish=stop completion=95 chunks=46 acc=2.089(chunks) rate=30.62 ttft=0.103 sha=62032dac1eb1 early_divergence div@164 head='Sparse attention mitigates the q' tail='n large language models.'
2026-09-29T23:03:59.593+00:00   [1] d0 finish=stop completion=94 chunks=40 acc=2.385(chunks) rate=35.11 ttft=0.269 sha=3bf26d1e5286 early_divergence div@1 head='Standard attention mechanisms sc' tail='ing extensive documents.'
2026-09-29T23:03:59.593+00:00   [2] d0 finish=stop completion=95 chunks=47 acc=2.043(chunks) rate=30.65 ttft=0.270 sha=f231686bb8ae early_divergence div@17 head='Sparse attention significantly e' tail=' contextual information.'
2026-09-29T23:04:05.831+00:00 burst=distinct-n3-b1 kind=distinct n=3 stagger=0.000 coprefill=False spread=0.182 gate=- report=['early_divergence']
2026-09-29T23:04:05.831+00:00   [0] d0 finish=stop completion=105 chunks=50 acc=2.122(chunks) rate=35.21 ttft=0.276 sha=4c77871f8919 early_divergence div@17 head='Sparse attention significantly e' tail='or real-world use cases.'
2026-09-29T23:04:05.831+00:00   [1] d1 finish=stop completion=74 chunks=33 acc=2.281(chunks) rate=35.15 ttft=0.276 sha=02dbae298851 ok div@165 head='A bicycle gear system uses mecha' tail='torque for higher speed.'
2026-09-29T23:04:05.831+00:00   [2] d2 finish=stop completion=43 chunks=12 acc=3.818(chunks) rate=48.97 ttft=0.094 sha=097672f98733 ok div@None head='2, 3, 5, 7, 11, 13, 17, 19, 23, ' tail=', 17, 19, 23, 29, 31, 37'
2026-09-29T23:04:11.742+00:00 burst=distinct-n3-b2 kind=distinct n=3 stagger=0.000 coprefill=False spread=0.178 gate=- report=['early_divergence']
2026-09-29T23:04:11.742+00:00   [0] d0 finish=stop completion=97 chunks=43 acc=2.286(chunks) rate=36.79 ttft=0.294 sha=8c72002c99a8 early_divergence div@1 head='Standard attention mechanisms sc' tail='ulti-turn conversations.'
2026-09-29T23:04:11.742+00:00   [1] d1 finish=stop completion=75 chunks=33 acc=2.312(chunks) rate=34.70 ttft=0.115 sha=0edd226f6379 early_divergence div@80 head='A bicycle gear system uses mecha' tail=' terrain and conditions.'
2026-09-29T23:04:11.742+00:00   [2] d2 finish=stop completion=43 chunks=12 acc=3.818(chunks) rate=49.53 ttft=0.116 sha=097672f98733 ok div@None head='2, 3, 5, 7, 11, 13, 17, 19, 23, ' tail=', 17, 19, 23, 29, 31, 37'
2026-09-29T23:04:18.056+00:00 burst=distinct-n3-b3 kind=distinct n=3 stagger=0.000 coprefill=False spread=0.226 gate=- report=['early_divergence']
2026-09-29T23:04:18.057+00:00   [0] d0 finish=stop completion=105 chunks=50 acc=2.122(chunks) rate=34.97 ttft=0.334 sha=4c77871f8919 early_divergence div@17 head='Sparse attention significantly e' tail='or real-world use cases.'
2026-09-29T23:04:18.057+00:00   [1] d1 finish=stop completion=74 chunks=33 acc=2.281(chunks) rate=34.74 ttft=0.333 sha=02dbae298851 ok div@165 head='A bicycle gear system uses mecha' tail='torque for higher speed.'
2026-09-29T23:04:18.057+00:00   [2] d2 finish=stop completion=43 chunks=12 acc=3.818(chunks) rate=44.67 ttft=0.108 sha=097672f98733 ok div@None head='2, 3, 5, 7, 11, 13, 17, 19, 23, ' tail=', 17, 19, 23, 29, 31, 37'
2026-09-29T23:04:24.983+00:00 burst=identical-n5-b1 kind=identical n=5 stagger=0.000 coprefill=False spread=0.206 gate=- report=['early_divergence']
2026-09-29T23:04:24.983+00:00   [0] d0 finish=stop completion=94 chunks=45 acc=2.114(chunks) rate=26.84 ttft=0.137 sha=9e1e92f41e6c early_divergence div@164 head='Sparse attention mitigates the q' tail='ormance and scalability.'
2026-09-29T23:04:24.983+00:00   [1] d0 finish=stop completion=94 chunks=45 acc=2.114(chunks) rate=27.26 ttft=0.343 sha=5ea913999162 ok div@241 head='Sparse attention mitigates the q' tail='ormance and scalability.'
2026-09-29T23:04:24.983+00:00   [2] d0 finish=stop completion=94 chunks=43 acc=2.214(chunks) rate=28.54 ttft=0.343 sha=c6257057fc76 early_divergence div@1 head='Standard attention mechanisms sc' tail='ical application limits.'
2026-09-29T23:04:24.983+00:00   [3] d0 finish=stop completion=96 chunks=44 acc=2.209(chunks) rate=28.45 ttft=0.343 sha=7086bc8c0441 early_divergence div@1 head='Standard attention mechanisms sc' tail='ming hardware resources.'
2026-09-29T23:04:24.983+00:00   [4] d0 finish=stop completion=97 chunks=48 acc=2.043(chunks) rate=26.84 ttft=0.344 sha=6381d2b59382 early_divergence div@17 head='Sparse attention significantly e' tail='ong-context AI feasible.'
2026-09-29T23:04:32.017+00:00 burst=identical-n5-b2 kind=identical n=5 stagger=0.000 coprefill=False spread=0.216 gate=- report=['early_divergence']
2026-09-29T23:04:32.017+00:00   [0] d0 finish=stop completion=94 chunks=45 acc=2.114(chunks) rate=26.57 ttft=0.358 sha=5ea913999162 ok div@241 head='Sparse attention mitigates the q' tail='ormance and scalability.'
2026-09-29T23:04:32.017+00:00   [1] d0 finish=stop completion=94 chunks=43 acc=2.214(chunks) rate=27.85 ttft=0.357 sha=c6257057fc76 early_divergence div@1 head='Standard attention mechanisms sc' tail='ical application limits.'
2026-09-29T23:04:32.017+00:00   [2] d0 finish=stop completion=96 chunks=44 acc=2.209(chunks) rate=27.75 ttft=0.357 sha=7086bc8c0441 early_divergence div@1 head='Standard attention mechanisms sc' tail='ming hardware resources.'
2026-09-29T23:04:32.017+00:00   [3] d0 finish=stop completion=97 chunks=48 acc=2.043(chunks) rate=26.18 ttft=0.358 sha=6381d2b59382 early_divergence div@17 head='Sparse attention significantly e' tail='ong-context AI feasible.'
2026-09-29T23:04:32.017+00:00   [4] d0 finish=stop completion=94 chunks=45 acc=2.114(chunks) rate=26.17 ttft=0.143 sha=9e1e92f41e6c early_divergence div@164 head='Sparse attention mitigates the q' tail='ormance and scalability.'
2026-09-29T23:04:38.923+00:00 burst=identical-n5-b3 kind=identical n=5 stagger=0.000 coprefill=False spread=0.211 gate=- report=['early_divergence']
2026-09-29T23:04:38.923+00:00   [0] d0 finish=stop completion=94 chunks=45 acc=2.114(chunks) rate=27.20 ttft=0.315 sha=5ea913999162 ok div@241 head='Sparse attention mitigates the q' tail='ormance and scalability.'
2026-09-29T23:04:38.923+00:00   [1] d0 finish=stop completion=96 chunks=44 acc=2.209(chunks) rate=28.39 ttft=0.313 sha=7086bc8c0441 early_divergence div@1 head='Standard attention mechanisms sc' tail='ming hardware resources.'
2026-09-29T23:04:38.923+00:00   [2] d0 finish=stop completion=94 chunks=43 acc=2.214(chunks) rate=28.48 ttft=0.313 sha=c6257057fc76 early_divergence div@1 head='Standard attention mechanisms sc' tail='ical application limits.'
2026-09-29T23:04:38.923+00:00   [3] d0 finish=stop completion=97 chunks=48 acc=2.043(chunks) rate=26.78 ttft=0.313 sha=6381d2b59382 early_divergence div@17 head='Sparse attention significantly e' tail='ong-context AI feasible.'
2026-09-29T23:04:38.923+00:00   [4] d0 finish=stop completion=94 chunks=45 acc=2.114(chunks) rate=26.76 ttft=0.103 sha=9e1e92f41e6c early_divergence div@164 head='Sparse attention mitigates the q' tail='ormance and scalability.'
2026-09-29T23:04:45.355+00:00 burst=distinct-n5-b1 kind=distinct n=5 stagger=0.000 coprefill=False spread=0.265 gate=- report=['early_divergence']
2026-09-29T23:04:45.355+00:00   [0] d0 finish=stop completion=92 chunks=40 acc=2.333(chunks) rate=28.25 ttft=0.201 sha=5641ce4e99a2 early_divergence div@1 head='Standard attention mechanisms sc' tail='pplication requirements.'
2026-09-29T23:04:45.355+00:00   [1] d1 finish=stop completion=66 chunks=28 acc=2.407(chunks) rate=26.26 ttft=0.094 sha=2a02b9f4d309 early_divergence div@77 head='A bicycle gear system uses mecha' tail='in and desired velocity.'
2026-09-29T23:04:45.355+00:00   [2] d2 finish=stop completion=43 chunks=12 acc=3.818(chunks) rate=40.05 ttft=0.359 sha=097672f98733 ok div@None head='2, 3, 5, 7, 11, 13, 17, 19, 23, ' tail=', 17, 19, 23, 29, 31, 37'
2026-09-29T23:04:45.355+00:00   [3] d3 finish=stop completion=102 chunks=39 acc=2.658(chunks) rate=32.98 ttft=0.358 sha=4e256a5ef456 early_divergence div@16 head='The water cycle starts when the ' tail=' journey all over again.'
2026-09-29T23:04:45.355+00:00   [4] d4 finish=stop completion=102 chunks=27 acc=3.885(chunks) rate=44.07 ttft=0.360 sha=cb9c046d4e9a ok div@None head='```python\ndef fibonacci(n: int) ' tail=', a + b\n    return b\n```'
2026-09-29T23:04:51.692+00:00 burst=distinct-n5-b2 kind=distinct n=5 stagger=0.000 coprefill=False spread=0.221 gate=- report=['early_divergence']
2026-09-29T23:04:51.692+00:00   [0] d0 finish=stop completion=92 chunks=38 acc=2.459(chunks) rate=30.26 ttft=0.322 sha=d347660dc6fd early_divergence div@1 head='Standard attention mechanisms sc' tail='onstrained environments.'
2026-09-29T23:04:51.692+00:00   [1] d1 finish=stop completion=71 chunks=31 acc=2.333(chunks) rate=27.77 ttft=0.320 sha=53845d361929 ok div@165 head='A bicycle gear system uses mecha' tail=' to overcome resistance.'
2026-09-29T23:04:51.692+00:00   [2] d2 finish=stop completion=43 chunks=12 acc=3.818(chunks) rate=41.14 ttft=0.320 sha=097672f98733 ok div@None head='2, 3, 5, 7, 11, 13, 17, 19, 23, ' tail=', 17, 19, 23, 29, 31, 37'
2026-09-29T23:04:51.692+00:00   [3] d3 finish=stop completion=104 chunks=40 acc=2.641(chunks) rate=32.44 ttft=0.100 sha=d6c4e6423643 early_divergence div@16 head='The water cycle starts when the ' tail=' journey all over again.'
2026-09-29T23:04:51.692+00:00   [4] d4 finish=stop completion=102 chunks=27 acc=3.885(chunks) rate=45.47 ttft=0.321 sha=d3af644442cd early_divergence div@80 head='```python\ndef fibonacci(n: int) ' tail=', a + b\n    return b\n```'
2026-09-29T23:04:58.280+00:00 burst=distinct-n5-b3 kind=distinct n=5 stagger=0.000 coprefill=False spread=0.209 gate=- report=['early_divergence']
2026-09-29T23:04:58.280+00:00   [0] d0 finish=stop completion=97 chunks=43 acc=2.286(chunks) rate=27.90 ttft=0.137 sha=7ab80252b9ac early_divergence div@193 head='Sparse attention mitigates the q' tail='n large language models.'
2026-09-29T23:04:58.280+00:00   [1] d1 finish=stop completion=78 chunks=35 acc=2.265(chunks) rate=26.55 ttft=0.344 sha=d9335d0058a3 ok div@200 head='A bicycle gear system uses mecha' tail='ess mechanical leverage.'
2026-09-29T23:04:58.280+00:00   [2] d2 finish=stop completion=43 chunks=12 acc=3.818(chunks) rate=40.06 ttft=0.345 sha=097672f98733 ok div@None head='2, 3, 5, 7, 11, 13, 17, 19, 23, ' tail=', 17, 19, 23, 29, 31, 37'
2026-09-29T23:04:58.280+00:00   [3] d3 finish=stop completion=89 chunks=35 acc=2.588(chunks) rate=30.35 ttft=0.345 sha=0596173be865 early_divergence div@4 head='The sun warms up the water in oc' tail=' journey all over again.'
2026-09-29T23:04:58.280+00:00   [4] d4 finish=stop completion=102 chunks=27 acc=3.885(chunks) rate=42.34 ttft=0.345 sha=cb9c046d4e9a ok div@None head='```python\ndef fibonacci(n: int) ' tail=', a + b\n    return b\n```'
2026-09-29T23:05:06.223+00:00 burst=identical-n8-b1 kind=identical n=8 stagger=0.000 coprefill=False spread=0.592 gate=- report=['early_divergence']
2026-09-29T23:05:06.223+00:00   [0] d0 finish=stop completion=91 chunks=42 acc=2.195(chunks) rate=25.49 ttft=0.733 sha=29dbd9358c10 early_divergence div@132 head='Sparse attention mitigates the q' tail='real-world applications.'
2026-09-29T23:05:06.223+00:00   [1] d0 finish=stop completion=95 chunks=40 acc=2.410(chunks) rate=27.96 ttft=0.733 sha=30da1fd13f33 early_divergence div@1 head='Standard attention mechanisms sc' tail='pplication requirements.'
2026-09-29T23:05:06.223+00:00   [2] d0 finish=stop completion=93 chunks=38 acc=2.486(chunks) rate=28.87 ttft=0.732 sha=ca53988def6a early_divergence div@1 head='Standard attention mechanisms sc' tail='tensive context windows.'
2026-09-29T23:05:06.223+00:00   [3] d0 finish=stop completion=98 chunks=48 acc=2.064(chunks) rate=22.13 ttft=0.142 sha=fac91a99fde4 early_divergence div@193 head='Sparse attention mitigates the q' tail='l feasibility and speed.'
2026-09-29T23:05:06.223+00:00   [4] d0 finish=stop completion=90 chunks=41 acc=2.225(chunks) rate=25.80 ttft=0.733 sha=74645c0c0861 early_divergence div@1 head='Standard attention mechanisms sc' tail='ontextual understanding.'
2026-09-29T23:05:06.223+00:00   [5] d0 finish=stop completion=94 chunks=41 acc=2.325(chunks) rate=26.96 ttft=0.731 sha=ae36ad6fd27b early_divergence div@1 head='Standard attention mechanisms sc' tail='pplication requirements.'
2026-09-29T23:05:06.223+00:00   [6] d0 finish=stop completion=104 chunks=54 acc=1.943(chunks) rate=24.51 ttft=0.733 sha=29adbcc72015 early_divergence div@17 head='Sparse attention significantly e' tail='ion over extended texts.'
2026-09-29T23:05:06.223+00:00   [7] d0 finish=stop completion=93 chunks=35 acc=2.706(chunks) rate=30.61 ttft=0.733 sha=4894a43dbae9 early_divergence div@1 head='Standard attention mechanisms sc' tail='complex reasoning tasks.'
2026-09-29T23:05:13.913+00:00 burst=identical-n8-b2 kind=identical n=8 stagger=0.000 coprefill=False spread=0.301 gate=- report=['early_divergence']
2026-09-29T23:05:13.913+00:00   [0] d0 finish=stop completion=93 chunks=38 acc=2.486(chunks) rate=28.48 ttft=0.422 sha=ca53988def6a early_divergence div@1 head='Standard attention mechanisms sc' tail='tensive context windows.'
2026-09-29T23:05:13.913+00:00   [1] d0 finish=stop completion=104 chunks=54 acc=1.943(chunks) rate=24.18 ttft=0.421 sha=29adbcc72015 early_divergence div@17 head='Sparse attention significantly e' tail='ion over extended texts.'
2026-09-29T23:05:13.913+00:00   [2] d0 finish=stop completion=93 chunks=35 acc=2.706(chunks) rate=30.17 ttft=0.422 sha=4894a43dbae9 early_divergence div@1 head='Standard attention mechanisms sc' tail='complex reasoning tasks.'
2026-09-29T23:05:13.913+00:00   [3] d0 finish=stop completion=91 chunks=42 acc=2.195(chunks) rate=25.11 ttft=0.421 sha=29dbd9358c10 early_divergence div@132 head='Sparse attention mitigates the q' tail='real-world applications.'
2026-09-29T23:05:13.913+00:00   [4] d0 finish=stop completion=90 chunks=41 acc=2.225(chunks) rate=25.44 ttft=0.422 sha=74645c0c0861 early_divergence div@1 head='Standard attention mechanisms sc' tail='ontextual understanding.'
2026-09-29T23:05:13.913+00:00   [5] d0 finish=stop completion=94 chunks=41 acc=2.325(chunks) rate=26.59 ttft=0.421 sha=ae36ad6fd27b early_divergence div@1 head='Standard attention mechanisms sc' tail='pplication requirements.'
2026-09-29T23:05:13.913+00:00   [6] d0 finish=stop completion=95 chunks=40 acc=2.410(chunks) rate=27.59 ttft=0.421 sha=30da1fd13f33 early_divergence div@1 head='Standard attention mechanisms sc' tail='pplication requirements.'
2026-09-29T23:05:13.913+00:00   [7] d0 finish=stop completion=98 chunks=48 acc=2.064(chunks) rate=23.40 ttft=0.121 sha=fac91a99fde4 early_divergence div@193 head='Sparse attention mitigates the q' tail='l feasibility and speed.'
2026-09-29T23:05:21.544+00:00 burst=identical-n8-b3 kind=identical n=8 stagger=0.000 coprefill=False spread=0.230 gate=- report=['early_divergence']
2026-09-29T23:05:21.544+00:00   [0] d0 finish=stop completion=91 chunks=42 acc=2.195(chunks) rate=25.26 ttft=0.340 sha=29dbd9358c10 early_divergence div@132 head='Sparse attention mitigates the q' tail='real-world applications.'
2026-09-29T23:05:21.544+00:00   [1] d0 finish=stop completion=94 chunks=41 acc=2.325(chunks) rate=26.75 ttft=0.338 sha=ae36ad6fd27b early_divergence div@1 head='Standard attention mechanisms sc' tail='pplication requirements.'
2026-09-29T23:05:21.544+00:00   [2] d0 finish=stop completion=104 chunks=54 acc=1.943(chunks) rate=24.05 ttft=0.340 sha=29adbcc72015 early_divergence div@17 head='Sparse attention significantly e' tail='ion over extended texts.'
2026-09-29T23:05:21.544+00:00   [3] d0 finish=stop completion=93 chunks=35 acc=2.706(chunks) rate=30.88 ttft=0.339 sha=4894a43dbae9 early_divergence div@1 head='Standard attention mechanisms sc' tail='complex reasoning tasks.'
2026-09-29T23:05:21.544+00:00   [4] d0 finish=stop completion=90 chunks=41 acc=2.225(chunks) rate=25.60 ttft=0.339 sha=74645c0c0861 early_divergence div@1 head='Standard attention mechanisms sc' tail='ontextual understanding.'
2026-09-29T23:05:21.544+00:00   [5] d0 finish=stop completion=95 chunks=40 acc=2.410(chunks) rate=28.01 ttft=0.338 sha=30da1fd13f33 early_divergence div@1 head='Standard attention mechanisms sc' tail='pplication requirements.'
2026-09-29T23:05:21.544+00:00   [6] d0 finish=stop completion=98 chunks=48 acc=2.064(chunks) rate=23.94 ttft=0.109 sha=fac91a99fde4 early_divergence div@193 head='Sparse attention mitigates the q' tail='l feasibility and speed.'
2026-09-29T23:05:21.544+00:00   [7] d0 finish=stop completion=93 chunks=38 acc=2.486(chunks) rate=29.15 ttft=0.340 sha=ca53988def6a early_divergence div@1 head='Standard attention mechanisms sc' tail='tensive context windows.'
2026-09-29T23:05:28.402+00:00 burst=distinct-n8-b1 kind=distinct n=8 stagger=0.000 coprefill=False spread=0.267 gate=- report=['early_divergence']
2026-09-29T23:05:28.402+00:00   [0] d0 finish=stop completion=94 chunks=39 acc=2.447(chunks) rate=26.63 ttft=0.358 sha=ae36ad6fd27b early_divergence div@1 head='Standard attention mechanisms sc' tail='pplication requirements.'
2026-09-29T23:05:28.402+00:00   [1] d1 finish=stop completion=71 chunks=30 acc=2.414(chunks) rate=24.09 ttft=0.359 sha=53845d361929 ok div@165 head='A bicycle gear system uses mecha' tail=' to overcome resistance.'
2026-09-29T23:05:28.402+00:00   [2] d2 finish=stop completion=43 chunks=12 acc=3.818(chunks) rate=34.10 ttft=0.358 sha=097672f98733 ok div@None head='2, 3, 5, 7, 11, 13, 17, 19, 23, ' tail=', 17, 19, 23, 29, 31, 37'
2026-09-29T23:05:28.402+00:00   [3] d3 finish=stop completion=96 chunks=37 acc=2.639(chunks) rate=26.80 ttft=0.092 sha=f493f294eb04 early_divergence div@16 head='The water cycle starts when the ' tail='the whole journey again.'
2026-09-29T23:05:28.402+00:00   [4] d4 finish=stop completion=102 chunks=27 acc=3.885(chunks) rate=38.11 ttft=0.357 sha=cb9c046d4e9a ok div@None head='```python\ndef fibonacci(n: int) ' tail=', a + b\n    return b\n```'
2026-09-29T23:05:28.402+00:00   [5] d5 finish=stop completion=19 chunks=10 acc=2.000(chunks) rate=17.74 ttft=0.358 sha=fbd9a6af1079 early_divergence div@63 head='La bibliothèque ouvre à neuf heu' tail='res les jours ouvrables.'
2026-09-29T23:05:28.402+00:00   [6] d6 finish=stop completion=70 chunks=34 acc=2.091(chunks) rate=21.54 ttft=0.358 sha=6ed0508ab41c ok div@189 head='1. Reduce watering frequency sig' tail='ensate for shorter days.'
2026-09-29T23:05:28.402+00:00   [7] d7 finish=stop completion=67 chunks=19 acc=3.667(chunks) rate=34.31 ttft=0.358 sha=c39be9b87ae0 ok div@None head='{\n  "name": "Eiffel Tower",\n  "y' tail='re",\n    "Tourism"\n  ]\n}'
2026-09-29T23:05:35.333+00:00 burst=distinct-n8-b2 kind=distinct n=8 stagger=0.000 coprefill=False spread=0.254 gate=- report=['early_divergence']
2026-09-29T23:05:35.333+00:00   [0] d0 finish=stop completion=94 chunks=40 acc=2.385(chunks) rate=26.06 ttft=0.355 sha=ae36ad6fd27b early_divergence div@1 head='Standard attention mechanisms sc' tail='pplication requirements.'
2026-09-29T23:05:35.333+00:00   [1] d1 finish=stop completion=76 chunks=28 acc=2.778(chunks) rate=26.59 ttft=0.355 sha=6cf0a3baf03c ok div@165 head='A bicycle gear system uses mecha' tail='wer for varying terrain.'
2026-09-29T23:05:35.333+00:00   [2] d2 finish=stop completion=43 chunks=12 acc=3.818(chunks) rate=34.05 ttft=0.356 sha=097672f98733 ok div@None head='2, 3, 5, 7, 11, 13, 17, 19, 23, ' tail=', 17, 19, 23, 29, 31, 37'
2026-09-29T23:05:35.333+00:00   [3] d3 finish=stop completion=94 chunks=40 acc=2.385(chunks) rate=26.07 ttft=0.354 sha=187a7cc3dd29 early_divergence div@26 head='The water cycle is like a never-' tail='ing trip all over again.'
2026-09-29T23:05:35.333+00:00   [4] d4 finish=stop completion=102 chunks=27 acc=3.885(chunks) rate=38.22 ttft=0.355 sha=cb9c046d4e9a ok div@None head='```python\ndef fibonacci(n: int) ' tail=', a + b\n    return b\n```'
2026-09-29T23:05:35.333+00:00   [5] d5 finish=stop completion=17 chunks=9 acc=2.000(chunks) rate=17.60 ttft=0.355 sha=5a881638e98d ok div@None head='La bibliothèque ouvre à neuf heu' tail='-huit heures en semaine.'
2026-09-29T23:05:35.333+00:00   [6] d6 finish=stop completion=70 chunks=34 acc=2.091(chunks) rate=21.69 ttft=0.354 sha=6ed0508ab41c ok div@189 head='1. Reduce watering frequency sig' tail='ensate for shorter days.'
2026-09-29T23:05:35.333+00:00   [7] d7 finish=stop completion=67 chunks=18 acc=3.882(chunks) rate=34.91 ttft=0.103 sha=c39be9b87ae0 ok div@None head='{\n  "name": "Eiffel Tower",\n  "y' tail='re",\n    "Tourism"\n  ]\n}'
2026-09-29T23:05:42.268+00:00 burst=distinct-n8-b3 kind=distinct n=8 stagger=0.000 coprefill=False spread=0.250 gate=- report=['early_divergence']
2026-09-29T23:05:42.268+00:00   [0] d0 finish=stop completion=94 chunks=40 acc=2.385(chunks) rate=26.10 ttft=0.360 sha=ae36ad6fd27b early_divergence div@1 head='Standard attention mechanisms sc' tail='pplication requirements.'
2026-09-29T23:05:42.268+00:00   [1] d1 finish=stop completion=71 chunks=29 acc=2.500(chunks) rate=24.97 ttft=0.361 sha=53845d361929 ok div@165 head='A bicycle gear system uses mecha' tail=' to overcome resistance.'
2026-09-29T23:05:42.268+00:00   [2] d2 finish=stop completion=43 chunks=12 acc=3.818(chunks) rate=34.19 ttft=0.360 sha=097672f98733 ok div@None head='2, 3, 5, 7, 11, 13, 17, 19, 23, ' tail=', 17, 19, 23, 29, 31, 37'
2026-09-29T23:05:42.268+00:00   [3] d3 finish=stop completion=103 chunks=40 acc=2.615(chunks) rate=28.62 ttft=0.360 sha=392e3920d4e9 early_divergence div@16 head='The water cycle starts when the ' tail=' journey all over again.'
2026-09-29T23:05:42.268+00:00   [4] d4 finish=stop completion=102 chunks=27 acc=3.885(chunks) rate=38.42 ttft=0.360 sha=cb9c046d4e9a ok div@None head='```python\ndef fibonacci(n: int) ' tail=', a + b\n    return b\n```'
2026-09-29T23:05:42.268+00:00   [5] d5 finish=stop completion=17 chunks=9 acc=2.000(chunks) rate=17.81 ttft=0.360 sha=5a881638e98d ok div@None head='La bibliothèque ouvre à neuf heu' tail='-huit heures en semaine.'
2026-09-29T23:05:42.268+00:00   [6] d6 finish=stop completion=70 chunks=34 acc=2.091(chunks) rate=21.78 ttft=0.361 sha=ef096342c641 early_divergence div@65 head='1. Reduce watering frequency sig' tail='ensate for shorter days.'
2026-09-29T23:05:42.268+00:00   [7] d7 finish=stop completion=67 chunks=18 acc=3.882(chunks) rate=35.07 ttft=0.112 sha=c39be9b87ae0 ok div@None head='{\n  "name": "Eiffel Tower",\n  "y' tail='re",\n    "Tourism"\n  ]\n}'
2026-09-29T23:05:47.816+00:00 burst=staggered-identical-n2 kind=identical n=2 stagger=0.250 coprefill=False spread=0.363 gate=- report=['early_divergence']
2026-09-29T23:05:47.816+00:00   [0] d0 finish=stop completion=95 chunks=42 acc=2.293(chunks) rate=38.55 ttft=0.100 sha=818602e63bfe ok div@333 head='Sparse attention mitigates the q' tail='n large language models.'
2026-09-29T23:05:47.816+00:00   [1] d0 finish=stop completion=93 chunks=35 acc=2.706(chunks) rate=45.70 ttft=0.213 sha=774bf9418857 early_divergence div@1 head='Standard attention mechanisms sc' tail='tensive context windows.'
2026-09-29T23:05:53.447+00:00 burst=staggered-distinct-n3 kind=distinct n=3 stagger=0.250 coprefill=False spread=0.584 gate=- report=['early_divergence']
2026-09-29T23:05:53.447+00:00   [0] d0 finish=stop completion=90 chunks=39 acc=2.342(chunks) rate=35.29 ttft=0.101 sha=e214644d0d7e early_divergence div@132 head='Sparse attention mitigates the q' tail='ageable inference costs.'
2026-09-29T23:05:53.448+00:00   [1] d1 finish=stop completion=67 chunks=28 acc=2.444(chunks) rate=35.41 ttft=0.205 sha=e99d6094a312 early_divergence div@77 head='A bicycle gear system uses mecha' tail=' for varying conditions.'
2026-09-29T23:05:53.448+00:00   [2] d2 finish=stop completion=43 chunks=12 acc=3.818(chunks) rate=51.51 ttft=0.185 sha=097672f98733 ok div@None head='2, 3, 5, 7, 11, 13, 17, 19, 23, ' tail=', 17, 19, 23, 29, 31, 37'
2026-09-29T23:06:00.306+00:00 burst=staggered-distinct-n5 kind=distinct n=5 stagger=0.250 coprefill=False spread=1.136 gate=- report=['early_divergence']
2026-09-29T23:06:00.306+00:00   [0] d0 finish=stop completion=89 chunks=39 acc=2.316(chunks) rate=28.65 ttft=0.100 sha=8c32576793e1 early_divergence div@132 head='Sparse attention mitigates the q' tail=' speeds and scalability.'
2026-09-29T23:06:00.306+00:00   [1] d1 finish=stop completion=69 chunks=32 acc=2.194(chunks) rate=25.87 ttft=0.209 sha=0da6948fbe9b early_divergence div@77 head='A bicycle gear system uses mecha' tail='ither velocity or power.'
2026-09-29T23:06:00.306+00:00   [2] d2 finish=stop completion=43 chunks=12 acc=3.818(chunks) rate=41.25 ttft=0.189 sha=097672f98733 ok div@None head='2, 3, 5, 7, 11, 13, 17, 19, 23, ' tail=', 17, 19, 23, 29, 31, 37'
2026-09-29T23:06:00.306+00:00   [3] d3 finish=stop completion=101 chunks=38 acc=2.703(chunks) rate=35.42 ttft=0.276 sha=1419121d5203 early_divergence div@16 head='The water cycle starts when the ' tail=' journey all over again.'
2026-09-29T23:06:00.306+00:00   [4] d4 finish=stop completion=102 chunks=28 acc=3.741(chunks) rate=45.96 ttft=0.236 sha=cb9c046d4e9a ok div@None head='```python\ndef fibonacci(n: int) ' tail=', a + b\n    return b\n```'
2026-09-29T23:06:08.720+00:00 burst=staggered-identical-n8 kind=identical n=8 stagger=0.250 coprefill=False spread=1.914 gate=- report=['early_divergence']
2026-09-29T23:06:08.720+00:00   [0] d0 finish=stop completion=95 chunks=47 acc=2.043(chunks) rate=23.57 ttft=0.101 sha=698b53435793 early_divergence div@164 head='Sparse attention mitigates the q' tail='n large language models.'
2026-09-29T23:06:08.720+00:00   [1] d0 finish=stop completion=91 chunks=42 acc=2.195(chunks) rate=24.13 ttft=0.214 sha=561c6fac96e6 early_divergence div@1 head='Standard attention mechanisms sc' tail='real-world applications.'
2026-09-29T23:06:08.720+00:00   [2] d0 finish=stop completion=101 chunks=41 acc=2.500(chunks) rate=26.54 ttft=0.194 sha=e188cf26568b early_divergence div@1 head='Standard attention mechanisms sc' tail='d resource requirements.'
2026-09-29T23:06:08.720+00:00   [3] d0 finish=stop completion=94 chunks=38 acc=2.514(chunks) rate=27.15 ttft=0.196 sha=ae36ad6fd27b early_divergence div@1 head='Standard attention mechanisms sc' tail='pplication requirements.'
2026-09-29T23:06:08.720+00:00   [4] d0 finish=stop completion=91 chunks=40 acc=2.308(chunks) rate=25.31 ttft=0.213 sha=28ad902a80be early_divergence div@1 head='Standard attention mechanisms sc' tail='al hardware constraints.'
2026-09-29T23:06:08.720+00:00   [5] d0 finish=stop completion=99 chunks=47 acc=2.130(chunks) rate=25.10 ttft=0.251 sha=d4250c8108b9 ok div@341 head='Sparse attention mitigates the q' tail='n large language models.'
2026-09-29T23:06:08.720+00:00   [6] d0 finish=stop completion=88 chunks=37 acc=2.417(chunks) rate=27.34 ttft=0.298 sha=b7682e924320 early_divergence div@1 head='Standard attention mechanisms sc' tail=' practical applications.'
2026-09-29T23:06:08.720+00:00   [7] d0 finish=stop completion=100 chunks=40 acc=2.538(chunks) rate=30.23 ttft=0.264 sha=338342dc22a1 early_divergence div@1 head='Standard attention mechanisms sc' tail='r real-world deployment.'
2026-09-29T23:06:20.146+00:00 burst=long-pair kind=long n=2 stagger=0.000 coprefill=False spread=2.530 gate=- report=['slow']
2026-09-29T23:06:20.146+00:00   [0] long0 finish=stop completion=6 chunks=2 acc=5.000(chunks) rate=43.30 ttft=8.302 sha=83dab7f91bc1 ok div@None head='74354' tail='74354'
2026-09-29T23:06:20.146+00:00   [1] long1 finish=stop completion=6 chunks=2 acc=5.000(chunks) rate=1.98 ttft=5.772 sha=0ec41e567fc2 slow div@None head='79083' tail='79083'
2026-09-29T23:06:23.682+00:00 burst=image-pair kind=image n=2 stagger=0.000 coprefill=False spread=0.197 gate=- report=-
2026-09-29T23:06:23.682+00:00   [0] img_red finish=stop completion=11 chunks=4 acc=3.333(chunks) rate=55.27 ttft=0.344 sha=0e1c14c4131c ok div@None head='The image is filled with a solid' tail=' with a solid red color.'
2026-09-29T23:06:23.682+00:00   [1] img_blue finish=stop completion=11 chunks=4 acc=3.333(chunks) rate=38.46 ttft=0.147 sha=7fa32368a223 ok div@None head='This image is filled with a soli' tail='with a solid blue color.'
2026-09-29T23:06:23.683+00:00 TOTALS bursts=30 streams=130 gate_bursts=0 zero_acc=0 runaway=0 first32_match=0.308 coprefill_bursts=0 per_request_spec_metrics=False
2026-09-29T23:06:23.683+00:00 NOTE: server did not return metrics.speculative_decoding on every stream; acceptance estimated from tokens per chunk (serve with --per-request-spec-decode-metrics summary)
2026-09-29T23:06:23.683+00:00 T0 PASS
