2026-09-30T01:50:12.783+00:00 bench_probe v1 url=http://127.0.0.1:8000/v1/chat/completions sizes=[2, 3, 5, 8] kinds=['identical', 'distinct'] bursts_per_shape=3 max_tokens=256
2026-09-30T01:50:15.066+00:00 ref d0 finish=stop completion=97 acc=2.341 ttft=0.116 sha=b0e372faa960 head='Sparse attention mitigates the quadratic'
2026-09-30T01:50:17.648+00:00 ref d1 finish=stop completion=75 acc=2.643 ttft=0.092 sha=4ad2d5654ca6 head='A bicycle gear system uses mechanical ad'
2026-09-30T01:50:19.337+00:00 ref d2 finish=stop completion=43 acc=3.818 ttft=0.087 sha=097672f98733 head='2, 3, 5, 7, 11, 13, 17, 19, 23, 29, 31, '
2026-09-30T01:50:22.429+00:00 ref d3 finish=stop completion=101 acc=2.632 ttft=0.086 sha=3746d913c433 head='The water cycle is like a giant, never-e'
2026-09-30T01:50:24.959+00:00 ref d4 finish=stop completion=102 acc=3.741 ttft=0.091 sha=cb9c046d4e9a head='```python\ndef fibonacci(n: int) -> int:\n'
2026-09-30T01:50:26.406+00:00 ref d5 finish=stop completion=17 acc=2.667 ttft=0.126 sha=5a881638e98d head='La bibliothèque ouvre à neuf heures et f'
2026-09-30T01:50:29.094+00:00 ref d6 finish=stop completion=72 acc=2.367 ttft=0.091 sha=86f7d76d2833 head='1. Reduce watering frequency significant'
2026-09-30T01:50:31.110+00:00 ref d7 finish=stop completion=67 acc=3.882 ttft=0.103 sha=c39be9b87ae0 head='{\n  "name": "Eiffel Tower",\n  "year": 18'
2026-09-30T01:50:36.194+00:00 ref long0 finish=stop completion=6 acc=5.000 ttft=3.945 sha=83dab7f91bc1 head='74354'
2026-09-30T01:50:41.276+00:00 ref long1 finish=stop completion=6 acc=5.000 ttft=3.940 sha=0ec41e567fc2 head='79083'
2026-09-30T01:50:42.583+00:00 ref img_red finish=stop completion=11 acc=3.333 ttft=0.143 sha=0e1c14c4131c head='The image is filled with a solid red col'
2026-09-30T01:50:43.944+00:00 ref img_blue finish=stop completion=11 acc=2.500 ttft=0.143 sha=7fa32368a223 head='This image is filled with a solid blue c'
2026-09-30T01:50:50.862+00:00 burst=identical-n2-b1 kind=identical n=2 stagger=0.000 coprefill=False spread=0.157 gate=- report=['early_divergence']
2026-09-30T01:50:50.862+00:00   [0] d0 finish=stop completion=94 chunks=47 acc=2.022(chunks) rate=33.10 ttft=0.102 sha=2774341ec8f4 early_divergence div@164 head='Sparse attention mitigates the q' tail='g performance and speed.'
2026-09-30T01:50:50.862+00:00   [1] d0 finish=stop completion=93 chunks=34 acc=2.788(chunks) rate=44.81 ttft=0.259 sha=774bf9418857 early_divergence div@1 head='Standard attention mechanisms sc' tail='tensive context windows.'
2026-09-30T01:50:56.842+00:00 burst=identical-n2-b2 kind=identical n=2 stagger=0.000 coprefill=False spread=0.160 gate=- report=['early_divergence']
2026-09-30T01:50:56.842+00:00   [0] d0 finish=stop completion=93 chunks=34 acc=2.788(chunks) rate=43.67 ttft=0.261 sha=774bf9418857 early_divergence div@1 head='Standard attention mechanisms sc' tail='tensive context windows.'
2026-09-30T01:50:56.842+00:00   [1] d0 finish=stop completion=94 chunks=47 acc=2.022(chunks) rate=32.36 ttft=0.102 sha=2774341ec8f4 early_divergence div@164 head='Sparse attention mitigates the q' tail='g performance and speed.'
2026-09-30T01:51:02.781+00:00 burst=identical-n2-b3 kind=identical n=2 stagger=0.000 coprefill=False spread=0.162 gate=- report=['early_divergence']
2026-09-30T01:51:02.781+00:00   [0] d0 finish=stop completion=93 chunks=34 acc=2.788(chunks) rate=44.60 ttft=0.265 sha=774bf9418857 early_divergence div@1 head='Standard attention mechanisms sc' tail='tensive context windows.'
2026-09-30T01:51:02.781+00:00   [1] d0 finish=stop completion=94 chunks=47 acc=2.022(chunks) rate=32.88 ttft=0.103 sha=2774341ec8f4 early_divergence div@164 head='Sparse attention mitigates the q' tail='g performance and speed.'
2026-09-30T01:51:08.651+00:00 burst=distinct-n2-b1 kind=distinct n=2 stagger=0.000 coprefill=False spread=0.155 gate=- report=['early_divergence']
2026-09-30T01:51:08.651+00:00   [0] d0 finish=stop completion=95 chunks=46 acc=2.089(chunks) rate=34.03 ttft=0.100 sha=fd42320bee1b early_divergence div@164 head='Sparse attention mitigates the q' tail='n large language models.'
2026-09-30T01:51:08.651+00:00   [1] d1 finish=stop completion=75 chunks=31 acc=2.467(chunks) rate=37.81 ttft=0.255 sha=eadf9933adfc early_divergence div@80 head='A bicycle gear system uses mecha' tail='wer for varying terrain.'
2026-09-30T01:51:14.517+00:00 burst=distinct-n2-b2 kind=distinct n=2 stagger=0.000 coprefill=False spread=0.156 gate=- report=['early_divergence']
2026-09-30T01:51:14.517+00:00   [0] d0 finish=stop completion=95 chunks=46 acc=2.089(chunks) rate=34.10 ttft=0.101 sha=fd42320bee1b early_divergence div@164 head='Sparse attention mitigates the q' tail='n large language models.'
2026-09-30T01:51:14.517+00:00   [1] d1 finish=stop completion=75 chunks=31 acc=2.467(chunks) rate=38.00 ttft=0.257 sha=eadf9933adfc early_divergence div@80 head='A bicycle gear system uses mecha' tail='wer for varying terrain.'
2026-09-30T01:51:20.371+00:00 burst=distinct-n2-b3 kind=distinct n=2 stagger=0.000 coprefill=False spread=0.150 gate=- report=['early_divergence']
2026-09-30T01:51:20.371+00:00   [0] d0 finish=stop completion=95 chunks=46 acc=2.089(chunks) rate=34.25 ttft=0.100 sha=fd42320bee1b early_divergence div@164 head='Sparse attention mitigates the q' tail='n large language models.'
2026-09-30T01:51:20.371+00:00   [1] d1 finish=stop completion=75 chunks=31 acc=2.467(chunks) rate=37.98 ttft=0.251 sha=eadf9933adfc early_divergence div@80 head='A bicycle gear system uses mecha' tail='wer for varying terrain.'
2026-09-30T01:51:26.782+00:00 burst=identical-n3-b1 kind=identical n=3 stagger=0.000 coprefill=False spread=0.171 gate=- report=['early_divergence']
2026-09-30T01:51:26.782+00:00   [0] d0 finish=stop completion=94 chunks=39 acc=2.447(chunks) rate=35.14 ttft=0.270 sha=3bf26d1e5286 early_divergence div@1 head='Standard attention mechanisms sc' tail='ing extensive documents.'
2026-09-30T01:51:26.782+00:00   [1] d0 finish=stop completion=95 chunks=47 acc=2.043(chunks) rate=29.99 ttft=0.270 sha=f231686bb8ae early_divergence div@17 head='Sparse attention significantly e' tail=' contextual information.'
2026-09-30T01:51:26.782+00:00   [2] d0 finish=stop completion=95 chunks=45 acc=2.136(chunks) rate=30.51 ttft=0.099 sha=62032dac1eb1 early_divergence div@164 head='Sparse attention mitigates the q' tail='n large language models.'
2026-09-30T01:51:33.200+00:00 burst=identical-n3-b2 kind=identical n=3 stagger=0.000 coprefill=False spread=0.176 gate=- report=['early_divergence']
2026-09-30T01:51:33.200+00:00   [0] d0 finish=stop completion=94 chunks=39 acc=2.447(chunks) rate=35.22 ttft=0.276 sha=3bf26d1e5286 early_divergence div@1 head='Standard attention mechanisms sc' tail='ing extensive documents.'
2026-09-30T01:51:33.200+00:00   [1] d0 finish=stop completion=95 chunks=47 acc=2.043(chunks) rate=30.01 ttft=0.276 sha=f231686bb8ae early_divergence div@17 head='Sparse attention significantly e' tail=' contextual information.'
2026-09-30T01:51:33.200+00:00   [2] d0 finish=stop completion=95 chunks=45 acc=2.136(chunks) rate=30.53 ttft=0.100 sha=62032dac1eb1 early_divergence div@164 head='Sparse attention mitigates the q' tail='n large language models.'
2026-09-30T01:51:39.617+00:00 burst=identical-n3-b3 kind=identical n=3 stagger=0.000 coprefill=False spread=0.173 gate=- report=['early_divergence']
2026-09-30T01:51:39.617+00:00   [0] d0 finish=stop completion=95 chunks=45 acc=2.136(chunks) rate=30.49 ttft=0.101 sha=62032dac1eb1 early_divergence div@164 head='Sparse attention mitigates the q' tail='n large language models.'
2026-09-30T01:51:39.617+00:00   [1] d0 finish=stop completion=95 chunks=47 acc=2.043(chunks) rate=29.99 ttft=0.273 sha=f231686bb8ae early_divergence div@17 head='Sparse attention significantly e' tail=' contextual information.'
2026-09-30T01:51:39.617+00:00   [2] d0 finish=stop completion=94 chunks=39 acc=2.447(chunks) rate=35.19 ttft=0.274 sha=3bf26d1e5286 early_divergence div@1 head='Standard attention mechanisms sc' tail='ing extensive documents.'
2026-09-30T01:51:45.753+00:00 burst=distinct-n3-b1 kind=distinct n=3 stagger=0.000 coprefill=False spread=0.175 gate=- report=['early_divergence']
2026-09-30T01:51:45.754+00:00   [0] d0 finish=stop completion=94 chunks=47 acc=2.022(chunks) rate=30.75 ttft=0.103 sha=2774341ec8f4 early_divergence div@164 head='Sparse attention mitigates the q' tail='g performance and speed.'
2026-09-30T01:51:45.754+00:00   [1] d1 finish=stop completion=76 chunks=35 acc=2.206(chunks) rate=32.51 ttft=0.278 sha=e8a944e43d20 early_divergence div@80 head='A bicycle gear system uses mecha' tail=' for varying conditions.'
2026-09-30T01:51:45.754+00:00   [2] d2 finish=stop completion=43 chunks=12 acc=3.818(chunks) rate=49.67 ttft=0.279 sha=097672f98733 ok div@None head='2, 3, 5, 7, 11, 13, 17, 19, 23, ' tail=', 17, 19, 23, 29, 31, 37'
2026-09-30T01:51:51.956+00:00 burst=distinct-n3-b2 kind=distinct n=3 stagger=0.000 coprefill=False spread=0.181 gate=- report=['early_divergence']
2026-09-30T01:51:51.956+00:00   [0] d0 finish=stop completion=105 chunks=47 acc=2.261(chunks) rate=35.60 ttft=0.272 sha=4c77871f8919 early_divergence div@17 head='Sparse attention significantly e' tail='or real-world use cases.'
2026-09-30T01:51:51.956+00:00   [1] d1 finish=stop completion=74 chunks=33 acc=2.281(chunks) rate=33.82 ttft=0.272 sha=02dbae298851 ok div@165 head='A bicycle gear system uses mecha' tail='torque for higher speed.'
2026-09-30T01:51:51.956+00:00   [2] d2 finish=stop completion=43 chunks=12 acc=3.818(chunks) rate=47.73 ttft=0.091 sha=097672f98733 ok div@None head='2, 3, 5, 7, 11, 13, 17, 19, 23, ' tail=', 17, 19, 23, 29, 31, 37'
2026-09-30T01:51:58.102+00:00 burst=distinct-n3-b3 kind=distinct n=3 stagger=0.000 coprefill=False spread=0.178 gate=- report=['early_divergence']
2026-09-30T01:51:58.102+00:00   [0] d0 finish=stop completion=94 chunks=47 acc=2.022(chunks) rate=30.63 ttft=0.101 sha=2774341ec8f4 early_divergence div@164 head='Sparse attention mitigates the q' tail='g performance and speed.'
2026-09-30T01:51:58.102+00:00   [1] d1 finish=stop completion=76 chunks=35 acc=2.206(chunks) rate=32.45 ttft=0.278 sha=e8a944e43d20 early_divergence div@80 head='A bicycle gear system uses mecha' tail=' for varying conditions.'
2026-09-30T01:51:58.102+00:00   [2] d2 finish=stop completion=43 chunks=12 acc=3.818(chunks) rate=49.78 ttft=0.279 sha=097672f98733 ok div@None head='2, 3, 5, 7, 11, 13, 17, 19, 23, ' tail=', 17, 19, 23, 29, 31, 37'
2026-09-30T01:52:04.895+00:00 burst=identical-n5-b1 kind=identical n=5 stagger=0.000 coprefill=False spread=0.193 gate=- report=['early_divergence']
2026-09-30T01:52:04.895+00:00   [0] d0 finish=stop completion=93 chunks=47 acc=2.000(chunks) rate=26.45 ttft=0.305 sha=fd7f924f5702 early_divergence div@17 head='Sparse attention significantly e' tail=' practical applications.'
2026-09-30T01:52:04.895+00:00   [1] d0 finish=stop completion=93 chunks=40 acc=2.359(chunks) rate=29.53 ttft=0.113 sha=a332783dfd0d early_divergence div@17 head='Sparse attention significantly e' tail='long-term conversations.'
2026-09-30T01:52:04.895+00:00   [2] d0 finish=stop completion=93 chunks=40 acc=2.359(chunks) rate=29.54 ttft=0.113 sha=a332783dfd0d early_divergence div@17 head='Sparse attention significantly e' tail='long-term conversations.'
2026-09-30T01:52:04.895+00:00   [3] d0 finish=stop completion=92 chunks=42 acc=2.220(chunks) rate=27.96 ttft=0.304 sha=8d7dcdd5d2cd early_divergence div@17 head='Sparse attention significantly e' tail='for massive text inputs.'
2026-09-30T01:52:04.895+00:00   [4] d0 finish=stop completion=96 chunks=38 acc=2.568(chunks) rate=32.51 ttft=0.306 sha=fa2f492cceeb early_divergence div@1 head='Standard attention mechanisms sc' tail='ming hardware resources.'
2026-09-30T01:52:11.841+00:00 burst=identical-n5-b2 kind=identical n=5 stagger=0.000 coprefill=False spread=0.207 gate=- report=['early_divergence']
2026-09-30T01:52:11.841+00:00   [0] d0 finish=stop completion=96 chunks=44 acc=2.209(chunks) rate=27.20 ttft=0.308 sha=7086bc8c0441 early_divergence div@1 head='Standard attention mechanisms sc' tail='ming hardware resources.'
2026-09-30T01:52:11.841+00:00   [1] d0 finish=stop completion=94 chunks=45 acc=2.114(chunks) rate=26.08 ttft=0.309 sha=5ea913999162 ok div@241 head='Sparse attention mitigates the q' tail='ormance and scalability.'
2026-09-30T01:52:11.841+00:00   [2] d0 finish=stop completion=94 chunks=42 acc=2.268(chunks) rate=27.97 ttft=0.309 sha=c6257057fc76 early_divergence div@1 head='Standard attention mechanisms sc' tail='ical application limits.'
2026-09-30T01:52:11.841+00:00   [3] d0 finish=stop completion=97 chunks=46 acc=2.133(chunks) rate=26.45 ttft=0.309 sha=6381d2b59382 early_divergence div@17 head='Sparse attention significantly e' tail='ong-context AI feasible.'
2026-09-30T01:52:11.841+00:00   [4] d0 finish=stop completion=94 chunks=45 acc=2.114(chunks) rate=25.71 ttft=0.103 sha=9e1e92f41e6c early_divergence div@164 head='Sparse attention mitigates the q' tail='ormance and scalability.'
2026-09-30T01:52:18.783+00:00 burst=identical-n5-b3 kind=identical n=5 stagger=0.000 coprefill=False spread=0.205 gate=- report=['early_divergence']
2026-09-30T01:52:18.783+00:00   [0] d0 finish=stop completion=94 chunks=45 acc=2.114(chunks) rate=26.12 ttft=0.309 sha=5ea913999162 ok div@241 head='Sparse attention mitigates the q' tail='ormance and scalability.'
2026-09-30T01:52:18.783+00:00   [1] d0 finish=stop completion=97 chunks=46 acc=2.133(chunks) rate=26.48 ttft=0.308 sha=6381d2b59382 early_divergence div@17 head='Sparse attention significantly e' tail='ong-context AI feasible.'
2026-09-30T01:52:18.783+00:00   [2] d0 finish=stop completion=96 chunks=44 acc=2.209(chunks) rate=27.24 ttft=0.308 sha=7086bc8c0441 early_divergence div@1 head='Standard attention mechanisms sc' tail='ming hardware resources.'
2026-09-30T01:52:18.783+00:00   [3] d0 finish=stop completion=94 chunks=45 acc=2.114(chunks) rate=25.78 ttft=0.105 sha=9e1e92f41e6c early_divergence div@164 head='Sparse attention mitigates the q' tail='ormance and scalability.'
2026-09-30T01:52:18.783+00:00   [4] d0 finish=stop completion=94 chunks=42 acc=2.268(chunks) rate=28.06 ttft=0.309 sha=c6257057fc76 early_divergence div@1 head='Standard attention mechanisms sc' tail='ical application limits.'
2026-09-30T01:52:24.999+00:00 burst=distinct-n5-b1 kind=distinct n=5 stagger=0.000 coprefill=False spread=0.216 gate=- report=['early_divergence']
2026-09-30T01:52:24.999+00:00   [0] d0 finish=stop completion=92 chunks=35 acc=2.676(chunks) rate=31.35 ttft=0.307 sha=ba409499c5af early_divergence div@1 head='Standard attention mechanisms sc' tail='tensive context windows.'
2026-09-30T01:52:24.999+00:00   [1] d1 finish=stop completion=78 chunks=34 acc=2.333(chunks) rate=27.26 ttft=0.306 sha=3173bb0cb3ca ok div@200 head='A bicycle gear system uses mecha' tail='ess mechanical leverage.'
2026-09-30T01:52:24.999+00:00   [2] d2 finish=stop completion=43 chunks=12 acc=3.818(chunks) rate=40.03 ttft=0.307 sha=097672f98733 ok div@None head='2, 3, 5, 7, 11, 13, 17, 19, 23, ' tail=', 17, 19, 23, 29, 31, 37'
2026-09-30T01:52:24.999+00:00   [3] d3 finish=stop completion=89 chunks=35 acc=2.588(chunks) rate=30.31 ttft=0.307 sha=0596173be865 early_divergence div@4 head='The sun warms up the water in oc' tail=' journey all over again.'
2026-09-30T01:52:24.999+00:00   [4] d4 finish=stop completion=102 chunks=27 acc=3.885(chunks) rate=42.75 ttft=0.091 sha=d3af644442cd early_divergence div@80 head='```python\ndef fibonacci(n: int) ' tail=', a + b\n    return b\n```'
2026-09-30T01:52:31.283+00:00 burst=distinct-n5-b2 kind=distinct n=5 stagger=0.000 coprefill=False spread=0.216 gate=- report=['early_divergence']
2026-09-30T01:52:31.283+00:00   [0] d0 finish=stop completion=92 chunks=36 acc=2.600(chunks) rate=30.66 ttft=0.309 sha=ba409499c5af early_divergence div@1 head='Standard attention mechanisms sc' tail='tensive context windows.'
2026-09-30T01:52:31.283+00:00   [1] d1 finish=stop completion=78 chunks=34 acc=2.333(chunks) rate=27.25 ttft=0.308 sha=3173bb0cb3ca ok div@200 head='A bicycle gear system uses mecha' tail='ess mechanical leverage.'
2026-09-30T01:52:31.283+00:00   [2] d2 finish=stop completion=43 chunks=12 acc=3.818(chunks) rate=39.90 ttft=0.309 sha=097672f98733 ok div@None head='2, 3, 5, 7, 11, 13, 17, 19, 23, ' tail=', 17, 19, 23, 29, 31, 37'
2026-09-30T01:52:31.283+00:00   [3] d3 finish=stop completion=89 chunks=35 acc=2.588(chunks) rate=30.33 ttft=0.309 sha=0596173be865 early_divergence div@4 head='The sun warms up the water in oc' tail=' journey all over again.'
2026-09-30T01:52:31.283+00:00   [4] d4 finish=stop completion=102 chunks=27 acc=3.885(chunks) rate=42.74 ttft=0.094 sha=d3af644442cd early_divergence div@80 head='```python\ndef fibonacci(n: int) ' tail=', a + b\n    return b\n```'
2026-09-30T01:52:37.747+00:00 burst=distinct-n5-b3 kind=distinct n=5 stagger=0.000 coprefill=False spread=0.215 gate=- report=['early_divergence']
2026-09-30T01:52:37.747+00:00   [0] d0 finish=stop completion=97 chunks=40 acc=2.462(chunks) rate=30.50 ttft=0.310 sha=70fc26570469 early_divergence div@1 head='Standard attention mechanisms sc' tail='ta or document analysis.'
2026-09-30T01:52:37.747+00:00   [1] d1 finish=stop completion=77 chunks=31 acc=2.533(chunks) rate=28.59 ttft=0.309 sha=60e22ef7c97d ok div@165 head='A bicycle gear system uses mecha' tail='d on terrain conditions.'
2026-09-30T01:52:37.748+00:00   [2] d2 finish=stop completion=43 chunks=12 acc=3.818(chunks) rate=40.03 ttft=0.309 sha=097672f98733 ok div@None head='2, 3, 5, 7, 11, 13, 17, 19, 23, ' tail=', 17, 19, 23, 29, 31, 37'
2026-09-30T01:52:37.748+00:00   [3] d3 finish=stop completion=89 chunks=35 acc=2.588(chunks) rate=30.69 ttft=0.309 sha=0596173be865 early_divergence div@4 head='The sun warms up the water in oc' tail=' journey all over again.'
2026-09-30T01:52:37.748+00:00   [4] d4 finish=stop completion=102 chunks=27 acc=3.885(chunks) rate=42.86 ttft=0.095 sha=d3af644442cd early_divergence div@80 head='```python\ndef fibonacci(n: int) ' tail=', a + b\n    return b\n```'
2026-09-30T01:52:45.297+00:00 burst=identical-n8-b1 kind=identical n=8 stagger=0.000 coprefill=False spread=0.233 gate=- report=['early_divergence']
2026-09-30T01:52:45.297+00:00   [0] d0 finish=stop completion=95 chunks=39 acc=2.474(chunks) rate=27.81 ttft=0.340 sha=30da1fd13f33 early_divergence div@1 head='Standard attention mechanisms sc' tail='pplication requirements.'
2026-09-30T01:52:45.297+00:00   [1] d0 finish=stop completion=93 chunks=37 acc=2.556(chunks) rate=28.75 ttft=0.341 sha=ca53988def6a early_divergence div@1 head='Standard attention mechanisms sc' tail='tensive context windows.'
2026-09-30T01:52:45.297+00:00   [2] d0 finish=stop completion=101 chunks=47 acc=2.174(chunks) rate=24.70 ttft=0.109 sha=4bfa1bf64b96 early_divergence div@193 head='Sparse attention mitigates the q' tail='complex reasoning tasks.'
2026-09-30T01:52:45.297+00:00   [3] d0 finish=stop completion=91 chunks=42 acc=2.195(chunks) rate=24.88 ttft=0.340 sha=29dbd9358c10 early_divergence div@132 head='Sparse attention mitigates the q' tail='real-world applications.'
2026-09-30T01:52:45.297+00:00   [4] d0 finish=stop completion=90 chunks=39 acc=2.342(chunks) rate=26.32 ttft=0.341 sha=74645c0c0861 early_divergence div@1 head='Standard attention mechanisms sc' tail='ontextual understanding.'
2026-09-30T01:52:45.297+00:00   [5] d0 finish=stop completion=94 chunks=40 acc=2.385(chunks) rate=26.81 ttft=0.340 sha=ae36ad6fd27b early_divergence div@1 head='Standard attention mechanisms sc' tail='pplication requirements.'
2026-09-30T01:52:45.297+00:00   [6] d0 finish=stop completion=93 chunks=35 acc=2.706(chunks) rate=29.64 ttft=0.340 sha=4894a43dbae9 early_divergence div@1 head='Standard attention mechanisms sc' tail='complex reasoning tasks.'
2026-09-30T01:52:45.297+00:00   [7] d0 finish=stop completion=103 chunks=52 acc=2.000(chunks) rate=24.29 ttft=0.342 sha=e694b3323d24 early_divergence div@17 head='Sparse attention significantly e' tail='nt long-range reasoning.'
2026-09-30T01:52:52.860+00:00 burst=identical-n8-b2 kind=identical n=8 stagger=0.000 coprefill=False spread=0.230 gate=- report=['early_divergence']
2026-09-30T01:52:52.860+00:00   [0] d0 finish=stop completion=91 chunks=42 acc=2.195(chunks) rate=25.01 ttft=0.371 sha=29dbd9358c10 early_divergence div@132 head='Sparse attention mitigates the q' tail='real-world applications.'
2026-09-30T01:52:52.860+00:00   [1] d0 finish=stop completion=101 chunks=47 acc=2.174(chunks) rate=24.81 ttft=0.140 sha=4bfa1bf64b96 early_divergence div@193 head='Sparse attention mitigates the q' tail='complex reasoning tasks.'
2026-09-30T01:52:52.860+00:00   [2] d0 finish=stop completion=93 chunks=37 acc=2.556(chunks) rate=28.94 ttft=0.371 sha=ca53988def6a early_divergence div@1 head='Standard attention mechanisms sc' tail='tensive context windows.'
2026-09-30T01:52:52.860+00:00   [3] d0 finish=stop completion=95 chunks=39 acc=2.474(chunks) rate=27.97 ttft=0.372 sha=30da1fd13f33 early_divergence div@1 head='Standard attention mechanisms sc' tail='pplication requirements.'
2026-09-30T01:52:52.860+00:00   [4] d0 finish=stop completion=94 chunks=40 acc=2.385(chunks) rate=26.97 ttft=0.370 sha=ae36ad6fd27b early_divergence div@1 head='Standard attention mechanisms sc' tail='pplication requirements.'
2026-09-30T01:52:52.860+00:00   [5] d0 finish=stop completion=93 chunks=35 acc=2.706(chunks) rate=29.85 ttft=0.370 sha=4894a43dbae9 early_divergence div@1 head='Standard attention mechanisms sc' tail='complex reasoning tasks.'
2026-09-30T01:52:52.860+00:00   [6] d0 finish=stop completion=103 chunks=52 acc=2.000(chunks) rate=24.37 ttft=0.371 sha=e694b3323d24 early_divergence div@17 head='Sparse attention significantly e' tail='nt long-range reasoning.'
2026-09-30T01:52:52.860+00:00   [7] d0 finish=stop completion=90 chunks=39 acc=2.342(chunks) rate=26.47 ttft=0.371 sha=74645c0c0861 early_divergence div@1 head='Standard attention mechanisms sc' tail='ontextual understanding.'
2026-09-30T01:53:00.395+00:00 burst=identical-n8-b3 kind=identical n=8 stagger=0.000 coprefill=False spread=0.231 gate=- report=['early_divergence']
2026-09-30T01:53:00.395+00:00   [0] d0 finish=stop completion=93 chunks=37 acc=2.556(chunks) rate=28.89 ttft=0.335 sha=ca53988def6a early_divergence div@1 head='Standard attention mechanisms sc' tail='tensive context windows.'
2026-09-30T01:53:00.395+00:00   [1] d0 finish=stop completion=91 chunks=42 acc=2.195(chunks) rate=24.98 ttft=0.335 sha=29dbd9358c10 early_divergence div@132 head='Sparse attention mitigates the q' tail='real-world applications.'
2026-09-30T01:53:00.395+00:00   [2] d0 finish=stop completion=94 chunks=40 acc=2.385(chunks) rate=26.93 ttft=0.335 sha=ae36ad6fd27b early_divergence div@1 head='Standard attention mechanisms sc' tail='pplication requirements.'
2026-09-30T01:53:00.395+00:00   [3] d0 finish=stop completion=90 chunks=39 acc=2.342(chunks) rate=26.44 ttft=0.336 sha=74645c0c0861 early_divergence div@1 head='Standard attention mechanisms sc' tail='ontextual understanding.'
2026-09-30T01:53:00.395+00:00   [4] d0 finish=stop completion=101 chunks=47 acc=2.174(chunks) rate=24.80 ttft=0.105 sha=4bfa1bf64b96 early_divergence div@193 head='Sparse attention mitigates the q' tail='complex reasoning tasks.'
2026-09-30T01:53:00.395+00:00   [5] d0 finish=stop completion=95 chunks=39 acc=2.474(chunks) rate=27.93 ttft=0.336 sha=30da1fd13f33 early_divergence div@1 head='Standard attention mechanisms sc' tail='pplication requirements.'
2026-09-30T01:53:00.395+00:00   [6] d0 finish=stop completion=93 chunks=35 acc=2.706(chunks) rate=29.80 ttft=0.336 sha=4894a43dbae9 early_divergence div@1 head='Standard attention mechanisms sc' tail='complex reasoning tasks.'
2026-09-30T01:53:00.395+00:00   [7] d0 finish=stop completion=103 chunks=52 acc=2.000(chunks) rate=24.36 ttft=0.336 sha=e694b3323d24 early_divergence div@17 head='Sparse attention significantly e' tail='nt long-range reasoning.'
2026-09-30T01:53:07.765+00:00 burst=distinct-n8-b1 kind=distinct n=8 stagger=0.000 coprefill=False spread=0.259 gate=- report=['early_divergence']
2026-09-30T01:53:07.765+00:00   [0] d0 finish=stop completion=99 chunks=45 acc=2.227(chunks) rate=24.69 ttft=0.391 sha=6d3cb214202b early_divergence div@1 head='Standard attention mechanisms sc' tail='actical resource limits.'
2026-09-30T01:53:07.765+00:00   [1] d1 finish=stop completion=78 chunks=30 acc=2.655(chunks) rate=25.62 ttft=0.390 sha=5f275b6821a8 ok div@165 head='A bicycle gear system uses mecha' tail=' terrain and conditions.'
2026-09-30T01:53:07.765+00:00   [2] d2 finish=stop completion=43 chunks=12 acc=3.818(chunks) rate=32.37 ttft=0.391 sha=097672f98733 ok div@None head='2, 3, 5, 7, 11, 13, 17, 19, 23, ' tail=', 17, 19, 23, 29, 31, 37'
2026-09-30T01:53:07.765+00:00   [3] d3 finish=stop completion=92 chunks=38 acc=2.459(chunks) rate=25.43 ttft=0.391 sha=ec7927030dd0 early_divergence div@26 head='The water cycle is like a never-' tail='the trip all over again.'
2026-09-30T01:53:07.765+00:00   [4] d4 finish=stop completion=102 chunks=26 acc=4.040(chunks) rate=36.77 ttft=0.391 sha=cb9c046d4e9a ok div@None head='```python\ndef fibonacci(n: int) ' tail=', a + b\n    return b\n```'
2026-09-30T01:53:07.765+00:00   [5] d5 finish=stop completion=19 chunks=8 acc=2.571(chunks) rate=21.62 ttft=0.133 sha=fbd9a6af1079 early_divergence div@63 head='La bibliothèque ouvre à neuf heu' tail='res les jours ouvrables.'
2026-09-30T01:53:07.765+00:00   [6] d6 finish=stop completion=70 chunks=34 acc=2.091(chunks) rate=20.82 ttft=0.390 sha=ef096342c641 early_divergence div@65 head='1. Reduce watering frequency sig' tail='ensate for shorter days.'
2026-09-30T01:53:07.765+00:00   [7] d7 finish=stop completion=67 chunks=18 acc=3.882(chunks) rate=34.64 ttft=0.391 sha=c39be9b87ae0 ok div@None head='{\n  "name": "Eiffel Tower",\n  "y' tail='re",\n    "Tourism"\n  ]\n}'
2026-09-30T01:53:14.640+00:00 burst=distinct-n8-b2 kind=distinct n=8 stagger=0.000 coprefill=False spread=0.264 gate=- report=['early_divergence']
2026-09-30T01:53:14.640+00:00   [0] d0 finish=stop completion=91 chunks=37 acc=2.500(chunks) rate=25.69 ttft=0.359 sha=28ad902a80be early_divergence div@1 head='Standard attention mechanisms sc' tail='al hardware constraints.'
2026-09-30T01:53:14.640+00:00   [1] d1 finish=stop completion=74 chunks=31 acc=2.433(chunks) rate=23.82 ttft=0.359 sha=ed9cafab6c78 ok div@165 head='A bicycle gear system uses mecha' tail='que for increased speed.'
2026-09-30T01:53:14.640+00:00   [2] d2 finish=stop completion=43 chunks=12 acc=3.818(chunks) rate=34.09 ttft=0.359 sha=097672f98733 ok div@None head='2, 3, 5, 7, 11, 13, 17, 19, 23, ' tail=', 17, 19, 23, 29, 31, 37'
2026-09-30T01:53:14.640+00:00   [3] d3 finish=stop completion=96 chunks=37 acc=2.639(chunks) rate=26.14 ttft=0.096 sha=f493f294eb04 early_divergence div@16 head='The water cycle starts when the ' tail='the whole journey again.'
2026-09-30T01:53:14.640+00:00   [4] d4 finish=stop completion=102 chunks=27 acc=3.885(chunks) rate=37.07 ttft=0.360 sha=cb9c046d4e9a ok div@None head='```python\ndef fibonacci(n: int) ' tail=', a + b\n    return b\n```'
2026-09-30T01:53:14.640+00:00   [5] d5 finish=stop completion=17 chunks=7 acc=2.667(chunks) rate=23.58 ttft=0.359 sha=5a881638e98d ok div@None head='La bibliothèque ouvre à neuf heu' tail='-huit heures en semaine.'
2026-09-30T01:53:14.640+00:00   [6] d6 finish=stop completion=70 chunks=35 acc=2.029(chunks) rate=20.47 ttft=0.359 sha=6ed0508ab41c ok div@189 head='1. Reduce watering frequency sig' tail='ensate for shorter days.'
2026-09-30T01:53:14.640+00:00   [7] d7 finish=stop completion=85 chunks=24 acc=3.652(chunks) rate=34.38 ttft=0.360 sha=70ff3899fdca ok div@61 head='{\n  "name": "Eiffel Tower",\n  "y' tail='    "architecture"\n  ]\n}'
2026-09-30T01:53:21.942+00:00 burst=distinct-n8-b3 kind=distinct n=8 stagger=0.000 coprefill=False spread=0.259 gate=- report=['early_divergence']
2026-09-30T01:53:21.942+00:00   [0] d0 finish=stop completion=99 chunks=45 acc=2.227(chunks) rate=24.91 ttft=0.359 sha=6d3cb214202b early_divergence div@1 head='Standard attention mechanisms sc' tail='actical resource limits.'
2026-09-30T01:53:21.942+00:00   [1] d1 finish=stop completion=77 chunks=32 acc=2.452(chunks) rate=24.17 ttft=0.359 sha=a33c2cb0eb82 ok div@165 head='A bicycle gear system uses mecha' tail='torque for higher speed.'
2026-09-30T01:53:21.942+00:00   [2] d2 finish=stop completion=43 chunks=12 acc=3.818(chunks) rate=33.86 ttft=0.358 sha=097672f98733 ok div@None head='2, 3, 5, 7, 11, 13, 17, 19, 23, ' tail=', 17, 19, 23, 29, 31, 37'
2026-09-30T01:53:21.942+00:00   [3] d3 finish=stop completion=91 chunks=37 acc=2.500(chunks) rate=25.73 ttft=0.359 sha=a6af0a675d63 early_divergence div@26 head='The water cycle is like a never-' tail='the trip all over again.'
2026-09-30T01:53:21.942+00:00   [4] d4 finish=stop completion=102 chunks=27 acc=3.885(chunks) rate=37.05 ttft=0.359 sha=cb9c046d4e9a ok div@None head='```python\ndef fibonacci(n: int) ' tail=', a + b\n    return b\n```'
2026-09-30T01:53:21.942+00:00   [5] d5 finish=stop completion=19 chunks=8 acc=2.571(chunks) rate=21.65 ttft=0.101 sha=fbd9a6af1079 early_divergence div@63 head='La bibliothèque ouvre à neuf heu' tail='res les jours ouvrables.'
2026-09-30T01:53:21.942+00:00   [6] d6 finish=stop completion=70 chunks=33 acc=2.156(chunks) rate=21.38 ttft=0.360 sha=6ed0508ab41c ok div@189 head='1. Reduce watering frequency sig' tail='ensate for shorter days.'
2026-09-30T01:53:21.942+00:00   [7] d7 finish=stop completion=78 chunks=23 acc=3.500(chunks) rate=32.72 ttft=0.360 sha=a34cc3d3701c ok div@61 head='{\n  "name": "Eiffel Tower",\n  "y' tail='re",\n    "tourism"\n  ]\n}'
2026-09-30T01:53:27.500+00:00 burst=staggered-identical-n2 kind=identical n=2 stagger=0.250 coprefill=False spread=0.317 gate=- report=['early_divergence']
2026-09-30T01:53:27.500+00:00   [0] d0 finish=stop completion=95 chunks=41 acc=2.350(chunks) rate=38.30 ttft=0.098 sha=26e6979e3e7e ok div@333 head='Sparse attention mitigates the q' tail='n large language models.'
2026-09-30T01:53:27.500+00:00   [1] d0 finish=stop completion=93 chunks=34 acc=2.788(chunks) rate=45.61 ttft=0.166 sha=774bf9418857 early_divergence div@1 head='Standard attention mechanisms sc' tail='tensive context windows.'
2026-09-30T01:53:33.678+00:00 burst=staggered-distinct-n3 kind=distinct n=3 stagger=0.250 coprefill=False spread=0.614 gate=- report=['early_divergence']
2026-09-30T01:53:33.678+00:00   [0] d0 finish=stop completion=99 chunks=47 acc=2.130(chunks) rate=31.90 ttft=0.101 sha=b4f847211dde early_divergence div@164 head='Sparse attention mitigates the q' tail='processing applications.'
2026-09-30T01:53:33.678+00:00   [1] d1 finish=stop completion=78 chunks=37 acc=2.139(chunks) rate=31.02 ttft=0.162 sha=7001d85664e3 ok div@201 head='A bicycle gear system uses mecha' tail='ess mechanical leverage.'
2026-09-30T01:53:33.678+00:00   [2] d2 finish=stop completion=43 chunks=12 acc=3.818(chunks) rate=50.24 ttft=0.214 sha=097672f98733 ok div@None head='2, 3, 5, 7, 11, 13, 17, 19, 23, ' tail=', 17, 19, 23, 29, 31, 37'
2026-09-30T01:53:40.761+00:00 burst=staggered-distinct-n5 kind=distinct n=5 stagger=0.250 coprefill=False spread=1.140 gate=- report=['early_divergence']
2026-09-30T01:53:40.761+00:00   [0] d0 finish=stop completion=96 chunks=45 acc=2.159(chunks) rate=26.07 ttft=0.097 sha=810269c1437c early_divergence div@132 head='Sparse attention mitigates the q' tail='al semantic connections.'
2026-09-30T01:53:40.761+00:00   [1] d1 finish=stop completion=65 chunks=27 acc=2.462(chunks) rate=27.11 ttft=0.217 sha=3d599a0312f2 early_divergence div@77 head='A bicycle gear system uses mecha' tail=' for varying conditions.'
2026-09-30T01:53:40.761+00:00   [2] d2 finish=stop completion=43 chunks=12 acc=3.818(chunks) rate=38.43 ttft=0.216 sha=097672f98733 ok div@None head='2, 3, 5, 7, 11, 13, 17, 19, 23, ' tail=', 17, 19, 23, 29, 31, 37'
2026-09-30T01:53:40.761+00:00   [3] d3 finish=stop completion=100 chunks=39 acc=2.605(chunks) rate=32.48 ttft=0.276 sha=b4a349ff508d early_divergence div@16 head='The water cycle starts when the ' tail='the whole journey again.'
2026-09-30T01:53:40.761+00:00   [4] d4 finish=stop completion=102 chunks=28 acc=3.741(chunks) rate=44.08 ttft=0.237 sha=cb9c046d4e9a ok div@None head='```python\ndef fibonacci(n: int) ' tail=', a + b\n    return b\n```'
2026-09-30T01:53:49.103+00:00 burst=staggered-identical-n8 kind=identical n=8 stagger=0.250 coprefill=False spread=1.972 gate=- report=['early_divergence']
2026-09-30T01:53:49.103+00:00   [0] d0 finish=stop completion=95 chunks=45 acc=2.136(chunks) rate=23.98 ttft=0.100 sha=62032dac1eb1 early_divergence div@164 head='Sparse attention mitigates the q' tail='n large language models.'
2026-09-30T01:53:49.103+00:00   [1] d0 finish=stop completion=93 chunks=36 acc=2.629(chunks) rate=28.17 ttft=0.222 sha=774bf9418857 early_divergence div@1 head='Standard attention mechanisms sc' tail='tensive context windows.'
2026-09-30T01:53:49.103+00:00   [2] d0 finish=stop completion=95 chunks=39 acc=2.474(chunks) rate=26.19 ttft=0.208 sha=30da1fd13f33 early_divergence div@1 head='Standard attention mechanisms sc' tail='pplication requirements.'
2026-09-30T01:53:49.103+00:00   [3] d0 finish=stop completion=92 chunks=34 acc=2.758(chunks) rate=28.09 ttft=0.219 sha=d347660dc6fd early_divergence div@1 head='Standard attention mechanisms sc' tail='onstrained environments.'
2026-09-30T01:53:49.103+00:00   [4] d0 finish=stop completion=91 chunks=38 acc=2.432(chunks) rate=26.06 ttft=0.237 sha=28ad902a80be early_divergence div@1 head='Standard attention mechanisms sc' tail='al hardware constraints.'
2026-09-30T01:53:49.103+00:00   [5] d0 finish=stop completion=96 chunks=44 acc=2.209(chunks) rate=24.99 ttft=0.279 sha=489a49d1db88 early_divergence div@193 head='Sparse attention mitigates the q' tail=' contextual information.'
2026-09-30T01:53:49.103+00:00   [6] d0 finish=stop completion=96 chunks=42 acc=2.317(chunks) rate=26.52 ttft=0.248 sha=af05a4d40076 early_divergence div@1 head='Standard attention mechanisms sc' tail='ming hardware resources.'
2026-09-30T01:53:49.103+00:00   [7] d0 finish=stop completion=95 chunks=38 acc=2.541(chunks) rate=29.52 ttft=0.321 sha=6b5b1b878e02 early_divergence div@1 head='Standard attention mechanisms sc' tail='s vast textual contexts.'
2026-09-30T01:54:00.232+00:00 burst=long-pair kind=long n=2 stagger=0.000 coprefill=False spread=2.604 gate=- report=['slow']
2026-09-30T01:54:00.232+00:00   [0] long0 finish=stop completion=6 chunks=2 acc=5.000(chunks) rate=32.49 ttft=7.966 sha=83dab7f91bc1 ok div@None head='74354' tail='74354'
2026-09-30T01:54:00.232+00:00   [1] long1 finish=stop completion=6 chunks=2 acc=5.000(chunks) rate=1.92 ttft=5.363 sha=0ec41e567fc2 slow div@None head='79083' tail='79083'
2026-09-30T01:54:03.728+00:00 burst=image-pair kind=image n=2 stagger=0.000 coprefill=False spread=0.147 gate=- report=['early_divergence']
2026-09-30T01:54:03.728+00:00   [0] img_red finish=stop completion=11 chunks=4 acc=3.333(chunks) rate=51.37 ttft=0.292 sha=0e1c14c4131c ok div@None head='The image is filled with a solid' tail=' with a solid red color.'
2026-09-30T01:54:03.728+00:00   [1] img_blue finish=stop completion=12 chunks=4 acc=3.667(chunks) rate=39.99 ttft=0.146 sha=346cf75f8f72 early_divergence div@29 head='This image is filled with a sing' tail=' a single shade of blue.'
2026-09-30T01:54:03.728+00:00 TOTALS bursts=30 streams=130 gate_bursts=0 zero_acc=0 runaway=0 first32_match=0.269 coprefill_bursts=0 per_request_spec_metrics=False
2026-09-30T01:54:03.728+00:00 NOTE: server did not return metrics.speculative_decoding on every stream; acceptance estimated from tokens per chunk (serve with --per-request-spec-decode-metrics summary)
2026-09-30T01:54:03.728+00:00 T0 PASS
