2026-09-29T13:34:42.642+00:00 bench_probe v1 url=http://127.0.0.1:8000/v1/chat/completions sizes=[2, 3, 5, 8] kinds=['identical', 'distinct'] bursts_per_shape=3 max_tokens=256
2026-09-29T13:34:45.427+00:00 ref d0 finish=stop completion=96 acc=2.233 ttft=0.200 sha=9706138a5f41 head='Sparse attention mitigates the quadratic'
2026-09-29T13:34:48.351+00:00 ref d1 finish=stop completion=77 acc=2.600 ttft=0.119 sha=fba2c21d9e94 head='A bicycle gear system uses mechanical ad'
2026-09-29T13:34:50.152+00:00 ref d2 finish=stop completion=43 acc=4.000 ttft=0.119 sha=097672f98733 head='2, 3, 5, 7, 11, 13, 17, 19, 23, 29, 31, '
2026-09-29T13:34:53.651+00:00 ref d3 finish=stop completion=102 acc=2.525 ttft=0.112 sha=db1b39a71e20 head='The water cycle is like a giant, never-e'
2026-09-29T13:34:56.345+00:00 ref d4 finish=stop completion=102 acc=3.885 ttft=0.113 sha=d3af644442cd head='```python\ndef fibonacci(n: int) -> int:\n'
2026-09-29T13:34:57.865+00:00 ref d5 finish=stop completion=19 acc=2.857 ttft=0.115 sha=fbd9a6af1079 head='La bibliothèque ouvre à neuf heures et f'
2026-09-29T13:35:00.818+00:00 ref d6 finish=stop completion=67 acc=2.161 ttft=0.113 sha=443731f324d8 head='1. Reduce watering frequency significant'
2026-09-29T13:35:03.310+00:00 ref d7 finish=stop completion=85 acc=3.652 ttft=0.127 sha=70ff3899fdca head='{\n  "name": "Eiffel Tower",\n  "year": 18'
2026-09-29T13:35:10.159+00:00 ref long0 finish=stop completion=6 acc=4.000 ttft=5.707 sha=83dab7f91bc1 head='74354'
2026-09-29T13:35:15.141+00:00 ref long1 finish=stop completion=6 acc=4.000 ttft=3.833 sha=0ec41e567fc2 head='79083'
2026-09-29T13:35:16.541+00:00 ref img_red finish=stop completion=11 acc=3.333 ttft=0.215 sha=0e1c14c4131c head='The image is filled with a solid red col'
2026-09-29T13:35:17.927+00:00 ref img_blue finish=stop completion=11 acc=3.333 ttft=0.202 sha=705b4320e3b4 head='The image is filled with a solid blue co'
2026-09-29T13:35:25.175+00:00 burst=identical-n2-b1 kind=identical n=2 stagger=0.000 coprefill=False spread=0.373 gate=- report=['early_divergence']
2026-09-29T13:35:25.175+00:00   [0] d0 finish=stop completion=97 chunks=44 acc=2.233(server) rate=34.70 ttft=0.474 sha=ae83c10d0c28 early_divergence div@132 head='Sparse attention mitigates the q' tail='n large language models.'
2026-09-29T13:35:25.175+00:00   [1] d0 finish=stop completion=94 chunks=44 acc=2.209(server) rate=30.81 ttft=0.101 sha=5ea913999162 early_divergence div@132 head='Sparse attention mitigates the q' tail='ormance and scalability.'
2026-09-29T13:35:31.217+00:00 burst=identical-n2-b2 kind=identical n=2 stagger=0.000 coprefill=False spread=0.175 gate=- report=['early_divergence']
2026-09-29T13:35:31.217+00:00   [0] d0 finish=stop completion=104 chunks=44 acc=2.419(server) rate=37.30 ttft=0.275 sha=2e21422b9ddf early_divergence div@1 head='Standard attention mechanisms sc' tail='erformance and accuracy.'
2026-09-29T13:35:31.217+00:00   [1] d0 finish=stop completion=94 chunks=40 acc=2.410(server) rate=35.93 ttft=0.100 sha=46867aee5b1b early_divergence div@132 head='Sparse attention mitigates the q' tail=' contextual information.'
2026-09-29T13:35:36.711+00:00 burst=identical-n2-b3 kind=identical n=2 stagger=0.000 coprefill=False spread=0.175 gate=- report=['early_divergence']
2026-09-29T13:35:36.711+00:00   [0] d0 finish=stop completion=96 chunks=37 acc=2.667(server) rate=39.79 ttft=0.098 sha=bd43641745bc early_divergence div@1 head='Standard attention mechanisms sc' tail='s vast textual contexts.'
2026-09-29T13:35:36.711+00:00   [1] d0 finish=stop completion=87 chunks=35 acc=2.559(server) rate=38.86 ttft=0.273 sha=5ed92d5122d3 early_divergence div@1 head='Standard attention mechanisms sc' tail=' practical applications.'
2026-09-29T13:35:42.417+00:00 burst=distinct-n2-b1 kind=distinct n=2 stagger=0.000 coprefill=False spread=0.168 gate=- report=['early_divergence']
2026-09-29T13:35:42.417+00:00   [0] d0 finish=stop completion=95 chunks=40 acc=2.410(server) rate=36.20 ttft=0.101 sha=ddc0bb5d83ec early_divergence div@132 head='Sparse attention mitigates the q' tail='n large language models.'
2026-09-29T13:35:42.417+00:00   [1] d1 finish=stop completion=65 chunks=26 acc=2.600(server) rate=38.28 ttft=0.269 sha=3d599a0312f2 early_divergence div@77 head='A bicycle gear system uses mecha' tail=' for varying conditions.'
2026-09-29T13:35:48.512+00:00 burst=distinct-n2-b2 kind=distinct n=2 stagger=0.000 coprefill=False spread=0.170 gate=- report=['early_divergence']
2026-09-29T13:35:48.512+00:00   [0] d0 finish=stop completion=91 chunks=36 acc=2.583(server) rate=30.13 ttft=0.101 sha=f132bf0dbce4 early_divergence div@1 head='Standard attention mechanisms sc' tail='onstrained environments.'
2026-09-29T13:35:48.512+00:00   [1] d1 finish=stop completion=65 chunks=27 acc=2.500(server) rate=29.50 ttft=0.271 sha=3d599a0312f2 early_divergence div@77 head='A bicycle gear system uses mecha' tail=' for varying conditions.'
2026-09-29T13:35:54.452+00:00 burst=distinct-n2-b3 kind=distinct n=2 stagger=0.000 coprefill=False spread=0.177 gate=- report=['early_divergence']
2026-09-29T13:35:54.452+00:00   [0] d0 finish=stop completion=93 chunks=36 acc=2.657(server) rate=34.56 ttft=0.270 sha=774bf9418857 early_divergence div@1 head='Standard attention mechanisms sc' tail='tensive context windows.'
2026-09-29T13:35:54.452+00:00   [1] d1 finish=stop completion=70 chunks=29 acc=2.536(server) rate=31.71 ttft=0.093 sha=af395b6f61d0 early_divergence div@77 head='A bicycle gear system uses mecha' tail='in and desired velocity.'
2026-09-29T13:36:01.475+00:00 burst=identical-n3-b1 kind=identical n=3 stagger=0.000 coprefill=False spread=0.191 gate=- report=['early_divergence']
2026-09-29T13:36:01.475+00:00   [0] d0 finish=stop completion=103 chunks=55 acc=1.926(server) rate=26.07 ttft=0.101 sha=79d2ec9b2cca early_divergence div@17 head='Sparse attention significantly e' tail='nt long-form generation.'
2026-09-29T13:36:01.475+00:00   [1] d0 finish=stop completion=95 chunks=42 acc=2.310(server) rate=30.11 ttft=0.292 sha=60a094cd041b early_divergence div@1 head='Standard attention mechanisms sc' tail='d practical application.'
2026-09-29T13:36:01.475+00:00   [2] d0 finish=stop completion=94 chunks=38 acc=2.541(server) rate=33.60 ttft=0.292 sha=ae36ad6fd27b early_divergence div@1 head='Standard attention mechanisms sc' tail='pplication requirements.'
2026-09-29T13:36:07.908+00:00 burst=identical-n3-b2 kind=identical n=3 stagger=0.000 coprefill=False spread=0.186 gate=- report=['early_divergence']
2026-09-29T13:36:07.908+00:00   [0] d0 finish=stop completion=91 chunks=39 acc=2.421(server) rate=31.96 ttft=0.289 sha=28ad902a80be early_divergence div@1 head='Standard attention mechanisms sc' tail='al hardware constraints.'
2026-09-29T13:36:07.909+00:00   [1] d0 finish=stop completion=94 chunks=42 acc=2.317(server) rate=30.49 ttft=0.287 sha=5ea913999162 early_divergence div@132 head='Sparse attention mitigates the q' tail='ormance and scalability.'
2026-09-29T13:36:07.909+00:00   [2] d0 finish=stop completion=95 chunks=45 acc=2.136(server) rate=28.29 ttft=0.102 sha=ff9976918e7f early_divergence div@132 head='Sparse attention mitigates the q' tail='n large language models.'
2026-09-29T13:36:14.281+00:00 burst=identical-n3-b3 kind=identical n=3 stagger=0.000 coprefill=False spread=0.189 gate=- report=['early_divergence']
2026-09-29T13:36:14.281+00:00   [0] d0 finish=stop completion=101 chunks=40 acc=2.615(server) rate=34.61 ttft=0.289 sha=65abf3539e6c early_divergence div@1 head='Standard attention mechanisms sc' tail='gh performance accuracy.'
2026-09-29T13:36:14.281+00:00   [1] d0 finish=stop completion=94 chunks=43 acc=2.238(server) rate=30.22 ttft=0.289 sha=6d83124191d6 early_divergence div@1 head='Standard attention mechanisms sc' tail=' practical applications.'
2026-09-29T13:36:14.281+00:00   [2] d0 finish=stop completion=92 chunks=37 acc=2.556(server) rate=33.31 ttft=0.101 sha=c3e9164431e8 early_divergence div@1 head='Standard attention mechanisms sc' tail='osts of dense attention.'
2026-09-29T13:36:20.236+00:00 burst=distinct-n3-b1 kind=distinct n=3 stagger=0.000 coprefill=False spread=0.200 gate=- report=['early_divergence']
2026-09-29T13:36:20.236+00:00   [0] d0 finish=stop completion=101 chunks=39 acc=2.658(server) rate=37.74 ttft=0.299 sha=1b11848e8d50 early_divergence div@1 head='Standard attention mechanisms sc' tail='osts of dense attention.'
2026-09-29T13:36:20.236+00:00   [1] d1 finish=stop completion=72 chunks=31 acc=2.433(server) rate=32.81 ttft=0.298 sha=f69f839b377d early_divergence div@77 head='A bicycle gear system uses mecha' tail='in and desired velocity.'
2026-09-29T13:36:20.236+00:00   [2] d2 finish=stop completion=43 chunks=12 acc=4.000(server) rate=45.09 ttft=0.099 sha=097672f98733 ok div@None head='2, 3, 5, 7, 11, 13, 17, 19, 23, ' tail=', 17, 19, 23, 29, 31, 37'
2026-09-29T13:36:26.704+00:00 burst=distinct-n3-b2 kind=distinct n=3 stagger=0.000 coprefill=False spread=0.200 gate=- report=['early_divergence']
2026-09-29T13:36:26.704+00:00   [0] d0 finish=stop completion=94 chunks=41 acc=2.375(server) rate=29.34 ttft=0.292 sha=f4b75558746c early_divergence div@1 head='Standard attention mechanisms sc' tail=' inference requirements.'
2026-09-29T13:36:26.704+00:00   [1] d1 finish=stop completion=65 chunks=29 acc=2.321(server) rate=26.12 ttft=0.293 sha=3d599a0312f2 early_divergence div@77 head='A bicycle gear system uses mecha' tail=' for varying conditions.'
2026-09-29T13:36:26.704+00:00   [2] d2 finish=stop completion=43 chunks=12 acc=4.000(server) rate=38.41 ttft=0.093 sha=097672f98733 ok div@None head='2, 3, 5, 7, 11, 13, 17, 19, 23, ' tail=', 17, 19, 23, 29, 31, 37'
2026-09-29T13:36:32.875+00:00 burst=distinct-n3-b3 kind=distinct n=3 stagger=0.000 coprefill=False spread=0.201 gate=- report=['early_divergence']
2026-09-29T13:36:32.875+00:00   [0] d0 finish=stop completion=94 chunks=43 acc=2.238(server) rate=32.40 ttft=0.293 sha=1d6600ac664c early_divergence div@1 head='Standard attention mechanisms sc' tail='osts of dense attention.'
2026-09-29T13:36:32.875+00:00   [1] d1 finish=stop completion=72 chunks=32 acc=2.355(server) rate=32.18 ttft=0.293 sha=de86105b79d7 early_divergence div@77 head='A bicycle gear system uses mecha' tail='onal force for velocity.'
2026-09-29T13:36:32.875+00:00   [2] d2 finish=stop completion=43 chunks=12 acc=4.000(server) rate=45.40 ttft=0.092 sha=097672f98733 ok div@None head='2, 3, 5, 7, 11, 13, 17, 19, 23, ' tail=', 17, 19, 23, 29, 31, 37'
2026-09-29T13:36:39.729+00:00 burst=identical-n5-b1 kind=identical n=5 stagger=0.000 coprefill=False spread=0.236 gate=- report=['early_divergence']
2026-09-29T13:36:39.729+00:00   [0] d0 finish=stop completion=91 chunks=42 acc=2.244(server) rate=26.18 ttft=0.338 sha=4906f4c37750 early_divergence div@1 head='Standard attention mechanisms sc' tail='al resource constraints.'
2026-09-29T13:36:39.729+00:00   [1] d0 finish=stop completion=91 chunks=36 acc=2.600(server) rate=30.63 ttft=0.339 sha=cae0eb1857c3 early_divergence div@1 head='Standard attention mechanisms sc' tail='pplication requirements.'
2026-09-29T13:36:39.729+00:00   [2] d0 finish=stop completion=97 chunks=43 acc=2.286(server) rate=27.38 ttft=0.338 sha=22d56d7a429f early_divergence div@132 head='Sparse attention mitigates the q' tail='n large language models.'
2026-09-29T13:36:39.729+00:00   [3] d0 finish=stop completion=94 chunks=40 acc=2.410(server) rate=28.31 ttft=0.338 sha=fc4005f3401c early_divergence div@1 head='Standard attention mechanisms sc' tail='pplication requirements.'
2026-09-29T13:36:39.729+00:00   [4] d0 finish=stop completion=95 chunks=41 acc=2.400(server) rate=27.32 ttft=0.103 sha=9db2790c0d43 early_divergence div@1 head='Standard attention mechanisms sc' tail=' inference requirements.'
2026-09-29T13:36:47.617+00:00 burst=identical-n5-b2 kind=identical n=5 stagger=0.000 coprefill=False spread=0.221 gate=- report=['early_divergence']
2026-09-29T13:36:47.617+00:00   [0] d0 finish=stop completion=93 chunks=37 acc=2.583(server) rate=23.90 ttft=0.322 sha=4894a43dbae9 early_divergence div@1 head='Standard attention mechanisms sc' tail='complex reasoning tasks.'
2026-09-29T13:36:47.617+00:00   [1] d0 finish=stop completion=95 chunks=40 acc=2.436(server) rate=22.72 ttft=0.322 sha=30da1fd13f33 early_divergence div@1 head='Standard attention mechanisms sc' tail='pplication requirements.'
2026-09-29T13:36:47.617+00:00   [2] d0 finish=stop completion=93 chunks=45 acc=2.136(server) rate=20.19 ttft=0.322 sha=252aa4145a2e early_divergence div@1 head='Standard attention mechanisms sc' tail='ve resource consumption.'
2026-09-29T13:36:47.617+00:00   [3] d0 finish=stop completion=92 chunks=36 acc=2.611(server) rate=23.64 ttft=0.321 sha=d347660dc6fd early_divergence div@1 head='Standard attention mechanisms sc' tail='onstrained environments.'
2026-09-29T13:36:47.617+00:00   [4] d0 finish=stop completion=92 chunks=38 acc=2.486(server) rate=23.01 ttft=0.102 sha=9964865c934d early_divergence div@1 head='Standard attention mechanisms sc' tail='ntext language modeling.'
2026-09-29T13:36:54.491+00:00 burst=identical-n5-b3 kind=identical n=5 stagger=0.000 coprefill=False spread=0.222 gate=- report=['early_divergence']
2026-09-29T13:36:54.491+00:00   [0] d0 finish=stop completion=83 chunks=35 acc=2.471(server) rate=28.05 ttft=0.103 sha=b72b1bd2ade7 early_divergence div@1 head='Standard attention mechanisms sc' tail='onstrained environments.'
2026-09-29T13:36:54.491+00:00   [1] d0 finish=stop completion=95 chunks=43 acc=2.238(server) rate=27.11 ttft=0.324 sha=698b53435793 early_divergence div@132 head='Sparse attention mitigates the q' tail='n large language models.'
2026-09-29T13:36:54.491+00:00   [2] d0 finish=stop completion=94 chunks=43 acc=2.214(server) rate=26.83 ttft=0.325 sha=10f729ad05bd early_divergence div@132 head='Sparse attention mitigates the q' tail='n large language models.'
2026-09-29T13:36:54.491+00:00   [3] d0 finish=stop completion=89 chunks=44 acc=2.047(server) rate=24.85 ttft=0.325 sha=e210492ccb7f early_divergence div@1 head='Standard attention mechanisms sc' tail='real-world applications.'
2026-09-29T13:36:54.491+00:00   [4] d0 finish=stop completion=93 chunks=38 acc=2.500(server) rate=28.96 ttft=0.326 sha=786f825184d9 early_divergence div@180 head='Sparse attention mitigates the q' tail='rence costs and latency.'
2026-09-29T13:37:01.199+00:00 burst=distinct-n5-b1 kind=distinct n=5 stagger=0.000 coprefill=False spread=0.266 gate=- report=['early_divergence']
2026-09-29T13:37:01.199+00:00   [0] d0 finish=stop completion=95 chunks=39 acc=2.487(server) rate=27.12 ttft=0.232 sha=0cdb3ac1be49 early_divergence div@1 head='Standard attention mechanisms sc' tail='complex reasoning tasks.'
2026-09-29T13:37:01.199+00:00   [1] d1 finish=stop completion=79 chunks=36 acc=2.286(server) rate=25.02 ttft=0.383 sha=691641068406 ok div@200 head='A bicycle gear system uses mecha' tail='ess mechanical leverage.'
2026-09-29T13:37:01.199+00:00   [2] d2 finish=stop completion=43 chunks=12 acc=4.000(server) rate=37.57 ttft=0.384 sha=097672f98733 ok div@None head='2, 3, 5, 7, 11, 13, 17, 19, 23, ' tail=', 17, 19, 23, 29, 31, 37'
2026-09-29T13:37:01.199+00:00   [3] d3 finish=stop completion=96 chunks=36 acc=2.714(server) rate=30.47 ttft=0.384 sha=7ff353239cae early_divergence div@16 head='The water cycle starts when the ' tail=' journey all over again.'
2026-09-29T13:37:01.199+00:00   [4] d4 finish=stop completion=102 chunks=27 acc=3.852(server) rate=38.64 ttft=0.118 sha=cb9c046d4e9a early_divergence div@80 head='```python\ndef fibonacci(n: int) ' tail=', a + b\n    return b\n```'
2026-09-29T13:37:08.094+00:00 burst=distinct-n5-b2 kind=distinct n=5 stagger=0.000 coprefill=False spread=0.232 gate=- report=['early_divergence']
2026-09-29T13:37:08.094+00:00   [0] d0 finish=stop completion=92 chunks=41 acc=2.293(server) rate=25.93 ttft=0.377 sha=85e9c7c36629 early_divergence div@17 head='Sparse attention significantly e' tail='or long-form generation.'
2026-09-29T13:37:08.094+00:00   [1] d1 finish=stop completion=76 chunks=35 acc=2.265(server) rate=24.42 ttft=0.377 sha=8f4f71888a53 early_divergence div@77 head='A bicycle gear system uses mecha' tail='ity or climbing ability.'
2026-09-29T13:37:08.094+00:00   [2] d2 finish=stop completion=43 chunks=12 acc=4.000(server) rate=38.13 ttft=0.376 sha=097672f98733 ok div@None head='2, 3, 5, 7, 11, 13, 17, 19, 23, ' tail=', 17, 19, 23, 29, 31, 37'
2026-09-29T13:37:08.094+00:00   [3] d3 finish=stop completion=92 chunks=37 acc=2.528(server) rate=27.55 ttft=0.145 sha=ec7927030dd0 early_divergence div@26 head='The water cycle is like a never-' tail='the trip all over again.'
2026-09-29T13:37:08.094+00:00   [4] d4 finish=stop completion=102 chunks=27 acc=3.852(server) rate=40.15 ttft=0.377 sha=cb9c046d4e9a early_divergence div@80 head='```python\ndef fibonacci(n: int) ' tail=', a + b\n    return b\n```'
2026-09-29T13:37:15.116+00:00 burst=distinct-n5-b3 kind=distinct n=5 stagger=0.000 coprefill=False spread=0.221 gate=- report=['early_divergence']
2026-09-29T13:37:15.116+00:00   [0] d0 finish=stop completion=94 chunks=40 acc=2.400(server) rate=27.64 ttft=0.649 sha=3a5276365dd2 early_divergence div@132 head='Sparse attention mitigates the q' tail='ng and reducing latency.'
2026-09-29T13:37:15.116+00:00   [1] d1 finish=stop completion=78 chunks=33 acc=2.469(server) rate=26.86 ttft=0.649 sha=3173bb0cb3ca ok div@200 head='A bicycle gear system uses mecha' tail='ess mechanical leverage.'
2026-09-29T13:37:15.116+00:00   [2] d2 finish=stop completion=43 chunks=12 acc=4.000(server) rate=38.42 ttft=0.650 sha=097672f98733 ok div@None head='2, 3, 5, 7, 11, 13, 17, 19, 23, ' tail=', 17, 19, 23, 29, 31, 37'
2026-09-29T13:37:15.116+00:00   [3] d3 finish=stop completion=91 chunks=35 acc=2.647(server) rate=29.14 ttft=0.429 sha=cf9947c247bb early_divergence div@16 head='The water cycle starts when the ' tail=' journey all over again.'
2026-09-29T13:37:15.116+00:00   [4] d4 finish=stop completion=102 chunks=27 acc=3.852(server) rate=39.91 ttft=0.429 sha=cb9c046d4e9a early_divergence div@80 head='```python\ndef fibonacci(n: int) ' tail=', a + b\n    return b\n```'
2026-09-29T13:37:22.230+00:00 burst=identical-n8-b1 kind=identical n=8 stagger=0.000 coprefill=False spread=0.247 gate=- report=['early_divergence']
2026-09-29T13:37:22.230+00:00   [0] d0 finish=stop completion=97 chunks=41 acc=2.400(server) rate=26.17 ttft=0.110 sha=bc945c5114fa ok div@227 head='Sparse attention mitigates the q' tail='se attention mechanisms.'
2026-09-29T13:37:22.230+00:00   [1] d0 finish=stop completion=88 chunks=37 acc=2.444(server) rate=26.93 ttft=0.357 sha=b7682e924320 early_divergence div@1 head='Standard attention mechanisms sc' tail=' practical applications.'
2026-09-29T13:37:22.230+00:00   [2] d0 finish=stop completion=94 chunks=43 acc=2.262(server) rate=24.80 ttft=0.356 sha=c6257057fc76 early_divergence div@1 head='Standard attention mechanisms sc' tail='ical application limits.'
2026-09-29T13:37:22.230+00:00   [3] d0 finish=stop completion=91 chunks=41 acc=2.275(server) rate=24.97 ttft=0.356 sha=9883fb34e102 early_divergence div@1 head='Standard attention mechanisms sc' tail='ze and processing speed.'
2026-09-29T13:37:22.230+00:00   [4] d0 finish=stop completion=91 chunks=42 acc=2.220(server) rate=24.46 ttft=0.356 sha=1fb54b054d0b early_divergence div@1 head='Standard attention mechanisms sc' tail='ze and processing speed.'
2026-09-29T13:37:22.230+00:00   [5] d0 finish=stop completion=94 chunks=39 acc=2.447(server) rate=27.18 ttft=0.356 sha=7cba353a4049 early_divergence div@1 head='Standard attention mechanisms sc' tail='e-constrained inference.'
2026-09-29T13:37:22.230+00:00   [6] d0 finish=stop completion=93 chunks=40 acc=2.385(server) rate=26.15 ttft=0.357 sha=b2180cc9de11 early_divergence div@1 head='Standard attention mechanisms sc' tail='pplication requirements.'
2026-09-29T13:37:22.231+00:00   [7] d0 finish=stop completion=96 chunks=40 acc=2.462(server) rate=27.00 ttft=0.357 sha=087d8d63b3ad early_divergence div@1 head='Standard attention mechanisms sc' tail='pplication requirements.'
2026-09-29T13:37:29.493+00:00 burst=identical-n8-b2 kind=identical n=8 stagger=0.000 coprefill=False spread=0.244 gate=- report=['early_divergence']
2026-09-29T13:37:29.493+00:00   [0] d0 finish=stop completion=92 chunks=42 acc=2.268(server) rate=23.85 ttft=0.361 sha=ba907448d64b early_divergence div@1 head='Standard attention mechanisms sc' tail='al resource constraints.'
2026-09-29T13:37:29.493+00:00   [1] d0 finish=stop completion=93 chunks=41 acc=2.300(server) rate=24.69 ttft=0.361 sha=6b47916006f0 early_divergence div@132 head='Sparse attention mitigates the q' tail='n large language models.'
2026-09-29T13:37:29.493+00:00   [2] d0 finish=stop completion=88 chunks=37 acc=2.444(server) rate=26.10 ttft=0.361 sha=b7682e924320 early_divergence div@1 head='Standard attention mechanisms sc' tail=' practical applications.'
2026-09-29T13:37:29.493+00:00   [3] d0 finish=stop completion=94 chunks=42 acc=2.317(server) rate=24.02 ttft=0.118 sha=c6257057fc76 early_divergence div@1 head='Standard attention mechanisms sc' tail='ical application limits.'
2026-09-29T13:37:29.493+00:00   [4] d0 finish=stop completion=92 chunks=41 acc=2.275(server) rate=24.12 ttft=0.118 sha=7697be75c53c early_divergence div@17 head='Sparse attention significantly e' tail='long-term conversations.'
2026-09-29T13:37:29.493+00:00   [5] d0 finish=stop completion=95 chunks=43 acc=2.238(server) rate=24.16 ttft=0.361 sha=af2c05bed875 early_divergence div@132 head='Sparse attention mitigates the q' tail='n large language models.'
2026-09-29T13:37:29.493+00:00   [6] d0 finish=stop completion=93 chunks=42 acc=2.268(server) rate=24.12 ttft=0.361 sha=d1f8def184dd early_divergence div@1 head='Standard attention mechanisms sc' tail='osts of dense attention.'
2026-09-29T13:37:29.493+00:00   [7] d0 finish=stop completion=94 chunks=42 acc=2.268(server) rate=24.38 ttft=0.362 sha=38d93438c3ac early_divergence div@132 head='Sparse attention mitigates the q' tail='n large language models.'
2026-09-29T13:37:37.199+00:00 burst=identical-n8-b3 kind=identical n=8 stagger=0.000 coprefill=False spread=0.253 gate=- report=['early_divergence']
2026-09-29T13:37:37.199+00:00   [0] d0 finish=stop completion=93 chunks=41 acc=2.350(server) rate=24.27 ttft=0.355 sha=54b82b4c4fa0 early_divergence div@1 head='Standard attention mechanisms sc' tail='ical application limits.'
2026-09-29T13:37:37.199+00:00   [1] d0 finish=stop completion=97 chunks=45 acc=2.182(server) rate=23.20 ttft=0.355 sha=e3a2d66576fe early_divergence div@119 head='Sparse attention mitigates the q' tail='real-world applications.'
2026-09-29T13:37:37.200+00:00   [2] d0 finish=stop completion=94 chunks=43 acc=2.238(server) rate=23.38 ttft=0.353 sha=6d83124191d6 early_divergence div@1 head='Standard attention mechanisms sc' tail=' practical applications.'
2026-09-29T13:37:37.200+00:00   [3] d0 finish=stop completion=87 chunks=38 acc=2.324(server) rate=24.54 ttft=0.353 sha=4a14a683cd32 early_divergence div@17 head='Sparse attention significantly e' tail='real-world applications.'
2026-09-29T13:37:37.200+00:00   [4] d0 finish=stop completion=99 chunks=47 acc=2.149(server) rate=22.57 ttft=0.354 sha=6a5adc54e51b early_divergence div@18 head='Sparse attention mechanisms sign' tail='attention architectures.'
2026-09-29T13:37:37.200+00:00   [5] d0 finish=stop completion=90 chunks=42 acc=2.195(server) rate=22.91 ttft=0.355 sha=4ae428ac31aa early_divergence div@1 head='Standard attention mechanisms sc' tail=' practical applications.'
2026-09-29T13:37:37.200+00:00   [6] d0 finish=stop completion=100 chunks=46 acc=2.200(server) rate=23.47 ttft=0.354 sha=25a243027ad6 early_divergence div@1 head='Standard attention mechanisms sc' tail='complex reasoning tasks.'
2026-09-29T13:37:37.200+00:00   [7] d0 finish=stop completion=88 chunks=38 acc=2.378(server) rate=24.38 ttft=0.103 sha=b7682e924320 early_divergence div@1 head='Standard attention mechanisms sc' tail=' practical applications.'
2026-09-29T13:37:44.470+00:00 burst=distinct-n8-b1 kind=distinct n=8 stagger=0.000 coprefill=False spread=0.280 gate=- report=['early_divergence']
2026-09-29T13:37:44.470+00:00   [0] d0 finish=stop completion=96 chunks=40 acc=2.462(server) rate=24.47 ttft=0.375 sha=a94da215b755 early_divergence div@132 head='Sparse attention mitigates the q' tail='or broader applications.'
2026-09-29T13:37:44.470+00:00   [1] d1 finish=stop completion=79 chunks=36 acc=2.286(server) rate=21.68 ttft=0.376 sha=2bc4b85b7866 ok div@200 head='A bicycle gear system uses mecha' tail='h less rotational force.'
2026-09-29T13:37:44.471+00:00   [2] d2 finish=stop completion=43 chunks=12 acc=4.000(server) rate=31.25 ttft=0.097 sha=097672f98733 ok div@None head='2, 3, 5, 7, 11, 13, 17, 19, 23, ' tail=', 17, 19, 23, 29, 31, 37'
2026-09-29T13:37:44.471+00:00   [3] d3 finish=stop completion=101 chunks=39 acc=2.658(server) rate=26.19 ttft=0.375 sha=667e6b7353d8 early_divergence div@16 head='The water cycle starts when the ' tail='hole process over again.'
2026-09-29T13:37:44.471+00:00   [4] d4 finish=stop completion=102 chunks=28 acc=3.778(server) rate=34.54 ttft=0.376 sha=cb9c046d4e9a early_divergence div@80 head='```python\ndef fibonacci(n: int) ' tail=', a + b\n    return b\n```'
2026-09-29T13:37:44.471+00:00   [5] d5 finish=stop completion=17 chunks=7 acc=2.833(server) rate=22.43 ttft=0.375 sha=5a881638e98d early_divergence div@63 head='La bibliothèque ouvre à neuf heu' tail='-huit heures en semaine.'
2026-09-29T13:37:44.471+00:00   [6] d6 finish=stop completion=72 chunks=32 acc=2.355(server) rate=21.69 ttft=0.376 sha=86f7d76d2833 ok div@189 head='1. Reduce watering frequency sig' tail='ensate for shorter days.'
2026-09-29T13:37:44.471+00:00   [7] d7 finish=stop completion=78 chunks=22 acc=3.762(server) rate=33.10 ttft=0.377 sha=a34cc3d3701c ok div@152 head='{\n  "name": "Eiffel Tower",\n  "y' tail='re",\n    "tourism"\n  ]\n}'
2026-09-29T13:37:51.622+00:00 burst=distinct-n8-b2 kind=distinct n=8 stagger=0.000 coprefill=False spread=0.276 gate=- report=['early_divergence']
2026-09-29T13:37:51.622+00:00   [0] d0 finish=stop completion=94 chunks=41 acc=2.341(server) rate=23.04 ttft=0.106 sha=7cba353a4049 early_divergence div@1 head='Standard attention mechanisms sc' tail='e-constrained inference.'
2026-09-29T13:37:51.622+00:00   [1] d1 finish=stop completion=79 chunks=35 acc=2.353(server) rate=22.68 ttft=0.381 sha=2bc4b85b7866 ok div@200 head='A bicycle gear system uses mecha' tail='h less rotational force.'
2026-09-29T13:37:51.622+00:00   [2] d2 finish=stop completion=43 chunks=12 acc=4.000(server) rate=32.18 ttft=0.380 sha=097672f98733 ok div@None head='2, 3, 5, 7, 11, 13, 17, 19, 23, ' tail=', 17, 19, 23, 29, 31, 37'
2026-09-29T13:37:51.622+00:00   [3] d3 finish=stop completion=96 chunks=35 acc=2.794(server) rate=27.62 ttft=0.380 sha=04d747703152 early_divergence div@16 head='The water cycle starts when the ' tail='the whole journey again.'
2026-09-29T13:37:51.622+00:00   [4] d4 finish=stop completion=81 chunks=22 acc=3.905(server) rate=34.17 ttft=0.378 sha=d6e4529d7c26 early_divergence div@50 head='```python\ndef fibonacci(n: int) ' tail=', a + b\n    return b\n```'
2026-09-29T13:37:51.622+00:00   [5] d5 finish=stop completion=19 chunks=8 acc=2.857(server) rate=21.44 ttft=0.380 sha=fbd9a6af1079 ok div@None head='La bibliothèque ouvre à neuf heu' tail='res les jours ouvrables.'
2026-09-29T13:37:51.622+00:00   [6] d6 finish=stop completion=70 chunks=33 acc=2.219(server) rate=21.08 ttft=0.381 sha=6ed0508ab41c ok div@236 head='1. Reduce watering frequency sig' tail='ensate for shorter days.'
2026-09-29T13:37:51.622+00:00   [7] d7 finish=stop completion=67 chunks=18 acc=4.000(server) rate=33.80 ttft=0.380 sha=c39be9b87ae0 ok div@61 head='{\n  "name": "Eiffel Tower",\n  "y' tail='re",\n    "Tourism"\n  ]\n}'
2026-09-29T13:37:59.239+00:00 burst=distinct-n8-b3 kind=distinct n=8 stagger=0.000 coprefill=False spread=0.330 gate=- report=['early_divergence']
2026-09-29T13:37:59.240+00:00   [0] d0 finish=stop completion=94 chunks=36 acc=2.686(server) rate=22.62 ttft=0.431 sha=abe1f1ee0af2 early_divergence div@1 head='Standard attention mechanisms sc' tail='tensive context windows.'
2026-09-29T13:37:59.240+00:00   [1] d1 finish=stop completion=70 chunks=29 acc=2.536(server) rate=19.02 ttft=0.431 sha=af395b6f61d0 early_divergence div@77 head='A bicycle gear system uses mecha' tail='in and desired velocity.'
2026-09-29T13:37:59.240+00:00   [2] d2 finish=stop completion=43 chunks=12 acc=4.000(server) rate=24.42 ttft=0.431 sha=097672f98733 ok div@None head='2, 3, 5, 7, 11, 13, 17, 19, 23, ' tail=', 17, 19, 23, 29, 31, 37'
2026-09-29T13:37:59.240+00:00   [3] d3 finish=stop completion=93 chunks=37 acc=2.556(server) rate=22.03 ttft=0.431 sha=b827df64a1b9 early_divergence div@26 head='The water cycle is like a never-' tail='the trip all over again.'
2026-09-29T13:37:59.240+00:00   [4] d4 finish=stop completion=102 chunks=27 acc=3.885(server) rate=29.38 ttft=0.430 sha=d3af644442cd ok div@None head='```python\ndef fibonacci(n: int) ' tail=', a + b\n    return b\n```'
2026-09-29T13:37:59.240+00:00   [5] d5 finish=stop completion=19 chunks=8 acc=2.857(server) rate=16.31 ttft=0.430 sha=fbd9a6af1079 ok div@None head='La bibliothèque ouvre à neuf heu' tail='res les jours ouvrables.'
2026-09-29T13:37:59.240+00:00   [6] d6 finish=stop completion=64 chunks=31 acc=2.133(server) rate=15.92 ttft=0.101 sha=15e046ca224d ok div@281 head='1. Reduce watering frequency sig' tail=' shorter daylight hours.'
2026-09-29T13:37:59.240+00:00   [7] d7 finish=stop completion=51 chunks=15 acc=3.643(server) rate=23.42 ttft=0.432 sha=5b10dffd94b8 ok div@55 head='{\n  "name": "Eiffel Tower",\n  "y' tail='hitecture", "Tourism"]\n}'
2026-09-29T13:38:05.586+00:00 burst=staggered-identical-n2 kind=identical n=2 stagger=0.250 coprefill=False spread=0.358 gate=- report=['early_divergence']
2026-09-29T13:38:05.586+00:00   [0] d0 finish=stop completion=94 chunks=38 acc=2.541(server) rate=38.05 ttft=0.099 sha=ae36ad6fd27b early_divergence div@1 head='Standard attention mechanisms sc' tail='pplication requirements.'
2026-09-29T13:38:05.586+00:00   [1] d0 finish=stop completion=95 chunks=46 acc=2.111(server) rate=32.64 ttft=0.208 sha=da91c6ee32e1 early_divergence div@1 head='Standard attention mechanisms sc' tail='osts of dense attention.'
2026-09-29T13:38:11.637+00:00 burst=staggered-distinct-n3 kind=distinct n=3 stagger=0.250 coprefill=False spread=0.595 gate=- report=['early_divergence']
2026-09-29T13:38:11.637+00:00   [0] d0 finish=stop completion=94 chunks=37 acc=2.611(server) rate=35.42 ttft=0.103 sha=ae36ad6fd27b early_divergence div@1 head='Standard attention mechanisms sc' tail='pplication requirements.'
2026-09-29T13:38:11.637+00:00   [1] d1 finish=stop completion=75 chunks=37 acc=2.111(server) rate=28.57 ttft=0.202 sha=7fd92dcbe738 early_divergence div@80 head='A bicycle gear system uses mecha' tail=' terrain and conditions.'
2026-09-29T13:38:11.637+00:00   [2] d2 finish=stop completion=43 chunks=12 acc=4.000(server) rate=47.66 ttft=0.197 sha=097672f98733 ok div@None head='2, 3, 5, 7, 11, 13, 17, 19, 23, ' tail=', 17, 19, 23, 29, 31, 37'
2026-09-29T13:38:18.622+00:00 burst=staggered-distinct-n5 kind=distinct n=5 stagger=0.250 coprefill=False spread=1.180 gate=- report=['early_divergence']
2026-09-29T13:38:18.622+00:00   [0] d0 finish=stop completion=95 chunks=39 acc=2.500(server) rate=28.08 ttft=0.100 sha=30da1fd13f33 early_divergence div@1 head='Standard attention mechanisms sc' tail='pplication requirements.'
2026-09-29T13:38:18.622+00:00   [1] d1 finish=stop completion=75 chunks=33 acc=2.344(server) rate=25.43 ttft=0.198 sha=173ffade051b early_divergence div@80 head='A bicycle gear system uses mecha' tail=' terrain and conditions.'
2026-09-29T13:38:18.622+00:00   [2] d2 finish=stop completion=43 chunks=12 acc=4.000(server) rate=38.39 ttft=0.192 sha=097672f98733 ok div@None head='2, 3, 5, 7, 11, 13, 17, 19, 23, ' tail=', 17, 19, 23, 29, 31, 37'
2026-09-29T13:38:18.622+00:00   [3] d3 finish=stop completion=91 chunks=36 acc=2.571(server) rate=29.96 ttft=0.221 sha=3ef4b8266594 early_divergence div@26 head='The water cycle is like a never-' tail='the trip all over again.'
2026-09-29T13:38:18.622+00:00   [4] d4 finish=stop completion=102 chunks=28 acc=3.778(server) rate=42.36 ttft=0.280 sha=cb9c046d4e9a early_divergence div@80 head='```python\ndef fibonacci(n: int) ' tail=', a + b\n    return b\n```'
2026-09-29T13:38:27.779+00:00 burst=staggered-identical-n8 kind=identical n=8 stagger=0.250 coprefill=False spread=1.922 gate=- report=['early_divergence']
2026-09-29T13:38:27.779+00:00   [0] d0 finish=stop completion=94 chunks=41 acc=2.375(server) rate=24.60 ttft=0.102 sha=c6257057fc76 early_divergence div@1 head='Standard attention mechanisms sc' tail='ical application limits.'
2026-09-29T13:38:27.779+00:00   [1] d0 finish=stop completion=95 chunks=48 acc=2.043(server) rate=20.59 ttft=0.210 sha=e0741237412f early_divergence div@17 head='Sparse attention significantly e' tail='ross vast textual spans.'
2026-09-29T13:38:27.779+00:00   [2] d0 finish=stop completion=97 chunks=38 acc=2.649(server) rate=26.22 ttft=0.205 sha=e00a56110ad8 early_divergence div@1 head='Standard attention mechanisms sc' tail='nential resource growth.'
2026-09-29T13:38:27.779+00:00   [3] d0 finish=stop completion=99 chunks=42 acc=2.415(server) rate=24.20 ttft=0.227 sha=2dd5add539f9 early_divergence div@1 head='Standard attention mechanisms sc' tail='ex, data-rich scenarios.'
2026-09-29T13:38:27.779+00:00   [4] d0 finish=stop completion=100 chunks=47 acc=2.152(server) rate=22.49 ttft=0.260 sha=b2745c9bd3e9 early_divergence div@17 head='Sparse attention significantly e' tail='real-world applications.'
2026-09-29T13:38:27.779+00:00   [5] d0 finish=stop completion=92 chunks=43 acc=2.214(server) rate=22.54 ttft=0.228 sha=9159fb954d9c early_divergence div@1 head='Standard attention mechanisms sc' tail='nal dense architectures.'
2026-09-29T13:38:27.779+00:00   [6] d0 finish=stop completion=103 chunks=50 acc=2.102(server) rate=23.42 ttft=0.292 sha=98aa663069e1 early_divergence div@17 head='Sparse attention significantly e' tail=' practical applications.'
2026-09-29T13:38:27.779+00:00   [7] d0 finish=stop completion=95 chunks=35 acc=2.794(server) rate=28.92 ttft=0.274 sha=ed399334e14c early_divergence div@1 head='Standard attention mechanisms sc' tail='osts of dense attention.'
2026-09-29T13:38:39.268+00:00 burst=long-pair kind=long n=2 stagger=0.000 coprefill=False spread=2.452 gate=- report=['slow']
2026-09-29T13:38:39.268+00:00   [0] long0 finish=stop completion=6 chunks=2 acc=4.000(server) rate=2.04 ttft=5.877 sha=83dab7f91bc1 slow div@None head='74354' tail='74354'
2026-09-29T13:38:39.268+00:00   [1] long1 finish=stop completion=6 chunks=2 acc=4.000(server) rate=33.08 ttft=8.328 sha=0ec41e567fc2 ok div@None head='79083' tail='79083'
2026-09-29T13:38:42.780+00:00 burst=image-pair kind=image n=2 stagger=0.000 coprefill=False spread=0.157 gate=- report=-
2026-09-29T13:38:42.780+00:00   [0] img_red finish=stop completion=11 chunks=4 acc=3.333(server) rate=50.15 ttft=0.302 sha=0e1c14c4131c ok div@None head='The image is filled with a solid' tail=' with a solid red color.'
2026-09-29T13:38:42.780+00:00   [1] img_blue finish=stop completion=11 chunks=4 acc=3.333(server) rate=34.85 ttft=0.145 sha=705b4320e3b4 ok div@None head='The image is filled with a solid' tail='with a solid blue color.'
2026-09-29T13:38:42.781+00:00 TOTALS bursts=30 streams=130 gate_bursts=0 zero_acc=0 runaway=0 first32_match=0.223 coprefill_bursts=0 per_request_spec_metrics=True
2026-09-29T13:38:42.781+00:00 T0 PASS
