2026-09-30T03:28:09.417+00:00 bench_probe v1 url=http://127.0.0.1:8000/v1/chat/completions sizes=[2, 3, 5, 8] kinds=['identical', 'distinct'] bursts_per_shape=3 max_tokens=256
2026-09-30T03:28:11.792+00:00 ref d0 finish=stop completion=97 acc=2.133 ttft=0.266 sha=b0e372faa960 head='Sparse attention mitigates the quadratic'
2026-09-30T03:28:14.422+00:00 ref d1 finish=stop completion=75 acc=2.312 ttft=0.126 sha=4ad2d5654ca6 head='A bicycle gear system uses mechanical ad'
2026-09-30T03:28:16.219+00:00 ref d2 finish=stop completion=43 acc=3.000 ttft=0.121 sha=097672f98733 head='2, 3, 5, 7, 11, 13, 17, 19, 23, 29, 31, '
2026-09-30T03:28:19.350+00:00 ref d3 finish=stop completion=101 acc=2.381 ttft=0.118 sha=3746d913c433 head='The water cycle is like a giant, never-e'
2026-09-30T03:28:22.142+00:00 ref d4 finish=stop completion=102 acc=2.886 ttft=0.118 sha=cb9c046d4e9a head='```python\ndef fibonacci(n: int) -> int:\n'
2026-09-30T03:28:23.591+00:00 ref d5 finish=stop completion=17 acc=2.667 ttft=0.123 sha=5a881638e98d head='La bibliothèque ouvre à neuf heures et f'
2026-09-30T03:28:26.225+00:00 ref d6 finish=stop completion=72 acc=2.219 ttft=0.121 sha=86f7d76d2833 head='1. Reduce watering frequency significant'
2026-09-30T03:28:28.448+00:00 ref d7 finish=stop completion=67 acc=2.870 ttft=0.128 sha=c39be9b87ae0 head='{\n  "name": "Eiffel Tower",\n  "year": 18'
2026-09-30T03:28:34.221+00:00 ref long0 finish=stop completion=6 acc=2.500 ttft=4.733 sha=83dab7f91bc1 head='74354'
2026-09-30T03:28:39.294+00:00 ref long1 finish=stop completion=6 acc=2.500 ttft=4.003 sha=0ec41e567fc2 head='79083'
2026-09-30T03:28:40.684+00:00 ref img_red finish=stop completion=11 acc=3.333 ttft=0.197 sha=0e1c14c4131c head='The image is filled with a solid red col'
2026-09-30T03:28:42.060+00:00 ref img_blue finish=stop completion=11 acc=2.500 ttft=0.186 sha=7fa32368a223 head='This image is filled with a solid blue c'
2026-09-30T03:28:49.337+00:00 burst=identical-n2-b1 kind=identical n=2 stagger=0.000 coprefill=False spread=0.383 gate=- report=['early_divergence']
2026-09-30T03:28:49.337+00:00   [0] d0 finish=stop completion=94 chunks=51 acc=1.860(chunks) rate=29.36 ttft=0.102 sha=2774341ec8f4 early_divergence div@164 head='Sparse attention mitigates the q' tail='g performance and speed.'
2026-09-30T03:28:49.337+00:00   [1] d0 finish=stop completion=94 chunks=42 acc=2.268(chunks) rate=37.76 ttft=0.486 sha=6ea3af1e3ac3 early_divergence div@17 head='Sparse attention significantly e' tail='ontextual understanding.'
2026-09-30T03:28:55.596+00:00 burst=identical-n2-b2 kind=identical n=2 stagger=0.000 coprefill=True spread=0.000 gate=- report=['early_divergence']
2026-09-30T03:28:55.596+00:00   [0] d0 finish=stop completion=95 chunks=50 acc=1.918(chunks) rate=35.47 ttft=0.455 sha=f231686bb8ae early_divergence div@17 head='Sparse attention significantly e' tail=' contextual information.'
2026-09-30T03:28:55.596+00:00   [1] d0 finish=stop completion=105 chunks=53 acc=2.000(chunks) rate=37.20 ttft=0.455 sha=4c77871f8919 early_divergence div@17 head='Sparse attention significantly e' tail='or real-world use cases.'
2026-09-30T03:29:01.502+00:00 burst=identical-n2-b3 kind=identical n=2 stagger=0.000 coprefill=True spread=0.000 gate=- report=['early_divergence']
2026-09-30T03:29:01.502+00:00   [0] d0 finish=stop completion=95 chunks=50 acc=1.918(chunks) rate=35.68 ttft=0.113 sha=f231686bb8ae early_divergence div@17 head='Sparse attention significantly e' tail=' contextual information.'
2026-09-30T03:29:01.502+00:00   [1] d0 finish=stop completion=105 chunks=53 acc=2.000(chunks) rate=37.30 ttft=0.113 sha=4c77871f8919 early_divergence div@17 head='Sparse attention significantly e' tail='or real-world use cases.'
2026-09-30T03:29:06.946+00:00 burst=distinct-n2-b1 kind=distinct n=2 stagger=0.000 coprefill=True spread=0.000 gate=- report=['early_divergence']
2026-09-30T03:29:06.946+00:00   [0] d0 finish=stop completion=100 chunks=44 acc=2.302(chunks) rate=42.69 ttft=0.119 sha=321e5cca37dd early_divergence div@1 head='Standard attention mechanisms sc' tail='onstraints are critical.'
2026-09-30T03:29:06.946+00:00   [1] d1 finish=stop completion=72 chunks=33 acc=2.219(chunks) rate=39.47 ttft=0.118 sha=f212b9f7bdee early_divergence div@141 head='A bicycle gear system uses mecha' tail='ing torque for velocity.'
2026-09-30T03:29:12.392+00:00 burst=distinct-n2-b2 kind=distinct n=2 stagger=0.000 coprefill=True spread=0.000 gate=- report=['early_divergence']
2026-09-30T03:29:12.392+00:00   [0] d0 finish=stop completion=100 chunks=44 acc=2.302(chunks) rate=42.62 ttft=0.116 sha=321e5cca37dd early_divergence div@1 head='Standard attention mechanisms sc' tail='onstraints are critical.'
2026-09-30T03:29:12.392+00:00   [1] d1 finish=stop completion=72 chunks=33 acc=2.219(chunks) rate=39.44 ttft=0.117 sha=f212b9f7bdee early_divergence div@141 head='A bicycle gear system uses mecha' tail='ing torque for velocity.'
2026-09-30T03:29:18.118+00:00 burst=distinct-n2-b3 kind=distinct n=2 stagger=0.000 coprefill=False spread=0.144 gate=- report=['early_divergence']
2026-09-30T03:29:18.119+00:00   [0] d0 finish=stop completion=95 chunks=49 acc=1.958(chunks) rate=35.89 ttft=0.101 sha=228ecb5655a2 early_divergence div@164 head='Sparse attention mitigates the q' tail='n large language models.'
2026-09-30T03:29:18.119+00:00   [1] d1 finish=stop completion=67 chunks=29 acc=2.357(chunks) rate=42.04 ttft=0.245 sha=e99d6094a312 early_divergence div@77 head='A bicycle gear system uses mecha' tail=' for varying conditions.'
2026-09-30T03:29:24.167+00:00 burst=identical-n3-b1 kind=identical n=3 stagger=0.000 coprefill=False spread=0.165 gate=- report=['early_divergence']
2026-09-30T03:29:24.167+00:00   [0] d0 finish=stop completion=100 chunks=48 acc=2.106(chunks) rate=35.71 ttft=0.268 sha=8e752f05534b early_divergence div@1 head='Standard attention mechanisms sc' tail=' or resource efficiency.'
2026-09-30T03:29:24.167+00:00   [1] d0 finish=stop completion=94 chunks=44 acc=2.163(chunks) rate=36.56 ttft=0.268 sha=3bf26d1e5286 early_divergence div@1 head='Standard attention mechanisms sc' tail='ing extensive documents.'
2026-09-30T03:29:24.167+00:00   [2] d0 finish=stop completion=95 chunks=49 acc=1.958(chunks) rate=31.99 ttft=0.103 sha=62032dac1eb1 early_divergence div@164 head='Sparse attention mitigates the q' tail='n large language models.'
2026-09-30T03:29:30.214+00:00 burst=identical-n3-b2 kind=identical n=3 stagger=0.000 coprefill=False spread=0.162 gate=- report=['early_divergence']
2026-09-30T03:29:30.214+00:00   [0] d0 finish=stop completion=95 chunks=49 acc=1.958(chunks) rate=32.00 ttft=0.103 sha=62032dac1eb1 early_divergence div@164 head='Sparse attention mitigates the q' tail='n large language models.'
2026-09-30T03:29:30.214+00:00   [1] d0 finish=stop completion=94 chunks=44 acc=2.163(chunks) rate=36.50 ttft=0.264 sha=3bf26d1e5286 early_divergence div@1 head='Standard attention mechanisms sc' tail='ing extensive documents.'
2026-09-30T03:29:30.214+00:00   [2] d0 finish=stop completion=100 chunks=48 acc=2.106(chunks) rate=35.67 ttft=0.265 sha=8e752f05534b early_divergence div@1 head='Standard attention mechanisms sc' tail=' or resource efficiency.'
2026-09-30T03:29:36.671+00:00 burst=identical-n3-b3 kind=identical n=3 stagger=0.000 coprefill=False spread=0.451 gate=- report=['early_divergence']
2026-09-30T03:29:36.671+00:00   [0] d0 finish=stop completion=95 chunks=51 acc=1.880(chunks) rate=28.08 ttft=0.104 sha=6d649c036933 early_divergence div@164 head='Sparse attention mitigates the q' tail='n large language models.'
2026-09-30T03:29:36.671+00:00   [1] d0 finish=stop completion=96 chunks=42 acc=2.317(chunks) rate=38.78 ttft=0.554 sha=2eb332235b48 early_divergence div@1 head='Standard attention mechanisms sc' tail='s vast textual contexts.'
2026-09-30T03:29:36.671+00:00   [2] d0 finish=stop completion=95 chunks=49 acc=1.958(chunks) rate=29.94 ttft=0.206 sha=ba1cc287b271 early_divergence div@119 head='Sparse attention mitigates the q' tail='l feasibility and speed.'
2026-09-30T03:29:42.587+00:00 burst=distinct-n3-b1 kind=distinct n=3 stagger=0.000 coprefill=False spread=0.172 gate=- report=['early_divergence']
2026-09-30T03:29:42.587+00:00   [0] d0 finish=stop completion=93 chunks=47 acc=2.000(chunks) rate=34.82 ttft=0.267 sha=1349c3863181 early_divergence div@17 head='Sparse attention significantly e' tail='real-world applications.'
2026-09-30T03:29:42.587+00:00   [1] d1 finish=stop completion=74 chunks=35 acc=2.147(chunks) rate=36.13 ttft=0.268 sha=02dbae298851 ok div@165 head='A bicycle gear system uses mecha' tail='torque for higher speed.'
2026-09-30T03:29:42.587+00:00   [2] d2 finish=stop completion=43 chunks=15 acc=3.000(chunks) rate=43.89 ttft=0.096 sha=097672f98733 ok div@None head='2, 3, 5, 7, 11, 13, 17, 19, 23, ' tail=', 17, 19, 23, 29, 31, 37'
2026-09-30T03:29:48.680+00:00 burst=distinct-n3-b2 kind=distinct n=3 stagger=0.000 coprefill=False spread=0.172 gate=- report=-
2026-09-30T03:29:48.680+00:00   [0] d0 finish=stop completion=98 chunks=49 acc=2.021(chunks) rate=34.39 ttft=0.266 sha=30da91773f4a ok div@241 head='Sparse attention mitigates the q' tail='n large language models.'
2026-09-30T03:29:48.680+00:00   [1] d1 finish=stop completion=74 chunks=34 acc=2.212(chunks) rate=34.72 ttft=0.094 sha=f9ca15f51216 ok div@165 head='A bicycle gear system uses mecha' tail='torque for higher speed.'
2026-09-30T03:29:48.680+00:00   [2] d2 finish=stop completion=43 chunks=15 acc=3.000(chunks) rate=46.01 ttft=0.266 sha=097672f98733 ok div@None head='2, 3, 5, 7, 11, 13, 17, 19, 23, ' tail=', 17, 19, 23, 29, 31, 37'
2026-09-30T03:29:54.485+00:00 burst=distinct-n3-b3 kind=distinct n=3 stagger=0.000 coprefill=False spread=0.162 gate=- report=['early_divergence']
2026-09-30T03:29:54.485+00:00   [0] d0 finish=stop completion=94 chunks=47 acc=2.022(chunks) rate=34.71 ttft=0.120 sha=106bb59e6883 early_divergence div@1 head='Standard attention mechanisms sc' tail='attention architectures.'
2026-09-30T03:29:54.485+00:00   [1] d1 finish=stop completion=73 chunks=38 acc=1.946(chunks) rate=33.06 ttft=0.282 sha=e07d5c9ba4fa early_divergence div@100 head='A bicycle gear system uses mecha' tail='torque for higher speed.'
2026-09-30T03:29:54.485+00:00   [2] d2 finish=stop completion=43 chunks=15 acc=3.000(chunks) rate=44.41 ttft=0.120 sha=097672f98733 ok div@None head='2, 3, 5, 7, 11, 13, 17, 19, 23, ' tail=', 17, 19, 23, 29, 31, 37'
2026-09-30T03:30:01.307+00:00 burst=identical-n5-b1 kind=identical n=5 stagger=0.000 coprefill=False spread=0.199 gate=- report=['early_divergence']
2026-09-30T03:30:01.307+00:00   [0] d0 finish=stop completion=102 chunks=53 acc=1.942(chunks) rate=28.77 ttft=0.304 sha=f32c1f65e66c early_divergence div@17 head='Sparse attention significantly e' tail='g feasible and scalable.'
2026-09-30T03:30:01.307+00:00   [1] d0 finish=stop completion=94 chunks=47 acc=2.022(chunks) rate=29.48 ttft=0.304 sha=5ea913999162 ok div@241 head='Sparse attention mitigates the q' tail='ormance and scalability.'
2026-09-30T03:30:01.307+00:00   [2] d0 finish=stop completion=88 chunks=41 acc=2.175(chunks) rate=31.47 ttft=0.304 sha=b7682e924320 early_divergence div@1 head='Standard attention mechanisms sc' tail=' practical applications.'
2026-09-30T03:30:01.307+00:00   [3] d0 finish=stop completion=94 chunks=45 acc=2.114(chunks) rate=30.66 ttft=0.305 sha=ae36ad6fd27b early_divergence div@1 head='Standard attention mechanisms sc' tail='pplication requirements.'
2026-09-30T03:30:01.307+00:00   [4] d0 finish=stop completion=94 chunks=50 acc=1.898(chunks) rate=27.22 ttft=0.106 sha=9e1e92f41e6c early_divergence div@164 head='Sparse attention mitigates the q' tail='ormance and scalability.'
2026-09-30T03:30:08.200+00:00 burst=identical-n5-b2 kind=identical n=5 stagger=0.000 coprefill=False spread=0.192 gate=- report=['early_divergence']
2026-09-30T03:30:08.201+00:00   [0] d0 finish=stop completion=88 chunks=41 acc=2.175(chunks) rate=30.73 ttft=0.294 sha=b7682e924320 early_divergence div@1 head='Standard attention mechanisms sc' tail=' practical applications.'
2026-09-30T03:30:08.201+00:00   [1] d0 finish=stop completion=102 chunks=53 acc=1.942(chunks) rate=28.13 ttft=0.294 sha=f32c1f65e66c early_divergence div@17 head='Sparse attention significantly e' tail='g feasible and scalable.'
2026-09-30T03:30:08.201+00:00   [2] d0 finish=stop completion=94 chunks=47 acc=2.022(chunks) rate=28.82 ttft=0.293 sha=5ea913999162 ok div@241 head='Sparse attention mitigates the q' tail='ormance and scalability.'
2026-09-30T03:30:08.201+00:00   [3] d0 finish=stop completion=94 chunks=45 acc=2.114(chunks) rate=30.01 ttft=0.294 sha=ae36ad6fd27b early_divergence div@1 head='Standard attention mechanisms sc' tail='pplication requirements.'
2026-09-30T03:30:08.201+00:00   [4] d0 finish=stop completion=94 chunks=50 acc=1.898(chunks) rate=26.71 ttft=0.103 sha=9e1e92f41e6c early_divergence div@164 head='Sparse attention mitigates the q' tail='ormance and scalability.'
2026-09-30T03:30:15.036+00:00 burst=identical-n5-b3 kind=identical n=5 stagger=0.000 coprefill=False spread=0.192 gate=- report=['early_divergence']
2026-09-30T03:30:15.036+00:00   [0] d0 finish=stop completion=94 chunks=47 acc=2.022(chunks) rate=29.29 ttft=0.295 sha=5ea913999162 ok div@241 head='Sparse attention mitigates the q' tail='ormance and scalability.'
2026-09-30T03:30:15.036+00:00   [1] d0 finish=stop completion=102 chunks=53 acc=1.942(chunks) rate=28.60 ttft=0.295 sha=f32c1f65e66c early_divergence div@17 head='Sparse attention significantly e' tail='g feasible and scalable.'
2026-09-30T03:30:15.036+00:00   [2] d0 finish=stop completion=88 chunks=41 acc=2.175(chunks) rate=31.33 ttft=0.294 sha=b7682e924320 early_divergence div@1 head='Standard attention mechanisms sc' tail=' practical applications.'
2026-09-30T03:30:15.036+00:00   [3] d0 finish=stop completion=94 chunks=45 acc=2.114(chunks) rate=30.51 ttft=0.295 sha=ae36ad6fd27b early_divergence div@1 head='Standard attention mechanisms sc' tail='pplication requirements.'
2026-09-30T03:30:15.036+00:00   [4] d0 finish=stop completion=94 chunks=50 acc=1.898(chunks) rate=27.12 ttft=0.103 sha=9e1e92f41e6c early_divergence div@164 head='Sparse attention mitigates the q' tail='ormance and scalability.'
2026-09-30T03:30:21.451+00:00 burst=distinct-n5-b1 kind=distinct n=5 stagger=0.000 coprefill=False spread=0.209 gate=- report=['early_divergence']
2026-09-30T03:30:21.451+00:00   [0] d0 finish=stop completion=94 chunks=45 acc=2.114(chunks) rate=30.26 ttft=0.333 sha=da1adbac50f3 early_divergence div@17 head='Sparse attention significantly e' tail='uments or conversations.'
2026-09-30T03:30:21.451+00:00   [1] d1 finish=stop completion=66 chunks=29 acc=2.321(chunks) rate=30.06 ttft=0.333 sha=907a1d74cbfd early_divergence div@77 head='A bicycle gear system uses mecha' tail=' terrain and resistance.'
2026-09-30T03:30:21.451+00:00   [2] d2 finish=stop completion=43 chunks=15 acc=3.000(chunks) rate=36.83 ttft=0.333 sha=097672f98733 ok div@None head='2, 3, 5, 7, 11, 13, 17, 19, 23, ' tail=', 17, 19, 23, 29, 31, 37'
2026-09-30T03:30:21.451+00:00   [3] d3 finish=stop completion=87 chunks=37 acc=2.389(chunks) rate=31.53 ttft=0.332 sha=663cabbc44ce early_divergence div@4 head='The sun heats up water in oceans' tail=' journey all over again.'
2026-09-30T03:30:21.451+00:00   [4] d4 finish=stop completion=102 chunks=36 acc=2.886(chunks) rate=37.36 ttft=0.125 sha=cb9c046d4e9a ok div@None head='```python\ndef fibonacci(n: int) ' tail=', a + b\n    return b\n```'
2026-09-30T03:30:27.772+00:00 burst=distinct-n5-b2 kind=distinct n=5 stagger=0.000 coprefill=False spread=0.209 gate=- report=['early_divergence']
2026-09-30T03:30:27.772+00:00   [0] d0 finish=stop completion=99 chunks=44 acc=2.279(chunks) rate=32.57 ttft=0.304 sha=4acfa48edd68 early_divergence div@17 head='Sparse attention significantly e' tail=' deployment constraints.'
2026-09-30T03:30:27.772+00:00   [1] d1 finish=stop completion=66 chunks=29 acc=2.321(chunks) rate=30.08 ttft=0.303 sha=907a1d74cbfd early_divergence div@77 head='A bicycle gear system uses mecha' tail=' terrain and resistance.'
2026-09-30T03:30:27.772+00:00   [2] d2 finish=stop completion=43 chunks=15 acc=3.000(chunks) rate=37.05 ttft=0.303 sha=097672f98733 ok div@None head='2, 3, 5, 7, 11, 13, 17, 19, 23, ' tail=', 17, 19, 23, 29, 31, 37'
2026-09-30T03:30:27.772+00:00   [3] d3 finish=stop completion=85 chunks=36 acc=2.400(chunks) rate=31.50 ttft=0.303 sha=1f18b85433ab early_divergence div@4 head='The sun heats up water in oceans' tail=' journey all over again.'
2026-09-30T03:30:27.772+00:00   [4] d4 finish=stop completion=102 chunks=36 acc=2.886(chunks) rate=37.49 ttft=0.095 sha=cb9c046d4e9a ok div@None head='```python\ndef fibonacci(n: int) ' tail=', a + b\n    return b\n```'
2026-09-30T03:30:34.471+00:00 burst=distinct-n5-b3 kind=distinct n=5 stagger=0.000 coprefill=False spread=0.211 gate=- report=['early_divergence']
2026-09-30T03:30:34.471+00:00   [0] d0 finish=stop completion=96 chunks=49 acc=1.979(chunks) rate=28.36 ttft=0.340 sha=e218ff90e2c0 early_divergence div@17 head='Sparse attention significantly e' tail='d resource requirements.'
2026-09-30T03:30:34.471+00:00   [1] d1 finish=stop completion=79 chunks=36 acc=2.229(chunks) rate=28.88 ttft=0.341 sha=f4c8b17dc160 ok div@245 head='A bicycle gear system uses mecha' tail='greater pedaling effort.'
2026-09-30T03:30:34.471+00:00   [2] d2 finish=stop completion=43 chunks=15 acc=3.000(chunks) rate=35.40 ttft=0.130 sha=097672f98733 ok div@None head='2, 3, 5, 7, 11, 13, 17, 19, 23, ' tail=', 17, 19, 23, 29, 31, 37'
2026-09-30T03:30:34.471+00:00   [3] d3 finish=stop completion=102 chunks=44 acc=2.349(chunks) rate=32.56 ttft=0.340 sha=1514bd7d946e early_divergence div@16 head='The water cycle starts when the ' tail='the whole journey again.'
2026-09-30T03:30:34.471+00:00   [4] d4 finish=stop completion=102 chunks=36 acc=2.886(chunks) rate=38.36 ttft=0.340 sha=cb9c046d4e9a ok div@None head='```python\ndef fibonacci(n: int) ' tail=', a + b\n    return b\n```'
2026-09-30T03:30:41.656+00:00 burst=identical-n8-b1 kind=identical n=8 stagger=0.000 coprefill=False spread=0.225 gate=- report=['early_divergence']
2026-09-30T03:30:41.656+00:00   [0] d0 finish=stop completion=93 chunks=44 acc=2.140(chunks) rate=25.74 ttft=0.336 sha=b2180cc9de11 early_divergence div@1 head='Standard attention mechanisms sc' tail='pplication requirements.'
2026-09-30T03:30:41.656+00:00   [1] d0 finish=stop completion=93 chunks=44 acc=2.140(chunks) rate=25.74 ttft=0.336 sha=54b82b4c4fa0 early_divergence div@1 head='Standard attention mechanisms sc' tail='ical application limits.'
2026-09-30T03:30:41.656+00:00   [2] d0 finish=stop completion=92 chunks=45 acc=2.068(chunks) rate=24.47 ttft=0.335 sha=905276f58044 early_divergence div@17 head='Sparse attention significantly e' tail='erformance and accuracy.'
2026-09-30T03:30:41.656+00:00   [3] d0 finish=stop completion=91 chunks=44 acc=2.093(chunks) rate=24.67 ttft=0.334 sha=561c6fac96e6 early_divergence div@1 head='Standard attention mechanisms sc' tail='real-world applications.'
2026-09-30T03:30:41.656+00:00   [4] d0 finish=stop completion=94 chunks=47 acc=2.022(chunks) rate=24.59 ttft=0.336 sha=b1bd297e0876 early_divergence div@17 head='Sparse attention significantly e' tail='al resource constraints.'
2026-09-30T03:30:41.656+00:00   [5] d0 finish=stop completion=99 chunks=48 acc=2.085(chunks) rate=25.51 ttft=0.336 sha=1d89d6e15890 ok div@665 head='Sparse attention mitigates the q' tail='s across vast distances.'
2026-09-30T03:30:41.656+00:00   [6] d0 finish=stop completion=94 chunks=43 acc=2.214(chunks) rate=26.66 ttft=0.335 sha=ae36ad6fd27b early_divergence div@1 head='Standard attention mechanisms sc' tail='pplication requirements.'
2026-09-30T03:30:41.656+00:00   [7] d0 finish=stop completion=95 chunks=44 acc=2.186(chunks) rate=25.31 ttft=0.112 sha=3024a7294bfe ok div@241 head='Sparse attention mitigates the q' tail='n large language models.'
2026-09-30T03:30:48.640+00:00 burst=identical-n8-b2 kind=identical n=8 stagger=0.000 coprefill=False spread=0.222 gate=- report=['early_divergence']
2026-09-30T03:30:48.640+00:00   [0] d0 finish=stop completion=93 chunks=44 acc=2.140(chunks) rate=27.18 ttft=0.323 sha=b2180cc9de11 early_divergence div@1 head='Standard attention mechanisms sc' tail='pplication requirements.'
2026-09-30T03:30:48.640+00:00   [1] d0 finish=stop completion=92 chunks=45 acc=2.068(chunks) rate=25.80 ttft=0.325 sha=905276f58044 early_divergence div@17 head='Sparse attention significantly e' tail='erformance and accuracy.'
2026-09-30T03:30:48.640+00:00   [2] d0 finish=stop completion=94 chunks=43 acc=2.214(chunks) rate=28.22 ttft=0.324 sha=ae36ad6fd27b early_divergence div@1 head='Standard attention mechanisms sc' tail='pplication requirements.'
2026-09-30T03:30:48.640+00:00   [3] d0 finish=stop completion=91 chunks=44 acc=2.093(chunks) rate=26.03 ttft=0.324 sha=561c6fac96e6 early_divergence div@1 head='Standard attention mechanisms sc' tail='real-world applications.'
2026-09-30T03:30:48.640+00:00   [4] d0 finish=stop completion=93 chunks=44 acc=2.140(chunks) rate=27.19 ttft=0.323 sha=54b82b4c4fa0 early_divergence div@1 head='Standard attention mechanisms sc' tail='ical application limits.'
2026-09-30T03:30:48.640+00:00   [5] d0 finish=stop completion=94 chunks=47 acc=2.022(chunks) rate=25.89 ttft=0.322 sha=b1bd297e0876 early_divergence div@17 head='Sparse attention significantly e' tail='al resource constraints.'
2026-09-30T03:30:48.640+00:00   [6] d0 finish=stop completion=99 chunks=48 acc=2.085(chunks) rate=26.86 ttft=0.324 sha=1d89d6e15890 ok div@665 head='Sparse attention mitigates the q' tail='s across vast distances.'
2026-09-30T03:30:48.640+00:00   [7] d0 finish=stop completion=95 chunks=44 acc=2.186(chunks) rate=26.72 ttft=0.104 sha=3024a7294bfe ok div@241 head='Sparse attention mitigates the q' tail='n large language models.'
2026-09-30T03:30:55.622+00:00 burst=identical-n8-b3 kind=identical n=8 stagger=0.000 coprefill=False spread=0.223 gate=- report=['early_divergence']
2026-09-30T03:30:55.623+00:00   [0] d0 finish=stop completion=92 chunks=45 acc=2.068(chunks) rate=25.86 ttft=0.331 sha=905276f58044 early_divergence div@17 head='Sparse attention significantly e' tail='erformance and accuracy.'
2026-09-30T03:30:55.623+00:00   [1] d0 finish=stop completion=94 chunks=47 acc=2.022(chunks) rate=25.94 ttft=0.331 sha=b1bd297e0876 early_divergence div@17 head='Sparse attention significantly e' tail='al resource constraints.'
2026-09-30T03:30:55.623+00:00   [2] d0 finish=stop completion=93 chunks=44 acc=2.140(chunks) rate=27.26 ttft=0.331 sha=54b82b4c4fa0 early_divergence div@1 head='Standard attention mechanisms sc' tail='ical application limits.'
2026-09-30T03:30:55.623+00:00   [3] d0 finish=stop completion=93 chunks=44 acc=2.140(chunks) rate=27.27 ttft=0.332 sha=b2180cc9de11 early_divergence div@1 head='Standard attention mechanisms sc' tail='pplication requirements.'
2026-09-30T03:30:55.623+00:00   [4] d0 finish=stop completion=91 chunks=44 acc=2.093(chunks) rate=26.10 ttft=0.331 sha=561c6fac96e6 early_divergence div@1 head='Standard attention mechanisms sc' tail='real-world applications.'
2026-09-30T03:30:55.623+00:00   [5] d0 finish=stop completion=94 chunks=43 acc=2.214(chunks) rate=28.30 ttft=0.331 sha=ae36ad6fd27b early_divergence div@1 head='Standard attention mechanisms sc' tail='pplication requirements.'
2026-09-30T03:30:55.623+00:00   [6] d0 finish=stop completion=99 chunks=48 acc=2.085(chunks) rate=26.91 ttft=0.332 sha=1d89d6e15890 ok div@665 head='Sparse attention mitigates the q' tail='s across vast distances.'
2026-09-30T03:30:55.623+00:00   [7] d0 finish=stop completion=95 chunks=44 acc=2.186(chunks) rate=26.80 ttft=0.110 sha=3024a7294bfe ok div@241 head='Sparse attention mitigates the q' tail='n large language models.'
2026-09-30T03:31:02.812+00:00 burst=distinct-n8-b1 kind=distinct n=8 stagger=0.000 coprefill=False spread=0.259 gate=- report=['early_divergence']
2026-09-30T03:31:02.812+00:00   [0] d0 finish=stop completion=97 chunks=49 acc=2.000(chunks) rate=25.13 ttft=0.359 sha=936c13d53ad6 early_divergence div@1 head='Standard attention mechanisms sc' tail='attention architectures.'
2026-09-30T03:31:02.812+00:00   [1] d1 finish=stop completion=77 chunks=36 acc=2.171(chunks) rate=23.42 ttft=0.100 sha=2a161469c9d4 ok div@205 head='A bicycle gear system uses mecha' tail='ess mechanical leverage.'
2026-09-30T03:31:02.812+00:00   [2] d2 finish=stop completion=43 chunks=15 acc=3.000(chunks) rate=30.28 ttft=0.358 sha=097672f98733 ok div@None head='2, 3, 5, 7, 11, 13, 17, 19, 23, ' tail=', 17, 19, 23, 29, 31, 37'
2026-09-30T03:31:02.812+00:00   [3] d3 finish=stop completion=100 chunks=41 acc=2.475(chunks) rate=28.47 ttft=0.358 sha=2f8fcda60b31 early_divergence div@16 head='The water cycle starts when the ' tail='the whole process again.'
2026-09-30T03:31:02.812+00:00   [4] d4 finish=stop completion=102 chunks=36 acc=2.886(chunks) rate=32.28 ttft=0.359 sha=cb9c046d4e9a ok div@None head='```python\ndef fibonacci(n: int) ' tail=', a + b\n    return b\n```'
2026-09-30T03:31:02.812+00:00   [5] d5 finish=stop completion=17 chunks=8 acc=2.286(chunks) rate=22.75 ttft=0.359 sha=5a881638e98d ok div@None head='La bibliothèque ouvre à neuf heu' tail='-huit heures en semaine.'
2026-09-30T03:31:02.812+00:00   [6] d6 finish=stop completion=70 chunks=34 acc=2.091(chunks) rate=23.10 ttft=0.358 sha=6ed0508ab41c ok div@189 head='1. Reduce watering frequency sig' tail='ensate for shorter days.'
2026-09-30T03:31:02.812+00:00   [7] d7 finish=stop completion=67 chunks=24 acc=2.870(chunks) rate=30.28 ttft=0.358 sha=c39be9b87ae0 ok div@None head='{\n  "name": "Eiffel Tower",\n  "y' tail='re",\n    "Tourism"\n  ]\n}'
2026-09-30T03:31:09.892+00:00 burst=distinct-n8-b2 kind=distinct n=8 stagger=0.000 coprefill=False spread=0.249 gate=- report=['early_divergence']
2026-09-30T03:31:09.892+00:00   [0] d0 finish=stop completion=101 chunks=47 acc=2.174(chunks) rate=26.95 ttft=0.359 sha=e8ad1b8799a4 early_divergence div@1 head='Standard attention mechanisms sc' tail='d resource requirements.'
2026-09-30T03:31:09.892+00:00   [1] d1 finish=stop completion=70 chunks=32 acc=2.226(chunks) rate=24.56 ttft=0.358 sha=af395b6f61d0 early_divergence div@77 head='A bicycle gear system uses mecha' tail='in and desired velocity.'
2026-09-30T03:31:09.892+00:00   [2] d2 finish=stop completion=43 chunks=15 acc=3.000(chunks) rate=30.17 ttft=0.358 sha=097672f98733 ok div@None head='2, 3, 5, 7, 11, 13, 17, 19, 23, ' tail=', 17, 19, 23, 29, 31, 37'
2026-09-30T03:31:09.892+00:00   [3] d3 finish=stop completion=104 chunks=43 acc=2.452(chunks) rate=28.95 ttft=0.358 sha=6a46877939b4 early_divergence div@16 head='The water cycle starts when the ' tail=' journey all over again.'
2026-09-30T03:31:09.892+00:00   [4] d4 finish=stop completion=102 chunks=35 acc=2.971(chunks) rate=32.63 ttft=0.358 sha=cb9c046d4e9a ok div@None head='```python\ndef fibonacci(n: int) ' tail=', a + b\n    return b\n```'
2026-09-30T03:31:09.892+00:00   [5] d5 finish=stop completion=19 chunks=9 acc=2.250(chunks) rate=22.26 ttft=0.357 sha=fbd9a6af1079 early_divergence div@63 head='La bibliothèque ouvre à neuf heu' tail='res les jours ouvrables.'
2026-09-30T03:31:09.892+00:00   [6] d6 finish=stop completion=71 chunks=33 acc=2.188(chunks) rate=24.21 ttft=0.358 sha=af8b485407eb early_divergence div@65 head='1. Reduce watering frequency sig' tail='ensate for shorter days.'
2026-09-30T03:31:09.892+00:00   [7] d7 finish=stop completion=67 chunks=24 acc=2.870(chunks) rate=29.24 ttft=0.109 sha=c39be9b87ae0 ok div@None head='{\n  "name": "Eiffel Tower",\n  "y' tail='re",\n    "Tourism"\n  ]\n}'
2026-09-30T03:31:17.184+00:00 burst=distinct-n8-b3 kind=distinct n=8 stagger=0.000 coprefill=False spread=0.245 gate=- report=['early_divergence']
2026-09-30T03:31:17.184+00:00   [0] d0 finish=stop completion=100 chunks=49 acc=2.062(chunks) rate=25.19 ttft=0.351 sha=8e752f05534b early_divergence div@1 head='Standard attention mechanisms sc' tail=' or resource efficiency.'
2026-09-30T03:31:17.184+00:00   [1] d1 finish=stop completion=73 chunks=34 acc=2.182(chunks) rate=23.59 ttft=0.351 sha=8578404fae8f early_divergence div@77 head='A bicycle gear system uses mecha' tail=' terrain and conditions.'
2026-09-30T03:31:17.184+00:00   [2] d2 finish=stop completion=43 chunks=15 acc=3.000(chunks) rate=28.15 ttft=0.353 sha=097672f98733 ok div@None head='2, 3, 5, 7, 11, 13, 17, 19, 23, ' tail=', 17, 19, 23, 29, 31, 37'
2026-09-30T03:31:17.184+00:00   [3] d3 finish=stop completion=101 chunks=45 acc=2.273(chunks) rate=26.48 ttft=0.353 sha=a5cb9def895f early_divergence div@16 head='The water cycle starts when the ' tail=' journey all over again.'
2026-09-30T03:31:17.184+00:00   [4] d4 finish=stop completion=102 chunks=36 acc=2.886(chunks) rate=31.51 ttft=0.351 sha=cb9c046d4e9a ok div@None head='```python\ndef fibonacci(n: int) ' tail=', a + b\n    return b\n```'
2026-09-30T03:31:17.184+00:00   [5] d5 finish=stop completion=17 chunks=7 acc=2.667(chunks) rate=19.80 ttft=0.353 sha=5a881638e98d ok div@None head='La bibliothèque ouvre à neuf heu' tail='-huit heures en semaine.'
2026-09-30T03:31:17.184+00:00   [6] d6 finish=stop completion=70 chunks=35 acc=2.029(chunks) rate=22.02 ttft=0.352 sha=6ed0508ab41c ok div@189 head='1. Reduce watering frequency sig' tail='ensate for shorter days.'
2026-09-30T03:31:17.184+00:00   [7] d7 finish=stop completion=67 chunks=24 acc=2.870(chunks) rate=28.10 ttft=0.108 sha=c39be9b87ae0 ok div@None head='{\n  "name": "Eiffel Tower",\n  "y' tail='re",\n    "Tourism"\n  ]\n}'
2026-09-30T03:31:22.833+00:00 burst=staggered-identical-n2 kind=identical n=2 stagger=0.250 coprefill=False spread=0.338 gate=- report=['early_divergence']
2026-09-30T03:31:22.833+00:00   [0] d0 finish=stop completion=95 chunks=46 acc=2.089(chunks) rate=37.84 ttft=0.100 sha=6a092c8633f3 early_divergence div@193 head='Sparse attention mitigates the q' tail='ng-context applications.'
2026-09-30T03:31:22.833+00:00   [1] d0 finish=stop completion=94 chunks=42 acc=2.268(chunks) rate=42.24 ttft=0.187 sha=6ea3af1e3ac3 early_divergence div@17 head='Sparse attention significantly e' tail='ontextual understanding.'
2026-09-30T03:31:28.698+00:00 burst=staggered-distinct-n3 kind=distinct n=3 stagger=0.250 coprefill=False spread=0.601 gate=- report=['early_divergence']
2026-09-30T03:31:28.698+00:00   [0] d0 finish=stop completion=95 chunks=48 acc=2.000(chunks) rate=34.09 ttft=0.100 sha=41f5116eeee8 early_divergence div@193 head='Sparse attention mitigates the q' tail='ng practically feasible.'
2026-09-30T03:31:28.698+00:00   [1] d1 finish=stop completion=67 chunks=31 acc=2.200(chunks) rate=34.79 ttft=0.183 sha=9f0f1434652d early_divergence div@77 head='A bicycle gear system uses mecha' tail=' for varying conditions.'
2026-09-30T03:31:28.698+00:00   [2] d2 finish=stop completion=43 chunks=15 acc=3.000(chunks) rate=46.46 ttft=0.201 sha=097672f98733 ok div@None head='2, 3, 5, 7, 11, 13, 17, 19, 23, ' tail=', 17, 19, 23, 29, 31, 37'
2026-09-30T03:31:35.640+00:00 burst=staggered-distinct-n5 kind=distinct n=5 stagger=0.250 coprefill=False spread=1.167 gate=- report=['early_divergence']
2026-09-30T03:31:35.640+00:00   [0] d0 finish=stop completion=82 chunks=44 acc=1.884(chunks) rate=26.28 ttft=0.101 sha=21309e4ece95 early_divergence div@193 head='Sparse attention mitigates the q' tail='g performance and speed.'
2026-09-30T03:31:35.640+00:00   [1] d1 finish=stop completion=70 chunks=31 acc=2.300(chunks) rate=30.31 ttft=0.182 sha=af395b6f61d0 early_divergence div@77 head='A bicycle gear system uses mecha' tail='in and desired velocity.'
2026-09-30T03:31:35.640+00:00   [2] d2 finish=stop completion=43 chunks=15 acc=3.000(chunks) rate=36.74 ttft=0.201 sha=097672f98733 ok div@None head='2, 3, 5, 7, 11, 13, 17, 19, 23, ' tail=', 17, 19, 23, 29, 31, 37'
2026-09-30T03:31:35.640+00:00   [3] d3 finish=stop completion=104 chunks=44 acc=2.395(chunks) rate=34.37 ttft=0.186 sha=d6c4e6423643 early_divergence div@16 head='The water cycle starts when the ' tail=' journey all over again.'
2026-09-30T03:31:35.640+00:00   [4] d4 finish=stop completion=102 chunks=36 acc=2.886(chunks) rate=41.78 ttft=0.267 sha=cb9c046d4e9a ok div@None head='```python\ndef fibonacci(n: int) ' tail=', a + b\n    return b\n```'
2026-09-30T03:31:44.322+00:00 burst=staggered-identical-n8 kind=identical n=8 stagger=0.250 coprefill=False spread=2.002 gate=- report=['early_divergence']
2026-09-30T03:31:44.323+00:00   [0] d0 finish=stop completion=98 chunks=51 acc=1.940(chunks) rate=22.62 ttft=0.100 sha=f3a48a584e2b early_divergence div@193 head='Sparse attention mitigates the q' tail='r widespread deployment.'
2026-09-30T03:31:44.323+00:00   [1] d0 finish=stop completion=99 chunks=50 acc=2.000(chunks) rate=22.54 ttft=0.188 sha=04639c6ba29f early_divergence div@17 head='Sparse attention significantly e' tail='ata streams efficiently.'
2026-09-30T03:31:44.323+00:00   [2] d0 finish=stop completion=100 chunks=47 acc=2.152(chunks) rate=23.78 ttft=0.207 sha=d76c41c7fe93 early_divergence div@1 head='Standard attention mechanisms sc' tail='d resource requirements.'
2026-09-30T03:31:44.323+00:00   [3] d0 finish=stop completion=92 chunks=44 acc=2.116(chunks) rate=22.68 ttft=0.186 sha=55bfacff26ec early_divergence div@132 head='Sparse attention mitigates the q' tail='rence costs and latency.'
2026-09-30T03:31:44.323+00:00   [4] d0 finish=stop completion=93 chunks=46 acc=2.044(chunks) rate=22.78 ttft=0.250 sha=54b82b4c4fa0 early_divergence div@1 head='Standard attention mechanisms sc' tail='ical application limits.'
2026-09-30T03:31:44.323+00:00   [5] d0 finish=stop completion=94 chunks=46 acc=2.067(chunks) rate=25.84 ttft=0.625 sha=2a32a34ee291 early_divergence div@1 head='Standard attention mechanisms sc' tail=' practical applications.'
2026-09-30T03:31:44.323+00:00   [6] d0 finish=stop completion=91 chunks=42 acc=2.195(chunks) rate=27.67 ttft=0.602 sha=a1b3ed8a74e4 early_divergence div@17 head='Sparse attention significantly e' tail='h feasible and scalable.'
2026-09-30T03:31:44.323+00:00   [7] d0 finish=stop completion=97 chunks=48 acc=2.043(chunks) rate=26.89 ttft=0.353 sha=bd9a4f6ad436 early_divergence div@17 head='Sparse attention significantly e' tail='ong-context AI feasible.'
2026-09-30T03:31:56.522+00:00 burst=long-pair kind=long n=2 stagger=0.000 coprefill=False spread=2.504 gate=- report=['slow']
2026-09-30T03:31:56.523+00:00   [0] long0 finish=stop completion=6 chunks=3 acc=2.500(chunks) rate=63.86 ttft=9.113 sha=83dab7f91bc1 ok div@None head='74354' tail='74354'
2026-09-30T03:31:56.523+00:00   [1] long1 finish=stop completion=6 chunks=3 acc=2.500(chunks) rate=2.00 ttft=6.609 sha=0ec41e567fc2 slow div@None head='79083' tail='79083'
2026-09-30T03:32:00.093+00:00 burst=image-pair kind=image n=2 stagger=0.000 coprefill=False spread=0.192 gate=- report=-
2026-09-30T03:32:00.094+00:00   [0] img_red finish=stop completion=11 chunks=4 acc=3.333(chunks) rate=45.34 ttft=0.338 sha=0e1c14c4131c ok div@None head='The image is filled with a solid' tail=' with a solid red color.'
2026-09-30T03:32:00.094+00:00   [1] img_blue finish=stop completion=11 chunks=4 acc=3.333(chunks) rate=32.47 ttft=0.146 sha=7fa32368a223 ok div@None head='This image is filled with a soli' tail='with a solid blue color.'
2026-09-30T03:32:00.094+00:00 TOTALS bursts=30 streams=130 gate_bursts=0 zero_acc=0 runaway=0 first32_match=0.331 coprefill_bursts=4 per_request_spec_metrics=False
2026-09-30T03:32:00.094+00:00 NOTE: server did not return metrics.speculative_decoding on every stream; acceptance estimated from tokens per chunk (serve with --per-request-spec-decode-metrics summary)
2026-09-30T03:32:00.094+00:00 T0 PASS
